2026-04-24 23:19:23,942 - {'optimizer': {'name': 'adam', 'lr': 0.001, 'weight_decay': 0}, 'train': {'epoch': 3000, 'batch_size': 4096, 'save_model': True, 'loss': 'pairwise', 'test_step': 3, 'reproducible': True, 'seed': 2025, 'patience': 5}, 'test': {'metrics': ['recall', 'ndcg'], 'k': [5, 10, 20], 'batch_size': 1024}, 'data': {'type': 'general_cf', 'name': 'digital_music', 'user_num': 5541, 'item_num': 3568}, 'model': {'name': 'simgcl_agr', 'keep_rate': 1.0, 'embedding_size': 32, 'edge_bias': 0.5, 'prf_weight': 0.01, 'mask_ratio': 0.2, 'recon_weight': 0.01, 're_temperature': 0.2, 'beta': 5.0, 'sigma': 0.25, 'str_weight': 1.0, 'alpha': 0.1, 'layer_num': 3, 'reg_weight': 1e-05, 'cl_weight': 0.1, 'cl_temperature': 0.2, 'kd_weight': 0.01, 'kd_temperature': 0.2, 'eps': 0.9, 'amazon': {'layer_num': 3, 'reg_weight': 1e-05, 'cl_weight': 0.1, 'cl_temperature': 0.2, 'kd_weight': 0.01, 'kd_temperature': 0.2, 'eps': 0.9, 'prf_weight': 0.01, 'mask_ratio': 0.2, 'recon_weight': 0.01, 're_temperature': 0.2, 'beta': 5.0, 'sigma': 0.25, 'str_weight': 1.0, 'alpha': 0.1}, 'yelp': {'layer_num': 3, 'reg_weight': 1e-05, 'cl_weight': 0.1, 'cl_temperature': 0.2, 'kd_weight': 0.01, 'kd_temperature': 0.1, 'eps': 0.9, 'prf_weight': 0.01, 'mask_ratio': 0.2, 'recon_weight': 0.01, 're_temperature': 0.2, 'beta': 5.0, 'sigma': 0.25, 'str_weight': 1.0, 'alpha': 0.1}, 'steam': {'layer_num': 3, 'reg_weight': 1e-05, 'cl_weight': 0.1, 'cl_temperature': 0.5, 'kd_weight': 0.01, 'kd_temperature': 0.2, 'eps': 0.2, 'prf_weight': 0.01, 'mask_ratio': 0.2, 'recon_weight': 0.01, 're_temperature': 0.2, 'beta': 3.0, 'sigma': 0.25, 'str_weight': 0.8, 'alpha': 0.1}, 'digital_music': {'layer_num': 3, 'reg_weight': 1e-06, 'cl_weight': 0.02, 'cl_temperature': 0.15, 'kd_weight': 0.001, 'kd_temperature': 0.2, 'eps': 0.1, 'keep_rate': 0.8, 'prf_weight': 0.03, 'mask_ratio': 0.1, 'recon_weight': 0.2, 're_temperature': 0.15, 'beta': 4.0, 'sigma': 0.3, 'str_weight': 1.4, 'alpha': 0.2}}}
2026-04-24 23:19:31,501 - Epoch 0  [recall@5: 0.0099 recall@10: 0.0172 recall@20: 0.0271 ] [ndcg@5: 0.0081 ndcg@10: 0.0107 ndcg@20: 0.0136 ] 
2026-04-24 23:19:41,346 - Epoch 3  [recall@5: 0.0583 recall@10: 0.0861 recall@20: 0.1226 ] [ndcg@5: 0.0464 ndcg@10: 0.0559 ndcg@20: 0.0667 ] 
2026-04-24 23:19:50,599 - Epoch 6  [recall@5: 0.0830 recall@10: 0.1248 recall@20: 0.1870 ] [ndcg@5: 0.0654 ndcg@10: 0.0798 ndcg@20: 0.0980 ] 
2026-04-24 23:19:59,335 - Epoch 9  [recall@5: 0.0894 recall@10: 0.1346 recall@20: 0.2064 ] [ndcg@5: 0.0710 ndcg@10: 0.0865 ndcg@20: 0.1075 ] 
2026-04-24 23:20:08,844 - Epoch 12  [recall@5: 0.0902 recall@10: 0.1389 recall@20: 0.2154 ] [ndcg@5: 0.0715 ndcg@10: 0.0883 ndcg@20: 0.1105 ] 
2026-04-24 23:20:17,995 - Epoch 15  [recall@5: 0.0933 recall@10: 0.1439 recall@20: 0.2238 ] [ndcg@5: 0.0740 ndcg@10: 0.0915 ndcg@20: 0.1146 ] 
2026-04-24 23:20:26,772 - Epoch 18  [recall@5: 0.0967 recall@10: 0.1502 recall@20: 0.2336 ] [ndcg@5: 0.0767 ndcg@10: 0.0951 ndcg@20: 0.1193 ] 
2026-04-24 23:20:36,307 - Epoch 21  [recall@5: 0.1019 recall@10: 0.1559 recall@20: 0.2404 ] [ndcg@5: 0.0801 ndcg@10: 0.0988 ndcg@20: 0.1234 ] 
2026-04-24 23:20:45,288 - Epoch 24  [recall@5: 0.1038 recall@10: 0.1610 recall@20: 0.2430 ] [ndcg@5: 0.0819 ndcg@10: 0.1017 ndcg@20: 0.1257 ] 
2026-04-24 23:20:53,335 - Epoch 27  [recall@5: 0.1078 recall@10: 0.1656 recall@20: 0.2449 ] [ndcg@5: 0.0850 ndcg@10: 0.1049 ndcg@20: 0.1282 ] 
2026-04-24 23:21:00,515 - Epoch 30  [recall@5: 0.1105 recall@10: 0.1687 recall@20: 0.2486 ] [ndcg@5: 0.0868 ndcg@10: 0.1069 ndcg@20: 0.1305 ] 
2026-04-24 23:21:07,856 - Epoch 33  [recall@5: 0.1118 recall@10: 0.1697 recall@20: 0.2520 ] [ndcg@5: 0.0877 ndcg@10: 0.1079 ndcg@20: 0.1320 ] 
2026-04-24 23:21:15,057 - Epoch 36  [recall@5: 0.1127 recall@10: 0.1719 recall@20: 0.2524 ] [ndcg@5: 0.0883 ndcg@10: 0.1089 ndcg@20: 0.1325 ] 
2026-04-24 23:21:22,240 - Epoch 39  [recall@5: 0.1130 recall@10: 0.1723 recall@20: 0.2525 ] [ndcg@5: 0.0885 ndcg@10: 0.1091 ndcg@20: 0.1327 ] 
2026-04-24 23:21:29,532 - Epoch 42  [recall@5: 0.1153 recall@10: 0.1732 recall@20: 0.2531 ] [ndcg@5: 0.0899 ndcg@10: 0.1100 ndcg@20: 0.1336 ] 
2026-04-24 23:21:37,155 - Epoch 45  [recall@5: 0.1162 recall@10: 0.1735 recall@20: 0.2524 ] [ndcg@5: 0.0904 ndcg@10: 0.1103 ndcg@20: 0.1335 ] 
2026-04-24 23:21:44,769 - Epoch 48  [recall@5: 0.1166 recall@10: 0.1736 recall@20: 0.2509 ] [ndcg@5: 0.0911 ndcg@10: 0.1109 ndcg@20: 0.1337 ] 
2026-04-24 23:21:52,007 - Epoch 51  [recall@5: 0.1157 recall@10: 0.1741 recall@20: 0.2521 ] [ndcg@5: 0.0908 ndcg@10: 0.1110 ndcg@20: 0.1340 ] 
2026-04-24 23:21:59,438 - Epoch 54  [recall@5: 0.1162 recall@10: 0.1760 recall@20: 0.2519 ] [ndcg@5: 0.0908 ndcg@10: 0.1114 ndcg@20: 0.1339 ] 
2026-04-24 23:22:06,912 - Epoch 57  [recall@5: 0.1173 recall@10: 0.1755 recall@20: 0.2515 ] [ndcg@5: 0.0912 ndcg@10: 0.1111 ndcg@20: 0.1336 ] 
2026-04-24 23:22:07,698 - [recall@5: 0.1153 recall@10: 0.1732 recall@20: 0.2531 ] [ndcg@5: 0.0899 ndcg@10: 0.1100 ndcg@20: 0.1336 ] 
2026-04-24 23:22:08,477 - [recall@5: 0.1170 recall@10: 0.1758 recall@20: 0.2479 ] [ndcg@5: 0.0985 ndcg@10: 0.1201 ndcg@20: 0.1426 ] 
2026-04-24 23:22:08,486 - Save model parameters to ./checkpoint/simgcl_agr/simgcl_agr-digital_music-2025.pth
2026-04-24 23:22:08,488 - Best Epoch 42. Final test result: {'recall': array([0.11695304, 0.17583644, 0.24793977]), 'ndcg': array([0.09849907, 0.12005221, 0.14261807])}.
