2026-03-18 22:39:13,123 - {'optimizer': {'name': 'adam', 'lr': 0.001, 'weight_decay': 0}, 'train': {'epoch': 3000, 'batch_size': 4096, 'save_model': True, 'loss': 'pairwise', 'test_step': 3, 'reproducible': True, 'seed': 2025, 'patience': 5}, 'test': {'metrics': ['recall', 'ndcg'], 'k': [5, 10, 20], 'batch_size': 1024}, 'data': {'type': 'general_cf', 'name': 'digital_music', 'user_num': 5541, 'item_num': 3568}, 'model': {'name': 'simgcl_agr', 'keep_rate': 1.0, 'embedding_size': 32, 'edge_bias': 0.5, 'prf_weight': 0.01, 'mask_ratio': 0.2, 'recon_weight': 0.01, 're_temperature': 0.2, 'beta': 5.0, 'sigma': 0.25, 'str_weight': 1.0, 'alpha': 0.1, 'layer_num': 3, 'reg_weight': 1e-05, 'cl_weight': 0.1, 'cl_temperature': 0.2, 'kd_weight': 0.01, 'kd_temperature': 0.2, 'eps': 0.9, 'amazon': {'layer_num': 3, 'reg_weight': 1e-05, 'cl_weight': 0.1, 'cl_temperature': 0.2, 'kd_weight': 0.01, 'kd_temperature': 0.2, 'eps': 0.9, 'prf_weight': 0.01, 'mask_ratio': 0.2, 'recon_weight': 0.01, 're_temperature': 0.2, 'beta': 5.0, 'sigma': 0.25, 'str_weight': 1.0, 'alpha': 0.1}, 'yelp': {'layer_num': 3, 'reg_weight': 1e-05, 'cl_weight': 0.1, 'cl_temperature': 0.2, 'kd_weight': 0.01, 'kd_temperature': 0.1, 'eps': 0.9, 'prf_weight': 0.01, 'mask_ratio': 0.2, 'recon_weight': 0.01, 're_temperature': 0.2, 'beta': 5.0, 'sigma': 0.25, 'str_weight': 1.0, 'alpha': 0.1}, 'steam': {'layer_num': 3, 'reg_weight': 1e-05, 'cl_weight': 0.1, 'cl_temperature': 0.5, 'kd_weight': 0.01, 'kd_temperature': 0.2, 'eps': 0.2, 'prf_weight': 0.01, 'mask_ratio': 0.2, 'recon_weight': 0.01, 're_temperature': 0.2, 'beta': 3.0, 'sigma': 0.25, 'str_weight': 0.8, 'alpha': 0.1}, 'movie': {'layer_num': 3, 'reg_weight': 1e-06, 'cl_weight': 0.02, 'cl_temperature': 0.15, 'kd_weight': 0.001, 'kd_temperature': 0.2, 'eps': 0.1, 'keep_rate': 0.8, 'prf_weight': 0.03, 'mask_ratio': 0.1, 'recon_weight': 0.2, 're_temperature': 0.15, 'beta': 4.0, 'sigma': 0.3, 'str_weight': 1.4, 'alpha': 0.2}}}
2026-03-18 22:39:58,027 - Epoch 0  [recall@5: 0.0180 recall@10: 0.0269 recall@20: 0.0423 ] [ndcg@5: 0.0148 ndcg@10: 0.0176 ndcg@20: 0.0221 ] 
2026-03-18 22:40:31,433 - Epoch 3  [recall@5: 0.0752 recall@10: 0.1111 recall@20: 0.1611 ] [ndcg@5: 0.0595 ndcg@10: 0.0720 ndcg@20: 0.0869 ] 
2026-03-18 22:41:03,483 - Epoch 6  [recall@5: 0.0918 recall@10: 0.1385 recall@20: 0.2092 ] [ndcg@5: 0.0713 ndcg@10: 0.0874 ndcg@20: 0.1083 ] 
2026-03-18 22:41:38,357 - Epoch 9  [recall@5: 0.0925 recall@10: 0.1444 recall@20: 0.2174 ] [ndcg@5: 0.0727 ndcg@10: 0.0907 ndcg@20: 0.1121 ] 
2026-03-18 22:42:18,498 - Epoch 12  [recall@5: 0.0941 recall@10: 0.1476 recall@20: 0.2243 ] [ndcg@5: 0.0742 ndcg@10: 0.0926 ndcg@20: 0.1148 ] 
2026-03-18 22:42:54,043 - Epoch 15  [recall@5: 0.0986 recall@10: 0.1508 recall@20: 0.2304 ] [ndcg@5: 0.0777 ndcg@10: 0.0960 ndcg@20: 0.1190 ] 
2026-03-18 22:43:26,957 - Epoch 18  [recall@5: 0.1038 recall@10: 0.1591 recall@20: 0.2369 ] [ndcg@5: 0.0811 ndcg@10: 0.1003 ndcg@20: 0.1229 ] 
2026-03-18 22:44:02,038 - Epoch 21  [recall@5: 0.1053 recall@10: 0.1631 recall@20: 0.2423 ] [ndcg@5: 0.0822 ndcg@10: 0.1022 ndcg@20: 0.1254 ] 
2026-03-18 22:44:44,365 - Epoch 24  [recall@5: 0.1070 recall@10: 0.1663 recall@20: 0.2451 ] [ndcg@5: 0.0839 ndcg@10: 0.1046 ndcg@20: 0.1276 ] 
2026-03-18 22:45:27,028 - Epoch 27  [recall@5: 0.1090 recall@10: 0.1699 recall@20: 0.2472 ] [ndcg@5: 0.0856 ndcg@10: 0.1066 ndcg@20: 0.1293 ] 
2026-03-18 22:46:07,139 - Epoch 30  [recall@5: 0.1105 recall@10: 0.1729 recall@20: 0.2480 ] [ndcg@5: 0.0865 ndcg@10: 0.1081 ndcg@20: 0.1301 ] 
2026-03-18 22:46:44,446 - Epoch 33  [recall@5: 0.1109 recall@10: 0.1735 recall@20: 0.2522 ] [ndcg@5: 0.0875 ndcg@10: 0.1093 ndcg@20: 0.1323 ] 
2026-03-18 22:47:19,285 - Epoch 36  [recall@5: 0.1120 recall@10: 0.1737 recall@20: 0.2525 ] [ndcg@5: 0.0882 ndcg@10: 0.1099 ndcg@20: 0.1329 ] 
2026-03-18 22:47:58,411 - Epoch 39  [recall@5: 0.1140 recall@10: 0.1739 recall@20: 0.2561 ] [ndcg@5: 0.0896 ndcg@10: 0.1106 ndcg@20: 0.1344 ] 
2026-03-18 22:48:40,219 - Epoch 42  [recall@5: 0.1156 recall@10: 0.1758 recall@20: 0.2578 ] [ndcg@5: 0.0908 ndcg@10: 0.1118 ndcg@20: 0.1355 ] 
2026-03-18 22:49:18,065 - Epoch 45  [recall@5: 0.1160 recall@10: 0.1756 recall@20: 0.2594 ] [ndcg@5: 0.0914 ndcg@10: 0.1121 ndcg@20: 0.1365 ] 
2026-03-18 22:49:44,265 - Epoch 48  [recall@5: 0.1178 recall@10: 0.1753 recall@20: 0.2578 ] [ndcg@5: 0.0926 ndcg@10: 0.1126 ndcg@20: 0.1366 ] 
2026-03-18 22:50:22,081 - Epoch 51  [recall@5: 0.1184 recall@10: 0.1768 recall@20: 0.2590 ] [ndcg@5: 0.0931 ndcg@10: 0.1133 ndcg@20: 0.1370 ] 
2026-03-18 22:51:12,403 - Epoch 54  [recall@5: 0.1193 recall@10: 0.1771 recall@20: 0.2589 ] [ndcg@5: 0.0936 ndcg@10: 0.1136 ndcg@20: 0.1373 ] 
2026-03-18 22:51:55,912 - Epoch 57  [recall@5: 0.1206 recall@10: 0.1776 recall@20: 0.2579 ] [ndcg@5: 0.0944 ndcg@10: 0.1141 ndcg@20: 0.1373 ] 
2026-03-18 22:52:39,679 - Epoch 60  [recall@5: 0.1206 recall@10: 0.1783 recall@20: 0.2566 ] [ndcg@5: 0.0944 ndcg@10: 0.1145 ndcg@20: 0.1373 ] 
2026-03-18 22:52:43,610 - [recall@5: 0.1160 recall@10: 0.1756 recall@20: 0.2594 ] [ndcg@5: 0.0914 ndcg@10: 0.1121 ndcg@20: 0.1365 ] 
2026-03-18 22:52:49,569 - [recall@5: 0.1226 recall@10: 0.1795 recall@20: 0.2520 ] [ndcg@5: 0.1019 ndcg@10: 0.1225 ndcg@20: 0.1452 ] 
2026-03-18 22:52:49,610 - Save model parameters to ./checkpoint/simgcl_agr/simgcl_agr-digital_music-2025.pth
2026-03-18 22:52:49,619 - Best Epoch 45. Final test result: {'recall': array([0.12261176, 0.17950365, 0.25196813]), 'ndcg': array([0.10190404, 0.12253519, 0.1451808 ])}.
