2026-04-24 22:47:34,952 - {'optimizer': {'name': 'adam', 'lr': 0.001, 'weight_decay': 0}, 'train': {'epoch': 3000, 'batch_size': 4096, 'save_model': True, 'loss': 'pairwise', 'test_step': 3, 'reproducible': True, 'seed': 2025, 'patience': 5}, 'test': {'metrics': ['recall', 'ndcg'], 'k': [5, 10, 20], 'batch_size': 1024}, 'data': {'type': 'general_cf', 'name': 'digital_music', 'user_num': 5541, 'item_num': 3568}, 'model': {'name': 'simgcl', 'keep_rate': 1.0, 'embedding_size': 32, 'layer_num': 3, 'reg_weight': 1e-05, 'cl_weight': 0.1, 'temperature': 0.2, 'eps': 0.9, 'amazon': {'layer_num': 3, 'reg_weight': 1e-05, 'cl_weight': 0.1, 'temperature': 0.2, 'eps': 0.9}, 'yelp': {'layer_num': 3, 'reg_weight': 1e-05, 'cl_weight': 0.1, 'temperature': 0.2, 'eps': 0.9}, 'steam': {'layer_num': 3, 'reg_weight': 1e-05, 'cl_weight': 0.1, 'temperature': 0.5, 'eps': 0.2}, 'digital_music': {'layer_num': 3, 'reg_weight': 1e-06, 'cl_weight': 0.02, 'temperature': 0.1, 'eps': 0.1}}}
2026-04-24 22:47:40,028 - Epoch 0  [recall@5: 0.0062 recall@10: 0.0109 recall@20: 0.0213 ] [ndcg@5: 0.0046 ndcg@10: 0.0062 ndcg@20: 0.0093 ] 
2026-04-24 22:47:43,939 - Epoch 3  [recall@5: 0.0495 recall@10: 0.0747 recall@20: 0.1083 ] [ndcg@5: 0.0385 ndcg@10: 0.0471 ndcg@20: 0.0570 ] 
2026-04-24 22:47:47,894 - Epoch 6  [recall@5: 0.0818 recall@10: 0.1235 recall@20: 0.1856 ] [ndcg@5: 0.0642 ndcg@10: 0.0787 ndcg@20: 0.0970 ] 
2026-04-24 22:47:51,985 - Epoch 9  [recall@5: 0.0891 recall@10: 0.1369 recall@20: 0.2033 ] [ndcg@5: 0.0686 ndcg@10: 0.0851 ndcg@20: 0.1045 ] 
2026-04-24 22:47:55,943 - Epoch 12  [recall@5: 0.0941 recall@10: 0.1398 recall@20: 0.2082 ] [ndcg@5: 0.0716 ndcg@10: 0.0872 ndcg@20: 0.1073 ] 
2026-04-24 22:47:59,778 - Epoch 15  [recall@5: 0.0980 recall@10: 0.1444 recall@20: 0.2147 ] [ndcg@5: 0.0745 ndcg@10: 0.0905 ndcg@20: 0.1110 ] 
2026-04-24 22:48:03,586 - Epoch 18  [recall@5: 0.1003 recall@10: 0.1495 recall@20: 0.2226 ] [ndcg@5: 0.0772 ndcg@10: 0.0942 ndcg@20: 0.1153 ] 
2026-04-24 22:48:07,366 - Epoch 21  [recall@5: 0.1021 recall@10: 0.1518 recall@20: 0.2268 ] [ndcg@5: 0.0791 ndcg@10: 0.0962 ndcg@20: 0.1179 ] 
2026-04-24 22:48:11,287 - Epoch 24  [recall@5: 0.1046 recall@10: 0.1555 recall@20: 0.2329 ] [ndcg@5: 0.0812 ndcg@10: 0.0987 ndcg@20: 0.1211 ] 
2026-04-24 22:48:15,261 - Epoch 27  [recall@5: 0.1061 recall@10: 0.1578 recall@20: 0.2364 ] [ndcg@5: 0.0821 ndcg@10: 0.1000 ndcg@20: 0.1227 ] 
2026-04-24 22:48:19,135 - Epoch 30  [recall@5: 0.1077 recall@10: 0.1588 recall@20: 0.2379 ] [ndcg@5: 0.0836 ndcg@10: 0.1012 ndcg@20: 0.1242 ] 
2026-04-24 22:48:22,912 - Epoch 33  [recall@5: 0.1089 recall@10: 0.1605 recall@20: 0.2390 ] [ndcg@5: 0.0843 ndcg@10: 0.1021 ndcg@20: 0.1249 ] 
2026-04-24 22:48:26,770 - Epoch 36  [recall@5: 0.1087 recall@10: 0.1621 recall@20: 0.2379 ] [ndcg@5: 0.0843 ndcg@10: 0.1027 ndcg@20: 0.1248 ] 
2026-04-24 22:48:30,750 - Epoch 39  [recall@5: 0.1090 recall@10: 0.1622 recall@20: 0.2398 ] [ndcg@5: 0.0844 ndcg@10: 0.1026 ndcg@20: 0.1252 ] 
2026-04-24 22:48:34,535 - Epoch 42  [recall@5: 0.1089 recall@10: 0.1634 recall@20: 0.2381 ] [ndcg@5: 0.0839 ndcg@10: 0.1026 ndcg@20: 0.1245 ] 
2026-04-24 22:48:38,405 - Epoch 45  [recall@5: 0.1078 recall@10: 0.1639 recall@20: 0.2376 ] [ndcg@5: 0.0834 ndcg@10: 0.1024 ndcg@20: 0.1240 ] 
2026-04-24 22:48:42,174 - Epoch 48  [recall@5: 0.1066 recall@10: 0.1629 recall@20: 0.2375 ] [ndcg@5: 0.0826 ndcg@10: 0.1019 ndcg@20: 0.1238 ] 
2026-04-24 22:48:45,987 - Epoch 51  [recall@5: 0.1061 recall@10: 0.1630 recall@20: 0.2362 ] [ndcg@5: 0.0826 ndcg@10: 0.1021 ndcg@20: 0.1236 ] 
2026-04-24 22:48:49,929 - Epoch 54  [recall@5: 0.1051 recall@10: 0.1626 recall@20: 0.2340 ] [ndcg@5: 0.0818 ndcg@10: 0.1016 ndcg@20: 0.1226 ] 
2026-04-24 22:48:50,630 - [recall@5: 0.1090 recall@10: 0.1622 recall@20: 0.2398 ] [ndcg@5: 0.0844 ndcg@10: 0.1026 ndcg@20: 0.1252 ] 
2026-04-24 22:48:51,370 - [recall@5: 0.1078 recall@10: 0.1681 recall@20: 0.2367 ] [ndcg@5: 0.0903 ndcg@10: 0.1122 ndcg@20: 0.1335 ] 
2026-04-24 22:48:51,386 - Save model parameters to ./checkpoint/simgcl/simgcl-digital_music-2025.pth
2026-04-24 22:48:51,388 - Best Epoch 39. Final test result: {'recall': array([0.10775277, 0.16806406, 0.23669746]), 'ndcg': array([0.09028728, 0.11216212, 0.13353179])}.
