2026-05-07 10:56:20,346 - {'optimizer': {'name': 'adam', 'lr': 0.001, 'weight_decay': 0}, 'train': {'epoch': 3000, 'batch_size': 4096, 'save_model': True, 'loss': 'pairwise', 'test_step': 3, 'reproducible': True, 'seed': 2025, 'patience': 5}, 'test': {'metrics': ['recall', 'ndcg'], 'k': [5, 10, 20], 'batch_size': 1024}, 'data': {'type': 'general_cf', 'name': 'digital_music', 'user_num': 5541, 'item_num': 3568}, 'model': {'name': 'bigcf_agr', 'embedding_size': 32, 'intent_num': 128, 'keep_rate': 0.8, 'edge_bias': 0.5, 'layer_num': 2, 'reg_weight': 0.0001, 'cl_weight': 0.001, 'cl_temperature': 0.1, 'kd_weight': 0.01, 'kd_temperature': 0.5, 'cen_weight': 1e-05, 'prf_weight': 0.1, 'mask_ratio': 0.1, 'recon_weight': 0.1, 're_temperature': 0.2, 'beta': 5.0, 'sigma': 0.25, 'str_weight': 1.0, 'alpha': 0.1, 'amazon': {'layer_num': 3, 'reg_weight': 1e-05, 'cl_weight': 0.05, 'cl_temperature': 0.2, 'kd_weight': 0.01, 'kd_temperature': 0.2, 'cen_weight': 1e-05, 'prf_weight': 0.15, 'mask_ratio': 0.15, 'recon_weight': 0.2, 're_temperature': 0.2, 'beta': 5.0, 'sigma': 0.2, 'str_weight': 1.2, 'alpha': 0.15}, 'yelp': {'layer_num': 3, 'reg_weight': 1e-05, 'cl_weight': 0.04, 'cl_temperature': 0.2, 'kd_weight': 0.01, 'kd_temperature': 0.2, 'cen_weight': 1e-05, 'prf_weight': 0.12, 'mask_ratio': 0.12, 'recon_weight': 0.15, 're_temperature': 0.2, 'beta': 4.5, 'sigma': 0.25, 'str_weight': 1.0, 'alpha': 0.12}, 'steam': {'layer_num': 3, 'reg_weight': 1e-05, 'cl_weight': 0.01, 'cl_temperature': 0.2, 'kd_weight': 0.01, 'kd_temperature': 0.2, 'cen_weight': 1e-05, 'prf_weight': 0.08, 'mask_ratio': 0.1, 'recon_weight': 0.1, 're_temperature': 0.2, 'beta': 4.0, 'sigma': 0.3, 'str_weight': 0.8, 'alpha': 0.1}, 'digital_music': {'layer_num': 3, 'reg_weight': 1e-05, 'cl_weight': 0.02, 'cl_temperature': 0.2, 'kd_weight': 0.01, 'kd_temperature': 0.2, 'cen_weight': 1e-05, 'prf_weight': 0.1, 'mask_ratio': 0.1, 'recon_weight': 0.1, 're_temperature': 0.1, 'beta': 10, 'sigma': 0.25, 'str_weight': 1.0, 'alpha': 0.1}}}
2026-05-07 10:56:26,847 - Epoch 0  [recall@5: 0.0137 recall@10: 0.0249 recall@20: 0.0410 ] [ndcg@5: 0.0111 ndcg@10: 0.0151 ndcg@20: 0.0199 ] 
2026-05-07 10:56:32,807 - Epoch 3  [recall@5: 0.0612 recall@10: 0.0914 recall@20: 0.1365 ] [ndcg@5: 0.0493 ndcg@10: 0.0595 ndcg@20: 0.0726 ] 
2026-05-07 10:56:39,155 - Epoch 6  [recall@5: 0.0770 recall@10: 0.1154 recall@20: 0.1621 ] [ndcg@5: 0.0592 ndcg@10: 0.0726 ndcg@20: 0.0865 ] 
2026-05-07 10:56:45,337 - Epoch 9  [recall@5: 0.0874 recall@10: 0.1266 recall@20: 0.1869 ] [ndcg@5: 0.0683 ndcg@10: 0.0821 ndcg@20: 0.0996 ] 
2026-05-07 10:56:51,482 - Epoch 12  [recall@5: 0.0933 recall@10: 0.1407 recall@20: 0.2064 ] [ndcg@5: 0.0723 ndcg@10: 0.0892 ndcg@20: 0.1085 ] 
2026-05-07 10:56:57,099 - Epoch 15  [recall@5: 0.1007 recall@10: 0.1504 recall@20: 0.2201 ] [ndcg@5: 0.0784 ndcg@10: 0.0958 ndcg@20: 0.1163 ] 
2026-05-07 10:57:02,834 - Epoch 18  [recall@5: 0.1066 recall@10: 0.1611 recall@20: 0.2364 ] [ndcg@5: 0.0847 ndcg@10: 0.1036 ndcg@20: 0.1256 ] 
2026-05-07 10:57:09,367 - Epoch 21  [recall@5: 0.1122 recall@10: 0.1666 recall@20: 0.2459 ] [ndcg@5: 0.0887 ndcg@10: 0.1075 ndcg@20: 0.1308 ] 
2026-05-07 10:57:15,876 - Epoch 24  [recall@5: 0.1180 recall@10: 0.1720 recall@20: 0.2513 ] [ndcg@5: 0.0918 ndcg@10: 0.1106 ndcg@20: 0.1337 ] 
2026-05-07 10:57:22,449 - Epoch 27  [recall@5: 0.1183 recall@10: 0.1748 recall@20: 0.2522 ] [ndcg@5: 0.0940 ndcg@10: 0.1138 ndcg@20: 0.1365 ] 
2026-05-07 10:57:28,942 - Epoch 30  [recall@5: 0.1188 recall@10: 0.1746 recall@20: 0.2525 ] [ndcg@5: 0.0941 ndcg@10: 0.1137 ndcg@20: 0.1365 ] 
2026-05-07 10:57:35,267 - Epoch 33  [recall@5: 0.1216 recall@10: 0.1780 recall@20: 0.2537 ] [ndcg@5: 0.0960 ndcg@10: 0.1156 ndcg@20: 0.1377 ] 
2026-05-07 10:57:41,527 - Epoch 36  [recall@5: 0.1216 recall@10: 0.1789 recall@20: 0.2533 ] [ndcg@5: 0.0959 ndcg@10: 0.1160 ndcg@20: 0.1378 ] 
2026-05-07 10:57:47,952 - Epoch 39  [recall@5: 0.1205 recall@10: 0.1776 recall@20: 0.2561 ] [ndcg@5: 0.0957 ndcg@10: 0.1157 ndcg@20: 0.1387 ] 
2026-05-07 10:57:54,366 - Epoch 42  [recall@5: 0.1217 recall@10: 0.1794 recall@20: 0.2547 ] [ndcg@5: 0.0962 ndcg@10: 0.1163 ndcg@20: 0.1384 ] 
2026-05-07 10:58:00,698 - Epoch 45  [recall@5: 0.1216 recall@10: 0.1788 recall@20: 0.2530 ] [ndcg@5: 0.0962 ndcg@10: 0.1162 ndcg@20: 0.1381 ] 
2026-05-07 10:58:06,761 - Epoch 48  [recall@5: 0.1214 recall@10: 0.1792 recall@20: 0.2538 ] [ndcg@5: 0.0963 ndcg@10: 0.1166 ndcg@20: 0.1386 ] 
2026-05-07 10:58:13,364 - Epoch 51  [recall@5: 0.1207 recall@10: 0.1795 recall@20: 0.2541 ] [ndcg@5: 0.0962 ndcg@10: 0.1169 ndcg@20: 0.1386 ] 
2026-05-07 10:58:19,092 - Epoch 54  [recall@5: 0.1221 recall@10: 0.1808 recall@20: 0.2527 ] [ndcg@5: 0.0974 ndcg@10: 0.1177 ndcg@20: 0.1387 ] 
2026-05-07 10:58:19,998 - [recall@5: 0.1190 recall@10: 0.1783 recall@20: 0.2534 ] [ndcg@5: 0.0946 ndcg@10: 0.1154 ndcg@20: 0.1375 ] 
2026-05-07 10:58:20,999 - [recall@5: 0.1211 recall@10: 0.1817 recall@20: 0.2581 ] [ndcg@5: 0.1028 ndcg@10: 0.1248 ndcg@20: 0.1487 ] 
2026-05-07 10:58:21,013 - Save model parameters to ./checkpoint/bigcf_agr/bigcf_agr-digital_music-2025.pth
2026-05-07 10:58:21,015 - Best Epoch 39. Final test result: {'recall': array([0.12111282, 0.18168651, 0.25809557]), 'ndcg': array([0.10275074, 0.1248267 , 0.14866809])}.
