2026-05-07 15:22:11,187 - {'optimizer': {'name': 'adam', 'lr': 0.001, 'weight_decay': 0}, 'train': {'epoch': 3000, 'batch_size': 4096, 'save_model': True, 'loss': 'pairwise', 'test_step': 3, 'reproducible': True, 'seed': 2025, 'patience': 5}, 'test': {'metrics': ['recall', 'ndcg'], 'k': [5, 10, 20], 'batch_size': 1024}, 'data': {'type': 'general_cf', 'name': 'luxury', 'user_num': 3819, 'item_num': 1581}, 'model': {'name': 'bigcf_agr', 'embedding_size': 32, 'intent_num': 128, 'keep_rate': 0.8, 'edge_bias': 0.5, 'layer_num': 2, 'reg_weight': 0.0001, 'cl_weight': 0.001, 'cl_temperature': 0.1, 'kd_weight': 0.01, 'kd_temperature': 0.5, 'cen_weight': 1e-05, 'prf_weight': 0.1, 'mask_ratio': 0.1, 'recon_weight': 0.1, 're_temperature': 0.2, 'beta': 5.0, 'sigma': 0.25, 'str_weight': 1.0, 'alpha': 0.1, 'amazon': {'layer_num': 3, 'reg_weight': 1e-05, 'cl_weight': 0.05, 'cl_temperature': 0.2, 'kd_weight': 0.01, 'kd_temperature': 0.2, 'cen_weight': 1e-05, 'prf_weight': 0.15, 'mask_ratio': 0.15, 'recon_weight': 0.2, 're_temperature': 0.2, 'beta': 5.0, 'sigma': 0.2, 'str_weight': 1.2, 'alpha': 0.15}, 'yelp': {'layer_num': 3, 'reg_weight': 1e-05, 'cl_weight': 0.04, 'cl_temperature': 0.2, 'kd_weight': 0.01, 'kd_temperature': 0.2, 'cen_weight': 1e-05, 'prf_weight': 0.12, 'mask_ratio': 0.12, 'recon_weight': 0.15, 're_temperature': 0.2, 'beta': 4.5, 'sigma': 0.25, 'str_weight': 1.0, 'alpha': 0.12}, 'steam': {'layer_num': 3, 'reg_weight': 1e-05, 'cl_weight': 0.01, 'cl_temperature': 0.2, 'kd_weight': 0.01, 'kd_temperature': 0.2, 'cen_weight': 1e-05, 'prf_weight': 0.08, 'mask_ratio': 0.1, 'recon_weight': 0.1, 're_temperature': 0.2, 'beta': 4.0, 'sigma': 0.3, 'str_weight': 0.8, 'alpha': 0.1}, 'digital_music': {'layer_num': 3, 'reg_weight': 1e-05, 'cl_weight': 0.02, 'cl_temperature': 0.2, 'kd_weight': 0.01, 'kd_temperature': 0.2, 'cen_weight': 1e-05, 'prf_weight': 0.1, 'mask_ratio': 0.1, 'recon_weight': 0.1, 're_temperature': 0.1, 'beta': 10, 'sigma': 0.25, 'str_weight': 1.0, 'alpha': 0.1}}}
2026-05-07 15:22:15,449 - Epoch 0  [recall@5: 0.0276 recall@10: 0.0401 recall@20: 0.0567 ] [ndcg@5: 0.0211 ndcg@10: 0.0257 ndcg@20: 0.0304 ] 
2026-05-07 15:22:17,910 - Epoch 3  [recall@5: 0.1642 recall@10: 0.1781 recall@20: 0.2023 ] [ndcg@5: 0.1328 ndcg@10: 0.1375 ndcg@20: 0.1443 ] 
2026-05-07 15:22:20,395 - Epoch 6  [recall@5: 0.1782 recall@10: 0.2027 recall@20: 0.2379 ] [ndcg@5: 0.1430 ndcg@10: 0.1515 ndcg@20: 0.1613 ] 
2026-05-07 15:22:22,882 - Epoch 9  [recall@5: 0.1825 recall@10: 0.2081 recall@20: 0.2490 ] [ndcg@5: 0.1466 ndcg@10: 0.1552 ndcg@20: 0.1665 ] 
2026-05-07 15:22:25,236 - Epoch 12  [recall@5: 0.1879 recall@10: 0.2128 recall@20: 0.2538 ] [ndcg@5: 0.1504 ndcg@10: 0.1586 ndcg@20: 0.1702 ] 
2026-05-07 15:22:27,699 - Epoch 15  [recall@5: 0.1902 recall@10: 0.2160 recall@20: 0.2568 ] [ndcg@5: 0.1532 ndcg@10: 0.1621 ndcg@20: 0.1735 ] 
2026-05-07 15:22:30,102 - Epoch 18  [recall@5: 0.1967 recall@10: 0.2226 recall@20: 0.2653 ] [ndcg@5: 0.1593 ndcg@10: 0.1680 ndcg@20: 0.1797 ] 
2026-05-07 15:22:32,585 - Epoch 21  [recall@5: 0.2043 recall@10: 0.2307 recall@20: 0.2669 ] [ndcg@5: 0.1644 ndcg@10: 0.1736 ndcg@20: 0.1834 ] 
2026-05-07 15:22:35,049 - Epoch 24  [recall@5: 0.2096 recall@10: 0.2379 recall@20: 0.2727 ] [ndcg@5: 0.1692 ndcg@10: 0.1788 ndcg@20: 0.1885 ] 
2026-05-07 15:22:37,534 - Epoch 27  [recall@5: 0.2116 recall@10: 0.2385 recall@20: 0.2778 ] [ndcg@5: 0.1696 ndcg@10: 0.1789 ndcg@20: 0.1897 ] 
2026-05-07 15:22:39,957 - Epoch 30  [recall@5: 0.2149 recall@10: 0.2422 recall@20: 0.2814 ] [ndcg@5: 0.1728 ndcg@10: 0.1824 ndcg@20: 0.1931 ] 
2026-05-07 15:22:42,391 - Epoch 33  [recall@5: 0.2170 recall@10: 0.2469 recall@20: 0.2878 ] [ndcg@5: 0.1753 ndcg@10: 0.1855 ndcg@20: 0.1968 ] 
2026-05-07 15:22:44,879 - Epoch 36  [recall@5: 0.2218 recall@10: 0.2508 recall@20: 0.2900 ] [ndcg@5: 0.1786 ndcg@10: 0.1885 ndcg@20: 0.1995 ] 
2026-05-07 15:22:47,407 - Epoch 39  [recall@5: 0.2232 recall@10: 0.2527 recall@20: 0.2910 ] [ndcg@5: 0.1786 ndcg@10: 0.1887 ndcg@20: 0.1994 ] 
2026-05-07 15:22:49,919 - Epoch 42  [recall@5: 0.2239 recall@10: 0.2539 recall@20: 0.2956 ] [ndcg@5: 0.1797 ndcg@10: 0.1901 ndcg@20: 0.2016 ] 
2026-05-07 15:22:52,354 - Epoch 45  [recall@5: 0.2240 recall@10: 0.2608 recall@20: 0.2943 ] [ndcg@5: 0.1810 ndcg@10: 0.1937 ndcg@20: 0.2031 ] 
2026-05-07 15:22:54,716 - Epoch 48  [recall@5: 0.2271 recall@10: 0.2595 recall@20: 0.2952 ] [ndcg@5: 0.1816 ndcg@10: 0.1931 ndcg@20: 0.2030 ] 
2026-05-07 15:22:57,121 - Epoch 51  [recall@5: 0.2300 recall@10: 0.2632 recall@20: 0.2990 ] [ndcg@5: 0.1843 ndcg@10: 0.1958 ndcg@20: 0.2059 ] 
2026-05-07 15:23:00,310 - Epoch 54  [recall@5: 0.2294 recall@10: 0.2649 recall@20: 0.3010 ] [ndcg@5: 0.1854 ndcg@10: 0.1977 ndcg@20: 0.2078 ] 
2026-05-07 15:23:03,143 - Epoch 57  [recall@5: 0.2305 recall@10: 0.2623 recall@20: 0.3016 ] [ndcg@5: 0.1860 ndcg@10: 0.1971 ndcg@20: 0.2081 ] 
2026-05-07 15:23:05,914 - Epoch 60  [recall@5: 0.2311 recall@10: 0.2671 recall@20: 0.3037 ] [ndcg@5: 0.1853 ndcg@10: 0.1978 ndcg@20: 0.2081 ] 
2026-05-07 15:23:08,560 - Epoch 63  [recall@5: 0.2306 recall@10: 0.2655 recall@20: 0.3029 ] [ndcg@5: 0.1840 ndcg@10: 0.1963 ndcg@20: 0.2068 ] 
2026-05-07 15:23:11,225 - Epoch 66  [recall@5: 0.2314 recall@10: 0.2682 recall@20: 0.3073 ] [ndcg@5: 0.1864 ndcg@10: 0.1992 ndcg@20: 0.2102 ] 
2026-05-07 15:23:13,919 - Epoch 69  [recall@5: 0.2309 recall@10: 0.2670 recall@20: 0.3059 ] [ndcg@5: 0.1862 ndcg@10: 0.1987 ndcg@20: 0.2096 ] 
2026-05-07 15:23:16,539 - Epoch 72  [recall@5: 0.2328 recall@10: 0.2686 recall@20: 0.3071 ] [ndcg@5: 0.1869 ndcg@10: 0.1993 ndcg@20: 0.2102 ] 
2026-05-07 15:23:19,213 - Epoch 75  [recall@5: 0.2318 recall@10: 0.2663 recall@20: 0.3036 ] [ndcg@5: 0.1874 ndcg@10: 0.1994 ndcg@20: 0.2099 ] 
2026-05-07 15:23:21,939 - Epoch 78  [recall@5: 0.2325 recall@10: 0.2671 recall@20: 0.3104 ] [ndcg@5: 0.1871 ndcg@10: 0.1992 ndcg@20: 0.2113 ] 
2026-05-07 15:23:24,605 - Epoch 81  [recall@5: 0.2329 recall@10: 0.2687 recall@20: 0.3105 ] [ndcg@5: 0.1874 ndcg@10: 0.1997 ndcg@20: 0.2113 ] 
2026-05-07 15:23:27,236 - Epoch 84  [recall@5: 0.2325 recall@10: 0.2688 recall@20: 0.3096 ] [ndcg@5: 0.1861 ndcg@10: 0.1985 ndcg@20: 0.2101 ] 
2026-05-07 15:23:30,016 - Epoch 87  [recall@5: 0.2314 recall@10: 0.2694 recall@20: 0.3083 ] [ndcg@5: 0.1861 ndcg@10: 0.1992 ndcg@20: 0.2103 ] 
2026-05-07 15:23:32,684 - Epoch 90  [recall@5: 0.2307 recall@10: 0.2669 recall@20: 0.3117 ] [ndcg@5: 0.1860 ndcg@10: 0.1985 ndcg@20: 0.2111 ] 
2026-05-07 15:23:35,300 - Epoch 93  [recall@5: 0.2333 recall@10: 0.2705 recall@20: 0.3114 ] [ndcg@5: 0.1883 ndcg@10: 0.2011 ndcg@20: 0.2125 ] 
2026-05-07 15:23:37,924 - Epoch 96  [recall@5: 0.2334 recall@10: 0.2672 recall@20: 0.3093 ] [ndcg@5: 0.1866 ndcg@10: 0.1981 ndcg@20: 0.2100 ] 
2026-05-07 15:23:40,640 - Epoch 99  [recall@5: 0.2314 recall@10: 0.2651 recall@20: 0.3090 ] [ndcg@5: 0.1855 ndcg@10: 0.1972 ndcg@20: 0.2094 ] 
2026-05-07 15:23:43,258 - Epoch 102  [recall@5: 0.2317 recall@10: 0.2659 recall@20: 0.3127 ] [ndcg@5: 0.1857 ndcg@10: 0.1976 ndcg@20: 0.2107 ] 
2026-05-07 15:23:45,873 - Epoch 105  [recall@5: 0.2342 recall@10: 0.2677 recall@20: 0.3106 ] [ndcg@5: 0.1867 ndcg@10: 0.1985 ndcg@20: 0.2105 ] 
2026-05-07 15:23:48,487 - Epoch 108  [recall@5: 0.2313 recall@10: 0.2687 recall@20: 0.3129 ] [ndcg@5: 0.1856 ndcg@10: 0.1988 ndcg@20: 0.2111 ] 
2026-05-07 15:23:51,149 - Epoch 111  [recall@5: 0.2324 recall@10: 0.2680 recall@20: 0.3095 ] [ndcg@5: 0.1871 ndcg@10: 0.1994 ndcg@20: 0.2112 ] 
2026-05-07 15:23:53,745 - Epoch 114  [recall@5: 0.2332 recall@10: 0.2683 recall@20: 0.3103 ] [ndcg@5: 0.1854 ndcg@10: 0.1977 ndcg@20: 0.2094 ] 
2026-05-07 15:23:56,583 - Epoch 117  [recall@5: 0.2324 recall@10: 0.2702 recall@20: 0.3094 ] [ndcg@5: 0.1869 ndcg@10: 0.1998 ndcg@20: 0.2109 ] 
2026-05-07 15:23:59,157 - Epoch 120  [recall@5: 0.2330 recall@10: 0.2669 recall@20: 0.3124 ] [ndcg@5: 0.1873 ndcg@10: 0.1990 ndcg@20: 0.2117 ] 
2026-05-07 15:24:01,666 - Epoch 123  [recall@5: 0.2320 recall@10: 0.2689 recall@20: 0.3114 ] [ndcg@5: 0.1853 ndcg@10: 0.1982 ndcg@20: 0.2101 ] 
2026-05-07 15:24:02,205 - [recall@5: 0.2345 recall@10: 0.2696 recall@20: 0.3092 ] [ndcg@5: 0.1874 ndcg@10: 0.1994 ndcg@20: 0.2105 ] 
2026-05-07 15:24:02,724 - [recall@5: 0.2318 recall@10: 0.2670 recall@20: 0.3095 ] [ndcg@5: 0.1922 ndcg@10: 0.2052 ndcg@20: 0.2176 ] 
2026-05-07 15:24:02,734 - Save model parameters to ./checkpoint/bigcf_agr/bigcf_agr-luxury-2025.pth
2026-05-07 15:24:02,735 - Best Epoch 108. Final test result: {'recall': array([0.23184917, 0.26697821, 0.30945197]), 'ndcg': array([0.19224453, 0.20517091, 0.21757479])}.
