2026-05-07 10:53:50,074 - {'optimizer': {'name': 'adam', 'lr': 0.001, 'weight_decay': 0}, 'train': {'epoch': 3000, 'batch_size': 4096, 'save_model': True, 'loss': 'pairwise', 'test_step': 3, 'reproducible': True, 'seed': 2025, 'patience': 5}, 'test': {'metrics': ['recall', 'ndcg'], 'k': [5, 10, 20], 'batch_size': 1024}, 'data': {'type': 'general_cf', 'name': 'digital_music', 'user_num': 5541, 'item_num': 3568}, 'model': {'name': 'bigcf', 'embedding_size': 32, 'intent_num': 128, 'layer_num': 3, 'reg_weight': 1e-05, 'cl_weight': 0.04, 'temperature': 0.2, 'cen_weight': 1e-05, 'amazon': {'layer_num': 3, 'reg_weight': 1e-05, 'cl_weight': 0.05, 'temperature': 0.2, 'cen_weight': 1e-05}, 'yelp': {'layer_num': 3, 'reg_weight': 1e-05, 'cl_weight': 0.05, 'temperature': 0.2, 'cen_weight': 1e-05}, 'steam': {'layer_num': 3, 'reg_weight': 1e-05, 'cl_weight': 0.01, 'temperature': 0.2, 'cen_weight': 1e-05}, 'digital_music': {'layer_num': 3, 'reg_weight': 1e-05, 'cl_weight': 0.02, 'temperature': 0.2, 'cen_weight': 1e-05}}}
2026-05-07 10:53:55,884 - Epoch 0  [recall@5: 0.0119 recall@10: 0.0197 recall@20: 0.0320 ] [ndcg@5: 0.0105 ndcg@10: 0.0133 ndcg@20: 0.0170 ] 
2026-05-07 10:53:59,811 - Epoch 3  [recall@5: 0.0640 recall@10: 0.0991 recall@20: 0.1491 ] [ndcg@5: 0.0498 ndcg@10: 0.0620 ndcg@20: 0.0767 ] 
2026-05-07 10:54:03,785 - Epoch 6  [recall@5: 0.0806 recall@10: 0.1266 recall@20: 0.1867 ] [ndcg@5: 0.0623 ndcg@10: 0.0784 ndcg@20: 0.0960 ] 
2026-05-07 10:54:07,669 - Epoch 9  [recall@5: 0.0880 recall@10: 0.1420 recall@20: 0.2071 ] [ndcg@5: 0.0686 ndcg@10: 0.0875 ndcg@20: 0.1066 ] 
2026-05-07 10:54:11,289 - Epoch 12  [recall@5: 0.0911 recall@10: 0.1434 recall@20: 0.2160 ] [ndcg@5: 0.0718 ndcg@10: 0.0899 ndcg@20: 0.1112 ] 
2026-05-07 10:54:15,095 - Epoch 15  [recall@5: 0.0936 recall@10: 0.1442 recall@20: 0.2215 ] [ndcg@5: 0.0736 ndcg@10: 0.0910 ndcg@20: 0.1134 ] 
2026-05-07 10:54:19,007 - Epoch 18  [recall@5: 0.0953 recall@10: 0.1483 recall@20: 0.2249 ] [ndcg@5: 0.0748 ndcg@10: 0.0933 ndcg@20: 0.1155 ] 
2026-05-07 10:54:22,603 - Epoch 21  [recall@5: 0.0968 recall@10: 0.1537 recall@20: 0.2331 ] [ndcg@5: 0.0759 ndcg@10: 0.0960 ndcg@20: 0.1190 ] 
2026-05-07 10:54:26,188 - Epoch 24  [recall@5: 0.1011 recall@10: 0.1565 recall@20: 0.2372 ] [ndcg@5: 0.0791 ndcg@10: 0.0982 ndcg@20: 0.1219 ] 
2026-05-07 10:54:30,112 - Epoch 27  [recall@5: 0.1027 recall@10: 0.1607 recall@20: 0.2396 ] [ndcg@5: 0.0808 ndcg@10: 0.1008 ndcg@20: 0.1240 ] 
2026-05-07 10:54:34,032 - Epoch 30  [recall@5: 0.1057 recall@10: 0.1632 recall@20: 0.2428 ] [ndcg@5: 0.0827 ndcg@10: 0.1025 ndcg@20: 0.1259 ] 
2026-05-07 10:54:38,254 - Epoch 33  [recall@5: 0.1056 recall@10: 0.1662 recall@20: 0.2469 ] [ndcg@5: 0.0835 ndcg@10: 0.1044 ndcg@20: 0.1281 ] 
2026-05-07 10:54:42,216 - Epoch 36  [recall@5: 0.1081 recall@10: 0.1666 recall@20: 0.2487 ] [ndcg@5: 0.0854 ndcg@10: 0.1056 ndcg@20: 0.1297 ] 
2026-05-07 10:54:45,894 - Epoch 39  [recall@5: 0.1099 recall@10: 0.1683 recall@20: 0.2499 ] [ndcg@5: 0.0872 ndcg@10: 0.1074 ndcg@20: 0.1314 ] 
2026-05-07 10:54:49,480 - Epoch 42  [recall@5: 0.1119 recall@10: 0.1696 recall@20: 0.2523 ] [ndcg@5: 0.0888 ndcg@10: 0.1089 ndcg@20: 0.1332 ] 
2026-05-07 10:54:52,988 - Epoch 45  [recall@5: 0.1123 recall@10: 0.1740 recall@20: 0.2544 ] [ndcg@5: 0.0895 ndcg@10: 0.1108 ndcg@20: 0.1344 ] 
2026-05-07 10:54:56,542 - Epoch 48  [recall@5: 0.1137 recall@10: 0.1753 recall@20: 0.2552 ] [ndcg@5: 0.0906 ndcg@10: 0.1119 ndcg@20: 0.1354 ] 
2026-05-07 10:55:00,082 - Epoch 51  [recall@5: 0.1152 recall@10: 0.1771 recall@20: 0.2555 ] [ndcg@5: 0.0917 ndcg@10: 0.1131 ndcg@20: 0.1360 ] 
2026-05-07 10:55:03,440 - Epoch 54  [recall@5: 0.1157 recall@10: 0.1783 recall@20: 0.2567 ] [ndcg@5: 0.0923 ndcg@10: 0.1139 ndcg@20: 0.1368 ] 
2026-05-07 10:55:06,919 - Epoch 57  [recall@5: 0.1166 recall@10: 0.1789 recall@20: 0.2564 ] [ndcg@5: 0.0928 ndcg@10: 0.1143 ndcg@20: 0.1370 ] 
2026-05-07 10:55:10,265 - Epoch 60  [recall@5: 0.1163 recall@10: 0.1789 recall@20: 0.2575 ] [ndcg@5: 0.0929 ndcg@10: 0.1147 ndcg@20: 0.1376 ] 
2026-05-07 10:55:13,594 - Epoch 63  [recall@5: 0.1173 recall@10: 0.1808 recall@20: 0.2572 ] [ndcg@5: 0.0931 ndcg@10: 0.1151 ndcg@20: 0.1375 ] 
2026-05-07 10:55:16,978 - Epoch 66  [recall@5: 0.1171 recall@10: 0.1802 recall@20: 0.2585 ] [ndcg@5: 0.0930 ndcg@10: 0.1149 ndcg@20: 0.1378 ] 
2026-05-07 10:55:20,424 - Epoch 69  [recall@5: 0.1168 recall@10: 0.1797 recall@20: 0.2568 ] [ndcg@5: 0.0932 ndcg@10: 0.1150 ndcg@20: 0.1376 ] 
2026-05-07 10:55:24,091 - Epoch 72  [recall@5: 0.1174 recall@10: 0.1806 recall@20: 0.2574 ] [ndcg@5: 0.0939 ndcg@10: 0.1158 ndcg@20: 0.1383 ] 
2026-05-07 10:55:27,546 - Epoch 75  [recall@5: 0.1171 recall@10: 0.1805 recall@20: 0.2572 ] [ndcg@5: 0.0935 ndcg@10: 0.1154 ndcg@20: 0.1380 ] 
2026-05-07 10:55:30,955 - Epoch 78  [recall@5: 0.1183 recall@10: 0.1796 recall@20: 0.2571 ] [ndcg@5: 0.0941 ndcg@10: 0.1152 ndcg@20: 0.1381 ] 
2026-05-07 10:55:34,354 - Epoch 81  [recall@5: 0.1180 recall@10: 0.1785 recall@20: 0.2573 ] [ndcg@5: 0.0941 ndcg@10: 0.1150 ndcg@20: 0.1382 ] 
2026-05-07 10:55:35,158 - [recall@5: 0.1176 recall@10: 0.1802 recall@20: 0.2571 ] [ndcg@5: 0.0934 ndcg@10: 0.1151 ndcg@20: 0.1375 ] 
2026-05-07 10:55:36,106 - [recall@5: 0.1206 recall@10: 0.1806 recall@20: 0.2578 ] [ndcg@5: 0.1012 ndcg@10: 0.1233 ndcg@20: 0.1473 ] 
2026-05-07 10:55:36,113 - Save model parameters to ./checkpoint/bigcf/bigcf-digital_music-2025.pth
2026-05-07 10:55:36,115 - Best Epoch 66. Final test result: {'recall': array([0.12061822, 0.18060723, 0.25776693]), 'ndcg': array([0.10120114, 0.12333269, 0.14734488])}.
