2026-05-07 15:19:57,517 - {'optimizer': {'name': 'adam', 'lr': 0.001, 'weight_decay': 0}, 'train': {'epoch': 3000, 'batch_size': 4096, 'save_model': True, 'loss': 'pairwise', 'test_step': 3, 'reproducible': True, 'seed': 2025, 'patience': 5}, 'test': {'metrics': ['recall', 'ndcg'], 'k': [5, 10, 20], 'batch_size': 1024}, 'data': {'type': 'general_cf', 'name': 'luxury', 'user_num': 3819, 'item_num': 1581}, 'model': {'name': 'bigcf', 'embedding_size': 32, 'intent_num': 128, 'layer_num': 3, 'reg_weight': 1e-05, 'cl_weight': 0.04, 'temperature': 0.2, 'cen_weight': 1e-05, 'amazon': {'layer_num': 3, 'reg_weight': 1e-05, 'cl_weight': 0.05, 'temperature': 0.2, 'cen_weight': 1e-05}, 'yelp': {'layer_num': 3, 'reg_weight': 1e-05, 'cl_weight': 0.05, 'temperature': 0.2, 'cen_weight': 1e-05}, 'steam': {'layer_num': 3, 'reg_weight': 1e-05, 'cl_weight': 0.01, 'temperature': 0.2, 'cen_weight': 1e-05}, 'digital_music': {'layer_num': 3, 'reg_weight': 1e-05, 'cl_weight': 0.02, 'temperature': 0.2, 'cen_weight': 1e-05}}}
2026-05-07 15:20:01,999 - Epoch 0  [recall@5: 0.0773 recall@10: 0.0989 recall@20: 0.1215 ] [ndcg@5: 0.0627 ndcg@10: 0.0708 ndcg@20: 0.0773 ] 
2026-05-07 15:20:03,764 - Epoch 3  [recall@5: 0.1884 recall@10: 0.2057 recall@20: 0.2231 ] [ndcg@5: 0.1492 ndcg@10: 0.1550 ndcg@20: 0.1599 ] 
2026-05-07 15:20:05,493 - Epoch 6  [recall@5: 0.1967 recall@10: 0.2169 recall@20: 0.2447 ] [ndcg@5: 0.1587 ndcg@10: 0.1657 ndcg@20: 0.1731 ] 
2026-05-07 15:20:07,283 - Epoch 9  [recall@5: 0.2015 recall@10: 0.2242 recall@20: 0.2516 ] [ndcg@5: 0.1627 ndcg@10: 0.1704 ndcg@20: 0.1778 ] 
2026-05-07 15:20:09,025 - Epoch 12  [recall@5: 0.2041 recall@10: 0.2267 recall@20: 0.2594 ] [ndcg@5: 0.1652 ndcg@10: 0.1729 ndcg@20: 0.1819 ] 
2026-05-07 15:20:10,821 - Epoch 15  [recall@5: 0.2052 recall@10: 0.2318 recall@20: 0.2637 ] [ndcg@5: 0.1672 ndcg@10: 0.1763 ndcg@20: 0.1849 ] 
2026-05-07 15:20:12,571 - Epoch 18  [recall@5: 0.2088 recall@10: 0.2376 recall@20: 0.2659 ] [ndcg@5: 0.1692 ndcg@10: 0.1790 ndcg@20: 0.1868 ] 
2026-05-07 15:20:15,084 - Epoch 21  [recall@5: 0.2120 recall@10: 0.2399 recall@20: 0.2690 ] [ndcg@5: 0.1728 ndcg@10: 0.1823 ndcg@20: 0.1904 ] 
2026-05-07 15:20:16,813 - Epoch 24  [recall@5: 0.2140 recall@10: 0.2425 recall@20: 0.2716 ] [ndcg@5: 0.1746 ndcg@10: 0.1842 ndcg@20: 0.1923 ] 
2026-05-07 15:20:18,534 - Epoch 27  [recall@5: 0.2174 recall@10: 0.2456 recall@20: 0.2764 ] [ndcg@5: 0.1773 ndcg@10: 0.1869 ndcg@20: 0.1955 ] 
2026-05-07 15:20:20,263 - Epoch 30  [recall@5: 0.2213 recall@10: 0.2496 recall@20: 0.2826 ] [ndcg@5: 0.1798 ndcg@10: 0.1893 ndcg@20: 0.1986 ] 
2026-05-07 15:20:22,225 - Epoch 33  [recall@5: 0.2237 recall@10: 0.2516 recall@20: 0.2865 ] [ndcg@5: 0.1824 ndcg@10: 0.1918 ndcg@20: 0.2015 ] 
2026-05-07 15:20:23,876 - Epoch 36  [recall@5: 0.2262 recall@10: 0.2547 recall@20: 0.2902 ] [ndcg@5: 0.1843 ndcg@10: 0.1939 ndcg@20: 0.2040 ] 
2026-05-07 15:20:25,616 - Epoch 39  [recall@5: 0.2286 recall@10: 0.2574 recall@20: 0.2919 ] [ndcg@5: 0.1856 ndcg@10: 0.1955 ndcg@20: 0.2052 ] 
2026-05-07 15:20:27,277 - Epoch 42  [recall@5: 0.2309 recall@10: 0.2608 recall@20: 0.2943 ] [ndcg@5: 0.1876 ndcg@10: 0.1978 ndcg@20: 0.2073 ] 
2026-05-07 15:20:28,925 - Epoch 45  [recall@5: 0.2326 recall@10: 0.2604 recall@20: 0.2962 ] [ndcg@5: 0.1892 ndcg@10: 0.1987 ndcg@20: 0.2088 ] 
2026-05-07 15:20:30,660 - Epoch 48  [recall@5: 0.2326 recall@10: 0.2622 recall@20: 0.2977 ] [ndcg@5: 0.1891 ndcg@10: 0.1993 ndcg@20: 0.2094 ] 
2026-05-07 15:20:32,350 - Epoch 51  [recall@5: 0.2342 recall@10: 0.2638 recall@20: 0.2990 ] [ndcg@5: 0.1900 ndcg@10: 0.2001 ndcg@20: 0.2101 ] 
2026-05-07 15:20:33,954 - Epoch 54  [recall@5: 0.2335 recall@10: 0.2633 recall@20: 0.3000 ] [ndcg@5: 0.1900 ndcg@10: 0.2004 ndcg@20: 0.2108 ] 
2026-05-07 15:20:35,655 - Epoch 57  [recall@5: 0.2350 recall@10: 0.2638 recall@20: 0.3002 ] [ndcg@5: 0.1905 ndcg@10: 0.2006 ndcg@20: 0.2109 ] 
2026-05-07 15:20:37,363 - Epoch 60  [recall@5: 0.2349 recall@10: 0.2627 recall@20: 0.3008 ] [ndcg@5: 0.1903 ndcg@10: 0.2001 ndcg@20: 0.2109 ] 
2026-05-07 15:20:39,196 - Epoch 63  [recall@5: 0.2342 recall@10: 0.2647 recall@20: 0.3001 ] [ndcg@5: 0.1896 ndcg@10: 0.2003 ndcg@20: 0.2103 ] 
2026-05-07 15:20:41,304 - Epoch 66  [recall@5: 0.2329 recall@10: 0.2635 recall@20: 0.2998 ] [ndcg@5: 0.1896 ndcg@10: 0.2003 ndcg@20: 0.2106 ] 
2026-05-07 15:20:43,055 - Epoch 69  [recall@5: 0.2333 recall@10: 0.2648 recall@20: 0.2999 ] [ndcg@5: 0.1895 ndcg@10: 0.2005 ndcg@20: 0.2104 ] 
2026-05-07 15:20:44,866 - Epoch 72  [recall@5: 0.2327 recall@10: 0.2645 recall@20: 0.2994 ] [ndcg@5: 0.1888 ndcg@10: 0.1999 ndcg@20: 0.2098 ] 
2026-05-07 15:20:46,602 - Epoch 75  [recall@5: 0.2325 recall@10: 0.2632 recall@20: 0.2994 ] [ndcg@5: 0.1886 ndcg@10: 0.1993 ndcg@20: 0.2096 ] 
2026-05-07 15:20:47,144 - [recall@5: 0.2343 recall@10: 0.2632 recall@20: 0.3009 ] [ndcg@5: 0.1900 ndcg@10: 0.2001 ndcg@20: 0.2107 ] 
2026-05-07 15:20:47,687 - [recall@5: 0.2306 recall@10: 0.2599 recall@20: 0.2950 ] [ndcg@5: 0.1947 ndcg@10: 0.2054 ndcg@20: 0.2159 ] 
2026-05-07 15:20:47,693 - Save model parameters to ./checkpoint/bigcf/bigcf-luxury-2025.pth
2026-05-07 15:20:47,694 - Best Epoch 60. Final test result: {'recall': array([0.23056811, 0.25990768, 0.29502101]), 'ndcg': array([0.19471937, 0.20538974, 0.21589691])}.
