2026-03-13 00:12:34,573 - {'optimizer': {'name': 'adam', 'lr': 0.001, 'weight_decay': 0}, 'train': {'epoch': 3000, 'batch_size': 4096, 'save_model': True, 'loss': 'pairwise', 'test_step': 3, 'reproducible': True, 'seed': 2025, 'patience': 5}, 'test': {'metrics': ['recall', 'ndcg'], 'k': [5, 10, 20], 'batch_size': 1024}, 'data': {'type': 'general_cf', 'name': 'digital_music', 'user_num': 5541, 'item_num': 3568}, 'model': {'name': 'sgl_agr', 'embedding_size': 32, 'edge_bias': 0.5, 'keep_rate': 0.8, 'augmentation': 'edge_drop', 'cl_weight': 0.1, 'cl_temperature': 0.2, 'mask_ratio': 0.15, 'recon_weight': 0.2, 're_temperature': 0.2, 'layer_num': 3, 'reg_weight': 1e-07, 'prf_weight': 0.02, 'kd_weight': 0.01, 'kd_temperature': 0.2, 'str_weight': 1.0, 'beta': 5.0, 'sigma': 0.25, 'alpha': 0.1, 'amazon': {'layer_num': 3, 'reg_weight': 1e-07, 'kd_weight': 0.01, 'kd_temperature': 0.2, 'prf_weight': 0.02, 'str_weight': 1.2, 'beta': 3.5, 'sigma': 0.3, 'alpha': 0.15, 'keep_rate': 0.8, 'augmentation': 'edge_drop', 'cl_weight': 0.1, 'cl_temperature': 0.2}, 'yelp': {'layer_num': 3, 'reg_weight': 1e-07, 'kd_weight': 0.01, 'kd_temperature': 0.2, 'prf_weight': 0.03, 'str_weight': 1.5, 'beta': 4.0, 'sigma': 0.25, 'alpha': 0.2, 'keep_rate': 0.8, 'augmentation': 'edge_drop', 'cl_weight': 0.1, 'cl_temperature': 0.2}, 'steam': {'layer_num': 3, 'reg_weight': 1e-08, 'kd_weight': 0.001, 'kd_temperature': 0.1, 'prf_weight': 0.01, 'str_weight': 1.0, 'beta': 2.5, 'sigma': 0.2, 'alpha': 0.08, 'keep_rate': 0.8, 'augmentation': 'edge_drop', 'cl_weight': 0.1, 'cl_temperature': 0.5}, 'movie': {'layer_num': 3, 'reg_weight': 1e-06, 'kd_weight': 0.001, 'kd_temperature': 0.2, 'prf_weight': 0.025, 'str_weight': 1.3, 'beta': 4.0, 'sigma': 0.28, 'alpha': 0.18, 'keep_rate': 0.8, 'augmentation': 'edge_drop', 'cl_weight': 0.1, 'cl_temperature': 0.2}}}
2026-03-13 00:12:40,567 - Epoch 0  [recall@5: 0.0065 recall@10: 0.0123 recall@20: 0.0199 ] [ndcg@5: 0.0052 ndcg@10: 0.0072 ndcg@20: 0.0095 ] 
2026-03-13 00:12:47,163 - Epoch 3  [recall@5: 0.0411 recall@10: 0.0628 recall@20: 0.0917 ] [ndcg@5: 0.0331 ndcg@10: 0.0407 ndcg@20: 0.0492 ] 
2026-03-13 00:12:53,707 - Epoch 6  [recall@5: 0.0598 recall@10: 0.0921 recall@20: 0.1331 ] [ndcg@5: 0.0480 ndcg@10: 0.0591 ndcg@20: 0.0711 ] 
2026-03-13 00:13:00,236 - Epoch 9  [recall@5: 0.0747 recall@10: 0.1090 recall@20: 0.1554 ] [ndcg@5: 0.0582 ndcg@10: 0.0700 ndcg@20: 0.0836 ] 
2026-03-13 00:13:07,690 - Epoch 12  [recall@5: 0.0828 recall@10: 0.1212 recall@20: 0.1712 ] [ndcg@5: 0.0648 ndcg@10: 0.0780 ndcg@20: 0.0928 ] 
2026-03-13 00:13:14,448 - Epoch 15  [recall@5: 0.0886 recall@10: 0.1327 recall@20: 0.1841 ] [ndcg@5: 0.0699 ndcg@10: 0.0852 ndcg@20: 0.1005 ] 
2026-03-13 00:13:21,038 - Epoch 18  [recall@5: 0.0926 recall@10: 0.1379 recall@20: 0.1975 ] [ndcg@5: 0.0736 ndcg@10: 0.0892 ndcg@20: 0.1069 ] 
2026-03-13 00:13:27,603 - Epoch 21  [recall@5: 0.0955 recall@10: 0.1443 recall@20: 0.2091 ] [ndcg@5: 0.0760 ndcg@10: 0.0928 ndcg@20: 0.1117 ] 
2026-03-13 00:13:34,158 - Epoch 24  [recall@5: 0.0998 recall@10: 0.1465 recall@20: 0.2173 ] [ndcg@5: 0.0788 ndcg@10: 0.0948 ndcg@20: 0.1156 ] 
2026-03-13 00:13:40,786 - Epoch 27  [recall@5: 0.1011 recall@10: 0.1526 recall@20: 0.2216 ] [ndcg@5: 0.0801 ndcg@10: 0.0977 ndcg@20: 0.1179 ] 
2026-03-13 00:13:47,324 - Epoch 30  [recall@5: 0.1011 recall@10: 0.1546 recall@20: 0.2265 ] [ndcg@5: 0.0805 ndcg@10: 0.0988 ndcg@20: 0.1198 ] 
2026-03-13 00:13:53,918 - Epoch 33  [recall@5: 0.1045 recall@10: 0.1589 recall@20: 0.2335 ] [ndcg@5: 0.0818 ndcg@10: 0.1006 ndcg@20: 0.1221 ] 
2026-03-13 00:14:00,529 - Epoch 36  [recall@5: 0.1060 recall@10: 0.1620 recall@20: 0.2364 ] [ndcg@5: 0.0837 ndcg@10: 0.1029 ndcg@20: 0.1244 ] 
2026-03-13 00:14:07,159 - Epoch 39  [recall@5: 0.1081 recall@10: 0.1642 recall@20: 0.2411 ] [ndcg@5: 0.0849 ndcg@10: 0.1042 ndcg@20: 0.1265 ] 
2026-03-13 00:14:15,198 - Epoch 42  [recall@5: 0.1104 recall@10: 0.1671 recall@20: 0.2440 ] [ndcg@5: 0.0864 ndcg@10: 0.1059 ndcg@20: 0.1281 ] 
2026-03-13 00:14:23,836 - Epoch 45  [recall@5: 0.1128 recall@10: 0.1707 recall@20: 0.2460 ] [ndcg@5: 0.0878 ndcg@10: 0.1077 ndcg@20: 0.1295 ] 
2026-03-13 00:14:32,366 - Epoch 48  [recall@5: 0.1140 recall@10: 0.1715 recall@20: 0.2478 ] [ndcg@5: 0.0893 ndcg@10: 0.1089 ndcg@20: 0.1311 ] 
2026-03-13 00:14:40,465 - Epoch 51  [recall@5: 0.1150 recall@10: 0.1712 recall@20: 0.2494 ] [ndcg@5: 0.0903 ndcg@10: 0.1094 ndcg@20: 0.1322 ] 
2026-03-13 00:14:48,585 - Epoch 54  [recall@5: 0.1158 recall@10: 0.1725 recall@20: 0.2497 ] [ndcg@5: 0.0911 ndcg@10: 0.1104 ndcg@20: 0.1330 ] 
2026-03-13 00:14:56,969 - Epoch 57  [recall@5: 0.1155 recall@10: 0.1738 recall@20: 0.2506 ] [ndcg@5: 0.0912 ndcg@10: 0.1111 ndcg@20: 0.1336 ] 
2026-03-13 00:15:05,379 - Epoch 60  [recall@5: 0.1162 recall@10: 0.1736 recall@20: 0.2499 ] [ndcg@5: 0.0915 ndcg@10: 0.1110 ndcg@20: 0.1334 ] 
2026-03-13 00:15:13,350 - Epoch 63  [recall@5: 0.1164 recall@10: 0.1748 recall@20: 0.2502 ] [ndcg@5: 0.0916 ndcg@10: 0.1114 ndcg@20: 0.1336 ] 
2026-03-13 00:15:19,976 - Epoch 66  [recall@5: 0.1169 recall@10: 0.1744 recall@20: 0.2491 ] [ndcg@5: 0.0917 ndcg@10: 0.1111 ndcg@20: 0.1332 ] 
2026-03-13 00:15:26,514 - Epoch 69  [recall@5: 0.1163 recall@10: 0.1747 recall@20: 0.2493 ] [ndcg@5: 0.0913 ndcg@10: 0.1112 ndcg@20: 0.1332 ] 
2026-03-13 00:15:33,115 - Epoch 72  [recall@5: 0.1171 recall@10: 0.1746 recall@20: 0.2500 ] [ndcg@5: 0.0919 ndcg@10: 0.1114 ndcg@20: 0.1336 ] 
2026-03-13 00:15:33,860 - [recall@5: 0.1155 recall@10: 0.1738 recall@20: 0.2506 ] [ndcg@5: 0.0912 ndcg@10: 0.1111 ndcg@20: 0.1336 ] 
2026-03-13 00:15:34,627 - [recall@5: 0.1144 recall@10: 0.1718 recall@20: 0.2448 ] [ndcg@5: 0.0960 ndcg@10: 0.1171 ndcg@20: 0.1401 ] 
2026-03-13 00:15:34,651 - Save model parameters to ./checkpoint/sgl_agr/sgl_agr-digital_music-2025.pth
2026-03-13 00:15:34,653 - Best Epoch 57. Final test result: {'recall': array([0.1144354 , 0.17181465, 0.24478861]), 'ndcg': array([0.09600275, 0.11714551, 0.14005355])}.
