/root/private_data/wxy/llw/code/load_data/data_handler_general_cf.py:49: RuntimeWarning: divide by zero encountered in power
  d_inv_sqrt = np.power(degree, -0.5).reshape(-1)
{'optimizer': {'name': 'adam', 'lr': 0.001, 'weight_decay': 0}, 'train': {'epoch': 200, 'batch_size': 4096, 'save_model': True, 'loss': 'pairwise', 'test_step': 3, 'reproducible': True, 'seed': 2025, 'patience': 2}, 'test': {'metrics': ['recall', 'ndcg'], 'k': [5, 10, 20], 'batch_size': 1024}, 'data': {'type': 'general_cf', 'name': 'digital_music', 'dir': '/root/private_data/wxy/llw/code/data/digital_music', 'user_num': 5541, 'item_num': 3568}, 'model': {'name': 'lightgcn_agr', 'embedding_size': 32, 'layer_num': 3, 'keep_rate': 0.7, 'reg_weight': 5e-07, 'aug_top_k': 5, 'mask_ratio': 0.15, 'recon_weight': 0.0, 're_temperature': 0.2, 'kd_temperature': 0.2, 'prf_weight': 0.01, 'str_weight': 0.16, 'beta': 5.0, 'sigma': 0.25, 'amazon': {'layer_num': 3, 'reg_weight': 1e-07, 'prf_weight': 0.002, 'str_weight': 0.05, 'beta': 0.5, 'sigma': 0.3, 'keep_rate': 0.8}, 'yelp': {'layer_num': 3, 'reg_weight': 1e-07, 'prf_weight': 0.003, 'str_weight': 0.06, 'beta': 1.0, 'sigma': 0.25, 'keep_rate': 0.8}, 'digital_music': {'layer_num': 3, 'reg_weight': 5e-07, 'prf_weight': 0.01, 'str_weight': 0.16, 'beta': 5.0, 'sigma': 0.25, 'keep_rate': 0.7}, 'luxury_beauty': {'layer_num': 3, 'reg_weight': 1e-06, 'prf_weight': 0.002, 'str_weight': 0.05, 'beta': 1.0, 'sigma': 0.28, 'keep_rate': 0.8}, 'industrial_scientific': {'layer_num': 3, 'reg_weight': 1e-07, 'prf_weight': 0.002, 'str_weight': 0.05, 'beta': 1.0, 'sigma': 0.28, 'keep_rate': 0.8}}}
Epoch 0  [recall@5: 0.0035 recall@10: 0.0062 recall@20: 0.0122 ] [ndcg@5: 0.0025 ndcg@10: 0.0035 ndcg@20: 0.0052 ] 
Epoch 3  [recall@5: 0.0249 recall@10: 0.0372 recall@20: 0.0586 ] [ndcg@5: 0.0208 ndcg@10: 0.0249 ndcg@20: 0.0313 ] 
Epoch 6  [recall@5: 0.0338 recall@10: 0.0530 recall@20: 0.0794 ] [ndcg@5: 0.0286 ndcg@10: 0.0352 ndcg@20: 0.0432 ] 
Epoch 9  [recall@5: 0.0407 recall@10: 0.0613 recall@20: 0.0909 ] [ndcg@5: 0.0332 ndcg@10: 0.0403 ndcg@20: 0.0490 ] 
Epoch 12  [recall@5: 0.0483 recall@10: 0.0713 recall@20: 0.0995 ] [ndcg@5: 0.0389 ndcg@10: 0.0465 ndcg@20: 0.0549 ] 
Epoch 15  [recall@5: 0.0519 recall@10: 0.0732 recall@20: 0.1064 ] [ndcg@5: 0.0417 ndcg@10: 0.0491 ndcg@20: 0.0590 ] 
Epoch 18  [recall@5: 0.0543 recall@10: 0.0777 recall@20: 0.1147 ] [ndcg@5: 0.0435 ndcg@10: 0.0518 ndcg@20: 0.0627 ] 
Epoch 21  [recall@5: 0.0585 recall@10: 0.0823 recall@20: 0.1198 ] [ndcg@5: 0.0465 ndcg@10: 0.0546 ndcg@20: 0.0658 ] 
Epoch 24  [recall@5: 0.0588 recall@10: 0.0863 recall@20: 0.1242 ] [ndcg@5: 0.0471 ndcg@10: 0.0567 ndcg@20: 0.0680 ] 
Epoch 27  [recall@5: 0.0620 recall@10: 0.0883 recall@20: 0.1294 ] [ndcg@5: 0.0496 ndcg@10: 0.0586 ndcg@20: 0.0710 ] 
Epoch 30  [recall@5: 0.0637 recall@10: 0.0940 recall@20: 0.1343 ] [ndcg@5: 0.0512 ndcg@10: 0.0616 ndcg@20: 0.0738 ] 
Epoch 33  [recall@5: 0.0678 recall@10: 0.0987 recall@20: 0.1397 ] [ndcg@5: 0.0539 ndcg@10: 0.0647 ndcg@20: 0.0769 ] 
Epoch 36  [recall@5: 0.0720 recall@10: 0.1025 recall@20: 0.1468 ] [ndcg@5: 0.0570 ndcg@10: 0.0678 ndcg@20: 0.0809 ] 
Epoch 39  [recall@5: 0.0741 recall@10: 0.1065 recall@20: 0.1532 ] [ndcg@5: 0.0583 ndcg@10: 0.0696 ndcg@20: 0.0834 ] 
Epoch 42  [recall@5: 0.0775 recall@10: 0.1118 recall@20: 0.1600 ] [ndcg@5: 0.0613 ndcg@10: 0.0732 ndcg@20: 0.0874 ] 
Epoch 45  [recall@5: 0.0823 recall@10: 0.1162 recall@20: 0.1660 ] [ndcg@5: 0.0640 ndcg@10: 0.0759 ndcg@20: 0.0905 ] 
Epoch 48  [recall@5: 0.0851 recall@10: 0.1212 recall@20: 0.1726 ] [ndcg@5: 0.0658 ndcg@10: 0.0784 ndcg@20: 0.0936 ] 
Epoch 51  [recall@5: 0.0859 recall@10: 0.1241 recall@20: 0.1808 ] [ndcg@5: 0.0670 ndcg@10: 0.0805 ndcg@20: 0.0971 ] 
Epoch 54  [recall@5: 0.0871 recall@10: 0.1277 recall@20: 0.1870 ] [ndcg@5: 0.0680 ndcg@10: 0.0822 ndcg@20: 0.0996 ] 
Epoch 57  [recall@5: 0.0884 recall@10: 0.1316 recall@20: 0.1936 ] [ndcg@5: 0.0692 ndcg@10: 0.0841 ndcg@20: 0.1022 ] 
Epoch 60  [recall@5: 0.0906 recall@10: 0.1352 recall@20: 0.2007 ] [ndcg@5: 0.0707 ndcg@10: 0.0860 ndcg@20: 0.1052 ] 
Epoch 63  [recall@5: 0.0909 recall@10: 0.1397 recall@20: 0.2055 ] [ndcg@5: 0.0717 ndcg@10: 0.0884 ndcg@20: 0.1076 ] 
Epoch 66  [recall@5: 0.0931 recall@10: 0.1436 recall@20: 0.2101 ] [ndcg@5: 0.0734 ndcg@10: 0.0907 ndcg@20: 0.1103 ] 
Epoch 69  [recall@5: 0.0955 recall@10: 0.1482 recall@20: 0.2145 ] [ndcg@5: 0.0754 ndcg@10: 0.0934 ndcg@20: 0.1129 ] 
Epoch 72  [recall@5: 0.0978 recall@10: 0.1512 recall@20: 0.2210 ] [ndcg@5: 0.0772 ndcg@10: 0.0956 ndcg@20: 0.1161 ] 
Epoch 75  [recall@5: 0.0981 recall@10: 0.1533 recall@20: 0.2236 ] [ndcg@5: 0.0783 ndcg@10: 0.0975 ndcg@20: 0.1181 ] 
Epoch 78  [recall@5: 0.1000 recall@10: 0.1568 recall@20: 0.2270 ] [ndcg@5: 0.0797 ndcg@10: 0.0996 ndcg@20: 0.1201 ] 
Epoch 81  [recall@5: 0.1037 recall@10: 0.1595 recall@20: 0.2318 ] [ndcg@5: 0.0817 ndcg@10: 0.1011 ndcg@20: 0.1223 ] 
Epoch 84  [recall@5: 0.1046 recall@10: 0.1629 recall@20: 0.2352 ] [ndcg@5: 0.0823 ndcg@10: 0.1023 ndcg@20: 0.1236 ] 
Epoch 87  [recall@5: 0.1056 recall@10: 0.1648 recall@20: 0.2352 ] [ndcg@5: 0.0832 ndcg@10: 0.1037 ndcg@20: 0.1245 ] 
Epoch 90  [recall@5: 0.1069 recall@10: 0.1667 recall@20: 0.2368 ] [ndcg@5: 0.0845 ndcg@10: 0.1051 ndcg@20: 0.1259 ] 
Epoch 93  [recall@5: 0.1078 recall@10: 0.1683 recall@20: 0.2394 ] [ndcg@5: 0.0848 ndcg@10: 0.1058 ndcg@20: 0.1266 ] 
Epoch 96  [recall@5: 0.1091 recall@10: 0.1691 recall@20: 0.2396 ] [ndcg@5: 0.0860 ndcg@10: 0.1069 ndcg@20: 0.1275 ] 
Epoch 99  [recall@5: 0.1112 recall@10: 0.1700 recall@20: 0.2423 ] [ndcg@5: 0.0871 ndcg@10: 0.1074 ndcg@20: 0.1284 ] 
Epoch 102  [recall@5: 0.1113 recall@10: 0.1703 recall@20: 0.2417 ] [ndcg@5: 0.0877 ndcg@10: 0.1080 ndcg@20: 0.1290 ] 
Epoch 105  [recall@5: 0.1122 recall@10: 0.1710 recall@20: 0.2427 ] [ndcg@5: 0.0878 ndcg@10: 0.1081 ndcg@20: 0.1291 ] 
Epoch 108  [recall@5: 0.1131 recall@10: 0.1705 recall@20: 0.2413 ] [ndcg@5: 0.0882 ndcg@10: 0.1081 ndcg@20: 0.1290 ] 
Epoch 111  [recall@5: 0.1146 recall@10: 0.1695 recall@20: 0.2398 ] [ndcg@5: 0.0891 ndcg@10: 0.1082 ndcg@20: 0.1289 ] 
[recall@5: 0.1122 recall@10: 0.1710 recall@20: 0.2427 ] [ndcg@5: 0.0878 ndcg@10: 0.1081 ndcg@20: 0.1291 ] 
[recall@5: 0.1168 recall@10: 0.1715 recall@20: 0.2388 ] [ndcg@5: 0.0979 ndcg@10: 0.1179 ndcg@20: 0.1391 ] 
Save model parameters to ./checkpoint/lightgcn_agr/lightgcn_agr-digital_music-2025-friend_params.pth
Best Epoch 105. Final test result: {'recall': array([0.11682155, 0.17147462, 0.2388494 ]), 'ndcg': array([0.09790791, 0.11794643, 0.13908974])}.
/root/private_data/wxy/llw/code/load_data/data_handler_general_cf.py:49: RuntimeWarning: divide by zero encountered in power
  d_inv_sqrt = np.power(degree, -0.5).reshape(-1)
/root/private_data/wxy/llw/code/attack/MIA.py:340: FutureWarning: You are using `torch.load` with `weights_only=False` (the current default value), which uses the default pickle module implicitly. It is possible to construct malicious pickle data which will execute arbitrary code during unpickling (See https://github.com/pytorch/pytorch/blob/main/SECURITY.md#untrusted-models for more details). In a future release, the default value for `weights_only` will be flipped to `True`. This limits the functions that could be executed during unpickling. Arbitrary objects will no longer be allowed to be loaded via this mode unless they are explicitly allowlisted by the user via `torch.serialization.add_safe_globals`. We recommend you start setting `weights_only=True` for any use case where you don't have full control of the loaded file. Please open an issue on GitHub for any issues related to this experimental feature.
  state = torch.load(ckpt, map_location=configs['device'])
==== Membership Inference Attack ====
Model    : lightgcn_agr
Dataset  : digital_music
Device   : cuda
Attacker : lr
Checkpoint: checkpoint/lightgcn_agr/lightgcn_agr-digital_music-2025-friend_params.pth
Members     : 37045
Non-members : 50000 (mixed)

==== Attack Result ====
auc       : 0.9400
acc       : 0.8588
precision : 0.7868
recall    : 0.9166
f1        : 0.8467
train_size: 60931
test_size : 26114
attacker_backend: sklearn

Risk: Very high privacy leakage risk

Appended metrics to results/phase11_friend.jsonl
[run_experiment] TRAIN: /usr/bin/python3 main.py --model lightgcn_agr --dataset digital_music --seed 2025 --cuda 0 --tag friend_params --prf_weight 0.01 --str_weight 0.16 --beta 5.0 --sigma 0.25 --reg_weight 5e-07 --keep_rate 0.7 --aug_top_k 5 --epoch 200 --patience 2
[run_experiment] train done in 5456.5s
[run_experiment] MIA: /usr/bin/python3 -m attack.MIA --model lightgcn_agr --dataset digital_music --seed 2025 --cuda 0 --checkpoint_path checkpoint/lightgcn_agr/lightgcn_agr-digital_music-2025-friend_params.pth --out_json results/phase11_friend.jsonl --attacker lr --tag friend_params --prf_weight 0.01 --str_weight 0.16 --beta 5.0 --sigma 0.25 --reg_weight 5e-07 --keep_rate 0.7 --aug_top_k 5 --epoch 200 --patience 2
[run_experiment] MIA done in 60.4s
[run_experiment] OK lightgcn_agr/digital_music/friend_params
