2026-05-10 02:19:39,604 - {'optimizer': {'name': 'adam', 'lr': 0.001, 'weight_decay': 0}, 'train': {'epoch': 100, 'batch_size': 4096, 'save_model': True, 'loss': 'pairwise', 'test_step': 3, 'reproducible': True, 'seed': 233, 'patience': 5}, 'test': {'metrics': ['recall', 'ndcg'], 'k': [5, 10, 20], 'batch_size': 1024}, 'data': {'type': 'general_cf', 'name': 'digital_music', 'user_num': 5541, 'item_num': 3568}, 'model': {'name': 'lightgcn_agr', 'embedding_size': 32, 'edge_bias': 0.5, 'keep_rate': 0.9, 'mask_ratio': 0.15, 'recon_weight': 0.2, 're_temperature': 0.2, 'layer_num': 3, 'reg_weight': 5e-06, 'prf_weight': 0.1, 'kd_weight': 0.01, 'kd_temperature': 0.2, 'str_weight': 1.0, 'beta': 5.0, 'sigma': 0.25, 'alpha': 0.3, 'movie': {'layer_num': 3, 'reg_weight': 1e-07, 'kd_weight': 0.01, 'kd_temperature': 0.2, 'prf_weight': 0.02, 'str_weight': 1.2, 'beta': 3.5, 'sigma': 0.3, 'alpha': 0.15, 'keep_rate': 0.8}, 'amazon': {'layer_num': 3, 'reg_weight': 5e-07, 'kd_weight': 0.01, 'kd_temperature': 0.2, 'prf_weight': 0.03, 'str_weight': 1.5, 'beta': 4.0, 'sigma': 0.25, 'alpha': 0.2, 'keep_rate': 0.8}, 'steam': {'layer_num': 3, 'reg_weight': 1e-08, 'kd_weight': 0.001, 'kd_temperature': 0.1, 'prf_weight': 0.01, 'str_weight': 1.0, 'beta': 2.5, 'sigma': 0.2, 'alpha': 0.08, 'keep_rate': 0.8}, 'yelp': {'layer_num': 3, 'reg_weight': 1e-06, 'kd_weight': 0.001, 'kd_temperature': 0.2, 'prf_weight': 0.025, 'str_weight': 1.3, 'beta': 4.0, 'sigma': 0.28, 'alpha': 0.18, 'keep_rate': 0.8}}}
2026-05-10 02:19:46,802 - Epoch 0  [recall@5: 0.0195 recall@10: 0.0335 recall@20: 0.0526 ] [ndcg@5: 0.0155 ndcg@10: 0.0206 ndcg@20: 0.0260 ] 
2026-05-10 02:19:56,004 - Epoch 3  [recall@5: 0.0620 recall@10: 0.0913 recall@20: 0.1345 ] [ndcg@5: 0.0476 ndcg@10: 0.0580 ndcg@20: 0.0708 ] 
2026-05-10 02:20:05,272 - Epoch 6  [recall@5: 0.0681 recall@10: 0.1027 recall@20: 0.1448 ] [ndcg@5: 0.0535 ndcg@10: 0.0657 ndcg@20: 0.0781 ] 
2026-05-10 02:20:14,546 - Epoch 9  [recall@5: 0.0734 recall@10: 0.1086 recall@20: 0.1565 ] [ndcg@5: 0.0568 ndcg@10: 0.0692 ndcg@20: 0.0831 ] 
2026-05-10 02:20:23,874 - Epoch 12  [recall@5: 0.0786 recall@10: 0.1166 recall@20: 0.1665 ] [ndcg@5: 0.0605 ndcg@10: 0.0736 ndcg@20: 0.0881 ] 
2026-05-10 02:20:33,246 - Epoch 15  [recall@5: 0.0805 recall@10: 0.1221 recall@20: 0.1743 ] [ndcg@5: 0.0613 ndcg@10: 0.0757 ndcg@20: 0.0909 ] 
2026-05-10 02:20:42,533 - Epoch 18  [recall@5: 0.0812 recall@10: 0.1235 recall@20: 0.1806 ] [ndcg@5: 0.0618 ndcg@10: 0.0763 ndcg@20: 0.0928 ] 
2026-05-10 02:20:51,576 - Epoch 21  [recall@5: 0.0808 recall@10: 0.1238 recall@20: 0.1852 ] [ndcg@5: 0.0610 ndcg@10: 0.0759 ndcg@20: 0.0937 ] 
2026-05-10 02:21:00,826 - Epoch 24  [recall@5: 0.0778 recall@10: 0.1242 recall@20: 0.1844 ] [ndcg@5: 0.0591 ndcg@10: 0.0753 ndcg@20: 0.0927 ] 
2026-05-10 02:21:10,306 - Epoch 27  [recall@5: 0.0764 recall@10: 0.1234 recall@20: 0.1846 ] [ndcg@5: 0.0587 ndcg@10: 0.0751 ndcg@20: 0.0930 ] 
2026-05-10 02:21:19,601 - Epoch 30  [recall@5: 0.0770 recall@10: 0.1237 recall@20: 0.1831 ] [ndcg@5: 0.0583 ndcg@10: 0.0746 ndcg@20: 0.0921 ] 
2026-05-10 02:21:29,154 - Epoch 33  [recall@5: 0.0771 recall@10: 0.1251 recall@20: 0.1827 ] [ndcg@5: 0.0584 ndcg@10: 0.0751 ndcg@20: 0.0920 ] 
2026-05-10 02:21:38,339 - Epoch 36  [recall@5: 0.0784 recall@10: 0.1264 recall@20: 0.1875 ] [ndcg@5: 0.0601 ndcg@10: 0.0768 ndcg@20: 0.0947 ] 
2026-05-10 02:21:47,914 - Epoch 39  [recall@5: 0.0809 recall@10: 0.1296 recall@20: 0.1916 ] [ndcg@5: 0.0623 ndcg@10: 0.0793 ndcg@20: 0.0974 ] 
2026-05-10 02:21:57,358 - Epoch 42  [recall@5: 0.0860 recall@10: 0.1326 recall@20: 0.1985 ] [ndcg@5: 0.0655 ndcg@10: 0.0818 ndcg@20: 0.1009 ] 
2026-05-10 02:22:06,917 - Epoch 45  [recall@5: 0.0887 recall@10: 0.1371 recall@20: 0.2033 ] [ndcg@5: 0.0677 ndcg@10: 0.0845 ndcg@20: 0.1040 ] 
2026-05-10 02:22:16,335 - Epoch 48  [recall@5: 0.0918 recall@10: 0.1417 recall@20: 0.2081 ] [ndcg@5: 0.0700 ndcg@10: 0.0874 ndcg@20: 0.1070 ] 
2026-05-10 02:22:25,652 - Epoch 51  [recall@5: 0.0946 recall@10: 0.1456 recall@20: 0.2141 ] [ndcg@5: 0.0723 ndcg@10: 0.0899 ndcg@20: 0.1100 ] 
2026-05-10 02:22:34,927 - Epoch 54  [recall@5: 0.0968 recall@10: 0.1486 recall@20: 0.2207 ] [ndcg@5: 0.0743 ndcg@10: 0.0922 ndcg@20: 0.1134 ] 
2026-05-10 02:22:44,164 - Epoch 57  [recall@5: 0.0998 recall@10: 0.1510 recall@20: 0.2242 ] [ndcg@5: 0.0764 ndcg@10: 0.0942 ndcg@20: 0.1157 ] 
2026-05-10 02:22:53,478 - Epoch 60  [recall@5: 0.1019 recall@10: 0.1538 recall@20: 0.2299 ] [ndcg@5: 0.0776 ndcg@10: 0.0957 ndcg@20: 0.1179 ] 
2026-05-10 02:23:03,001 - Epoch 63  [recall@5: 0.1030 recall@10: 0.1562 recall@20: 0.2339 ] [ndcg@5: 0.0791 ndcg@10: 0.0975 ndcg@20: 0.1203 ] 
2026-05-10 02:23:12,249 - Epoch 66  [recall@5: 0.1030 recall@10: 0.1612 recall@20: 0.2361 ] [ndcg@5: 0.0796 ndcg@10: 0.1000 ndcg@20: 0.1219 ] 
2026-05-10 02:23:21,897 - Epoch 69  [recall@5: 0.1051 recall@10: 0.1625 recall@20: 0.2422 ] [ndcg@5: 0.0812 ndcg@10: 0.1014 ndcg@20: 0.1245 ] 
2026-05-10 02:23:31,343 - Epoch 72  [recall@5: 0.1070 recall@10: 0.1661 recall@20: 0.2450 ] [ndcg@5: 0.0826 ndcg@10: 0.1033 ndcg@20: 0.1262 ] 
2026-05-10 02:23:40,553 - Epoch 75  [recall@5: 0.1085 recall@10: 0.1665 recall@20: 0.2472 ] [ndcg@5: 0.0835 ndcg@10: 0.1038 ndcg@20: 0.1273 ] 
2026-05-10 02:23:50,048 - Epoch 78  [recall@5: 0.1096 recall@10: 0.1685 recall@20: 0.2495 ] [ndcg@5: 0.0843 ndcg@10: 0.1049 ndcg@20: 0.1285 ] 
2026-05-10 02:23:59,360 - Epoch 81  [recall@5: 0.1106 recall@10: 0.1710 recall@20: 0.2518 ] [ndcg@5: 0.0850 ndcg@10: 0.1060 ndcg@20: 0.1295 ] 
2026-05-10 02:24:08,932 - Epoch 84  [recall@5: 0.1111 recall@10: 0.1723 recall@20: 0.2550 ] [ndcg@5: 0.0857 ndcg@10: 0.1069 ndcg@20: 0.1310 ] 
2026-05-10 02:24:18,035 - Epoch 87  [recall@5: 0.1129 recall@10: 0.1746 recall@20: 0.2577 ] [ndcg@5: 0.0863 ndcg@10: 0.1076 ndcg@20: 0.1318 ] 
2026-05-10 02:24:27,648 - Epoch 90  [recall@5: 0.1129 recall@10: 0.1765 recall@20: 0.2599 ] [ndcg@5: 0.0868 ndcg@10: 0.1089 ndcg@20: 0.1331 ] 
2026-05-10 02:24:37,028 - Epoch 93  [recall@5: 0.1137 recall@10: 0.1768 recall@20: 0.2601 ] [ndcg@5: 0.0873 ndcg@10: 0.1092 ndcg@20: 0.1334 ] 
2026-05-10 02:24:46,236 - Epoch 96  [recall@5: 0.1150 recall@10: 0.1791 recall@20: 0.2612 ] [ndcg@5: 0.0884 ndcg@10: 0.1105 ndcg@20: 0.1345 ] 
2026-05-10 02:24:53,650 - Epoch 99  [recall@5: 0.1159 recall@10: 0.1794 recall@20: 0.2630 ] [ndcg@5: 0.0895 ndcg@10: 0.1114 ndcg@20: 0.1358 ] 
2026-05-10 02:24:54,405 - [recall@5: 0.1159 recall@10: 0.1794 recall@20: 0.2630 ] [ndcg@5: 0.0895 ndcg@10: 0.1114 ndcg@20: 0.1358 ] 
2026-05-10 02:24:55,189 - [recall@5: 0.1201 recall@10: 0.1852 recall@20: 0.2597 ] [ndcg@5: 0.1004 ndcg@10: 0.1241 ndcg@20: 0.1471 ] 
2026-05-10 02:24:55,209 - Save model parameters to ./checkpoint/lightgcn_agr/lightgcn_agr-digital_music-233-20260510_021934_autotune_digital_digital_music_s06_alpha_0p3.pth
2026-05-10 02:24:55,209 - Save run metadata to ./checkpoint/lightgcn_agr/lightgcn_agr-digital_music-233-20260510_021934_autotune_digital_digital_music_s06_alpha_0p3.json
2026-05-10 02:24:55,210 - Best Epoch 99. Final test result: {'recall': array([0.12013708, 0.18523336, 0.25970224]), 'ndcg': array([0.10039398, 0.12406798, 0.14706054])}.
