2026-05-10 00:37:26,905 - {'optimizer': {'name': 'adam', 'lr': 0.001, 'weight_decay': 0}, 'train': {'epoch': 100, 'batch_size': 4096, 'save_model': True, 'loss': 'pairwise', 'test_step': 3, 'reproducible': True, 'seed': 2026, 'patience': 5}, 'test': {'metrics': ['recall', 'ndcg'], 'k': [5, 10, 20], 'batch_size': 1024}, 'data': {'type': 'general_cf', 'name': 'digital_music', 'user_num': 5541, 'item_num': 3568}, 'model': {'name': 'lightgcn_agr', 'embedding_size': 32, 'edge_bias': 0.5, 'keep_rate': 0.8, 'mask_ratio': 0.15, 'recon_weight': 0.2, 're_temperature': 0.2, 'layer_num': 3, 'reg_weight': 1e-06, 'prf_weight': 0.02, 'kd_weight': 0.01, 'kd_temperature': 0.2, 'str_weight': 1.0, 'beta': 5.0, 'sigma': 0.25, 'alpha': 0.1, 'movie': {'layer_num': 3, 'reg_weight': 1e-07, 'kd_weight': 0.01, 'kd_temperature': 0.2, 'prf_weight': 0.02, 'str_weight': 1.2, 'beta': 3.5, 'sigma': 0.3, 'alpha': 0.15, 'keep_rate': 0.8}, 'amazon': {'layer_num': 3, 'reg_weight': 5e-07, 'kd_weight': 0.01, 'kd_temperature': 0.2, 'prf_weight': 0.03, 'str_weight': 1.5, 'beta': 4.0, 'sigma': 0.25, 'alpha': 0.2, 'keep_rate': 0.8}, 'steam': {'layer_num': 3, 'reg_weight': 1e-08, 'kd_weight': 0.001, 'kd_temperature': 0.1, 'prf_weight': 0.01, 'str_weight': 1.0, 'beta': 2.5, 'sigma': 0.2, 'alpha': 0.08, 'keep_rate': 0.8}, 'yelp': {'layer_num': 3, 'reg_weight': 1e-06, 'kd_weight': 0.001, 'kd_temperature': 0.2, 'prf_weight': 0.025, 'str_weight': 1.3, 'beta': 4.0, 'sigma': 0.28, 'alpha': 0.18, 'keep_rate': 0.8}}}
2026-05-10 00:37:34,341 - Epoch 0  [recall@5: 0.0132 recall@10: 0.0230 recall@20: 0.0366 ] [ndcg@5: 0.0108 ndcg@10: 0.0142 ndcg@20: 0.0181 ] 
2026-05-10 00:37:43,496 - Epoch 3  [recall@5: 0.0661 recall@10: 0.1016 recall@20: 0.1490 ] [ndcg@5: 0.0529 ndcg@10: 0.0649 ndcg@20: 0.0790 ] 
2026-05-10 00:37:50,752 - Epoch 6  [recall@5: 0.0756 recall@10: 0.1178 recall@20: 0.1828 ] [ndcg@5: 0.0601 ndcg@10: 0.0747 ndcg@20: 0.0937 ] 
2026-05-10 00:37:56,926 - Epoch 9  [recall@5: 0.0764 recall@10: 0.1203 recall@20: 0.1905 ] [ndcg@5: 0.0603 ndcg@10: 0.0754 ndcg@20: 0.0960 ] 
2026-05-10 00:38:05,307 - Epoch 12  [recall@5: 0.0770 recall@10: 0.1222 recall@20: 0.1929 ] [ndcg@5: 0.0602 ndcg@10: 0.0758 ndcg@20: 0.0963 ] 
2026-05-10 00:38:14,671 - Epoch 15  [recall@5: 0.0782 recall@10: 0.1208 recall@20: 0.1953 ] [ndcg@5: 0.0607 ndcg@10: 0.0755 ndcg@20: 0.0972 ] 
2026-05-10 00:38:23,845 - Epoch 18  [recall@5: 0.0793 recall@10: 0.1270 recall@20: 0.2001 ] [ndcg@5: 0.0619 ndcg@10: 0.0784 ndcg@20: 0.0995 ] 
2026-05-10 00:38:33,252 - Epoch 21  [recall@5: 0.0804 recall@10: 0.1292 recall@20: 0.2038 ] [ndcg@5: 0.0632 ndcg@10: 0.0802 ndcg@20: 0.1019 ] 
2026-05-10 00:38:42,648 - Epoch 24  [recall@5: 0.0832 recall@10: 0.1322 recall@20: 0.2080 ] [ndcg@5: 0.0650 ndcg@10: 0.0821 ndcg@20: 0.1042 ] 
2026-05-10 00:38:52,068 - Epoch 27  [recall@5: 0.0859 recall@10: 0.1352 recall@20: 0.2114 ] [ndcg@5: 0.0667 ndcg@10: 0.0838 ndcg@20: 0.1062 ] 
2026-05-10 00:39:01,525 - Epoch 30  [recall@5: 0.0872 recall@10: 0.1398 recall@20: 0.2164 ] [ndcg@5: 0.0675 ndcg@10: 0.0858 ndcg@20: 0.1082 ] 
2026-05-10 00:39:10,463 - Epoch 33  [recall@5: 0.0895 recall@10: 0.1438 recall@20: 0.2195 ] [ndcg@5: 0.0688 ndcg@10: 0.0876 ndcg@20: 0.1097 ] 
2026-05-10 00:39:19,959 - Epoch 36  [recall@5: 0.0909 recall@10: 0.1469 recall@20: 0.2234 ] [ndcg@5: 0.0697 ndcg@10: 0.0890 ndcg@20: 0.1115 ] 
2026-05-10 00:39:29,503 - Epoch 39  [recall@5: 0.0925 recall@10: 0.1490 recall@20: 0.2243 ] [ndcg@5: 0.0706 ndcg@10: 0.0902 ndcg@20: 0.1125 ] 
2026-05-10 00:39:38,755 - Epoch 42  [recall@5: 0.0938 recall@10: 0.1490 recall@20: 0.2274 ] [ndcg@5: 0.0714 ndcg@10: 0.0905 ndcg@20: 0.1136 ] 
2026-05-10 00:39:48,187 - Epoch 45  [recall@5: 0.0939 recall@10: 0.1520 recall@20: 0.2290 ] [ndcg@5: 0.0719 ndcg@10: 0.0919 ndcg@20: 0.1145 ] 
2026-05-10 00:39:57,539 - Epoch 48  [recall@5: 0.0947 recall@10: 0.1524 recall@20: 0.2299 ] [ndcg@5: 0.0726 ndcg@10: 0.0925 ndcg@20: 0.1152 ] 
2026-05-10 00:40:07,067 - Epoch 51  [recall@5: 0.0959 recall@10: 0.1543 recall@20: 0.2318 ] [ndcg@5: 0.0738 ndcg@10: 0.0938 ndcg@20: 0.1165 ] 
2026-05-10 00:40:16,277 - Epoch 54  [recall@5: 0.0973 recall@10: 0.1547 recall@20: 0.2332 ] [ndcg@5: 0.0745 ndcg@10: 0.0943 ndcg@20: 0.1173 ] 
2026-05-10 00:40:25,588 - Epoch 57  [recall@5: 0.0967 recall@10: 0.1572 recall@20: 0.2340 ] [ndcg@5: 0.0744 ndcg@10: 0.0953 ndcg@20: 0.1179 ] 
2026-05-10 00:40:34,791 - Epoch 60  [recall@5: 0.0975 recall@10: 0.1574 recall@20: 0.2366 ] [ndcg@5: 0.0750 ndcg@10: 0.0957 ndcg@20: 0.1189 ] 
2026-05-10 00:40:43,880 - Epoch 63  [recall@5: 0.0992 recall@10: 0.1599 recall@20: 0.2379 ] [ndcg@5: 0.0758 ndcg@10: 0.0967 ndcg@20: 0.1196 ] 
2026-05-10 00:40:53,197 - Epoch 66  [recall@5: 0.0998 recall@10: 0.1608 recall@20: 0.2387 ] [ndcg@5: 0.0765 ndcg@10: 0.0977 ndcg@20: 0.1205 ] 
2026-05-10 00:41:02,551 - Epoch 69  [recall@5: 0.1004 recall@10: 0.1619 recall@20: 0.2399 ] [ndcg@5: 0.0776 ndcg@10: 0.0989 ndcg@20: 0.1218 ] 
2026-05-10 00:41:11,871 - Epoch 72  [recall@5: 0.1014 recall@10: 0.1618 recall@20: 0.2405 ] [ndcg@5: 0.0781 ndcg@10: 0.0991 ndcg@20: 0.1222 ] 
2026-05-10 00:41:21,011 - Epoch 75  [recall@5: 0.1008 recall@10: 0.1644 recall@20: 0.2418 ] [ndcg@5: 0.0782 ndcg@10: 0.1003 ndcg@20: 0.1229 ] 
2026-05-10 00:41:30,172 - Epoch 78  [recall@5: 0.1016 recall@10: 0.1648 recall@20: 0.2420 ] [ndcg@5: 0.0789 ndcg@10: 0.1008 ndcg@20: 0.1233 ] 
2026-05-10 00:41:39,505 - Epoch 81  [recall@5: 0.1018 recall@10: 0.1652 recall@20: 0.2438 ] [ndcg@5: 0.0791 ndcg@10: 0.1012 ndcg@20: 0.1241 ] 
2026-05-10 00:41:48,676 - Epoch 84  [recall@5: 0.1030 recall@10: 0.1651 recall@20: 0.2450 ] [ndcg@5: 0.0798 ndcg@10: 0.1015 ndcg@20: 0.1247 ] 
2026-05-10 00:41:57,920 - Epoch 87  [recall@5: 0.1032 recall@10: 0.1659 recall@20: 0.2459 ] [ndcg@5: 0.0796 ndcg@10: 0.1015 ndcg@20: 0.1248 ] 
2026-05-10 00:42:07,074 - Epoch 90  [recall@5: 0.1042 recall@10: 0.1662 recall@20: 0.2477 ] [ndcg@5: 0.0806 ndcg@10: 0.1022 ndcg@20: 0.1259 ] 
2026-05-10 00:42:16,115 - Epoch 93  [recall@5: 0.1036 recall@10: 0.1664 recall@20: 0.2491 ] [ndcg@5: 0.0804 ndcg@10: 0.1023 ndcg@20: 0.1263 ] 
2026-05-10 00:42:25,480 - Epoch 96  [recall@5: 0.1045 recall@10: 0.1664 recall@20: 0.2509 ] [ndcg@5: 0.0808 ndcg@10: 0.1023 ndcg@20: 0.1268 ] 
2026-05-10 00:42:35,058 - Epoch 99  [recall@5: 0.1052 recall@10: 0.1664 recall@20: 0.2510 ] [ndcg@5: 0.0812 ndcg@10: 0.1026 ndcg@20: 0.1271 ] 
2026-05-10 00:42:36,091 - [recall@5: 0.1052 recall@10: 0.1664 recall@20: 0.2510 ] [ndcg@5: 0.0812 ndcg@10: 0.1026 ndcg@20: 0.1271 ] 
2026-05-10 00:42:37,022 - [recall@5: 0.1128 recall@10: 0.1708 recall@20: 0.2489 ] [ndcg@5: 0.0948 ndcg@10: 0.1159 ndcg@20: 0.1402 ] 
2026-05-10 00:42:37,034 - Save model parameters to ./checkpoint/lightgcn_agr/lightgcn_agr-digital_music-2026-20260510_003721_autotune_digital_digital_music_s01_reg_weight_1em06.pth
2026-05-10 00:42:37,034 - Save run metadata to ./checkpoint/lightgcn_agr/lightgcn_agr-digital_music-2026-20260510_003721_autotune_digital_digital_music_s01_reg_weight_1em06.json
2026-05-10 00:42:37,035 - Best Epoch 99. Final test result: {'recall': array([0.11277722, 0.17077231, 0.24890613]), 'ndcg': array([0.09478509, 0.11592273, 0.14020904])}.
