2026-05-10 00:54:03,956 - {'optimizer': {'name': 'adam', 'lr': 0.001, 'weight_decay': 0}, 'train': {'epoch': 100, 'batch_size': 4096, 'save_model': True, 'loss': 'pairwise', 'test_step': 3, 'reproducible': True, 'seed': 233, 'patience': 5}, 'test': {'metrics': ['recall', 'ndcg'], 'k': [5, 10, 20], 'batch_size': 1024}, 'data': {'type': 'general_cf', 'name': 'digital_music', 'user_num': 5541, 'item_num': 3568}, 'model': {'name': 'lightgcn_agr', 'embedding_size': 32, 'edge_bias': 0.5, 'keep_rate': 0.8, 'mask_ratio': 0.15, 'recon_weight': 0.2, 're_temperature': 0.2, 'layer_num': 3, 'reg_weight': 1e-05, 'prf_weight': 0.02, 'kd_weight': 0.01, 'kd_temperature': 0.2, 'str_weight': 1.0, 'beta': 5.0, 'sigma': 0.25, 'alpha': 0.1, 'movie': {'layer_num': 3, 'reg_weight': 1e-07, 'kd_weight': 0.01, 'kd_temperature': 0.2, 'prf_weight': 0.02, 'str_weight': 1.2, 'beta': 3.5, 'sigma': 0.3, 'alpha': 0.15, 'keep_rate': 0.8}, 'amazon': {'layer_num': 3, 'reg_weight': 5e-07, 'kd_weight': 0.01, 'kd_temperature': 0.2, 'prf_weight': 0.03, 'str_weight': 1.5, 'beta': 4.0, 'sigma': 0.25, 'alpha': 0.2, 'keep_rate': 0.8}, 'steam': {'layer_num': 3, 'reg_weight': 1e-08, 'kd_weight': 0.001, 'kd_temperature': 0.1, 'prf_weight': 0.01, 'str_weight': 1.0, 'beta': 2.5, 'sigma': 0.2, 'alpha': 0.08, 'keep_rate': 0.8}, 'yelp': {'layer_num': 3, 'reg_weight': 1e-06, 'kd_weight': 0.001, 'kd_temperature': 0.2, 'prf_weight': 0.025, 'str_weight': 1.3, 'beta': 4.0, 'sigma': 0.28, 'alpha': 0.18, 'keep_rate': 0.8}}}
2026-05-10 00:54:11,238 - Epoch 0  [recall@5: 0.0132 recall@10: 0.0230 recall@20: 0.0366 ] [ndcg@5: 0.0108 ndcg@10: 0.0142 ndcg@20: 0.0181 ] 
2026-05-10 00:54:21,413 - Epoch 3  [recall@5: 0.0662 recall@10: 0.1016 recall@20: 0.1490 ] [ndcg@5: 0.0530 ndcg@10: 0.0650 ndcg@20: 0.0790 ] 
2026-05-10 00:54:31,680 - Epoch 6  [recall@5: 0.0756 recall@10: 0.1178 recall@20: 0.1828 ] [ndcg@5: 0.0601 ndcg@10: 0.0747 ndcg@20: 0.0937 ] 
2026-05-10 00:54:42,000 - Epoch 9  [recall@5: 0.0766 recall@10: 0.1203 recall@20: 0.1907 ] [ndcg@5: 0.0604 ndcg@10: 0.0754 ndcg@20: 0.0961 ] 
2026-05-10 00:54:52,258 - Epoch 12  [recall@5: 0.0769 recall@10: 0.1224 recall@20: 0.1928 ] [ndcg@5: 0.0601 ndcg@10: 0.0758 ndcg@20: 0.0963 ] 
2026-05-10 00:55:02,508 - Epoch 15  [recall@5: 0.0784 recall@10: 0.1208 recall@20: 0.1955 ] [ndcg@5: 0.0607 ndcg@10: 0.0755 ndcg@20: 0.0972 ] 
2026-05-10 00:55:12,378 - Epoch 18  [recall@5: 0.0793 recall@10: 0.1271 recall@20: 0.1999 ] [ndcg@5: 0.0619 ndcg@10: 0.0784 ndcg@20: 0.0994 ] 
2026-05-10 00:55:22,377 - Epoch 21  [recall@5: 0.0805 recall@10: 0.1292 recall@20: 0.2039 ] [ndcg@5: 0.0633 ndcg@10: 0.0802 ndcg@20: 0.1020 ] 
2026-05-10 00:55:32,757 - Epoch 24  [recall@5: 0.0833 recall@10: 0.1322 recall@20: 0.2078 ] [ndcg@5: 0.0651 ndcg@10: 0.0821 ndcg@20: 0.1043 ] 
2026-05-10 00:55:43,075 - Epoch 27  [recall@5: 0.0859 recall@10: 0.1350 recall@20: 0.2114 ] [ndcg@5: 0.0667 ndcg@10: 0.0837 ndcg@20: 0.1062 ] 
2026-05-10 00:55:53,414 - Epoch 30  [recall@5: 0.0874 recall@10: 0.1396 recall@20: 0.2164 ] [ndcg@5: 0.0677 ndcg@10: 0.0858 ndcg@20: 0.1083 ] 
2026-05-10 00:56:03,376 - Epoch 33  [recall@5: 0.0895 recall@10: 0.1437 recall@20: 0.2194 ] [ndcg@5: 0.0688 ndcg@10: 0.0876 ndcg@20: 0.1097 ] 
2026-05-10 00:56:13,537 - Epoch 36  [recall@5: 0.0909 recall@10: 0.1469 recall@20: 0.2234 ] [ndcg@5: 0.0697 ndcg@10: 0.0890 ndcg@20: 0.1115 ] 
2026-05-10 00:56:23,946 - Epoch 39  [recall@5: 0.0923 recall@10: 0.1490 recall@20: 0.2244 ] [ndcg@5: 0.0706 ndcg@10: 0.0902 ndcg@20: 0.1125 ] 
2026-05-10 00:56:34,509 - Epoch 42  [recall@5: 0.0937 recall@10: 0.1490 recall@20: 0.2273 ] [ndcg@5: 0.0714 ndcg@10: 0.0906 ndcg@20: 0.1136 ] 
2026-05-10 00:56:44,996 - Epoch 45  [recall@5: 0.0938 recall@10: 0.1520 recall@20: 0.2290 ] [ndcg@5: 0.0719 ndcg@10: 0.0919 ndcg@20: 0.1145 ] 
2026-05-10 00:56:54,984 - Epoch 48  [recall@5: 0.0947 recall@10: 0.1523 recall@20: 0.2301 ] [ndcg@5: 0.0725 ndcg@10: 0.0924 ndcg@20: 0.1152 ] 
2026-05-10 00:57:05,005 - Epoch 51  [recall@5: 0.0962 recall@10: 0.1543 recall@20: 0.2316 ] [ndcg@5: 0.0739 ndcg@10: 0.0938 ndcg@20: 0.1165 ] 
2026-05-10 00:57:15,463 - Epoch 54  [recall@5: 0.0973 recall@10: 0.1547 recall@20: 0.2332 ] [ndcg@5: 0.0745 ndcg@10: 0.0943 ndcg@20: 0.1173 ] 
2026-05-10 00:57:25,856 - Epoch 57  [recall@5: 0.0969 recall@10: 0.1572 recall@20: 0.2340 ] [ndcg@5: 0.0745 ndcg@10: 0.0953 ndcg@20: 0.1179 ] 
2026-05-10 00:57:36,200 - Epoch 60  [recall@5: 0.0974 recall@10: 0.1574 recall@20: 0.2366 ] [ndcg@5: 0.0750 ndcg@10: 0.0957 ndcg@20: 0.1190 ] 
2026-05-10 00:57:46,425 - Epoch 63  [recall@5: 0.0991 recall@10: 0.1599 recall@20: 0.2380 ] [ndcg@5: 0.0758 ndcg@10: 0.0968 ndcg@20: 0.1197 ] 
2026-05-10 00:57:56,517 - Epoch 66  [recall@5: 0.0996 recall@10: 0.1608 recall@20: 0.2383 ] [ndcg@5: 0.0763 ndcg@10: 0.0976 ndcg@20: 0.1203 ] 
2026-05-10 00:58:06,975 - Epoch 69  [recall@5: 0.1002 recall@10: 0.1621 recall@20: 0.2398 ] [ndcg@5: 0.0775 ndcg@10: 0.0990 ndcg@20: 0.1217 ] 
2026-05-10 00:58:17,279 - Epoch 72  [recall@5: 0.1016 recall@10: 0.1622 recall@20: 0.2404 ] [ndcg@5: 0.0782 ndcg@10: 0.0992 ndcg@20: 0.1221 ] 
2026-05-10 00:58:27,660 - Epoch 75  [recall@5: 0.1009 recall@10: 0.1647 recall@20: 0.2417 ] [ndcg@5: 0.0782 ndcg@10: 0.1003 ndcg@20: 0.1228 ] 
2026-05-10 00:58:37,688 - Epoch 78  [recall@5: 0.1018 recall@10: 0.1649 recall@20: 0.2419 ] [ndcg@5: 0.0790 ndcg@10: 0.1009 ndcg@20: 0.1234 ] 
2026-05-10 00:58:47,644 - Epoch 81  [recall@5: 0.1018 recall@10: 0.1655 recall@20: 0.2437 ] [ndcg@5: 0.0791 ndcg@10: 0.1013 ndcg@20: 0.1241 ] 
2026-05-10 00:58:58,036 - Epoch 84  [recall@5: 0.1029 recall@10: 0.1650 recall@20: 0.2453 ] [ndcg@5: 0.0798 ndcg@10: 0.1014 ndcg@20: 0.1248 ] 
2026-05-10 00:59:08,566 - Epoch 87  [recall@5: 0.1031 recall@10: 0.1662 recall@20: 0.2461 ] [ndcg@5: 0.0796 ndcg@10: 0.1016 ndcg@20: 0.1249 ] 
2026-05-10 00:59:18,931 - Epoch 90  [recall@5: 0.1040 recall@10: 0.1664 recall@20: 0.2474 ] [ndcg@5: 0.0805 ndcg@10: 0.1021 ndcg@20: 0.1258 ] 
2026-05-10 00:59:28,825 - Epoch 93  [recall@5: 0.1034 recall@10: 0.1666 recall@20: 0.2488 ] [ndcg@5: 0.0803 ndcg@10: 0.1023 ndcg@20: 0.1262 ] 
2026-05-10 00:59:35,096 - Epoch 96  [recall@5: 0.1049 recall@10: 0.1662 recall@20: 0.2511 ] [ndcg@5: 0.0811 ndcg@10: 0.1024 ndcg@20: 0.1270 ] 
2026-05-10 00:59:41,454 - Epoch 99  [recall@5: 0.1050 recall@10: 0.1665 recall@20: 0.2512 ] [ndcg@5: 0.0813 ndcg@10: 0.1027 ndcg@20: 0.1273 ] 
2026-05-10 00:59:42,326 - [recall@5: 0.1050 recall@10: 0.1665 recall@20: 0.2512 ] [ndcg@5: 0.0813 ndcg@10: 0.1027 ndcg@20: 0.1273 ] 
2026-05-10 00:59:43,293 - [recall@5: 0.1129 recall@10: 0.1709 recall@20: 0.2487 ] [ndcg@5: 0.0949 ndcg@10: 0.1160 ndcg@20: 0.1402 ] 
2026-05-10 00:59:43,313 - Save model parameters to ./checkpoint/lightgcn_agr/lightgcn_agr-digital_music-233-20260510_005358_autotune_digital_digital_music_s01_reg_weight_1em05.pth
2026-05-10 00:59:43,313 - Save run metadata to ./checkpoint/lightgcn_agr/lightgcn_agr-digital_music-233-20260510_005358_autotune_digital_digital_music_s01_reg_weight_1em05.json
2026-05-10 00:59:43,314 - Best Epoch 99. Final test result: {'recall': array([0.11288249, 0.17085653, 0.2486655 ]), 'ndcg': array([0.0948804 , 0.1159743 , 0.14017378])}.
