2026-05-10 12:23:27,411 - {'optimizer': {'name': 'adam', 'lr': 0.001, 'weight_decay': 0}, 'train': {'epoch': 100, 'batch_size': 4096, 'save_model': True, 'loss': 'pairwise', 'test_step': 3, 'reproducible': True, 'seed': 2026, 'patience': 5}, 'test': {'metrics': ['recall', 'ndcg'], 'k': [5, 10, 20], 'batch_size': 1024}, 'data': {'type': 'general_cf', 'name': 'digital_music', 'user_num': 5541, 'item_num': 3568}, 'model': {'name': 'lightgcn_agr', 'embedding_size': 32, 'edge_bias': 0.5, 'keep_rate': 0.8, 'mask_ratio': 0.15, 'recon_weight': 0.2, 're_temperature': 0.2, 'layer_num': 3, 'reg_weight': 1e-05, 'prf_weight': 0.02, 'kd_weight': 0.01, 'kd_temperature': 0.2, 'str_weight': 1.0, 'beta': 5.0, 'sigma': 0.25, 'alpha': 0.1, 'movie': {'layer_num': 3, 'reg_weight': 1e-07, 'kd_weight': 0.01, 'kd_temperature': 0.2, 'prf_weight': 0.02, 'str_weight': 1.2, 'beta': 3.5, 'sigma': 0.3, 'alpha': 0.15, 'keep_rate': 0.8}, 'amazon': {'layer_num': 3, 'reg_weight': 5e-07, 'kd_weight': 0.01, 'kd_temperature': 0.2, 'prf_weight': 0.03, 'str_weight': 1.5, 'beta': 4.0, 'sigma': 0.25, 'alpha': 0.2, 'keep_rate': 0.8}, 'steam': {'layer_num': 3, 'reg_weight': 1e-08, 'kd_weight': 0.001, 'kd_temperature': 0.1, 'prf_weight': 0.01, 'str_weight': 1.0, 'beta': 2.5, 'sigma': 0.2, 'alpha': 0.08, 'keep_rate': 0.8}, 'yelp': {'layer_num': 3, 'reg_weight': 1e-06, 'kd_weight': 0.001, 'kd_temperature': 0.2, 'prf_weight': 0.025, 'str_weight': 1.3, 'beta': 4.0, 'sigma': 0.28, 'alpha': 0.18, 'keep_rate': 0.8}}}
2026-05-10 12:23:35,415 - Epoch 0  [recall@5: 0.0132 recall@10: 0.0230 recall@20: 0.0366 ] [ndcg@5: 0.0108 ndcg@10: 0.0142 ndcg@20: 0.0181 ] 
2026-05-10 12:23:43,162 - Epoch 3  [recall@5: 0.0662 recall@10: 0.1016 recall@20: 0.1490 ] [ndcg@5: 0.0530 ndcg@10: 0.0650 ndcg@20: 0.0790 ] 
2026-05-10 12:23:51,069 - Epoch 6  [recall@5: 0.0756 recall@10: 0.1179 recall@20: 0.1829 ] [ndcg@5: 0.0601 ndcg@10: 0.0748 ndcg@20: 0.0938 ] 
2026-05-10 12:23:58,682 - Epoch 9  [recall@5: 0.0766 recall@10: 0.1203 recall@20: 0.1905 ] [ndcg@5: 0.0604 ndcg@10: 0.0754 ndcg@20: 0.0960 ] 
2026-05-10 12:24:06,445 - Epoch 12  [recall@5: 0.0769 recall@10: 0.1224 recall@20: 0.1928 ] [ndcg@5: 0.0601 ndcg@10: 0.0758 ndcg@20: 0.0963 ] 
2026-05-10 12:24:14,051 - Epoch 15  [recall@5: 0.0784 recall@10: 0.1208 recall@20: 0.1955 ] [ndcg@5: 0.0607 ndcg@10: 0.0755 ndcg@20: 0.0971 ] 
2026-05-10 12:24:21,659 - Epoch 18  [recall@5: 0.0793 recall@10: 0.1270 recall@20: 0.1999 ] [ndcg@5: 0.0619 ndcg@10: 0.0784 ndcg@20: 0.0994 ] 
2026-05-10 12:24:29,422 - Epoch 21  [recall@5: 0.0805 recall@10: 0.1292 recall@20: 0.2039 ] [ndcg@5: 0.0633 ndcg@10: 0.0802 ndcg@20: 0.1020 ] 
2026-05-10 12:24:37,810 - Epoch 24  [recall@5: 0.0833 recall@10: 0.1322 recall@20: 0.2078 ] [ndcg@5: 0.0650 ndcg@10: 0.0821 ndcg@20: 0.1042 ] 
2026-05-10 12:24:46,025 - Epoch 27  [recall@5: 0.0859 recall@10: 0.1350 recall@20: 0.2114 ] [ndcg@5: 0.0667 ndcg@10: 0.0837 ndcg@20: 0.1062 ] 
2026-05-10 12:24:54,189 - Epoch 30  [recall@5: 0.0872 recall@10: 0.1396 recall@20: 0.2164 ] [ndcg@5: 0.0676 ndcg@10: 0.0858 ndcg@20: 0.1083 ] 
2026-05-10 12:25:02,349 - Epoch 33  [recall@5: 0.0895 recall@10: 0.1436 recall@20: 0.2195 ] [ndcg@5: 0.0688 ndcg@10: 0.0875 ndcg@20: 0.1097 ] 
2026-05-10 12:25:10,209 - Epoch 36  [recall@5: 0.0908 recall@10: 0.1467 recall@20: 0.2234 ] [ndcg@5: 0.0697 ndcg@10: 0.0890 ndcg@20: 0.1115 ] 
2026-05-10 12:25:18,521 - Epoch 39  [recall@5: 0.0923 recall@10: 0.1490 recall@20: 0.2244 ] [ndcg@5: 0.0706 ndcg@10: 0.0902 ndcg@20: 0.1125 ] 
2026-05-10 12:25:26,823 - Epoch 42  [recall@5: 0.0937 recall@10: 0.1490 recall@20: 0.2273 ] [ndcg@5: 0.0714 ndcg@10: 0.0906 ndcg@20: 0.1136 ] 
2026-05-10 12:25:34,810 - Epoch 45  [recall@5: 0.0938 recall@10: 0.1520 recall@20: 0.2290 ] [ndcg@5: 0.0719 ndcg@10: 0.0919 ndcg@20: 0.1145 ] 
2026-05-10 12:25:42,433 - Epoch 48  [recall@5: 0.0947 recall@10: 0.1524 recall@20: 0.2301 ] [ndcg@5: 0.0725 ndcg@10: 0.0924 ndcg@20: 0.1152 ] 
2026-05-10 12:25:50,101 - Epoch 51  [recall@5: 0.0962 recall@10: 0.1543 recall@20: 0.2317 ] [ndcg@5: 0.0739 ndcg@10: 0.0938 ndcg@20: 0.1165 ] 
2026-05-10 12:25:57,872 - Epoch 54  [recall@5: 0.0971 recall@10: 0.1547 recall@20: 0.2332 ] [ndcg@5: 0.0745 ndcg@10: 0.0943 ndcg@20: 0.1173 ] 
2026-05-10 12:26:05,408 - Epoch 57  [recall@5: 0.0968 recall@10: 0.1572 recall@20: 0.2338 ] [ndcg@5: 0.0745 ndcg@10: 0.0953 ndcg@20: 0.1178 ] 
2026-05-10 12:26:13,223 - Epoch 60  [recall@5: 0.0974 recall@10: 0.1572 recall@20: 0.2365 ] [ndcg@5: 0.0750 ndcg@10: 0.0957 ndcg@20: 0.1189 ] 
2026-05-10 12:26:20,905 - Epoch 63  [recall@5: 0.0992 recall@10: 0.1599 recall@20: 0.2380 ] [ndcg@5: 0.0757 ndcg@10: 0.0967 ndcg@20: 0.1196 ] 
2026-05-10 12:26:28,696 - Epoch 66  [recall@5: 0.0997 recall@10: 0.1606 recall@20: 0.2389 ] [ndcg@5: 0.0764 ndcg@10: 0.0975 ndcg@20: 0.1205 ] 
2026-05-10 12:26:36,667 - Epoch 69  [recall@5: 0.1002 recall@10: 0.1621 recall@20: 0.2398 ] [ndcg@5: 0.0775 ndcg@10: 0.0990 ndcg@20: 0.1217 ] 
2026-05-10 12:26:44,441 - Epoch 72  [recall@5: 0.1018 recall@10: 0.1624 recall@20: 0.2407 ] [ndcg@5: 0.0783 ndcg@10: 0.0993 ndcg@20: 0.1222 ] 
2026-05-10 12:26:51,839 - Epoch 75  [recall@5: 0.1009 recall@10: 0.1643 recall@20: 0.2417 ] [ndcg@5: 0.0782 ndcg@10: 0.1002 ndcg@20: 0.1228 ] 
2026-05-10 12:26:59,442 - Epoch 78  [recall@5: 0.1018 recall@10: 0.1649 recall@20: 0.2420 ] [ndcg@5: 0.0790 ndcg@10: 0.1009 ndcg@20: 0.1234 ] 
2026-05-10 12:27:07,280 - Epoch 81  [recall@5: 0.1018 recall@10: 0.1654 recall@20: 0.2435 ] [ndcg@5: 0.0790 ndcg@10: 0.1012 ndcg@20: 0.1239 ] 
2026-05-10 12:27:15,203 - Epoch 84  [recall@5: 0.1031 recall@10: 0.1651 recall@20: 0.2453 ] [ndcg@5: 0.0799 ndcg@10: 0.1015 ndcg@20: 0.1248 ] 
2026-05-10 12:27:22,863 - Epoch 87  [recall@5: 0.1031 recall@10: 0.1662 recall@20: 0.2460 ] [ndcg@5: 0.0796 ndcg@10: 0.1016 ndcg@20: 0.1249 ] 
2026-05-10 12:27:30,363 - Epoch 90  [recall@5: 0.1038 recall@10: 0.1664 recall@20: 0.2473 ] [ndcg@5: 0.0804 ndcg@10: 0.1021 ndcg@20: 0.1257 ] 
2026-05-10 12:27:37,978 - Epoch 93  [recall@5: 0.1034 recall@10: 0.1664 recall@20: 0.2489 ] [ndcg@5: 0.0803 ndcg@10: 0.1022 ndcg@20: 0.1262 ] 
2026-05-10 12:27:45,844 - Epoch 96  [recall@5: 0.1049 recall@10: 0.1662 recall@20: 0.2510 ] [ndcg@5: 0.0810 ndcg@10: 0.1024 ndcg@20: 0.1270 ] 
2026-05-10 12:27:53,847 - Epoch 99  [recall@5: 0.1050 recall@10: 0.1669 recall@20: 0.2512 ] [ndcg@5: 0.0812 ndcg@10: 0.1028 ndcg@20: 0.1272 ] 
2026-05-10 12:27:54,965 - [recall@5: 0.1050 recall@10: 0.1669 recall@20: 0.2512 ] [ndcg@5: 0.0812 ndcg@10: 0.1028 ndcg@20: 0.1272 ] 
2026-05-10 12:27:56,086 - [recall@5: 0.1128 recall@10: 0.1709 recall@20: 0.2488 ] [ndcg@5: 0.0948 ndcg@10: 0.1160 ndcg@20: 0.1402 ] 
2026-05-10 12:27:56,113 - Save model parameters to ./checkpoint/lightgcn_agr/lightgcn_agr-digital_music-2026-20260510_122321_autotune_digital_clean_digital_music_s01_reg_weight_1em05.pth
2026-05-10 12:27:56,115 - Save run metadata to ./checkpoint/lightgcn_agr/lightgcn_agr-digital_music-2026-20260510_122321_autotune_digital_clean_digital_music_s01_reg_weight_1em05.json
2026-05-10 12:27:56,115 - Best Epoch 99. Final test result: {'recall': array([0.11279225, 0.17085653, 0.24881589]), 'ndcg': array([0.09483567, 0.11598225, 0.14021284])}.
