2026-05-10 01:11:00,667 - {'optimizer': {'name': 'adam', 'lr': 0.001, 'weight_decay': 0}, 'train': {'epoch': 100, 'batch_size': 4096, 'save_model': True, 'loss': 'pairwise', 'test_step': 3, 'reproducible': True, 'seed': 2026, 'patience': 5}, 'test': {'metrics': ['recall', 'ndcg'], 'k': [5, 10, 20], 'batch_size': 1024}, 'data': {'type': 'general_cf', 'name': 'digital_music', 'user_num': 5541, 'item_num': 3568}, 'model': {'name': 'lightgcn_agr', 'embedding_size': 32, 'edge_bias': 0.5, 'keep_rate': 0.9, 'mask_ratio': 0.15, 'recon_weight': 0.2, 're_temperature': 0.2, 'layer_num': 3, 'reg_weight': 1e-06, 'prf_weight': 0.02, 'kd_weight': 0.01, 'kd_temperature': 0.2, 'str_weight': 1.0, 'beta': 5.0, 'sigma': 0.25, 'alpha': 0.1, 'movie': {'layer_num': 3, 'reg_weight': 1e-07, 'kd_weight': 0.01, 'kd_temperature': 0.2, 'prf_weight': 0.02, 'str_weight': 1.2, 'beta': 3.5, 'sigma': 0.3, 'alpha': 0.15, 'keep_rate': 0.8}, 'amazon': {'layer_num': 3, 'reg_weight': 5e-07, 'kd_weight': 0.01, 'kd_temperature': 0.2, 'prf_weight': 0.03, 'str_weight': 1.5, 'beta': 4.0, 'sigma': 0.25, 'alpha': 0.2, 'keep_rate': 0.8}, 'steam': {'layer_num': 3, 'reg_weight': 1e-08, 'kd_weight': 0.001, 'kd_temperature': 0.1, 'prf_weight': 0.01, 'str_weight': 1.0, 'beta': 2.5, 'sigma': 0.2, 'alpha': 0.08, 'keep_rate': 0.8}, 'yelp': {'layer_num': 3, 'reg_weight': 1e-06, 'kd_weight': 0.001, 'kd_temperature': 0.2, 'prf_weight': 0.025, 'str_weight': 1.3, 'beta': 4.0, 'sigma': 0.28, 'alpha': 0.18, 'keep_rate': 0.8}}}
2026-05-10 01:11:07,062 - Epoch 0  [recall@5: 0.0145 recall@10: 0.0262 recall@20: 0.0393 ] [ndcg@5: 0.0122 ndcg@10: 0.0162 ndcg@20: 0.0201 ] 
2026-05-10 01:11:13,308 - Epoch 3  [recall@5: 0.0705 recall@10: 0.1060 recall@20: 0.1569 ] [ndcg@5: 0.0560 ndcg@10: 0.0682 ndcg@20: 0.0832 ] 
2026-05-10 01:11:20,907 - Epoch 6  [recall@5: 0.0776 recall@10: 0.1210 recall@20: 0.1892 ] [ndcg@5: 0.0611 ndcg@10: 0.0764 ndcg@20: 0.0961 ] 
2026-05-10 01:11:30,580 - Epoch 9  [recall@5: 0.0786 recall@10: 0.1223 recall@20: 0.1925 ] [ndcg@5: 0.0608 ndcg@10: 0.0760 ndcg@20: 0.0965 ] 
2026-05-10 01:11:40,294 - Epoch 12  [recall@5: 0.0793 recall@10: 0.1235 recall@20: 0.1958 ] [ndcg@5: 0.0612 ndcg@10: 0.0765 ndcg@20: 0.0975 ] 
2026-05-10 01:11:50,392 - Epoch 15  [recall@5: 0.0794 recall@10: 0.1259 recall@20: 0.2004 ] [ndcg@5: 0.0625 ndcg@10: 0.0788 ndcg@20: 0.1004 ] 
2026-05-10 01:12:00,523 - Epoch 18  [recall@5: 0.0825 recall@10: 0.1309 recall@20: 0.2063 ] [ndcg@5: 0.0642 ndcg@10: 0.0810 ndcg@20: 0.1031 ] 
2026-05-10 01:12:10,682 - Epoch 21  [recall@5: 0.0857 recall@10: 0.1366 recall@20: 0.2104 ] [ndcg@5: 0.0656 ndcg@10: 0.0833 ndcg@20: 0.1050 ] 
2026-05-10 01:12:20,574 - Epoch 24  [recall@5: 0.0889 recall@10: 0.1417 recall@20: 0.2151 ] [ndcg@5: 0.0677 ndcg@10: 0.0861 ndcg@20: 0.1077 ] 
2026-05-10 01:12:30,234 - Epoch 27  [recall@5: 0.0905 recall@10: 0.1440 recall@20: 0.2203 ] [ndcg@5: 0.0690 ndcg@10: 0.0877 ndcg@20: 0.1101 ] 
2026-05-10 01:12:40,388 - Epoch 30  [recall@5: 0.0931 recall@10: 0.1481 recall@20: 0.2255 ] [ndcg@5: 0.0706 ndcg@10: 0.0897 ndcg@20: 0.1124 ] 
2026-05-10 01:12:50,621 - Epoch 33  [recall@5: 0.0935 recall@10: 0.1524 recall@20: 0.2301 ] [ndcg@5: 0.0715 ndcg@10: 0.0918 ndcg@20: 0.1145 ] 
2026-05-10 01:13:00,867 - Epoch 36  [recall@5: 0.0938 recall@10: 0.1533 recall@20: 0.2313 ] [ndcg@5: 0.0719 ndcg@10: 0.0926 ndcg@20: 0.1154 ] 
2026-05-10 01:13:10,481 - Epoch 39  [recall@5: 0.0939 recall@10: 0.1542 recall@20: 0.2341 ] [ndcg@5: 0.0729 ndcg@10: 0.0940 ndcg@20: 0.1173 ] 
2026-05-10 01:13:20,525 - Epoch 42  [recall@5: 0.0965 recall@10: 0.1566 recall@20: 0.2360 ] [ndcg@5: 0.0743 ndcg@10: 0.0953 ndcg@20: 0.1185 ] 
2026-05-10 01:13:30,768 - Epoch 45  [recall@5: 0.0979 recall@10: 0.1610 recall@20: 0.2370 ] [ndcg@5: 0.0756 ndcg@10: 0.0975 ndcg@20: 0.1198 ] 
2026-05-10 01:13:41,196 - Epoch 48  [recall@5: 0.0991 recall@10: 0.1624 recall@20: 0.2392 ] [ndcg@5: 0.0763 ndcg@10: 0.0983 ndcg@20: 0.1207 ] 
2026-05-10 01:13:51,466 - Epoch 51  [recall@5: 0.1004 recall@10: 0.1634 recall@20: 0.2402 ] [ndcg@5: 0.0770 ndcg@10: 0.0987 ndcg@20: 0.1212 ] 
2026-05-10 01:14:01,627 - Epoch 54  [recall@5: 0.1027 recall@10: 0.1653 recall@20: 0.2397 ] [ndcg@5: 0.0784 ndcg@10: 0.1001 ndcg@20: 0.1219 ] 
2026-05-10 01:14:11,848 - Epoch 57  [recall@5: 0.1027 recall@10: 0.1668 recall@20: 0.2417 ] [ndcg@5: 0.0791 ndcg@10: 0.1014 ndcg@20: 0.1233 ] 
2026-05-10 01:14:22,117 - Epoch 60  [recall@5: 0.1040 recall@10: 0.1674 recall@20: 0.2457 ] [ndcg@5: 0.0798 ndcg@10: 0.1019 ndcg@20: 0.1247 ] 
2026-05-10 01:14:32,490 - Epoch 63  [recall@5: 0.1042 recall@10: 0.1673 recall@20: 0.2470 ] [ndcg@5: 0.0803 ndcg@10: 0.1022 ndcg@20: 0.1254 ] 
2026-05-10 01:14:42,811 - Epoch 66  [recall@5: 0.1056 recall@10: 0.1669 recall@20: 0.2494 ] [ndcg@5: 0.0810 ndcg@10: 0.1025 ndcg@20: 0.1264 ] 
2026-05-10 01:14:53,011 - Epoch 69  [recall@5: 0.1057 recall@10: 0.1683 recall@20: 0.2507 ] [ndcg@5: 0.0813 ndcg@10: 0.1034 ndcg@20: 0.1272 ] 
2026-05-10 01:15:03,102 - Epoch 72  [recall@5: 0.1063 recall@10: 0.1685 recall@20: 0.2505 ] [ndcg@5: 0.0817 ndcg@10: 0.1036 ndcg@20: 0.1274 ] 
2026-05-10 01:15:13,637 - Epoch 75  [recall@5: 0.1076 recall@10: 0.1685 recall@20: 0.2516 ] [ndcg@5: 0.0823 ndcg@10: 0.1038 ndcg@20: 0.1279 ] 
2026-05-10 01:15:23,994 - Epoch 78  [recall@5: 0.1096 recall@10: 0.1697 recall@20: 0.2524 ] [ndcg@5: 0.0834 ndcg@10: 0.1044 ndcg@20: 0.1285 ] 
2026-05-10 01:15:34,408 - Epoch 81  [recall@5: 0.1096 recall@10: 0.1697 recall@20: 0.2545 ] [ndcg@5: 0.0839 ndcg@10: 0.1048 ndcg@20: 0.1295 ] 
2026-05-10 01:15:44,612 - Epoch 84  [recall@5: 0.1094 recall@10: 0.1699 recall@20: 0.2556 ] [ndcg@5: 0.0841 ndcg@10: 0.1051 ndcg@20: 0.1300 ] 
2026-05-10 01:15:54,656 - Epoch 87  [recall@5: 0.1086 recall@10: 0.1702 recall@20: 0.2544 ] [ndcg@5: 0.0838 ndcg@10: 0.1052 ndcg@20: 0.1298 ] 
2026-05-10 01:16:04,989 - Epoch 90  [recall@5: 0.1098 recall@10: 0.1709 recall@20: 0.2542 ] [ndcg@5: 0.0842 ndcg@10: 0.1055 ndcg@20: 0.1299 ] 
2026-05-10 01:16:15,572 - Epoch 93  [recall@5: 0.1104 recall@10: 0.1713 recall@20: 0.2534 ] [ndcg@5: 0.0844 ndcg@10: 0.1056 ndcg@20: 0.1297 ] 
2026-05-10 01:16:26,259 - Epoch 96  [recall@5: 0.1125 recall@10: 0.1714 recall@20: 0.2540 ] [ndcg@5: 0.0858 ndcg@10: 0.1064 ndcg@20: 0.1305 ] 
2026-05-10 01:16:36,375 - Epoch 99  [recall@5: 0.1126 recall@10: 0.1722 recall@20: 0.2551 ] [ndcg@5: 0.0860 ndcg@10: 0.1069 ndcg@20: 0.1310 ] 
2026-05-10 01:16:37,239 - [recall@5: 0.1094 recall@10: 0.1699 recall@20: 0.2556 ] [ndcg@5: 0.0841 ndcg@10: 0.1051 ndcg@20: 0.1300 ] 
2026-05-10 01:16:38,185 - [recall@5: 0.1124 recall@10: 0.1718 recall@20: 0.2552 ] [ndcg@5: 0.0951 ndcg@10: 0.1165 ndcg@20: 0.1425 ] 
2026-05-10 01:16:38,221 - Save model parameters to ./checkpoint/lightgcn_agr/lightgcn_agr-digital_music-2026-20260510_011055_autotune_digital_digital_music_s02_keep_rate_0p9.pth
2026-05-10 01:16:38,221 - Save run metadata to ./checkpoint/lightgcn_agr/lightgcn_agr-digital_music-2026-20260510_011055_autotune_digital_digital_music_s02_keep_rate_0p9.json
2026-05-10 01:16:38,222 - Best Epoch 84. Final test result: {'recall': array([0.11244256, 0.17179551, 0.2552289 ]), 'ndcg': array([0.09514571, 0.11653421, 0.14253125])}.
