2026-05-10 00:42:43,740 - {'optimizer': {'name': 'adam', 'lr': 0.001, 'weight_decay': 0}, 'train': {'epoch': 100, 'batch_size': 4096, 'save_model': True, 'loss': 'pairwise', 'test_step': 3, 'reproducible': True, 'seed': 2026, 'patience': 5}, 'test': {'metrics': ['recall', 'ndcg'], 'k': [5, 10, 20], 'batch_size': 1024}, 'data': {'type': 'general_cf', 'name': 'digital_music', 'user_num': 5541, 'item_num': 3568}, 'model': {'name': 'lightgcn_agr', 'embedding_size': 32, 'edge_bias': 0.5, 'keep_rate': 0.8, 'mask_ratio': 0.15, 'recon_weight': 0.2, 're_temperature': 0.2, 'layer_num': 3, 'reg_weight': 2e-06, 'prf_weight': 0.02, 'kd_weight': 0.01, 'kd_temperature': 0.2, 'str_weight': 1.0, 'beta': 5.0, 'sigma': 0.25, 'alpha': 0.1, 'movie': {'layer_num': 3, 'reg_weight': 1e-07, 'kd_weight': 0.01, 'kd_temperature': 0.2, 'prf_weight': 0.02, 'str_weight': 1.2, 'beta': 3.5, 'sigma': 0.3, 'alpha': 0.15, 'keep_rate': 0.8}, 'amazon': {'layer_num': 3, 'reg_weight': 5e-07, 'kd_weight': 0.01, 'kd_temperature': 0.2, 'prf_weight': 0.03, 'str_weight': 1.5, 'beta': 4.0, 'sigma': 0.25, 'alpha': 0.2, 'keep_rate': 0.8}, 'steam': {'layer_num': 3, 'reg_weight': 1e-08, 'kd_weight': 0.001, 'kd_temperature': 0.1, 'prf_weight': 0.01, 'str_weight': 1.0, 'beta': 2.5, 'sigma': 0.2, 'alpha': 0.08, 'keep_rate': 0.8}, 'yelp': {'layer_num': 3, 'reg_weight': 1e-06, 'kd_weight': 0.001, 'kd_temperature': 0.2, 'prf_weight': 0.025, 'str_weight': 1.3, 'beta': 4.0, 'sigma': 0.28, 'alpha': 0.18, 'keep_rate': 0.8}}}
2026-05-10 00:42:51,255 - Epoch 0  [recall@5: 0.0132 recall@10: 0.0230 recall@20: 0.0366 ] [ndcg@5: 0.0108 ndcg@10: 0.0142 ndcg@20: 0.0181 ] 
2026-05-10 00:43:00,639 - Epoch 3  [recall@5: 0.0661 recall@10: 0.1016 recall@20: 0.1490 ] [ndcg@5: 0.0529 ndcg@10: 0.0649 ndcg@20: 0.0790 ] 
2026-05-10 00:43:07,861 - Epoch 6  [recall@5: 0.0756 recall@10: 0.1178 recall@20: 0.1830 ] [ndcg@5: 0.0601 ndcg@10: 0.0747 ndcg@20: 0.0938 ] 
2026-05-10 00:43:14,023 - Epoch 9  [recall@5: 0.0764 recall@10: 0.1203 recall@20: 0.1905 ] [ndcg@5: 0.0603 ndcg@10: 0.0754 ndcg@20: 0.0960 ] 
2026-05-10 00:43:22,333 - Epoch 12  [recall@5: 0.0770 recall@10: 0.1221 recall@20: 0.1930 ] [ndcg@5: 0.0602 ndcg@10: 0.0758 ndcg@20: 0.0963 ] 
2026-05-10 00:43:31,531 - Epoch 15  [recall@5: 0.0782 recall@10: 0.1208 recall@20: 0.1953 ] [ndcg@5: 0.0607 ndcg@10: 0.0755 ndcg@20: 0.0972 ] 
2026-05-10 00:43:40,684 - Epoch 18  [recall@5: 0.0793 recall@10: 0.1268 recall@20: 0.2001 ] [ndcg@5: 0.0619 ndcg@10: 0.0784 ndcg@20: 0.0995 ] 
2026-05-10 00:43:50,093 - Epoch 21  [recall@5: 0.0804 recall@10: 0.1292 recall@20: 0.2038 ] [ndcg@5: 0.0631 ndcg@10: 0.0801 ndcg@20: 0.1019 ] 
2026-05-10 00:43:59,333 - Epoch 24  [recall@5: 0.0831 recall@10: 0.1324 recall@20: 0.2078 ] [ndcg@5: 0.0649 ndcg@10: 0.0821 ndcg@20: 0.1042 ] 
2026-05-10 00:44:08,623 - Epoch 27  [recall@5: 0.0858 recall@10: 0.1351 recall@20: 0.2115 ] [ndcg@5: 0.0667 ndcg@10: 0.0837 ndcg@20: 0.1062 ] 
2026-05-10 00:44:17,680 - Epoch 30  [recall@5: 0.0872 recall@10: 0.1398 recall@20: 0.2164 ] [ndcg@5: 0.0676 ndcg@10: 0.0859 ndcg@20: 0.1083 ] 
2026-05-10 00:44:26,802 - Epoch 33  [recall@5: 0.0895 recall@10: 0.1436 recall@20: 0.2196 ] [ndcg@5: 0.0688 ndcg@10: 0.0875 ndcg@20: 0.1097 ] 
2026-05-10 00:44:36,143 - Epoch 36  [recall@5: 0.0909 recall@10: 0.1469 recall@20: 0.2233 ] [ndcg@5: 0.0697 ndcg@10: 0.0891 ndcg@20: 0.1115 ] 
2026-05-10 00:44:45,394 - Epoch 39  [recall@5: 0.0925 recall@10: 0.1490 recall@20: 0.2243 ] [ndcg@5: 0.0706 ndcg@10: 0.0902 ndcg@20: 0.1125 ] 
2026-05-10 00:44:54,829 - Epoch 42  [recall@5: 0.0938 recall@10: 0.1491 recall@20: 0.2275 ] [ndcg@5: 0.0715 ndcg@10: 0.0906 ndcg@20: 0.1136 ] 
2026-05-10 00:45:04,214 - Epoch 45  [recall@5: 0.0939 recall@10: 0.1520 recall@20: 0.2291 ] [ndcg@5: 0.0719 ndcg@10: 0.0919 ndcg@20: 0.1145 ] 
2026-05-10 00:45:13,396 - Epoch 48  [recall@5: 0.0949 recall@10: 0.1524 recall@20: 0.2300 ] [ndcg@5: 0.0726 ndcg@10: 0.0925 ndcg@20: 0.1152 ] 
2026-05-10 00:45:22,652 - Epoch 51  [recall@5: 0.0956 recall@10: 0.1546 recall@20: 0.2315 ] [ndcg@5: 0.0736 ndcg@10: 0.0939 ndcg@20: 0.1165 ] 
2026-05-10 00:45:32,075 - Epoch 54  [recall@5: 0.0972 recall@10: 0.1547 recall@20: 0.2332 ] [ndcg@5: 0.0745 ndcg@10: 0.0943 ndcg@20: 0.1173 ] 
2026-05-10 00:45:41,151 - Epoch 57  [recall@5: 0.0967 recall@10: 0.1571 recall@20: 0.2340 ] [ndcg@5: 0.0745 ndcg@10: 0.0954 ndcg@20: 0.1179 ] 
2026-05-10 00:45:50,375 - Epoch 60  [recall@5: 0.0975 recall@10: 0.1573 recall@20: 0.2364 ] [ndcg@5: 0.0751 ndcg@10: 0.0957 ndcg@20: 0.1189 ] 
2026-05-10 00:45:59,637 - Epoch 63  [recall@5: 0.0991 recall@10: 0.1599 recall@20: 0.2381 ] [ndcg@5: 0.0758 ndcg@10: 0.0968 ndcg@20: 0.1197 ] 
2026-05-10 00:46:08,813 - Epoch 66  [recall@5: 0.0998 recall@10: 0.1608 recall@20: 0.2385 ] [ndcg@5: 0.0765 ndcg@10: 0.0976 ndcg@20: 0.1205 ] 
2026-05-10 00:46:18,030 - Epoch 69  [recall@5: 0.1004 recall@10: 0.1623 recall@20: 0.2400 ] [ndcg@5: 0.0775 ndcg@10: 0.0990 ndcg@20: 0.1217 ] 
2026-05-10 00:46:27,127 - Epoch 72  [recall@5: 0.1014 recall@10: 0.1621 recall@20: 0.2405 ] [ndcg@5: 0.0782 ndcg@10: 0.0992 ndcg@20: 0.1222 ] 
2026-05-10 00:46:36,276 - Epoch 75  [recall@5: 0.1009 recall@10: 0.1644 recall@20: 0.2419 ] [ndcg@5: 0.0782 ndcg@10: 0.1002 ndcg@20: 0.1229 ] 
2026-05-10 00:46:45,244 - Epoch 78  [recall@5: 0.1017 recall@10: 0.1652 recall@20: 0.2421 ] [ndcg@5: 0.0789 ndcg@10: 0.1009 ndcg@20: 0.1233 ] 
2026-05-10 00:46:54,538 - Epoch 81  [recall@5: 0.1018 recall@10: 0.1656 recall@20: 0.2440 ] [ndcg@5: 0.0790 ndcg@10: 0.1013 ndcg@20: 0.1241 ] 
2026-05-10 00:47:03,703 - Epoch 84  [recall@5: 0.1029 recall@10: 0.1651 recall@20: 0.2451 ] [ndcg@5: 0.0797 ndcg@10: 0.1015 ndcg@20: 0.1247 ] 
2026-05-10 00:47:12,767 - Epoch 87  [recall@5: 0.1032 recall@10: 0.1661 recall@20: 0.2460 ] [ndcg@5: 0.0796 ndcg@10: 0.1016 ndcg@20: 0.1248 ] 
2026-05-10 00:47:22,047 - Epoch 90  [recall@5: 0.1038 recall@10: 0.1664 recall@20: 0.2477 ] [ndcg@5: 0.0804 ndcg@10: 0.1021 ndcg@20: 0.1258 ] 
2026-05-10 00:47:31,271 - Epoch 93  [recall@5: 0.1038 recall@10: 0.1664 recall@20: 0.2488 ] [ndcg@5: 0.0805 ndcg@10: 0.1022 ndcg@20: 0.1262 ] 
2026-05-10 00:47:40,635 - Epoch 96  [recall@5: 0.1047 recall@10: 0.1660 recall@20: 0.2513 ] [ndcg@5: 0.0809 ndcg@10: 0.1022 ndcg@20: 0.1269 ] 
2026-05-10 00:47:49,942 - Epoch 99  [recall@5: 0.1052 recall@10: 0.1665 recall@20: 0.2514 ] [ndcg@5: 0.0814 ndcg@10: 0.1028 ndcg@20: 0.1273 ] 
2026-05-10 00:47:50,885 - [recall@5: 0.1052 recall@10: 0.1665 recall@20: 0.2514 ] [ndcg@5: 0.0814 ndcg@10: 0.1028 ndcg@20: 0.1273 ] 
2026-05-10 00:47:51,759 - [recall@5: 0.1128 recall@10: 0.1709 recall@20: 0.2489 ] [ndcg@5: 0.0948 ndcg@10: 0.1160 ndcg@20: 0.1402 ] 
2026-05-10 00:47:51,772 - Save model parameters to ./checkpoint/lightgcn_agr/lightgcn_agr-digital_music-2026-20260510_004238_autotune_digital_digital_music_s01_reg_weight_2em06.pth
2026-05-10 00:47:51,772 - Save run metadata to ./checkpoint/lightgcn_agr/lightgcn_agr-digital_music-2026-20260510_004238_autotune_digital_digital_music_s01_reg_weight_2em06.json
2026-05-10 00:47:51,773 - Best Epoch 99. Final test result: {'recall': array([0.11282233, 0.17087157, 0.24889109]), 'ndcg': array([0.09484547, 0.1159732 , 0.14024473])}.
