2026-05-09 13:49:39,010 - {'optimizer': {'name': 'adam', 'lr': 0.001, 'weight_decay': 0}, 'train': {'epoch': 200, 'batch_size': 4096, 'save_model': True, 'loss': 'pairwise', 'test_step': 3, 'reproducible': True, 'seed': 2025, 'patience': 5}, 'test': {'metrics': ['recall', 'ndcg'], 'k': [5, 10, 20], 'batch_size': 1024}, 'data': {'type': 'general_cf', 'name': 'digital_music', 'user_num': 5541, 'item_num': 3568}, 'model': {'name': 'lightgcn_agr', 'embedding_size': 32, 'edge_bias': 0.5, 'keep_rate': 0.8, 'mask_ratio': 0.15, 'recon_weight': 0.2, 're_temperature': 0.2, 'layer_num': 3, 'reg_weight': 1e-07, 'prf_weight': 0.02, 'kd_weight': 0.01, 'kd_temperature': 0.2, 'str_weight': 1.0, 'beta': 5.0, 'sigma': 0.25, 'alpha': 0.1, 'movie': {'layer_num': 3, 'reg_weight': 1e-07, 'kd_weight': 0.01, 'kd_temperature': 0.2, 'prf_weight': 0.02, 'str_weight': 1.2, 'beta': 3.5, 'sigma': 0.3, 'alpha': 0.15, 'keep_rate': 0.8}, 'amazon': {'layer_num': 3, 'reg_weight': 1e-07, 'kd_weight': 0.01, 'kd_temperature': 0.2, 'prf_weight': 0.03, 'str_weight': 1.5, 'beta': 4.0, 'sigma': 0.25, 'alpha': 0.2, 'keep_rate': 0.8}, 'steam': {'layer_num': 3, 'reg_weight': 1e-08, 'kd_weight': 0.001, 'kd_temperature': 0.1, 'prf_weight': 0.01, 'str_weight': 1.0, 'beta': 2.5, 'sigma': 0.2, 'alpha': 0.08, 'keep_rate': 0.8}, 'yelp': {'layer_num': 3, 'reg_weight': 1e-06, 'kd_weight': 0.001, 'kd_temperature': 0.2, 'prf_weight': 0.025, 'str_weight': 1.3, 'beta': 4.0, 'sigma': 0.28, 'alpha': 0.18, 'keep_rate': 0.8}}}
2026-05-09 13:49:44,909 - Epoch 0  [recall@5: 0.0132 recall@10: 0.0230 recall@20: 0.0366 ] [ndcg@5: 0.0108 ndcg@10: 0.0142 ndcg@20: 0.0181 ] 
2026-05-09 13:49:51,643 - Epoch 3  [recall@5: 0.0661 recall@10: 0.1016 recall@20: 0.1491 ] [ndcg@5: 0.0529 ndcg@10: 0.0649 ndcg@20: 0.0790 ] 
2026-05-09 13:49:59,630 - Epoch 6  [recall@5: 0.0756 recall@10: 0.1179 recall@20: 0.1829 ] [ndcg@5: 0.0601 ndcg@10: 0.0747 ndcg@20: 0.0937 ] 
2026-05-09 13:50:05,998 - Epoch 9  [recall@5: 0.0766 recall@10: 0.1203 recall@20: 0.1905 ] [ndcg@5: 0.0604 ndcg@10: 0.0755 ndcg@20: 0.0960 ] 
2026-05-09 13:50:12,131 - Epoch 12  [recall@5: 0.0770 recall@10: 0.1222 recall@20: 0.1929 ] [ndcg@5: 0.0602 ndcg@10: 0.0758 ndcg@20: 0.0963 ] 
2026-05-09 13:50:18,309 - Epoch 15  [recall@5: 0.0782 recall@10: 0.1208 recall@20: 0.1951 ] [ndcg@5: 0.0607 ndcg@10: 0.0755 ndcg@20: 0.0971 ] 
2026-05-09 13:50:24,579 - Epoch 18  [recall@5: 0.0793 recall@10: 0.1268 recall@20: 0.2001 ] [ndcg@5: 0.0619 ndcg@10: 0.0784 ndcg@20: 0.0995 ] 
2026-05-09 13:50:30,877 - Epoch 21  [recall@5: 0.0804 recall@10: 0.1292 recall@20: 0.2040 ] [ndcg@5: 0.0632 ndcg@10: 0.0802 ndcg@20: 0.1020 ] 
2026-05-09 13:50:37,408 - Epoch 24  [recall@5: 0.0831 recall@10: 0.1324 recall@20: 0.2078 ] [ndcg@5: 0.0650 ndcg@10: 0.0821 ndcg@20: 0.1042 ] 
2026-05-09 13:50:43,684 - Epoch 27  [recall@5: 0.0859 recall@10: 0.1347 recall@20: 0.2116 ] [ndcg@5: 0.0667 ndcg@10: 0.0836 ndcg@20: 0.1062 ] 
2026-05-09 13:50:51,374 - Epoch 30  [recall@5: 0.0872 recall@10: 0.1396 recall@20: 0.2164 ] [ndcg@5: 0.0676 ndcg@10: 0.0858 ndcg@20: 0.1083 ] 
2026-05-09 13:50:59,181 - Epoch 33  [recall@5: 0.0895 recall@10: 0.1436 recall@20: 0.2196 ] [ndcg@5: 0.0688 ndcg@10: 0.0875 ndcg@20: 0.1097 ] 
2026-05-09 13:51:06,846 - Epoch 36  [recall@5: 0.0909 recall@10: 0.1468 recall@20: 0.2234 ] [ndcg@5: 0.0697 ndcg@10: 0.0890 ndcg@20: 0.1115 ] 
2026-05-09 13:51:14,694 - Epoch 39  [recall@5: 0.0923 recall@10: 0.1490 recall@20: 0.2242 ] [ndcg@5: 0.0706 ndcg@10: 0.0902 ndcg@20: 0.1124 ] 
2026-05-09 13:51:22,483 - Epoch 42  [recall@5: 0.0938 recall@10: 0.1491 recall@20: 0.2274 ] [ndcg@5: 0.0715 ndcg@10: 0.0906 ndcg@20: 0.1137 ] 
2026-05-09 13:51:29,948 - Epoch 45  [recall@5: 0.0939 recall@10: 0.1518 recall@20: 0.2290 ] [ndcg@5: 0.0719 ndcg@10: 0.0919 ndcg@20: 0.1145 ] 
2026-05-09 13:51:35,999 - Epoch 48  [recall@5: 0.0947 recall@10: 0.1525 recall@20: 0.2300 ] [ndcg@5: 0.0726 ndcg@10: 0.0925 ndcg@20: 0.1152 ] 
2026-05-09 13:51:43,660 - Epoch 51  [recall@5: 0.0962 recall@10: 0.1541 recall@20: 0.2316 ] [ndcg@5: 0.0739 ndcg@10: 0.0938 ndcg@20: 0.1165 ] 
2026-05-09 13:51:51,064 - Epoch 54  [recall@5: 0.0972 recall@10: 0.1547 recall@20: 0.2331 ] [ndcg@5: 0.0745 ndcg@10: 0.0943 ndcg@20: 0.1173 ] 
2026-05-09 13:51:58,561 - Epoch 57  [recall@5: 0.0967 recall@10: 0.1571 recall@20: 0.2340 ] [ndcg@5: 0.0745 ndcg@10: 0.0953 ndcg@20: 0.1179 ] 
2026-05-09 13:52:06,041 - Epoch 60  [recall@5: 0.0975 recall@10: 0.1573 recall@20: 0.2363 ] [ndcg@5: 0.0751 ndcg@10: 0.0957 ndcg@20: 0.1189 ] 
2026-05-09 13:52:13,452 - Epoch 63  [recall@5: 0.0992 recall@10: 0.1599 recall@20: 0.2381 ] [ndcg@5: 0.0758 ndcg@10: 0.0968 ndcg@20: 0.1198 ] 
2026-05-09 13:52:21,082 - Epoch 66  [recall@5: 0.0996 recall@10: 0.1609 recall@20: 0.2385 ] [ndcg@5: 0.0763 ndcg@10: 0.0976 ndcg@20: 0.1204 ] 
2026-05-09 13:52:28,789 - Epoch 69  [recall@5: 0.1002 recall@10: 0.1623 recall@20: 0.2399 ] [ndcg@5: 0.0775 ndcg@10: 0.0990 ndcg@20: 0.1217 ] 
2026-05-09 13:52:36,315 - Epoch 72  [recall@5: 0.1016 recall@10: 0.1619 recall@20: 0.2405 ] [ndcg@5: 0.0782 ndcg@10: 0.0991 ndcg@20: 0.1222 ] 
2026-05-09 13:52:43,887 - Epoch 75  [recall@5: 0.1009 recall@10: 0.1644 recall@20: 0.2417 ] [ndcg@5: 0.0782 ndcg@10: 0.1002 ndcg@20: 0.1228 ] 
2026-05-09 13:52:51,248 - Epoch 78  [recall@5: 0.1017 recall@10: 0.1649 recall@20: 0.2421 ] [ndcg@5: 0.0789 ndcg@10: 0.1008 ndcg@20: 0.1234 ] 
2026-05-09 13:52:58,583 - Epoch 81  [recall@5: 0.1018 recall@10: 0.1656 recall@20: 0.2437 ] [ndcg@5: 0.0790 ndcg@10: 0.1013 ndcg@20: 0.1241 ] 
2026-05-09 13:53:05,945 - Epoch 84  [recall@5: 0.1029 recall@10: 0.1650 recall@20: 0.2449 ] [ndcg@5: 0.0797 ndcg@10: 0.1014 ndcg@20: 0.1247 ] 
2026-05-09 13:53:13,387 - Epoch 87  [recall@5: 0.1032 recall@10: 0.1662 recall@20: 0.2461 ] [ndcg@5: 0.0796 ndcg@10: 0.1016 ndcg@20: 0.1249 ] 
2026-05-09 13:53:20,735 - Epoch 90  [recall@5: 0.1037 recall@10: 0.1664 recall@20: 0.2477 ] [ndcg@5: 0.0804 ndcg@10: 0.1022 ndcg@20: 0.1258 ] 
2026-05-09 13:53:28,089 - Epoch 93  [recall@5: 0.1037 recall@10: 0.1660 recall@20: 0.2489 ] [ndcg@5: 0.0804 ndcg@10: 0.1021 ndcg@20: 0.1262 ] 
2026-05-09 13:53:35,372 - Epoch 96  [recall@5: 0.1045 recall@10: 0.1662 recall@20: 0.2514 ] [ndcg@5: 0.0809 ndcg@10: 0.1024 ndcg@20: 0.1270 ] 
2026-05-09 13:53:42,194 - Epoch 99  [recall@5: 0.1050 recall@10: 0.1666 recall@20: 0.2513 ] [ndcg@5: 0.0813 ndcg@10: 0.1028 ndcg@20: 0.1273 ] 
2026-05-09 13:53:48,465 - Epoch 102  [recall@5: 0.1058 recall@10: 0.1673 recall@20: 0.2522 ] [ndcg@5: 0.0820 ndcg@10: 0.1034 ndcg@20: 0.1280 ] 
2026-05-09 13:53:54,733 - Epoch 105  [recall@5: 0.1064 recall@10: 0.1680 recall@20: 0.2521 ] [ndcg@5: 0.0824 ndcg@10: 0.1037 ndcg@20: 0.1281 ] 
2026-05-09 13:54:00,884 - Epoch 108  [recall@5: 0.1062 recall@10: 0.1676 recall@20: 0.2535 ] [ndcg@5: 0.0826 ndcg@10: 0.1039 ndcg@20: 0.1288 ] 
2026-05-09 13:54:08,754 - Epoch 111  [recall@5: 0.1069 recall@10: 0.1690 recall@20: 0.2545 ] [ndcg@5: 0.0833 ndcg@10: 0.1047 ndcg@20: 0.1295 ] 
2026-05-09 13:54:16,708 - Epoch 114  [recall@5: 0.1072 recall@10: 0.1687 recall@20: 0.2553 ] [ndcg@5: 0.0833 ndcg@10: 0.1046 ndcg@20: 0.1296 ] 
2026-05-09 13:54:24,265 - Epoch 117  [recall@5: 0.1085 recall@10: 0.1699 recall@20: 0.2549 ] [ndcg@5: 0.0842 ndcg@10: 0.1053 ndcg@20: 0.1300 ] 
2026-05-09 13:54:31,898 - Epoch 120  [recall@5: 0.1087 recall@10: 0.1687 recall@20: 0.2557 ] [ndcg@5: 0.0845 ndcg@10: 0.1051 ndcg@20: 0.1303 ] 
2026-05-09 13:54:40,027 - Epoch 123  [recall@5: 0.1080 recall@10: 0.1686 recall@20: 0.2565 ] [ndcg@5: 0.0839 ndcg@10: 0.1049 ndcg@20: 0.1302 ] 
2026-05-09 13:54:47,724 - Epoch 126  [recall@5: 0.1085 recall@10: 0.1692 recall@20: 0.2568 ] [ndcg@5: 0.0844 ndcg@10: 0.1054 ndcg@20: 0.1307 ] 
2026-05-09 13:54:55,543 - Epoch 129  [recall@5: 0.1089 recall@10: 0.1700 recall@20: 0.2564 ] [ndcg@5: 0.0846 ndcg@10: 0.1057 ndcg@20: 0.1307 ] 
2026-05-09 13:55:03,312 - Epoch 132  [recall@5: 0.1093 recall@10: 0.1705 recall@20: 0.2577 ] [ndcg@5: 0.0849 ndcg@10: 0.1061 ndcg@20: 0.1313 ] 
2026-05-09 13:55:11,218 - Epoch 135  [recall@5: 0.1094 recall@10: 0.1705 recall@20: 0.2579 ] [ndcg@5: 0.0852 ndcg@10: 0.1063 ndcg@20: 0.1316 ] 
2026-05-09 13:55:18,786 - Epoch 138  [recall@5: 0.1103 recall@10: 0.1704 recall@20: 0.2578 ] [ndcg@5: 0.0856 ndcg@10: 0.1063 ndcg@20: 0.1317 ] 
2026-05-09 13:55:26,480 - Epoch 141  [recall@5: 0.1101 recall@10: 0.1700 recall@20: 0.2586 ] [ndcg@5: 0.0857 ndcg@10: 0.1065 ndcg@20: 0.1321 ] 
2026-05-09 13:55:34,202 - Epoch 144  [recall@5: 0.1098 recall@10: 0.1706 recall@20: 0.2578 ] [ndcg@5: 0.0856 ndcg@10: 0.1067 ndcg@20: 0.1320 ] 
2026-05-09 13:55:42,072 - Epoch 147  [recall@5: 0.1099 recall@10: 0.1708 recall@20: 0.2589 ] [ndcg@5: 0.0857 ndcg@10: 0.1067 ndcg@20: 0.1322 ] 
2026-05-09 13:55:49,750 - Epoch 150  [recall@5: 0.1090 recall@10: 0.1710 recall@20: 0.2588 ] [ndcg@5: 0.0855 ndcg@10: 0.1070 ndcg@20: 0.1324 ] 
2026-05-09 13:55:57,316 - Epoch 153  [recall@5: 0.1095 recall@10: 0.1719 recall@20: 0.2587 ] [ndcg@5: 0.0856 ndcg@10: 0.1072 ndcg@20: 0.1323 ] 
2026-05-09 13:56:05,095 - Epoch 156  [recall@5: 0.1102 recall@10: 0.1711 recall@20: 0.2602 ] [ndcg@5: 0.0860 ndcg@10: 0.1071 ndcg@20: 0.1328 ] 
2026-05-09 13:56:12,886 - Epoch 159  [recall@5: 0.1103 recall@10: 0.1713 recall@20: 0.2593 ] [ndcg@5: 0.0860 ndcg@10: 0.1071 ndcg@20: 0.1326 ] 
2026-05-09 13:56:20,835 - Epoch 162  [recall@5: 0.1100 recall@10: 0.1719 recall@20: 0.2593 ] [ndcg@5: 0.0861 ndcg@10: 0.1075 ndcg@20: 0.1328 ] 
2026-05-09 13:56:28,498 - Epoch 165  [recall@5: 0.1098 recall@10: 0.1723 recall@20: 0.2597 ] [ndcg@5: 0.0861 ndcg@10: 0.1077 ndcg@20: 0.1329 ] 
2026-05-09 13:56:36,061 - Epoch 168  [recall@5: 0.1108 recall@10: 0.1733 recall@20: 0.2592 ] [ndcg@5: 0.0866 ndcg@10: 0.1082 ndcg@20: 0.1330 ] 
2026-05-09 13:56:43,507 - Epoch 171  [recall@5: 0.1105 recall@10: 0.1751 recall@20: 0.2586 ] [ndcg@5: 0.0864 ndcg@10: 0.1086 ndcg@20: 0.1328 ] 
2026-05-09 13:56:44,592 - [recall@5: 0.1102 recall@10: 0.1711 recall@20: 0.2602 ] [ndcg@5: 0.0860 ndcg@10: 0.1071 ndcg@20: 0.1328 ] 
2026-05-09 13:56:45,869 - [recall@5: 0.1178 recall@10: 0.1758 recall@20: 0.2556 ] [ndcg@5: 0.0980 ndcg@10: 0.1191 ndcg@20: 0.1437 ] 
2026-05-09 13:56:45,892 - Save model parameters to ./checkpoint/lightgcn_agr/lightgcn_agr-digital_music-2025-20260509_134933.pth
2026-05-09 13:56:45,892 - Save run metadata to ./checkpoint/lightgcn_agr/lightgcn_agr-digital_music-2025-20260509_134933.json
2026-05-09 13:56:45,894 - Best Epoch 156. Final test result: {'recall': array([0.11776733, 0.17578515, 0.25555702]), 'ndcg': array([0.09804162, 0.11909284, 0.14368532])}.
