2026-05-10 01:50:34,125 - {'optimizer': {'name': 'adam', 'lr': 0.001, 'weight_decay': 0}, 'train': {'epoch': 100, 'batch_size': 4096, 'save_model': True, 'loss': 'pairwise', 'test_step': 3, 'reproducible': True, 'seed': 2026, 'patience': 5}, 'test': {'metrics': ['recall', 'ndcg'], 'k': [5, 10, 20], 'batch_size': 1024}, 'data': {'type': 'general_cf', 'name': 'digital_music', 'user_num': 5541, 'item_num': 3568}, 'model': {'name': 'lightgcn_agr', 'embedding_size': 32, 'edge_bias': 0.5, 'keep_rate': 0.9, 'mask_ratio': 0.15, 'recon_weight': 0.2, 're_temperature': 0.2, 'layer_num': 3, 'reg_weight': 1e-06, 'prf_weight': 0.1, 'kd_weight': 0.01, 'kd_temperature': 0.2, 'str_weight': 0.8, 'beta': 5.0, 'sigma': 0.25, 'alpha': 0.1, 'movie': {'layer_num': 3, 'reg_weight': 1e-07, 'kd_weight': 0.01, 'kd_temperature': 0.2, 'prf_weight': 0.02, 'str_weight': 1.2, 'beta': 3.5, 'sigma': 0.3, 'alpha': 0.15, 'keep_rate': 0.8}, 'amazon': {'layer_num': 3, 'reg_weight': 5e-07, 'kd_weight': 0.01, 'kd_temperature': 0.2, 'prf_weight': 0.03, 'str_weight': 1.5, 'beta': 4.0, 'sigma': 0.25, 'alpha': 0.2, 'keep_rate': 0.8}, 'steam': {'layer_num': 3, 'reg_weight': 1e-08, 'kd_weight': 0.001, 'kd_temperature': 0.1, 'prf_weight': 0.01, 'str_weight': 1.0, 'beta': 2.5, 'sigma': 0.2, 'alpha': 0.08, 'keep_rate': 0.8}, 'yelp': {'layer_num': 3, 'reg_weight': 1e-06, 'kd_weight': 0.001, 'kd_temperature': 0.2, 'prf_weight': 0.025, 'str_weight': 1.3, 'beta': 4.0, 'sigma': 0.28, 'alpha': 0.18, 'keep_rate': 0.8}}}
2026-05-10 01:50:40,198 - Epoch 0  [recall@5: 0.0201 recall@10: 0.0331 recall@20: 0.0522 ] [ndcg@5: 0.0158 ndcg@10: 0.0204 ndcg@20: 0.0260 ] 
2026-05-10 01:50:47,477 - Epoch 3  [recall@5: 0.0667 recall@10: 0.0981 recall@20: 0.1479 ] [ndcg@5: 0.0505 ndcg@10: 0.0619 ndcg@20: 0.0764 ] 
2026-05-10 01:50:56,539 - Epoch 6  [recall@5: 0.0758 recall@10: 0.1154 recall@20: 0.1745 ] [ndcg@5: 0.0578 ndcg@10: 0.0717 ndcg@20: 0.0889 ] 
2026-05-10 01:51:05,434 - Epoch 9  [recall@5: 0.0815 recall@10: 0.1237 recall@20: 0.1885 ] [ndcg@5: 0.0617 ndcg@10: 0.0765 ndcg@20: 0.0953 ] 
2026-05-10 01:51:14,685 - Epoch 12  [recall@5: 0.0815 recall@10: 0.1241 recall@20: 0.1861 ] [ndcg@5: 0.0626 ndcg@10: 0.0775 ndcg@20: 0.0958 ] 
2026-05-10 01:51:24,099 - Epoch 15  [recall@5: 0.0811 recall@10: 0.1241 recall@20: 0.1879 ] [ndcg@5: 0.0622 ndcg@10: 0.0773 ndcg@20: 0.0960 ] 
2026-05-10 01:51:33,478 - Epoch 18  [recall@5: 0.0832 recall@10: 0.1302 recall@20: 0.1930 ] [ndcg@5: 0.0643 ndcg@10: 0.0808 ndcg@20: 0.0992 ] 
2026-05-10 01:51:43,199 - Epoch 21  [recall@5: 0.0864 recall@10: 0.1359 recall@20: 0.1994 ] [ndcg@5: 0.0671 ndcg@10: 0.0844 ndcg@20: 0.1030 ] 
2026-05-10 01:51:52,611 - Epoch 24  [recall@5: 0.0904 recall@10: 0.1378 recall@20: 0.2068 ] [ndcg@5: 0.0696 ndcg@10: 0.0863 ndcg@20: 0.1066 ] 
2026-05-10 01:52:02,077 - Epoch 27  [recall@5: 0.0935 recall@10: 0.1433 recall@20: 0.2139 ] [ndcg@5: 0.0722 ndcg@10: 0.0895 ndcg@20: 0.1102 ] 
2026-05-10 01:52:12,172 - Epoch 30  [recall@5: 0.0971 recall@10: 0.1461 recall@20: 0.2208 ] [ndcg@5: 0.0744 ndcg@10: 0.0914 ndcg@20: 0.1134 ] 
2026-05-10 01:52:22,245 - Epoch 33  [recall@5: 0.1000 recall@10: 0.1494 recall@20: 0.2263 ] [ndcg@5: 0.0761 ndcg@10: 0.0932 ndcg@20: 0.1158 ] 
2026-05-10 01:52:32,335 - Epoch 36  [recall@5: 0.1004 recall@10: 0.1544 recall@20: 0.2296 ] [ndcg@5: 0.0769 ndcg@10: 0.0958 ndcg@20: 0.1179 ] 
2026-05-10 01:52:42,214 - Epoch 39  [recall@5: 0.1028 recall@10: 0.1569 recall@20: 0.2350 ] [ndcg@5: 0.0785 ndcg@10: 0.0974 ndcg@20: 0.1203 ] 
2026-05-10 01:52:52,733 - Epoch 42  [recall@5: 0.1041 recall@10: 0.1598 recall@20: 0.2405 ] [ndcg@5: 0.0797 ndcg@10: 0.0993 ndcg@20: 0.1228 ] 
2026-05-10 01:53:03,161 - Epoch 45  [recall@5: 0.1058 recall@10: 0.1604 recall@20: 0.2430 ] [ndcg@5: 0.0808 ndcg@10: 0.1001 ndcg@20: 0.1243 ] 
2026-05-10 01:53:13,639 - Epoch 48  [recall@5: 0.1071 recall@10: 0.1635 recall@20: 0.2461 ] [ndcg@5: 0.0818 ndcg@10: 0.1016 ndcg@20: 0.1257 ] 
2026-05-10 01:53:24,071 - Epoch 51  [recall@5: 0.1070 recall@10: 0.1653 recall@20: 0.2490 ] [ndcg@5: 0.0826 ndcg@10: 0.1031 ndcg@20: 0.1275 ] 
2026-05-10 01:53:34,297 - Epoch 54  [recall@5: 0.1096 recall@10: 0.1662 recall@20: 0.2505 ] [ndcg@5: 0.0840 ndcg@10: 0.1040 ndcg@20: 0.1286 ] 
2026-05-10 01:53:44,585 - Epoch 57  [recall@5: 0.1091 recall@10: 0.1670 recall@20: 0.2521 ] [ndcg@5: 0.0845 ndcg@10: 0.1050 ndcg@20: 0.1298 ] 
2026-05-10 01:53:55,142 - Epoch 60  [recall@5: 0.1102 recall@10: 0.1690 recall@20: 0.2552 ] [ndcg@5: 0.0853 ndcg@10: 0.1061 ndcg@20: 0.1311 ] 
2026-05-10 01:54:05,699 - Epoch 63  [recall@5: 0.1120 recall@10: 0.1709 recall@20: 0.2577 ] [ndcg@5: 0.0861 ndcg@10: 0.1070 ndcg@20: 0.1323 ] 
2026-05-10 01:54:16,218 - Epoch 66  [recall@5: 0.1120 recall@10: 0.1725 recall@20: 0.2577 ] [ndcg@5: 0.0865 ndcg@10: 0.1079 ndcg@20: 0.1328 ] 
2026-05-10 01:54:26,455 - Epoch 69  [recall@5: 0.1139 recall@10: 0.1740 recall@20: 0.2592 ] [ndcg@5: 0.0881 ndcg@10: 0.1093 ndcg@20: 0.1341 ] 
2026-05-10 01:54:36,930 - Epoch 72  [recall@5: 0.1138 recall@10: 0.1753 recall@20: 0.2600 ] [ndcg@5: 0.0881 ndcg@10: 0.1097 ndcg@20: 0.1345 ] 
2026-05-10 01:54:47,492 - Epoch 75  [recall@5: 0.1145 recall@10: 0.1762 recall@20: 0.2619 ] [ndcg@5: 0.0884 ndcg@10: 0.1101 ndcg@20: 0.1351 ] 
2026-05-10 01:54:57,846 - Epoch 78  [recall@5: 0.1150 recall@10: 0.1776 recall@20: 0.2624 ] [ndcg@5: 0.0886 ndcg@10: 0.1108 ndcg@20: 0.1354 ] 
2026-05-10 01:55:08,317 - Epoch 81  [recall@5: 0.1154 recall@10: 0.1781 recall@20: 0.2643 ] [ndcg@5: 0.0889 ndcg@10: 0.1111 ndcg@20: 0.1362 ] 
2026-05-10 01:55:18,458 - Epoch 84  [recall@5: 0.1181 recall@10: 0.1801 recall@20: 0.2645 ] [ndcg@5: 0.0905 ndcg@10: 0.1123 ndcg@20: 0.1369 ] 
2026-05-10 01:55:28,747 - Epoch 87  [recall@5: 0.1186 recall@10: 0.1816 recall@20: 0.2652 ] [ndcg@5: 0.0906 ndcg@10: 0.1128 ndcg@20: 0.1371 ] 
2026-05-10 01:55:39,241 - Epoch 90  [recall@5: 0.1184 recall@10: 0.1818 recall@20: 0.2660 ] [ndcg@5: 0.0907 ndcg@10: 0.1130 ndcg@20: 0.1375 ] 
2026-05-10 01:55:49,727 - Epoch 93  [recall@5: 0.1189 recall@10: 0.1823 recall@20: 0.2661 ] [ndcg@5: 0.0914 ndcg@10: 0.1136 ndcg@20: 0.1379 ] 
2026-05-10 01:56:00,226 - Epoch 96  [recall@5: 0.1191 recall@10: 0.1820 recall@20: 0.2659 ] [ndcg@5: 0.0917 ndcg@10: 0.1136 ndcg@20: 0.1381 ] 
2026-05-10 01:56:10,366 - Epoch 99  [recall@5: 0.1185 recall@10: 0.1832 recall@20: 0.2653 ] [ndcg@5: 0.0916 ndcg@10: 0.1143 ndcg@20: 0.1383 ] 
2026-05-10 01:56:11,236 - [recall@5: 0.1189 recall@10: 0.1823 recall@20: 0.2661 ] [ndcg@5: 0.0914 ndcg@10: 0.1136 ndcg@20: 0.1379 ] 
2026-05-10 01:56:12,165 - [recall@5: 0.1213 recall@10: 0.1841 recall@20: 0.2641 ] [ndcg@5: 0.1028 ndcg@10: 0.1255 ndcg@20: 0.1503 ] 
2026-05-10 01:56:12,189 - Save model parameters to ./checkpoint/lightgcn_agr/lightgcn_agr-digital_music-2026-20260510_015029_autotune_digital_digital_music_s05_str_weight_0p8.pth
2026-05-10 01:56:12,189 - Save run metadata to ./checkpoint/lightgcn_agr/lightgcn_agr-digital_music-2026-20260510_015029_autotune_digital_digital_music_s05_str_weight_0p8.json
2026-05-10 01:56:12,191 - Best Epoch 93. Final test result: {'recall': array([0.12127594, 0.18408591, 0.26408788]), 'ndcg': array([0.10275884, 0.12548802, 0.15029302])}.
