2026-05-09 17:03:35,099 - {'optimizer': {'name': 'adam', 'lr': 0.001, 'weight_decay': 0}, 'train': {'epoch': 200, 'batch_size': 4096, 'save_model': True, 'loss': 'pairwise', 'test_step': 3, 'reproducible': True, 'seed': 2025, 'patience': 5}, 'test': {'metrics': ['recall', 'ndcg'], 'k': [5, 10, 20], 'batch_size': 1024}, 'data': {'type': 'general_cf', 'name': 'digital_music', 'user_num': 5541, 'item_num': 3568}, 'model': {'name': 'lightgcn_agr', 'embedding_size': 32, 'edge_bias': 0.5, 'keep_rate': 0.8, 'mask_ratio': 0.15, 'recon_weight': 0.2, 're_temperature': 0.2, 'layer_num': 3, 'reg_weight': 5e-06, 'prf_weight': 0.02, 'kd_weight': 0.01, 'kd_temperature': 0.2, 'str_weight': 1.0, 'beta': 5.0, 'sigma': 0.25, 'alpha': 0.1, 'movie': {'layer_num': 3, 'reg_weight': 1e-07, 'kd_weight': 0.01, 'kd_temperature': 0.2, 'prf_weight': 0.02, 'str_weight': 1.2, 'beta': 3.5, 'sigma': 0.3, 'alpha': 0.15, 'keep_rate': 0.8}, 'amazon': {'layer_num': 3, 'reg_weight': 5e-07, 'kd_weight': 0.01, 'kd_temperature': 0.2, 'prf_weight': 0.03, 'str_weight': 1.5, 'beta': 4.0, 'sigma': 0.25, 'alpha': 0.2, 'keep_rate': 0.8}, 'steam': {'layer_num': 3, 'reg_weight': 1e-08, 'kd_weight': 0.001, 'kd_temperature': 0.1, 'prf_weight': 0.01, 'str_weight': 1.0, 'beta': 2.5, 'sigma': 0.2, 'alpha': 0.08, 'keep_rate': 0.8}, 'yelp': {'layer_num': 3, 'reg_weight': 1e-06, 'kd_weight': 0.001, 'kd_temperature': 0.2, 'prf_weight': 0.025, 'str_weight': 1.3, 'beta': 4.0, 'sigma': 0.28, 'alpha': 0.18, 'keep_rate': 0.8}}}
2026-05-09 17:03:42,013 - Epoch 0  [recall@5: 0.0132 recall@10: 0.0230 recall@20: 0.0366 ] [ndcg@5: 0.0108 ndcg@10: 0.0142 ndcg@20: 0.0181 ] 
2026-05-09 17:03:49,922 - Epoch 3  [recall@5: 0.0661 recall@10: 0.1016 recall@20: 0.1490 ] [ndcg@5: 0.0530 ndcg@10: 0.0650 ndcg@20: 0.0790 ] 
2026-05-09 17:03:57,611 - Epoch 6  [recall@5: 0.0756 recall@10: 0.1178 recall@20: 0.1828 ] [ndcg@5: 0.0600 ndcg@10: 0.0747 ndcg@20: 0.0937 ] 
2026-05-09 17:04:05,241 - Epoch 9  [recall@5: 0.0764 recall@10: 0.1205 recall@20: 0.1909 ] [ndcg@5: 0.0603 ndcg@10: 0.0755 ndcg@20: 0.0961 ] 
2026-05-09 17:04:12,804 - Epoch 12  [recall@5: 0.0770 recall@10: 0.1224 recall@20: 0.1929 ] [ndcg@5: 0.0602 ndcg@10: 0.0758 ndcg@20: 0.0963 ] 
2026-05-09 17:04:20,523 - Epoch 15  [recall@5: 0.0782 recall@10: 0.1208 recall@20: 0.1953 ] [ndcg@5: 0.0607 ndcg@10: 0.0755 ndcg@20: 0.0972 ] 
2026-05-09 17:04:28,172 - Epoch 18  [recall@5: 0.0793 recall@10: 0.1271 recall@20: 0.2001 ] [ndcg@5: 0.0619 ndcg@10: 0.0785 ndcg@20: 0.0995 ] 
2026-05-09 17:04:35,738 - Epoch 21  [recall@5: 0.0803 recall@10: 0.1292 recall@20: 0.2038 ] [ndcg@5: 0.0631 ndcg@10: 0.0801 ndcg@20: 0.1019 ] 
2026-05-09 17:04:43,449 - Epoch 24  [recall@5: 0.0831 recall@10: 0.1322 recall@20: 0.2080 ] [ndcg@5: 0.0649 ndcg@10: 0.0820 ndcg@20: 0.1042 ] 
2026-05-09 17:04:51,299 - Epoch 27  [recall@5: 0.0859 recall@10: 0.1352 recall@20: 0.2114 ] [ndcg@5: 0.0667 ndcg@10: 0.0838 ndcg@20: 0.1062 ] 
2026-05-09 17:04:58,975 - Epoch 30  [recall@5: 0.0872 recall@10: 0.1396 recall@20: 0.2166 ] [ndcg@5: 0.0676 ndcg@10: 0.0859 ndcg@20: 0.1083 ] 
2026-05-09 17:05:06,703 - Epoch 33  [recall@5: 0.0896 recall@10: 0.1435 recall@20: 0.2196 ] [ndcg@5: 0.0688 ndcg@10: 0.0875 ndcg@20: 0.1097 ] 
2026-05-09 17:05:14,263 - Epoch 36  [recall@5: 0.0909 recall@10: 0.1471 recall@20: 0.2235 ] [ndcg@5: 0.0698 ndcg@10: 0.0892 ndcg@20: 0.1116 ] 
2026-05-09 17:05:21,886 - Epoch 39  [recall@5: 0.0925 recall@10: 0.1490 recall@20: 0.2243 ] [ndcg@5: 0.0706 ndcg@10: 0.0902 ndcg@20: 0.1124 ] 
2026-05-09 17:05:29,446 - Epoch 42  [recall@5: 0.0939 recall@10: 0.1490 recall@20: 0.2274 ] [ndcg@5: 0.0715 ndcg@10: 0.0906 ndcg@20: 0.1136 ] 
2026-05-09 17:05:36,826 - Epoch 45  [recall@5: 0.0938 recall@10: 0.1520 recall@20: 0.2291 ] [ndcg@5: 0.0718 ndcg@10: 0.0919 ndcg@20: 0.1145 ] 
2026-05-09 17:05:44,395 - Epoch 48  [recall@5: 0.0947 recall@10: 0.1524 recall@20: 0.2300 ] [ndcg@5: 0.0725 ndcg@10: 0.0924 ndcg@20: 0.1152 ] 
2026-05-09 17:05:51,881 - Epoch 51  [recall@5: 0.0960 recall@10: 0.1541 recall@20: 0.2317 ] [ndcg@5: 0.0739 ndcg@10: 0.0938 ndcg@20: 0.1166 ] 
2026-05-09 17:05:59,648 - Epoch 54  [recall@5: 0.0973 recall@10: 0.1547 recall@20: 0.2333 ] [ndcg@5: 0.0745 ndcg@10: 0.0942 ndcg@20: 0.1173 ] 
2026-05-09 17:06:07,213 - Epoch 57  [recall@5: 0.0967 recall@10: 0.1571 recall@20: 0.2342 ] [ndcg@5: 0.0745 ndcg@10: 0.0953 ndcg@20: 0.1180 ] 
2026-05-09 17:06:14,668 - Epoch 60  [recall@5: 0.0975 recall@10: 0.1573 recall@20: 0.2363 ] [ndcg@5: 0.0750 ndcg@10: 0.0957 ndcg@20: 0.1189 ] 
2026-05-09 17:06:22,236 - Epoch 63  [recall@5: 0.0992 recall@10: 0.1601 recall@20: 0.2382 ] [ndcg@5: 0.0758 ndcg@10: 0.0969 ndcg@20: 0.1197 ] 
2026-05-09 17:06:30,081 - Epoch 66  [recall@5: 0.0998 recall@10: 0.1606 recall@20: 0.2385 ] [ndcg@5: 0.0765 ndcg@10: 0.0976 ndcg@20: 0.1205 ] 
2026-05-09 17:06:37,727 - Epoch 69  [recall@5: 0.1002 recall@10: 0.1621 recall@20: 0.2399 ] [ndcg@5: 0.0775 ndcg@10: 0.0990 ndcg@20: 0.1217 ] 
2026-05-09 17:06:45,412 - Epoch 72  [recall@5: 0.1015 recall@10: 0.1622 recall@20: 0.2405 ] [ndcg@5: 0.0782 ndcg@10: 0.0992 ndcg@20: 0.1222 ] 
2026-05-09 17:06:53,150 - Epoch 75  [recall@5: 0.1008 recall@10: 0.1644 recall@20: 0.2415 ] [ndcg@5: 0.0782 ndcg@10: 0.1003 ndcg@20: 0.1228 ] 
2026-05-09 17:07:00,744 - Epoch 78  [recall@5: 0.1017 recall@10: 0.1648 recall@20: 0.2421 ] [ndcg@5: 0.0789 ndcg@10: 0.1008 ndcg@20: 0.1234 ] 
2026-05-09 17:07:08,160 - Epoch 81  [recall@5: 0.1018 recall@10: 0.1652 recall@20: 0.2433 ] [ndcg@5: 0.0790 ndcg@10: 0.1011 ndcg@20: 0.1240 ] 
2026-05-09 17:07:15,805 - Epoch 84  [recall@5: 0.1029 recall@10: 0.1649 recall@20: 0.2449 ] [ndcg@5: 0.0797 ndcg@10: 0.1014 ndcg@20: 0.1246 ] 
2026-05-09 17:07:23,471 - Epoch 87  [recall@5: 0.1032 recall@10: 0.1662 recall@20: 0.2462 ] [ndcg@5: 0.0796 ndcg@10: 0.1016 ndcg@20: 0.1249 ] 
2026-05-09 17:07:31,385 - Epoch 90  [recall@5: 0.1036 recall@10: 0.1662 recall@20: 0.2477 ] [ndcg@5: 0.0803 ndcg@10: 0.1020 ndcg@20: 0.1258 ] 
2026-05-09 17:07:39,010 - Epoch 93  [recall@5: 0.1035 recall@10: 0.1662 recall@20: 0.2488 ] [ndcg@5: 0.0803 ndcg@10: 0.1021 ndcg@20: 0.1261 ] 
2026-05-09 17:07:46,753 - Epoch 96  [recall@5: 0.1045 recall@10: 0.1662 recall@20: 0.2509 ] [ndcg@5: 0.0810 ndcg@10: 0.1024 ndcg@20: 0.1270 ] 
2026-05-09 17:07:54,535 - Epoch 99  [recall@5: 0.1052 recall@10: 0.1663 recall@20: 0.2511 ] [ndcg@5: 0.0813 ndcg@10: 0.1027 ndcg@20: 0.1273 ] 
2026-05-09 17:08:02,225 - Epoch 102  [recall@5: 0.1057 recall@10: 0.1674 recall@20: 0.2520 ] [ndcg@5: 0.0819 ndcg@10: 0.1035 ndcg@20: 0.1280 ] 
2026-05-09 17:08:09,885 - Epoch 105  [recall@5: 0.1065 recall@10: 0.1678 recall@20: 0.2522 ] [ndcg@5: 0.0823 ndcg@10: 0.1035 ndcg@20: 0.1280 ] 
2026-05-09 17:08:17,517 - Epoch 108  [recall@5: 0.1060 recall@10: 0.1676 recall@20: 0.2534 ] [ndcg@5: 0.0826 ndcg@10: 0.1039 ndcg@20: 0.1288 ] 
2026-05-09 17:08:24,944 - Epoch 111  [recall@5: 0.1069 recall@10: 0.1688 recall@20: 0.2545 ] [ndcg@5: 0.0834 ndcg@10: 0.1047 ndcg@20: 0.1295 ] 
2026-05-09 17:08:32,667 - Epoch 114  [recall@5: 0.1070 recall@10: 0.1689 recall@20: 0.2556 ] [ndcg@5: 0.0832 ndcg@10: 0.1046 ndcg@20: 0.1297 ] 
2026-05-09 17:08:40,118 - Epoch 117  [recall@5: 0.1085 recall@10: 0.1698 recall@20: 0.2546 ] [ndcg@5: 0.0842 ndcg@10: 0.1053 ndcg@20: 0.1299 ] 
2026-05-09 17:08:47,609 - Epoch 120  [recall@5: 0.1086 recall@10: 0.1685 recall@20: 0.2556 ] [ndcg@5: 0.0843 ndcg@10: 0.1050 ndcg@20: 0.1302 ] 
2026-05-09 17:08:55,103 - Epoch 123  [recall@5: 0.1078 recall@10: 0.1686 recall@20: 0.2568 ] [ndcg@5: 0.0838 ndcg@10: 0.1049 ndcg@20: 0.1303 ] 
2026-05-09 17:09:02,571 - Epoch 126  [recall@5: 0.1083 recall@10: 0.1693 recall@20: 0.2564 ] [ndcg@5: 0.0843 ndcg@10: 0.1054 ndcg@20: 0.1305 ] 
2026-05-09 17:09:10,404 - Epoch 129  [recall@5: 0.1091 recall@10: 0.1702 recall@20: 0.2566 ] [ndcg@5: 0.0848 ndcg@10: 0.1059 ndcg@20: 0.1309 ] 
2026-05-09 17:09:18,122 - Epoch 132  [recall@5: 0.1090 recall@10: 0.1704 recall@20: 0.2575 ] [ndcg@5: 0.0848 ndcg@10: 0.1061 ndcg@20: 0.1314 ] 
2026-05-09 17:09:25,600 - Epoch 135  [recall@5: 0.1093 recall@10: 0.1705 recall@20: 0.2582 ] [ndcg@5: 0.0852 ndcg@10: 0.1063 ndcg@20: 0.1317 ] 
2026-05-09 17:09:33,203 - Epoch 138  [recall@5: 0.1099 recall@10: 0.1704 recall@20: 0.2579 ] [ndcg@5: 0.0855 ndcg@10: 0.1063 ndcg@20: 0.1317 ] 
2026-05-09 17:09:40,798 - Epoch 141  [recall@5: 0.1098 recall@10: 0.1700 recall@20: 0.2582 ] [ndcg@5: 0.0856 ndcg@10: 0.1065 ndcg@20: 0.1321 ] 
2026-05-09 17:09:48,394 - Epoch 144  [recall@5: 0.1099 recall@10: 0.1705 recall@20: 0.2574 ] [ndcg@5: 0.0856 ndcg@10: 0.1067 ndcg@20: 0.1319 ] 
2026-05-09 17:09:55,794 - Epoch 147  [recall@5: 0.1097 recall@10: 0.1705 recall@20: 0.2591 ] [ndcg@5: 0.0856 ndcg@10: 0.1066 ndcg@20: 0.1323 ] 
2026-05-09 17:10:03,377 - Epoch 150  [recall@5: 0.1092 recall@10: 0.1717 recall@20: 0.2589 ] [ndcg@5: 0.0853 ndcg@10: 0.1070 ndcg@20: 0.1322 ] 
2026-05-09 17:10:10,845 - Epoch 153  [recall@5: 0.1095 recall@10: 0.1720 recall@20: 0.2581 ] [ndcg@5: 0.0856 ndcg@10: 0.1072 ndcg@20: 0.1322 ] 
2026-05-09 17:10:18,223 - Epoch 156  [recall@5: 0.1100 recall@10: 0.1715 recall@20: 0.2597 ] [ndcg@5: 0.0860 ndcg@10: 0.1073 ndcg@20: 0.1328 ] 
2026-05-09 17:10:25,955 - Epoch 159  [recall@5: 0.1101 recall@10: 0.1714 recall@20: 0.2593 ] [ndcg@5: 0.0860 ndcg@10: 0.1073 ndcg@20: 0.1327 ] 
2026-05-09 17:10:33,406 - Epoch 162  [recall@5: 0.1099 recall@10: 0.1719 recall@20: 0.2593 ] [ndcg@5: 0.0860 ndcg@10: 0.1075 ndcg@20: 0.1328 ] 
2026-05-09 17:10:40,951 - Epoch 165  [recall@5: 0.1102 recall@10: 0.1725 recall@20: 0.2597 ] [ndcg@5: 0.0862 ndcg@10: 0.1077 ndcg@20: 0.1329 ] 
2026-05-09 17:10:48,506 - Epoch 168  [recall@5: 0.1109 recall@10: 0.1734 recall@20: 0.2583 ] [ndcg@5: 0.0867 ndcg@10: 0.1083 ndcg@20: 0.1329 ] 
2026-05-09 17:10:56,024 - Epoch 171  [recall@5: 0.1108 recall@10: 0.1748 recall@20: 0.2583 ] [ndcg@5: 0.0866 ndcg@10: 0.1086 ndcg@20: 0.1329 ] 
2026-05-09 17:10:57,107 - [recall@5: 0.1100 recall@10: 0.1715 recall@20: 0.2597 ] [ndcg@5: 0.0860 ndcg@10: 0.1073 ndcg@20: 0.1328 ] 
2026-05-09 17:10:58,304 - [recall@5: 0.1178 recall@10: 0.1758 recall@20: 0.2555 ] [ndcg@5: 0.0980 ndcg@10: 0.1192 ndcg@20: 0.1437 ] 
2026-05-09 17:10:58,322 - Save model parameters to ./checkpoint/lightgcn_agr/lightgcn_agr-digital_music-2025-20260509_170329.pth
2026-05-09 17:10:58,322 - Save run metadata to ./checkpoint/lightgcn_agr/lightgcn_agr-digital_music-2025-20260509_170329.json
2026-05-09 17:10:58,323 - Best Epoch 156. Final test result: {'recall': array([0.11776089, 0.17580315, 0.255496  ]), 'ndcg': array([0.09804491, 0.11916289, 0.14372308])}.
