2026-05-10 02:02:19,874 - {'optimizer': {'name': 'adam', 'lr': 0.001, 'weight_decay': 0}, 'train': {'epoch': 100, 'batch_size': 4096, 'save_model': True, 'loss': 'pairwise', 'test_step': 3, 'reproducible': True, 'seed': 2026, 'patience': 5}, 'test': {'metrics': ['recall', 'ndcg'], 'k': [5, 10, 20], 'batch_size': 1024}, 'data': {'type': 'general_cf', 'name': 'digital_music', 'user_num': 5541, 'item_num': 3568}, 'model': {'name': 'lightgcn_agr', 'embedding_size': 32, 'edge_bias': 0.5, 'keep_rate': 0.9, 'mask_ratio': 0.15, 'recon_weight': 0.2, 're_temperature': 0.2, 'layer_num': 3, 'reg_weight': 1e-06, 'prf_weight': 0.1, 'kd_weight': 0.01, 'kd_temperature': 0.2, 'str_weight': 1.3, 'beta': 5.0, 'sigma': 0.25, 'alpha': 0.1, 'movie': {'layer_num': 3, 'reg_weight': 1e-07, 'kd_weight': 0.01, 'kd_temperature': 0.2, 'prf_weight': 0.02, 'str_weight': 1.2, 'beta': 3.5, 'sigma': 0.3, 'alpha': 0.15, 'keep_rate': 0.8}, 'amazon': {'layer_num': 3, 'reg_weight': 5e-07, 'kd_weight': 0.01, 'kd_temperature': 0.2, 'prf_weight': 0.03, 'str_weight': 1.5, 'beta': 4.0, 'sigma': 0.25, 'alpha': 0.2, 'keep_rate': 0.8}, 'steam': {'layer_num': 3, 'reg_weight': 1e-08, 'kd_weight': 0.001, 'kd_temperature': 0.1, 'prf_weight': 0.01, 'str_weight': 1.0, 'beta': 2.5, 'sigma': 0.2, 'alpha': 0.08, 'keep_rate': 0.8}, 'yelp': {'layer_num': 3, 'reg_weight': 1e-06, 'kd_weight': 0.001, 'kd_temperature': 0.2, 'prf_weight': 0.025, 'str_weight': 1.3, 'beta': 4.0, 'sigma': 0.28, 'alpha': 0.18, 'keep_rate': 0.8}}}
2026-05-10 02:02:25,880 - Epoch 0  [recall@5: 0.0200 recall@10: 0.0325 recall@20: 0.0505 ] [ndcg@5: 0.0160 ndcg@10: 0.0205 ndcg@20: 0.0258 ] 
2026-05-10 02:02:33,177 - Epoch 3  [recall@5: 0.0686 recall@10: 0.0997 recall@20: 0.1492 ] [ndcg@5: 0.0517 ndcg@10: 0.0630 ndcg@20: 0.0773 ] 
2026-05-10 02:02:43,169 - Epoch 6  [recall@5: 0.0771 recall@10: 0.1183 recall@20: 0.1781 ] [ndcg@5: 0.0591 ndcg@10: 0.0735 ndcg@20: 0.0908 ] 
2026-05-10 02:02:52,436 - Epoch 9  [recall@5: 0.0839 recall@10: 0.1243 recall@20: 0.1925 ] [ndcg@5: 0.0635 ndcg@10: 0.0776 ndcg@20: 0.0974 ] 
2026-05-10 02:03:02,248 - Epoch 12  [recall@5: 0.0822 recall@10: 0.1256 recall@20: 0.1873 ] [ndcg@5: 0.0631 ndcg@10: 0.0782 ndcg@20: 0.0965 ] 
2026-05-10 02:03:11,858 - Epoch 15  [recall@5: 0.0817 recall@10: 0.1262 recall@20: 0.1900 ] [ndcg@5: 0.0631 ndcg@10: 0.0786 ndcg@20: 0.0972 ] 
2026-05-10 02:03:21,512 - Epoch 18  [recall@5: 0.0844 recall@10: 0.1311 recall@20: 0.1933 ] [ndcg@5: 0.0651 ndcg@10: 0.0815 ndcg@20: 0.0998 ] 
2026-05-10 02:03:31,235 - Epoch 21  [recall@5: 0.0866 recall@10: 0.1363 recall@20: 0.2009 ] [ndcg@5: 0.0673 ndcg@10: 0.0848 ndcg@20: 0.1037 ] 
2026-05-10 02:03:40,550 - Epoch 24  [recall@5: 0.0912 recall@10: 0.1392 recall@20: 0.2085 ] [ndcg@5: 0.0700 ndcg@10: 0.0867 ndcg@20: 0.1072 ] 
2026-05-10 02:03:50,494 - Epoch 27  [recall@5: 0.0948 recall@10: 0.1439 recall@20: 0.2146 ] [ndcg@5: 0.0729 ndcg@10: 0.0899 ndcg@20: 0.1107 ] 
2026-05-10 02:04:00,585 - Epoch 30  [recall@5: 0.0965 recall@10: 0.1473 recall@20: 0.2221 ] [ndcg@5: 0.0745 ndcg@10: 0.0922 ndcg@20: 0.1141 ] 
2026-05-10 02:04:10,687 - Epoch 33  [recall@5: 0.1002 recall@10: 0.1519 recall@20: 0.2269 ] [ndcg@5: 0.0762 ndcg@10: 0.0942 ndcg@20: 0.1162 ] 
2026-05-10 02:04:20,728 - Epoch 36  [recall@5: 0.1018 recall@10: 0.1546 recall@20: 0.2323 ] [ndcg@5: 0.0775 ndcg@10: 0.0960 ndcg@20: 0.1188 ] 
2026-05-10 02:04:30,414 - Epoch 39  [recall@5: 0.1020 recall@10: 0.1575 recall@20: 0.2356 ] [ndcg@5: 0.0781 ndcg@10: 0.0977 ndcg@20: 0.1206 ] 
2026-05-10 02:04:40,381 - Epoch 42  [recall@5: 0.1045 recall@10: 0.1596 recall@20: 0.2404 ] [ndcg@5: 0.0798 ndcg@10: 0.0992 ndcg@20: 0.1228 ] 
2026-05-10 02:04:50,438 - Epoch 45  [recall@5: 0.1060 recall@10: 0.1615 recall@20: 0.2441 ] [ndcg@5: 0.0809 ndcg@10: 0.1004 ndcg@20: 0.1246 ] 
2026-05-10 02:05:00,552 - Epoch 48  [recall@5: 0.1073 recall@10: 0.1636 recall@20: 0.2463 ] [ndcg@5: 0.0821 ndcg@10: 0.1019 ndcg@20: 0.1261 ] 
2026-05-10 02:05:10,704 - Epoch 51  [recall@5: 0.1080 recall@10: 0.1646 recall@20: 0.2513 ] [ndcg@5: 0.0828 ndcg@10: 0.1028 ndcg@20: 0.1280 ] 
2026-05-10 02:05:20,503 - Epoch 54  [recall@5: 0.1093 recall@10: 0.1667 recall@20: 0.2521 ] [ndcg@5: 0.0839 ndcg@10: 0.1042 ndcg@20: 0.1290 ] 
2026-05-10 02:05:30,394 - Epoch 57  [recall@5: 0.1092 recall@10: 0.1690 recall@20: 0.2532 ] [ndcg@5: 0.0842 ndcg@10: 0.1053 ndcg@20: 0.1299 ] 
2026-05-10 02:05:40,496 - Epoch 60  [recall@5: 0.1108 recall@10: 0.1701 recall@20: 0.2557 ] [ndcg@5: 0.0853 ndcg@10: 0.1063 ndcg@20: 0.1312 ] 
2026-05-10 02:05:50,624 - Epoch 63  [recall@5: 0.1113 recall@10: 0.1727 recall@20: 0.2565 ] [ndcg@5: 0.0862 ndcg@10: 0.1079 ndcg@20: 0.1324 ] 
2026-05-10 02:06:00,745 - Epoch 66  [recall@5: 0.1116 recall@10: 0.1735 recall@20: 0.2580 ] [ndcg@5: 0.0866 ndcg@10: 0.1086 ndcg@20: 0.1333 ] 
2026-05-10 02:06:10,773 - Epoch 69  [recall@5: 0.1131 recall@10: 0.1744 recall@20: 0.2601 ] [ndcg@5: 0.0874 ndcg@10: 0.1091 ndcg@20: 0.1341 ] 
2026-05-10 02:06:20,850 - Epoch 72  [recall@5: 0.1136 recall@10: 0.1762 recall@20: 0.2603 ] [ndcg@5: 0.0876 ndcg@10: 0.1098 ndcg@20: 0.1343 ] 
2026-05-10 02:06:30,897 - Epoch 75  [recall@5: 0.1151 recall@10: 0.1778 recall@20: 0.2630 ] [ndcg@5: 0.0885 ndcg@10: 0.1106 ndcg@20: 0.1354 ] 
2026-05-10 02:06:40,884 - Epoch 78  [recall@5: 0.1148 recall@10: 0.1785 recall@20: 0.2634 ] [ndcg@5: 0.0886 ndcg@10: 0.1111 ndcg@20: 0.1357 ] 
2026-05-10 02:06:51,015 - Epoch 81  [recall@5: 0.1171 recall@10: 0.1800 recall@20: 0.2645 ] [ndcg@5: 0.0896 ndcg@10: 0.1119 ndcg@20: 0.1364 ] 
2026-05-10 02:07:00,847 - Epoch 84  [recall@5: 0.1172 recall@10: 0.1810 recall@20: 0.2658 ] [ndcg@5: 0.0897 ndcg@10: 0.1124 ndcg@20: 0.1369 ] 
2026-05-10 02:07:10,795 - Epoch 87  [recall@5: 0.1181 recall@10: 0.1821 recall@20: 0.2669 ] [ndcg@5: 0.0903 ndcg@10: 0.1130 ndcg@20: 0.1374 ] 
2026-05-10 02:07:20,837 - Epoch 90  [recall@5: 0.1169 recall@10: 0.1824 recall@20: 0.2665 ] [ndcg@5: 0.0900 ndcg@10: 0.1131 ndcg@20: 0.1374 ] 
2026-05-10 02:07:31,076 - Epoch 93  [recall@5: 0.1182 recall@10: 0.1811 recall@20: 0.2668 ] [ndcg@5: 0.0906 ndcg@10: 0.1127 ndcg@20: 0.1377 ] 
2026-05-10 02:07:41,189 - Epoch 96  [recall@5: 0.1176 recall@10: 0.1825 recall@20: 0.2668 ] [ndcg@5: 0.0906 ndcg@10: 0.1134 ndcg@20: 0.1379 ] 
2026-05-10 02:07:51,077 - Epoch 99  [recall@5: 0.1185 recall@10: 0.1817 recall@20: 0.2661 ] [ndcg@5: 0.0912 ndcg@10: 0.1133 ndcg@20: 0.1380 ] 
2026-05-10 02:07:51,946 - [recall@5: 0.1181 recall@10: 0.1821 recall@20: 0.2669 ] [ndcg@5: 0.0903 ndcg@10: 0.1130 ndcg@20: 0.1374 ] 
2026-05-10 02:07:52,906 - [recall@5: 0.1206 recall@10: 0.1834 recall@20: 0.2618 ] [ndcg@5: 0.1017 ndcg@10: 0.1243 ndcg@20: 0.1487 ] 
2026-05-10 02:07:52,918 - Save model parameters to ./checkpoint/lightgcn_agr/lightgcn_agr-digital_music-2026-20260510_020214_autotune_digital_digital_music_s05_str_weight_1p3.pth
2026-05-10 02:07:52,918 - Save run metadata to ./checkpoint/lightgcn_agr/lightgcn_agr-digital_music-2026-20260510_020214_autotune_digital_digital_music_s05_str_weight_1p3.json
2026-05-10 02:07:52,919 - Best Epoch 87. Final test result: {'recall': array([0.12058921, 0.1833606 , 0.26176744]), 'ndcg': array([0.10167517, 0.12433872, 0.14870187])}.
