2026-05-09 16:50:58,765 - {'optimizer': {'name': 'adam', 'lr': 0.001, 'weight_decay': 0}, 'train': {'epoch': 200, 'batch_size': 4096, 'save_model': True, 'loss': 'pairwise', 'test_step': 3, 'reproducible': True, 'seed': 2025, 'patience': 5}, 'test': {'metrics': ['recall', 'ndcg'], 'k': [5, 10, 20], 'batch_size': 1024}, 'data': {'type': 'general_cf', 'name': 'digital_music', 'user_num': 5541, 'item_num': 3568}, 'model': {'name': 'lightgcn_agr', 'embedding_size': 32, 'edge_bias': 0.5, 'keep_rate': 0.8, 'mask_ratio': 0.15, 'recon_weight': 0.2, 're_temperature': 0.2, 'layer_num': 3, 'reg_weight': 2e-06, 'prf_weight': 0.02, 'kd_weight': 0.01, 'kd_temperature': 0.2, 'str_weight': 1.0, 'beta': 5.0, 'sigma': 0.25, 'alpha': 0.1, 'movie': {'layer_num': 3, 'reg_weight': 1e-07, 'kd_weight': 0.01, 'kd_temperature': 0.2, 'prf_weight': 0.02, 'str_weight': 1.2, 'beta': 3.5, 'sigma': 0.3, 'alpha': 0.15, 'keep_rate': 0.8}, 'amazon': {'layer_num': 3, 'reg_weight': 5e-07, 'kd_weight': 0.01, 'kd_temperature': 0.2, 'prf_weight': 0.03, 'str_weight': 1.5, 'beta': 4.0, 'sigma': 0.25, 'alpha': 0.2, 'keep_rate': 0.8}, 'steam': {'layer_num': 3, 'reg_weight': 1e-08, 'kd_weight': 0.001, 'kd_temperature': 0.1, 'prf_weight': 0.01, 'str_weight': 1.0, 'beta': 2.5, 'sigma': 0.2, 'alpha': 0.08, 'keep_rate': 0.8}, 'yelp': {'layer_num': 3, 'reg_weight': 1e-06, 'kd_weight': 0.001, 'kd_temperature': 0.2, 'prf_weight': 0.025, 'str_weight': 1.3, 'beta': 4.0, 'sigma': 0.28, 'alpha': 0.18, 'keep_rate': 0.8}}}
2026-05-09 16:51:05,658 - Epoch 0  [recall@5: 0.0132 recall@10: 0.0230 recall@20: 0.0366 ] [ndcg@5: 0.0108 ndcg@10: 0.0142 ndcg@20: 0.0181 ] 
2026-05-09 16:51:12,064 - Epoch 3  [recall@5: 0.0661 recall@10: 0.1016 recall@20: 0.1490 ] [ndcg@5: 0.0529 ndcg@10: 0.0649 ndcg@20: 0.0790 ] 
2026-05-09 16:51:18,658 - Epoch 6  [recall@5: 0.0756 recall@10: 0.1178 recall@20: 0.1830 ] [ndcg@5: 0.0601 ndcg@10: 0.0747 ndcg@20: 0.0938 ] 
2026-05-09 16:51:24,625 - Epoch 9  [recall@5: 0.0764 recall@10: 0.1203 recall@20: 0.1905 ] [ndcg@5: 0.0603 ndcg@10: 0.0754 ndcg@20: 0.0960 ] 
2026-05-09 16:51:30,536 - Epoch 12  [recall@5: 0.0770 recall@10: 0.1221 recall@20: 0.1930 ] [ndcg@5: 0.0602 ndcg@10: 0.0758 ndcg@20: 0.0963 ] 
2026-05-09 16:51:36,521 - Epoch 15  [recall@5: 0.0782 recall@10: 0.1208 recall@20: 0.1953 ] [ndcg@5: 0.0607 ndcg@10: 0.0755 ndcg@20: 0.0972 ] 
2026-05-09 16:51:42,479 - Epoch 18  [recall@5: 0.0793 recall@10: 0.1270 recall@20: 0.2001 ] [ndcg@5: 0.0619 ndcg@10: 0.0784 ndcg@20: 0.0995 ] 
2026-05-09 16:51:49,220 - Epoch 21  [recall@5: 0.0804 recall@10: 0.1292 recall@20: 0.2038 ] [ndcg@5: 0.0631 ndcg@10: 0.0801 ndcg@20: 0.1019 ] 
2026-05-09 16:51:56,452 - Epoch 24  [recall@5: 0.0831 recall@10: 0.1324 recall@20: 0.2078 ] [ndcg@5: 0.0649 ndcg@10: 0.0821 ndcg@20: 0.1042 ] 
2026-05-09 16:52:03,464 - Epoch 27  [recall@5: 0.0858 recall@10: 0.1349 recall@20: 0.2115 ] [ndcg@5: 0.0667 ndcg@10: 0.0837 ndcg@20: 0.1062 ] 
2026-05-09 16:52:10,334 - Epoch 30  [recall@5: 0.0872 recall@10: 0.1398 recall@20: 0.2164 ] [ndcg@5: 0.0676 ndcg@10: 0.0859 ndcg@20: 0.1083 ] 
2026-05-09 16:52:17,060 - Epoch 33  [recall@5: 0.0895 recall@10: 0.1438 recall@20: 0.2196 ] [ndcg@5: 0.0688 ndcg@10: 0.0876 ndcg@20: 0.1097 ] 
2026-05-09 16:52:23,907 - Epoch 36  [recall@5: 0.0909 recall@10: 0.1469 recall@20: 0.2233 ] [ndcg@5: 0.0697 ndcg@10: 0.0891 ndcg@20: 0.1115 ] 
2026-05-09 16:52:31,235 - Epoch 39  [recall@5: 0.0925 recall@10: 0.1488 recall@20: 0.2243 ] [ndcg@5: 0.0706 ndcg@10: 0.0902 ndcg@20: 0.1124 ] 
2026-05-09 16:52:38,692 - Epoch 42  [recall@5: 0.0938 recall@10: 0.1491 recall@20: 0.2274 ] [ndcg@5: 0.0714 ndcg@10: 0.0906 ndcg@20: 0.1136 ] 
2026-05-09 16:52:45,906 - Epoch 45  [recall@5: 0.0939 recall@10: 0.1520 recall@20: 0.2291 ] [ndcg@5: 0.0719 ndcg@10: 0.0919 ndcg@20: 0.1145 ] 
2026-05-09 16:52:53,215 - Epoch 48  [recall@5: 0.0947 recall@10: 0.1524 recall@20: 0.2300 ] [ndcg@5: 0.0725 ndcg@10: 0.0925 ndcg@20: 0.1152 ] 
2026-05-09 16:52:59,929 - Epoch 51  [recall@5: 0.0958 recall@10: 0.1545 recall@20: 0.2315 ] [ndcg@5: 0.0737 ndcg@10: 0.0939 ndcg@20: 0.1165 ] 
2026-05-09 16:53:06,657 - Epoch 54  [recall@5: 0.0974 recall@10: 0.1547 recall@20: 0.2332 ] [ndcg@5: 0.0746 ndcg@10: 0.0943 ndcg@20: 0.1173 ] 
2026-05-09 16:53:13,173 - Epoch 57  [recall@5: 0.0967 recall@10: 0.1569 recall@20: 0.2340 ] [ndcg@5: 0.0745 ndcg@10: 0.0953 ndcg@20: 0.1179 ] 
2026-05-09 16:53:19,818 - Epoch 60  [recall@5: 0.0975 recall@10: 0.1573 recall@20: 0.2364 ] [ndcg@5: 0.0751 ndcg@10: 0.0957 ndcg@20: 0.1189 ] 
2026-05-09 16:53:26,388 - Epoch 63  [recall@5: 0.0992 recall@10: 0.1599 recall@20: 0.2379 ] [ndcg@5: 0.0758 ndcg@10: 0.0968 ndcg@20: 0.1197 ] 
2026-05-09 16:53:32,856 - Epoch 66  [recall@5: 0.0998 recall@10: 0.1608 recall@20: 0.2385 ] [ndcg@5: 0.0765 ndcg@10: 0.0976 ndcg@20: 0.1205 ] 
2026-05-09 16:53:39,344 - Epoch 69  [recall@5: 0.1004 recall@10: 0.1623 recall@20: 0.2400 ] [ndcg@5: 0.0775 ndcg@10: 0.0990 ndcg@20: 0.1217 ] 
2026-05-09 16:53:45,628 - Epoch 72  [recall@5: 0.1014 recall@10: 0.1620 recall@20: 0.2405 ] [ndcg@5: 0.0781 ndcg@10: 0.0991 ndcg@20: 0.1221 ] 
2026-05-09 16:53:52,110 - Epoch 75  [recall@5: 0.1009 recall@10: 0.1643 recall@20: 0.2417 ] [ndcg@5: 0.0782 ndcg@10: 0.1002 ndcg@20: 0.1228 ] 
2026-05-09 16:53:58,503 - Epoch 78  [recall@5: 0.1017 recall@10: 0.1652 recall@20: 0.2420 ] [ndcg@5: 0.0789 ndcg@10: 0.1009 ndcg@20: 0.1233 ] 
2026-05-09 16:54:04,850 - Epoch 81  [recall@5: 0.1018 recall@10: 0.1658 recall@20: 0.2438 ] [ndcg@5: 0.0790 ndcg@10: 0.1013 ndcg@20: 0.1240 ] 
2026-05-09 16:54:11,309 - Epoch 84  [recall@5: 0.1029 recall@10: 0.1651 recall@20: 0.2454 ] [ndcg@5: 0.0797 ndcg@10: 0.1015 ndcg@20: 0.1248 ] 
2026-05-09 16:54:18,165 - Epoch 87  [recall@5: 0.1032 recall@10: 0.1660 recall@20: 0.2460 ] [ndcg@5: 0.0796 ndcg@10: 0.1015 ndcg@20: 0.1248 ] 
2026-05-09 16:54:24,471 - Epoch 90  [recall@5: 0.1039 recall@10: 0.1666 recall@20: 0.2478 ] [ndcg@5: 0.0804 ndcg@10: 0.1022 ndcg@20: 0.1258 ] 
2026-05-09 16:54:31,308 - Epoch 93  [recall@5: 0.1034 recall@10: 0.1663 recall@20: 0.2487 ] [ndcg@5: 0.0803 ndcg@10: 0.1022 ndcg@20: 0.1261 ] 
2026-05-09 16:54:38,441 - Epoch 96  [recall@5: 0.1045 recall@10: 0.1663 recall@20: 0.2509 ] [ndcg@5: 0.0808 ndcg@10: 0.1023 ndcg@20: 0.1268 ] 
2026-05-09 16:54:45,014 - Epoch 99  [recall@5: 0.1052 recall@10: 0.1665 recall@20: 0.2510 ] [ndcg@5: 0.0813 ndcg@10: 0.1028 ndcg@20: 0.1272 ] 
2026-05-09 16:54:51,302 - Epoch 102  [recall@5: 0.1057 recall@10: 0.1673 recall@20: 0.2522 ] [ndcg@5: 0.0820 ndcg@10: 0.1034 ndcg@20: 0.1280 ] 
2026-05-09 16:54:57,975 - Epoch 105  [recall@5: 0.1063 recall@10: 0.1684 recall@20: 0.2522 ] [ndcg@5: 0.0823 ndcg@10: 0.1038 ndcg@20: 0.1281 ] 
2026-05-09 16:55:04,682 - Epoch 108  [recall@5: 0.1062 recall@10: 0.1677 recall@20: 0.2533 ] [ndcg@5: 0.0826 ndcg@10: 0.1040 ndcg@20: 0.1288 ] 
2026-05-09 16:55:11,382 - Epoch 111  [recall@5: 0.1068 recall@10: 0.1690 recall@20: 0.2545 ] [ndcg@5: 0.0833 ndcg@10: 0.1048 ndcg@20: 0.1295 ] 
2026-05-09 16:55:18,390 - Epoch 114  [recall@5: 0.1071 recall@10: 0.1688 recall@20: 0.2550 ] [ndcg@5: 0.0833 ndcg@10: 0.1046 ndcg@20: 0.1295 ] 
2026-05-09 16:55:24,903 - Epoch 117  [recall@5: 0.1085 recall@10: 0.1701 recall@20: 0.2547 ] [ndcg@5: 0.0842 ndcg@10: 0.1054 ndcg@20: 0.1299 ] 
2026-05-09 16:55:31,635 - Epoch 120  [recall@5: 0.1087 recall@10: 0.1684 recall@20: 0.2554 ] [ndcg@5: 0.0844 ndcg@10: 0.1050 ndcg@20: 0.1302 ] 
2026-05-09 16:55:38,136 - Epoch 123  [recall@5: 0.1082 recall@10: 0.1689 recall@20: 0.2572 ] [ndcg@5: 0.0840 ndcg@10: 0.1050 ndcg@20: 0.1305 ] 
2026-05-09 16:55:44,782 - Epoch 126  [recall@5: 0.1084 recall@10: 0.1690 recall@20: 0.2567 ] [ndcg@5: 0.0843 ndcg@10: 0.1053 ndcg@20: 0.1306 ] 
2026-05-09 16:55:51,770 - Epoch 129  [recall@5: 0.1090 recall@10: 0.1700 recall@20: 0.2567 ] [ndcg@5: 0.0847 ndcg@10: 0.1057 ndcg@20: 0.1308 ] 
2026-05-09 16:55:58,705 - Epoch 132  [recall@5: 0.1092 recall@10: 0.1702 recall@20: 0.2571 ] [ndcg@5: 0.0849 ndcg@10: 0.1060 ndcg@20: 0.1312 ] 
2026-05-09 16:56:05,717 - Epoch 135  [recall@5: 0.1092 recall@10: 0.1706 recall@20: 0.2584 ] [ndcg@5: 0.0851 ndcg@10: 0.1063 ndcg@20: 0.1318 ] 
2026-05-09 16:56:12,748 - Epoch 138  [recall@5: 0.1099 recall@10: 0.1704 recall@20: 0.2580 ] [ndcg@5: 0.0856 ndcg@10: 0.1065 ndcg@20: 0.1318 ] 
2026-05-09 16:56:19,271 - Epoch 141  [recall@5: 0.1100 recall@10: 0.1704 recall@20: 0.2583 ] [ndcg@5: 0.0857 ndcg@10: 0.1066 ndcg@20: 0.1321 ] 
2026-05-09 16:56:26,354 - Epoch 144  [recall@5: 0.1098 recall@10: 0.1706 recall@20: 0.2571 ] [ndcg@5: 0.0856 ndcg@10: 0.1067 ndcg@20: 0.1318 ] 
2026-05-09 16:56:33,249 - Epoch 147  [recall@5: 0.1097 recall@10: 0.1705 recall@20: 0.2592 ] [ndcg@5: 0.0855 ndcg@10: 0.1066 ndcg@20: 0.1322 ] 
2026-05-09 16:56:40,373 - Epoch 150  [recall@5: 0.1090 recall@10: 0.1719 recall@20: 0.2589 ] [ndcg@5: 0.0854 ndcg@10: 0.1072 ndcg@20: 0.1324 ] 
2026-05-09 16:56:47,281 - Epoch 153  [recall@5: 0.1097 recall@10: 0.1720 recall@20: 0.2584 ] [ndcg@5: 0.0856 ndcg@10: 0.1072 ndcg@20: 0.1322 ] 
2026-05-09 16:56:53,847 - Epoch 156  [recall@5: 0.1102 recall@10: 0.1718 recall@20: 0.2598 ] [ndcg@5: 0.0860 ndcg@10: 0.1073 ndcg@20: 0.1327 ] 
2026-05-09 16:57:00,673 - Epoch 159  [recall@5: 0.1101 recall@10: 0.1710 recall@20: 0.2594 ] [ndcg@5: 0.0860 ndcg@10: 0.1071 ndcg@20: 0.1327 ] 
2026-05-09 16:57:07,545 - Epoch 162  [recall@5: 0.1102 recall@10: 0.1722 recall@20: 0.2594 ] [ndcg@5: 0.0862 ndcg@10: 0.1077 ndcg@20: 0.1329 ] 
2026-05-09 16:57:14,539 - Epoch 165  [recall@5: 0.1106 recall@10: 0.1722 recall@20: 0.2595 ] [ndcg@5: 0.0864 ndcg@10: 0.1077 ndcg@20: 0.1330 ] 
2026-05-09 16:57:21,175 - Epoch 168  [recall@5: 0.1109 recall@10: 0.1730 recall@20: 0.2584 ] [ndcg@5: 0.0866 ndcg@10: 0.1081 ndcg@20: 0.1329 ] 
2026-05-09 16:57:28,080 - Epoch 171  [recall@5: 0.1108 recall@10: 0.1748 recall@20: 0.2592 ] [ndcg@5: 0.0865 ndcg@10: 0.1085 ndcg@20: 0.1329 ] 
2026-05-09 16:57:28,938 - [recall@5: 0.1102 recall@10: 0.1718 recall@20: 0.2598 ] [ndcg@5: 0.0860 ndcg@10: 0.1073 ndcg@20: 0.1327 ] 
2026-05-09 16:57:29,966 - [recall@5: 0.1180 recall@10: 0.1755 recall@20: 0.2558 ] [ndcg@5: 0.0982 ndcg@10: 0.1191 ndcg@20: 0.1438 ] 
2026-05-09 16:57:29,986 - Save model parameters to ./checkpoint/lightgcn_agr/lightgcn_agr-digital_music-2025-20260509_165053.pth
2026-05-09 16:57:29,987 - Save run metadata to ./checkpoint/lightgcn_agr/lightgcn_agr-digital_music-2025-20260509_165053.json
2026-05-09 16:57:29,990 - Best Epoch 156. Final test result: {'recall': array([0.11797436, 0.17550236, 0.25579163]), 'ndcg': array([0.09816974, 0.11905917, 0.14378895])}.
