2026-05-09 16:37:45,456 - {'optimizer': {'name': 'adam', 'lr': 0.001, 'weight_decay': 0}, 'train': {'epoch': 200, 'batch_size': 4096, 'save_model': True, 'loss': 'pairwise', 'test_step': 3, 'reproducible': True, 'seed': 2025, 'patience': 5}, 'test': {'metrics': ['recall', 'ndcg'], 'k': [5, 10, 20], 'batch_size': 1024}, 'data': {'type': 'general_cf', 'name': 'digital_music', 'user_num': 5541, 'item_num': 3568}, 'model': {'name': 'lightgcn_agr', 'embedding_size': 32, 'edge_bias': 0.5, 'keep_rate': 0.8, 'mask_ratio': 0.15, 'recon_weight': 0.2, 're_temperature': 0.2, 'layer_num': 3, 'reg_weight': 1e-06, 'prf_weight': 0.02, 'kd_weight': 0.01, 'kd_temperature': 0.2, 'str_weight': 1.0, 'beta': 5.0, 'sigma': 0.25, 'alpha': 0.1, 'movie': {'layer_num': 3, 'reg_weight': 1e-07, 'kd_weight': 0.01, 'kd_temperature': 0.2, 'prf_weight': 0.02, 'str_weight': 1.2, 'beta': 3.5, 'sigma': 0.3, 'alpha': 0.15, 'keep_rate': 0.8}, 'amazon': {'layer_num': 3, 'reg_weight': 5e-07, 'kd_weight': 0.01, 'kd_temperature': 0.2, 'prf_weight': 0.03, 'str_weight': 1.5, 'beta': 4.0, 'sigma': 0.25, 'alpha': 0.2, 'keep_rate': 0.8}, 'steam': {'layer_num': 3, 'reg_weight': 1e-08, 'kd_weight': 0.001, 'kd_temperature': 0.1, 'prf_weight': 0.01, 'str_weight': 1.0, 'beta': 2.5, 'sigma': 0.2, 'alpha': 0.08, 'keep_rate': 0.8}, 'yelp': {'layer_num': 3, 'reg_weight': 1e-06, 'kd_weight': 0.001, 'kd_temperature': 0.2, 'prf_weight': 0.025, 'str_weight': 1.3, 'beta': 4.0, 'sigma': 0.28, 'alpha': 0.18, 'keep_rate': 0.8}}}
2026-05-09 16:37:51,555 - Epoch 0  [recall@5: 0.0132 recall@10: 0.0230 recall@20: 0.0366 ] [ndcg@5: 0.0108 ndcg@10: 0.0142 ndcg@20: 0.0181 ] 
2026-05-09 16:37:57,677 - Epoch 3  [recall@5: 0.0661 recall@10: 0.1016 recall@20: 0.1490 ] [ndcg@5: 0.0529 ndcg@10: 0.0649 ndcg@20: 0.0790 ] 
2026-05-09 16:38:03,872 - Epoch 6  [recall@5: 0.0756 recall@10: 0.1178 recall@20: 0.1828 ] [ndcg@5: 0.0601 ndcg@10: 0.0747 ndcg@20: 0.0937 ] 
2026-05-09 16:38:09,971 - Epoch 9  [recall@5: 0.0764 recall@10: 0.1203 recall@20: 0.1905 ] [ndcg@5: 0.0603 ndcg@10: 0.0754 ndcg@20: 0.0960 ] 
2026-05-09 16:38:16,607 - Epoch 12  [recall@5: 0.0770 recall@10: 0.1222 recall@20: 0.1929 ] [ndcg@5: 0.0602 ndcg@10: 0.0758 ndcg@20: 0.0963 ] 
2026-05-09 16:38:23,461 - Epoch 15  [recall@5: 0.0782 recall@10: 0.1208 recall@20: 0.1953 ] [ndcg@5: 0.0607 ndcg@10: 0.0755 ndcg@20: 0.0972 ] 
2026-05-09 16:38:30,092 - Epoch 18  [recall@5: 0.0793 recall@10: 0.1270 recall@20: 0.2001 ] [ndcg@5: 0.0619 ndcg@10: 0.0784 ndcg@20: 0.0995 ] 
2026-05-09 16:38:36,736 - Epoch 21  [recall@5: 0.0804 recall@10: 0.1292 recall@20: 0.2038 ] [ndcg@5: 0.0632 ndcg@10: 0.0802 ndcg@20: 0.1019 ] 
2026-05-09 16:38:43,573 - Epoch 24  [recall@5: 0.0832 recall@10: 0.1322 recall@20: 0.2078 ] [ndcg@5: 0.0650 ndcg@10: 0.0821 ndcg@20: 0.1042 ] 
2026-05-09 16:38:50,350 - Epoch 27  [recall@5: 0.0859 recall@10: 0.1353 recall@20: 0.2114 ] [ndcg@5: 0.0667 ndcg@10: 0.0838 ndcg@20: 0.1062 ] 
2026-05-09 16:38:56,970 - Epoch 30  [recall@5: 0.0872 recall@10: 0.1400 recall@20: 0.2164 ] [ndcg@5: 0.0676 ndcg@10: 0.0860 ndcg@20: 0.1083 ] 
2026-05-09 16:39:03,592 - Epoch 33  [recall@5: 0.0895 recall@10: 0.1436 recall@20: 0.2196 ] [ndcg@5: 0.0688 ndcg@10: 0.0875 ndcg@20: 0.1097 ] 
2026-05-09 16:39:10,308 - Epoch 36  [recall@5: 0.0909 recall@10: 0.1469 recall@20: 0.2234 ] [ndcg@5: 0.0697 ndcg@10: 0.0891 ndcg@20: 0.1116 ] 
2026-05-09 16:39:17,253 - Epoch 39  [recall@5: 0.0925 recall@10: 0.1490 recall@20: 0.2243 ] [ndcg@5: 0.0706 ndcg@10: 0.0902 ndcg@20: 0.1125 ] 
2026-05-09 16:39:23,996 - Epoch 42  [recall@5: 0.0939 recall@10: 0.1491 recall@20: 0.2274 ] [ndcg@5: 0.0715 ndcg@10: 0.0906 ndcg@20: 0.1136 ] 
2026-05-09 16:39:30,669 - Epoch 45  [recall@5: 0.0938 recall@10: 0.1520 recall@20: 0.2291 ] [ndcg@5: 0.0719 ndcg@10: 0.0919 ndcg@20: 0.1145 ] 
2026-05-09 16:39:36,762 - Epoch 48  [recall@5: 0.0948 recall@10: 0.1525 recall@20: 0.2300 ] [ndcg@5: 0.0726 ndcg@10: 0.0925 ndcg@20: 0.1152 ] 
2026-05-09 16:39:42,932 - Epoch 51  [recall@5: 0.0959 recall@10: 0.1543 recall@20: 0.2316 ] [ndcg@5: 0.0738 ndcg@10: 0.0938 ndcg@20: 0.1165 ] 
2026-05-09 16:39:49,114 - Epoch 54  [recall@5: 0.0974 recall@10: 0.1547 recall@20: 0.2332 ] [ndcg@5: 0.0746 ndcg@10: 0.0943 ndcg@20: 0.1173 ] 
2026-05-09 16:39:55,433 - Epoch 57  [recall@5: 0.0967 recall@10: 0.1571 recall@20: 0.2340 ] [ndcg@5: 0.0744 ndcg@10: 0.0953 ndcg@20: 0.1179 ] 
2026-05-09 16:40:02,079 - Epoch 60  [recall@5: 0.0975 recall@10: 0.1574 recall@20: 0.2365 ] [ndcg@5: 0.0751 ndcg@10: 0.0957 ndcg@20: 0.1190 ] 
2026-05-09 16:40:08,536 - Epoch 63  [recall@5: 0.0994 recall@10: 0.1601 recall@20: 0.2379 ] [ndcg@5: 0.0758 ndcg@10: 0.0968 ndcg@20: 0.1196 ] 
2026-05-09 16:40:14,963 - Epoch 66  [recall@5: 0.0998 recall@10: 0.1609 recall@20: 0.2385 ] [ndcg@5: 0.0765 ndcg@10: 0.0976 ndcg@20: 0.1205 ] 
2026-05-09 16:40:21,434 - Epoch 69  [recall@5: 0.1004 recall@10: 0.1621 recall@20: 0.2399 ] [ndcg@5: 0.0775 ndcg@10: 0.0990 ndcg@20: 0.1217 ] 
2026-05-09 16:40:27,837 - Epoch 72  [recall@5: 0.1015 recall@10: 0.1620 recall@20: 0.2403 ] [ndcg@5: 0.0782 ndcg@10: 0.0991 ndcg@20: 0.1221 ] 
2026-05-09 16:40:34,412 - Epoch 75  [recall@5: 0.1009 recall@10: 0.1645 recall@20: 0.2415 ] [ndcg@5: 0.0782 ndcg@10: 0.1003 ndcg@20: 0.1228 ] 
2026-05-09 16:40:41,067 - Epoch 78  [recall@5: 0.1017 recall@10: 0.1652 recall@20: 0.2421 ] [ndcg@5: 0.0789 ndcg@10: 0.1009 ndcg@20: 0.1234 ] 
2026-05-09 16:40:47,526 - Epoch 81  [recall@5: 0.1018 recall@10: 0.1652 recall@20: 0.2436 ] [ndcg@5: 0.0790 ndcg@10: 0.1011 ndcg@20: 0.1240 ] 
2026-05-09 16:40:54,388 - Epoch 84  [recall@5: 0.1029 recall@10: 0.1651 recall@20: 0.2450 ] [ndcg@5: 0.0797 ndcg@10: 0.1014 ndcg@20: 0.1247 ] 
2026-05-09 16:41:00,933 - Epoch 87  [recall@5: 0.1032 recall@10: 0.1659 recall@20: 0.2461 ] [ndcg@5: 0.0796 ndcg@10: 0.1015 ndcg@20: 0.1249 ] 
2026-05-09 16:41:07,435 - Epoch 90  [recall@5: 0.1038 recall@10: 0.1662 recall@20: 0.2476 ] [ndcg@5: 0.0805 ndcg@10: 0.1021 ndcg@20: 0.1258 ] 
2026-05-09 16:41:14,135 - Epoch 93  [recall@5: 0.1035 recall@10: 0.1662 recall@20: 0.2488 ] [ndcg@5: 0.0803 ndcg@10: 0.1022 ndcg@20: 0.1262 ] 
2026-05-09 16:41:20,631 - Epoch 96  [recall@5: 0.1047 recall@10: 0.1660 recall@20: 0.2511 ] [ndcg@5: 0.0810 ndcg@10: 0.1023 ndcg@20: 0.1269 ] 
2026-05-09 16:41:27,363 - Epoch 99  [recall@5: 0.1052 recall@10: 0.1664 recall@20: 0.2511 ] [ndcg@5: 0.0813 ndcg@10: 0.1026 ndcg@20: 0.1272 ] 
2026-05-09 16:41:33,754 - Epoch 102  [recall@5: 0.1060 recall@10: 0.1672 recall@20: 0.2521 ] [ndcg@5: 0.0821 ndcg@10: 0.1034 ndcg@20: 0.1280 ] 
2026-05-09 16:41:40,204 - Epoch 105  [recall@5: 0.1063 recall@10: 0.1678 recall@20: 0.2521 ] [ndcg@5: 0.0823 ndcg@10: 0.1036 ndcg@20: 0.1281 ] 
2026-05-09 16:41:46,531 - Epoch 108  [recall@5: 0.1061 recall@10: 0.1677 recall@20: 0.2534 ] [ndcg@5: 0.0825 ndcg@10: 0.1039 ndcg@20: 0.1287 ] 
2026-05-09 16:41:53,088 - Epoch 111  [recall@5: 0.1066 recall@10: 0.1688 recall@20: 0.2546 ] [ndcg@5: 0.0831 ndcg@10: 0.1046 ndcg@20: 0.1294 ] 
2026-05-09 16:41:59,823 - Epoch 114  [recall@5: 0.1070 recall@10: 0.1688 recall@20: 0.2554 ] [ndcg@5: 0.0831 ndcg@10: 0.1045 ndcg@20: 0.1296 ] 
2026-05-09 16:42:06,310 - Epoch 117  [recall@5: 0.1087 recall@10: 0.1698 recall@20: 0.2546 ] [ndcg@5: 0.0842 ndcg@10: 0.1053 ndcg@20: 0.1299 ] 
2026-05-09 16:42:12,774 - Epoch 120  [recall@5: 0.1084 recall@10: 0.1682 recall@20: 0.2555 ] [ndcg@5: 0.0842 ndcg@10: 0.1049 ndcg@20: 0.1301 ] 
2026-05-09 16:42:19,134 - Epoch 123  [recall@5: 0.1082 recall@10: 0.1686 recall@20: 0.2569 ] [ndcg@5: 0.0840 ndcg@10: 0.1049 ndcg@20: 0.1304 ] 
2026-05-09 16:42:25,436 - Epoch 126  [recall@5: 0.1082 recall@10: 0.1692 recall@20: 0.2567 ] [ndcg@5: 0.0842 ndcg@10: 0.1053 ndcg@20: 0.1306 ] 
2026-05-09 16:42:31,983 - Epoch 129  [recall@5: 0.1091 recall@10: 0.1705 recall@20: 0.2566 ] [ndcg@5: 0.0847 ndcg@10: 0.1058 ndcg@20: 0.1307 ] 
2026-05-09 16:42:38,328 - Epoch 132  [recall@5: 0.1091 recall@10: 0.1701 recall@20: 0.2579 ] [ndcg@5: 0.0848 ndcg@10: 0.1060 ndcg@20: 0.1314 ] 
2026-05-09 16:42:44,933 - Epoch 135  [recall@5: 0.1095 recall@10: 0.1710 recall@20: 0.2581 ] [ndcg@5: 0.0853 ndcg@10: 0.1065 ndcg@20: 0.1317 ] 
2026-05-09 16:42:51,578 - Epoch 138  [recall@5: 0.1105 recall@10: 0.1706 recall@20: 0.2584 ] [ndcg@5: 0.0859 ndcg@10: 0.1066 ndcg@20: 0.1320 ] 
2026-05-09 16:42:58,005 - Epoch 141  [recall@5: 0.1100 recall@10: 0.1702 recall@20: 0.2581 ] [ndcg@5: 0.0857 ndcg@10: 0.1066 ndcg@20: 0.1321 ] 
2026-05-09 16:43:04,559 - Epoch 144  [recall@5: 0.1098 recall@10: 0.1704 recall@20: 0.2576 ] [ndcg@5: 0.0856 ndcg@10: 0.1067 ndcg@20: 0.1319 ] 
2026-05-09 16:43:11,692 - Epoch 147  [recall@5: 0.1097 recall@10: 0.1706 recall@20: 0.2589 ] [ndcg@5: 0.0856 ndcg@10: 0.1066 ndcg@20: 0.1322 ] 
2026-05-09 16:43:18,042 - Epoch 150  [recall@5: 0.1092 recall@10: 0.1714 recall@20: 0.2591 ] [ndcg@5: 0.0853 ndcg@10: 0.1069 ndcg@20: 0.1322 ] 
2026-05-09 16:43:24,634 - Epoch 153  [recall@5: 0.1095 recall@10: 0.1720 recall@20: 0.2583 ] [ndcg@5: 0.0855 ndcg@10: 0.1072 ndcg@20: 0.1321 ] 
2026-05-09 16:43:31,104 - Epoch 156  [recall@5: 0.1100 recall@10: 0.1717 recall@20: 0.2599 ] [ndcg@5: 0.0859 ndcg@10: 0.1072 ndcg@20: 0.1327 ] 
2026-05-09 16:43:37,568 - Epoch 159  [recall@5: 0.1101 recall@10: 0.1718 recall@20: 0.2593 ] [ndcg@5: 0.0859 ndcg@10: 0.1073 ndcg@20: 0.1326 ] 
2026-05-09 16:43:44,184 - Epoch 162  [recall@5: 0.1098 recall@10: 0.1722 recall@20: 0.2592 ] [ndcg@5: 0.0860 ndcg@10: 0.1076 ndcg@20: 0.1327 ] 
2026-05-09 16:43:50,662 - Epoch 165  [recall@5: 0.1102 recall@10: 0.1723 recall@20: 0.2596 ] [ndcg@5: 0.0861 ndcg@10: 0.1076 ndcg@20: 0.1329 ] 
2026-05-09 16:43:57,130 - Epoch 168  [recall@5: 0.1109 recall@10: 0.1732 recall@20: 0.2586 ] [ndcg@5: 0.0866 ndcg@10: 0.1081 ndcg@20: 0.1329 ] 
2026-05-09 16:44:03,544 - Epoch 171  [recall@5: 0.1107 recall@10: 0.1754 recall@20: 0.2586 ] [ndcg@5: 0.0864 ndcg@10: 0.1087 ndcg@20: 0.1328 ] 
2026-05-09 16:44:04,355 - [recall@5: 0.1100 recall@10: 0.1717 recall@20: 0.2599 ] [ndcg@5: 0.0859 ndcg@10: 0.1072 ndcg@20: 0.1327 ] 
2026-05-09 16:44:05,397 - [recall@5: 0.1177 recall@10: 0.1758 recall@20: 0.2557 ] [ndcg@5: 0.0980 ndcg@10: 0.1191 ndcg@20: 0.1437 ] 
2026-05-09 16:44:05,425 - Save model parameters to ./checkpoint/lightgcn_agr/lightgcn_agr-digital_music-2025-20260509_163740.pth
2026-05-09 16:44:05,425 - Save run metadata to ./checkpoint/lightgcn_agr/lightgcn_agr-digital_music-2025-20260509_163740.json
2026-05-09 16:44:05,426 - Best Epoch 156. Final test result: {'recall': array([0.11767357, 0.17579563, 0.25568636]), 'ndcg': array([0.09798284, 0.11906237, 0.14369481])}.
