2026-05-10 00:59:37,607 - {'optimizer': {'name': 'adam', 'lr': 0.001, 'weight_decay': 0}, 'train': {'epoch': 100, 'batch_size': 4096, 'save_model': True, 'loss': 'pairwise', 'test_step': 3, 'reproducible': True, 'seed': 2026, 'patience': 5}, 'test': {'metrics': ['recall', 'ndcg'], 'k': [5, 10, 20], 'batch_size': 1024}, 'data': {'type': 'general_cf', 'name': 'digital_music', 'user_num': 5541, 'item_num': 3568}, 'model': {'name': 'lightgcn_agr', 'embedding_size': 32, 'edge_bias': 0.5, 'keep_rate': 0.7, 'mask_ratio': 0.15, 'recon_weight': 0.2, 're_temperature': 0.2, 'layer_num': 3, 'reg_weight': 1e-06, 'prf_weight': 0.02, 'kd_weight': 0.01, 'kd_temperature': 0.2, 'str_weight': 1.0, 'beta': 5.0, 'sigma': 0.25, 'alpha': 0.1, 'movie': {'layer_num': 3, 'reg_weight': 1e-07, 'kd_weight': 0.01, 'kd_temperature': 0.2, 'prf_weight': 0.02, 'str_weight': 1.2, 'beta': 3.5, 'sigma': 0.3, 'alpha': 0.15, 'keep_rate': 0.8}, 'amazon': {'layer_num': 3, 'reg_weight': 5e-07, 'kd_weight': 0.01, 'kd_temperature': 0.2, 'prf_weight': 0.03, 'str_weight': 1.5, 'beta': 4.0, 'sigma': 0.25, 'alpha': 0.2, 'keep_rate': 0.8}, 'steam': {'layer_num': 3, 'reg_weight': 1e-08, 'kd_weight': 0.001, 'kd_temperature': 0.1, 'prf_weight': 0.01, 'str_weight': 1.0, 'beta': 2.5, 'sigma': 0.2, 'alpha': 0.08, 'keep_rate': 0.8}, 'yelp': {'layer_num': 3, 'reg_weight': 1e-06, 'kd_weight': 0.001, 'kd_temperature': 0.2, 'prf_weight': 0.025, 'str_weight': 1.3, 'beta': 4.0, 'sigma': 0.28, 'alpha': 0.18, 'keep_rate': 0.8}}}
2026-05-10 00:59:44,167 - Epoch 0  [recall@5: 0.0111 recall@10: 0.0168 recall@20: 0.0299 ] [ndcg@5: 0.0088 ndcg@10: 0.0108 ndcg@20: 0.0146 ] 
2026-05-10 00:59:50,381 - Epoch 3  [recall@5: 0.0616 recall@10: 0.0955 recall@20: 0.1448 ] [ndcg@5: 0.0488 ndcg@10: 0.0604 ndcg@20: 0.0747 ] 
2026-05-10 00:59:57,803 - Epoch 6  [recall@5: 0.0739 recall@10: 0.1151 recall@20: 0.1812 ] [ndcg@5: 0.0584 ndcg@10: 0.0727 ndcg@20: 0.0919 ] 
2026-05-10 01:00:06,709 - Epoch 9  [recall@5: 0.0779 recall@10: 0.1216 recall@20: 0.1895 ] [ndcg@5: 0.0607 ndcg@10: 0.0758 ndcg@20: 0.0955 ] 
2026-05-10 01:00:15,782 - Epoch 12  [recall@5: 0.0755 recall@10: 0.1218 recall@20: 0.1903 ] [ndcg@5: 0.0597 ndcg@10: 0.0758 ndcg@20: 0.0957 ] 
2026-05-10 01:00:25,060 - Epoch 15  [recall@5: 0.0772 recall@10: 0.1206 recall@20: 0.1914 ] [ndcg@5: 0.0600 ndcg@10: 0.0749 ndcg@20: 0.0956 ] 
2026-05-10 01:00:34,391 - Epoch 18  [recall@5: 0.0783 recall@10: 0.1198 recall@20: 0.1941 ] [ndcg@5: 0.0612 ndcg@10: 0.0756 ndcg@20: 0.0972 ] 
2026-05-10 01:00:44,339 - Epoch 21  [recall@5: 0.0795 recall@10: 0.1232 recall@20: 0.1959 ] [ndcg@5: 0.0625 ndcg@10: 0.0776 ndcg@20: 0.0987 ] 
2026-05-10 01:00:54,035 - Epoch 24  [recall@5: 0.0799 recall@10: 0.1255 recall@20: 0.1985 ] [ndcg@5: 0.0631 ndcg@10: 0.0790 ndcg@20: 0.1004 ] 
2026-05-10 01:01:03,582 - Epoch 27  [recall@5: 0.0819 recall@10: 0.1290 recall@20: 0.2021 ] [ndcg@5: 0.0646 ndcg@10: 0.0809 ndcg@20: 0.1022 ] 
2026-05-10 01:01:13,150 - Epoch 30  [recall@5: 0.0829 recall@10: 0.1306 recall@20: 0.2050 ] [ndcg@5: 0.0655 ndcg@10: 0.0819 ndcg@20: 0.1038 ] 
2026-05-10 01:01:23,152 - Epoch 33  [recall@5: 0.0838 recall@10: 0.1318 recall@20: 0.2084 ] [ndcg@5: 0.0657 ndcg@10: 0.0824 ndcg@20: 0.1048 ] 
2026-05-10 01:01:33,094 - Epoch 36  [recall@5: 0.0862 recall@10: 0.1343 recall@20: 0.2108 ] [ndcg@5: 0.0671 ndcg@10: 0.0838 ndcg@20: 0.1063 ] 
2026-05-10 01:01:42,857 - Epoch 39  [recall@5: 0.0870 recall@10: 0.1363 recall@20: 0.2126 ] [ndcg@5: 0.0677 ndcg@10: 0.0848 ndcg@20: 0.1072 ] 
2026-05-10 01:01:52,514 - Epoch 42  [recall@5: 0.0878 recall@10: 0.1386 recall@20: 0.2147 ] [ndcg@5: 0.0684 ndcg@10: 0.0859 ndcg@20: 0.1084 ] 
2026-05-10 01:02:02,215 - Epoch 45  [recall@5: 0.0891 recall@10: 0.1424 recall@20: 0.2177 ] [ndcg@5: 0.0694 ndcg@10: 0.0877 ndcg@20: 0.1099 ] 
2026-05-10 01:02:12,086 - Epoch 48  [recall@5: 0.0909 recall@10: 0.1440 recall@20: 0.2211 ] [ndcg@5: 0.0704 ndcg@10: 0.0885 ndcg@20: 0.1111 ] 
2026-05-10 01:02:21,913 - Epoch 51  [recall@5: 0.0914 recall@10: 0.1455 recall@20: 0.2228 ] [ndcg@5: 0.0708 ndcg@10: 0.0893 ndcg@20: 0.1121 ] 
2026-05-10 01:02:32,066 - Epoch 54  [recall@5: 0.0922 recall@10: 0.1477 recall@20: 0.2248 ] [ndcg@5: 0.0716 ndcg@10: 0.0907 ndcg@20: 0.1133 ] 
2026-05-10 01:02:42,033 - Epoch 57  [recall@5: 0.0936 recall@10: 0.1494 recall@20: 0.2248 ] [ndcg@5: 0.0725 ndcg@10: 0.0916 ndcg@20: 0.1137 ] 
2026-05-10 01:02:52,032 - Epoch 60  [recall@5: 0.0950 recall@10: 0.1509 recall@20: 0.2276 ] [ndcg@5: 0.0732 ndcg@10: 0.0922 ndcg@20: 0.1148 ] 
2026-05-10 01:03:02,529 - Epoch 63  [recall@5: 0.0954 recall@10: 0.1511 recall@20: 0.2302 ] [ndcg@5: 0.0734 ndcg@10: 0.0925 ndcg@20: 0.1157 ] 
2026-05-10 01:03:12,932 - Epoch 66  [recall@5: 0.0957 recall@10: 0.1530 recall@20: 0.2322 ] [ndcg@5: 0.0737 ndcg@10: 0.0935 ndcg@20: 0.1166 ] 
2026-05-10 01:03:23,194 - Epoch 69  [recall@5: 0.0969 recall@10: 0.1544 recall@20: 0.2337 ] [ndcg@5: 0.0745 ndcg@10: 0.0943 ndcg@20: 0.1175 ] 
2026-05-10 01:03:33,668 - Epoch 72  [recall@5: 0.0973 recall@10: 0.1547 recall@20: 0.2337 ] [ndcg@5: 0.0750 ndcg@10: 0.0949 ndcg@20: 0.1180 ] 
2026-05-10 01:03:44,222 - Epoch 75  [recall@5: 0.0973 recall@10: 0.1547 recall@20: 0.2342 ] [ndcg@5: 0.0753 ndcg@10: 0.0953 ndcg@20: 0.1185 ] 
2026-05-10 01:03:54,216 - Epoch 78  [recall@5: 0.0977 recall@10: 0.1557 recall@20: 0.2368 ] [ndcg@5: 0.0757 ndcg@10: 0.0959 ndcg@20: 0.1195 ] 
2026-05-10 01:04:04,228 - Epoch 81  [recall@5: 0.0979 recall@10: 0.1575 recall@20: 0.2375 ] [ndcg@5: 0.0758 ndcg@10: 0.0966 ndcg@20: 0.1199 ] 
2026-05-10 01:04:14,668 - Epoch 84  [recall@5: 0.0996 recall@10: 0.1581 recall@20: 0.2387 ] [ndcg@5: 0.0768 ndcg@10: 0.0972 ndcg@20: 0.1206 ] 
2026-05-10 01:04:25,045 - Epoch 87  [recall@5: 0.1006 recall@10: 0.1577 recall@20: 0.2405 ] [ndcg@5: 0.0775 ndcg@10: 0.0974 ndcg@20: 0.1215 ] 
2026-05-10 01:04:35,562 - Epoch 90  [recall@5: 0.1005 recall@10: 0.1590 recall@20: 0.2420 ] [ndcg@5: 0.0775 ndcg@10: 0.0980 ndcg@20: 0.1221 ] 
2026-05-10 01:04:45,572 - Epoch 93  [recall@5: 0.1014 recall@10: 0.1591 recall@20: 0.2421 ] [ndcg@5: 0.0781 ndcg@10: 0.0983 ndcg@20: 0.1225 ] 
2026-05-10 01:04:55,679 - Epoch 96  [recall@5: 0.1012 recall@10: 0.1590 recall@20: 0.2428 ] [ndcg@5: 0.0780 ndcg@10: 0.0983 ndcg@20: 0.1227 ] 
2026-05-10 01:05:06,013 - Epoch 99  [recall@5: 0.1020 recall@10: 0.1608 recall@20: 0.2433 ] [ndcg@5: 0.0786 ndcg@10: 0.0990 ndcg@20: 0.1231 ] 
2026-05-10 01:05:06,851 - [recall@5: 0.1020 recall@10: 0.1608 recall@20: 0.2433 ] [ndcg@5: 0.0786 ndcg@10: 0.0990 ndcg@20: 0.1231 ] 
2026-05-10 01:05:07,803 - [recall@5: 0.1060 recall@10: 0.1660 recall@20: 0.2433 ] [ndcg@5: 0.0896 ndcg@10: 0.1114 ndcg@20: 0.1353 ] 
2026-05-10 01:05:07,823 - Save model parameters to ./checkpoint/lightgcn_agr/lightgcn_agr-digital_music-2026-20260510_005931_autotune_digital_digital_music_s02_keep_rate_0p7.pth
2026-05-10 01:05:07,824 - Save run metadata to ./checkpoint/lightgcn_agr/lightgcn_agr-digital_music-2026-20260510_005931_autotune_digital_digital_music_s02_keep_rate_0p7.json
2026-05-10 01:05:07,825 - Best Epoch 99. Final test result: {'recall': array([0.10599963, 0.16601825, 0.24329151]), 'ndcg': array([0.08955882, 0.11140183, 0.13532386])}.
