2026-05-10 12:32:56,691 - {'optimizer': {'name': 'adam', 'lr': 0.001, 'weight_decay': 0}, 'train': {'epoch': 100, 'batch_size': 4096, 'save_model': True, 'loss': 'pairwise', 'test_step': 3, 'reproducible': True, 'seed': 2026, 'patience': 5}, 'test': {'metrics': ['recall', 'ndcg'], 'k': [5, 10, 20], 'batch_size': 1024}, 'data': {'type': 'general_cf', 'name': 'digital_music', 'user_num': 5541, 'item_num': 3568}, 'model': {'name': 'lightgcn_agr', 'embedding_size': 32, 'edge_bias': 0.5, 'keep_rate': 0.8, 'mask_ratio': 0.15, 'recon_weight': 0.2, 're_temperature': 0.2, 'layer_num': 3, 'reg_weight': 1e-05, 'prf_weight': 0.02, 'kd_weight': 0.01, 'kd_temperature': 0.2, 'str_weight': 1.0, 'beta': 5.0, 'sigma': 0.25, 'alpha': 0.1, 'movie': {'layer_num': 3, 'reg_weight': 1e-07, 'kd_weight': 0.01, 'kd_temperature': 0.2, 'prf_weight': 0.02, 'str_weight': 1.2, 'beta': 3.5, 'sigma': 0.3, 'alpha': 0.15, 'keep_rate': 0.8}, 'amazon': {'layer_num': 3, 'reg_weight': 5e-07, 'kd_weight': 0.01, 'kd_temperature': 0.2, 'prf_weight': 0.03, 'str_weight': 1.5, 'beta': 4.0, 'sigma': 0.25, 'alpha': 0.2, 'keep_rate': 0.8}, 'steam': {'layer_num': 3, 'reg_weight': 1e-08, 'kd_weight': 0.001, 'kd_temperature': 0.1, 'prf_weight': 0.01, 'str_weight': 1.0, 'beta': 2.5, 'sigma': 0.2, 'alpha': 0.08, 'keep_rate': 0.8}, 'yelp': {'layer_num': 3, 'reg_weight': 1e-06, 'kd_weight': 0.001, 'kd_temperature': 0.2, 'prf_weight': 0.025, 'str_weight': 1.3, 'beta': 4.0, 'sigma': 0.28, 'alpha': 0.18, 'keep_rate': 0.8}}}
2026-05-10 12:33:04,446 - Epoch 0  [recall@5: 0.0132 recall@10: 0.0230 recall@20: 0.0366 ] [ndcg@5: 0.0108 ndcg@10: 0.0142 ndcg@20: 0.0181 ] 
2026-05-10 12:33:11,936 - Epoch 3  [recall@5: 0.0662 recall@10: 0.1016 recall@20: 0.1490 ] [ndcg@5: 0.0530 ndcg@10: 0.0650 ndcg@20: 0.0790 ] 
2026-05-10 12:33:19,514 - Epoch 6  [recall@5: 0.0756 recall@10: 0.1178 recall@20: 0.1830 ] [ndcg@5: 0.0601 ndcg@10: 0.0747 ndcg@20: 0.0938 ] 
2026-05-10 12:33:27,058 - Epoch 9  [recall@5: 0.0766 recall@10: 0.1203 recall@20: 0.1907 ] [ndcg@5: 0.0604 ndcg@10: 0.0754 ndcg@20: 0.0961 ] 
2026-05-10 12:33:34,421 - Epoch 12  [recall@5: 0.0769 recall@10: 0.1224 recall@20: 0.1928 ] [ndcg@5: 0.0601 ndcg@10: 0.0758 ndcg@20: 0.0963 ] 
2026-05-10 12:33:41,836 - Epoch 15  [recall@5: 0.0784 recall@10: 0.1208 recall@20: 0.1955 ] [ndcg@5: 0.0607 ndcg@10: 0.0755 ndcg@20: 0.0971 ] 
2026-05-10 12:33:49,284 - Epoch 18  [recall@5: 0.0793 recall@10: 0.1270 recall@20: 0.1999 ] [ndcg@5: 0.0619 ndcg@10: 0.0784 ndcg@20: 0.0994 ] 
2026-05-10 12:33:56,665 - Epoch 21  [recall@5: 0.0805 recall@10: 0.1292 recall@20: 0.2036 ] [ndcg@5: 0.0633 ndcg@10: 0.0802 ndcg@20: 0.1019 ] 
2026-05-10 12:34:04,229 - Epoch 24  [recall@5: 0.0833 recall@10: 0.1322 recall@20: 0.2078 ] [ndcg@5: 0.0651 ndcg@10: 0.0821 ndcg@20: 0.1043 ] 
2026-05-10 12:34:11,813 - Epoch 27  [recall@5: 0.0859 recall@10: 0.1350 recall@20: 0.2114 ] [ndcg@5: 0.0668 ndcg@10: 0.0837 ndcg@20: 0.1062 ] 
2026-05-10 12:34:19,550 - Epoch 30  [recall@5: 0.0874 recall@10: 0.1396 recall@20: 0.2164 ] [ndcg@5: 0.0677 ndcg@10: 0.0858 ndcg@20: 0.1083 ] 
2026-05-10 12:34:27,246 - Epoch 33  [recall@5: 0.0896 recall@10: 0.1437 recall@20: 0.2194 ] [ndcg@5: 0.0688 ndcg@10: 0.0876 ndcg@20: 0.1097 ] 
2026-05-10 12:34:34,950 - Epoch 36  [recall@5: 0.0909 recall@10: 0.1469 recall@20: 0.2234 ] [ndcg@5: 0.0697 ndcg@10: 0.0891 ndcg@20: 0.1115 ] 
2026-05-10 12:34:42,725 - Epoch 39  [recall@5: 0.0923 recall@10: 0.1490 recall@20: 0.2244 ] [ndcg@5: 0.0706 ndcg@10: 0.0902 ndcg@20: 0.1125 ] 
2026-05-10 12:34:50,576 - Epoch 42  [recall@5: 0.0938 recall@10: 0.1490 recall@20: 0.2273 ] [ndcg@5: 0.0714 ndcg@10: 0.0905 ndcg@20: 0.1136 ] 
2026-05-10 12:34:58,515 - Epoch 45  [recall@5: 0.0938 recall@10: 0.1520 recall@20: 0.2290 ] [ndcg@5: 0.0719 ndcg@10: 0.0919 ndcg@20: 0.1145 ] 
2026-05-10 12:35:06,220 - Epoch 48  [recall@5: 0.0948 recall@10: 0.1524 recall@20: 0.2300 ] [ndcg@5: 0.0726 ndcg@10: 0.0925 ndcg@20: 0.1152 ] 
2026-05-10 12:35:13,964 - Epoch 51  [recall@5: 0.0962 recall@10: 0.1541 recall@20: 0.2319 ] [ndcg@5: 0.0739 ndcg@10: 0.0938 ndcg@20: 0.1166 ] 
2026-05-10 12:35:21,780 - Epoch 54  [recall@5: 0.0973 recall@10: 0.1547 recall@20: 0.2332 ] [ndcg@5: 0.0745 ndcg@10: 0.0943 ndcg@20: 0.1173 ] 
2026-05-10 12:35:29,423 - Epoch 57  [recall@5: 0.0967 recall@10: 0.1573 recall@20: 0.2340 ] [ndcg@5: 0.0744 ndcg@10: 0.0953 ndcg@20: 0.1179 ] 
2026-05-10 12:35:37,095 - Epoch 60  [recall@5: 0.0974 recall@10: 0.1572 recall@20: 0.2366 ] [ndcg@5: 0.0750 ndcg@10: 0.0956 ndcg@20: 0.1189 ] 
2026-05-10 12:35:44,890 - Epoch 63  [recall@5: 0.0990 recall@10: 0.1599 recall@20: 0.2376 ] [ndcg@5: 0.0757 ndcg@10: 0.0967 ndcg@20: 0.1195 ] 
2026-05-10 12:35:52,724 - Epoch 66  [recall@5: 0.0996 recall@10: 0.1607 recall@20: 0.2385 ] [ndcg@5: 0.0763 ndcg@10: 0.0976 ndcg@20: 0.1204 ] 
2026-05-10 12:36:00,634 - Epoch 69  [recall@5: 0.1002 recall@10: 0.1620 recall@20: 0.2398 ] [ndcg@5: 0.0775 ndcg@10: 0.0989 ndcg@20: 0.1217 ] 
2026-05-10 12:36:08,126 - Epoch 72  [recall@5: 0.1018 recall@10: 0.1624 recall@20: 0.2406 ] [ndcg@5: 0.0783 ndcg@10: 0.0992 ndcg@20: 0.1222 ] 
2026-05-10 12:36:15,939 - Epoch 75  [recall@5: 0.1009 recall@10: 0.1647 recall@20: 0.2419 ] [ndcg@5: 0.0782 ndcg@10: 0.1003 ndcg@20: 0.1229 ] 
2026-05-10 12:36:23,632 - Epoch 78  [recall@5: 0.1018 recall@10: 0.1651 recall@20: 0.2420 ] [ndcg@5: 0.0790 ndcg@10: 0.1009 ndcg@20: 0.1234 ] 
2026-05-10 12:36:30,756 - Epoch 81  [recall@5: 0.1018 recall@10: 0.1655 recall@20: 0.2439 ] [ndcg@5: 0.0790 ndcg@10: 0.1012 ndcg@20: 0.1240 ] 
2026-05-10 12:36:37,250 - Epoch 84  [recall@5: 0.1029 recall@10: 0.1650 recall@20: 0.2453 ] [ndcg@5: 0.0798 ndcg@10: 0.1014 ndcg@20: 0.1248 ] 
2026-05-10 12:36:43,446 - Epoch 87  [recall@5: 0.1031 recall@10: 0.1663 recall@20: 0.2463 ] [ndcg@5: 0.0796 ndcg@10: 0.1017 ndcg@20: 0.1249 ] 
2026-05-10 12:36:49,746 - Epoch 90  [recall@5: 0.1037 recall@10: 0.1665 recall@20: 0.2474 ] [ndcg@5: 0.0804 ndcg@10: 0.1022 ndcg@20: 0.1258 ] 
2026-05-10 12:36:56,057 - Epoch 93  [recall@5: 0.1036 recall@10: 0.1664 recall@20: 0.2490 ] [ndcg@5: 0.0804 ndcg@10: 0.1022 ndcg@20: 0.1263 ] 
2026-05-10 12:37:02,090 - Epoch 96  [recall@5: 0.1049 recall@10: 0.1662 recall@20: 0.2512 ] [ndcg@5: 0.0810 ndcg@10: 0.1024 ndcg@20: 0.1270 ] 
2026-05-10 12:37:08,406 - Epoch 99  [recall@5: 0.1050 recall@10: 0.1667 recall@20: 0.2512 ] [ndcg@5: 0.0813 ndcg@10: 0.1028 ndcg@20: 0.1273 ] 
2026-05-10 12:37:09,160 - [recall@5: 0.1050 recall@10: 0.1667 recall@20: 0.2512 ] [ndcg@5: 0.0813 ndcg@10: 0.1028 ndcg@20: 0.1273 ] 
2026-05-10 12:37:09,938 - [recall@5: 0.1129 recall@10: 0.1708 recall@20: 0.2483 ] [ndcg@5: 0.0949 ndcg@10: 0.1160 ndcg@20: 0.1401 ] 
2026-05-10 12:37:09,951 - Save model parameters to ./checkpoint/lightgcn_agr/lightgcn_agr-digital_music-2026-20260510_123251_autotune_digital_clean_digital_music_s02_keep_rate_0p8.pth
2026-05-10 12:37:09,951 - Save run metadata to ./checkpoint/lightgcn_agr/lightgcn_agr-digital_music-2026-20260510_123251_autotune_digital_clean_digital_music_s02_keep_rate_0p8.json
2026-05-10 12:37:09,952 - Best Epoch 99. Final test result: {'recall': array([0.11291257, 0.17084364, 0.24830455]), 'ndcg': array([0.09490884, 0.11597591, 0.14009057])}.
