2026-05-10 12:04:40,604 - {'optimizer': {'name': 'adam', 'lr': 0.001, 'weight_decay': 0}, 'train': {'epoch': 100, 'batch_size': 4096, 'save_model': True, 'loss': 'pairwise', 'test_step': 3, 'reproducible': True, 'seed': 2026, 'patience': 5}, 'test': {'metrics': ['recall', 'ndcg'], 'k': [5, 10, 20], 'batch_size': 1024}, 'data': {'type': 'general_cf', 'name': 'digital_music', 'user_num': 5541, 'item_num': 3568}, 'model': {'name': 'lightgcn_agr', 'embedding_size': 32, 'edge_bias': 0.5, 'keep_rate': 0.8, 'mask_ratio': 0.15, 'recon_weight': 0.2, 're_temperature': 0.2, 'layer_num': 3, 'reg_weight': 5e-07, 'prf_weight': 0.02, 'kd_weight': 0.01, 'kd_temperature': 0.2, 'str_weight': 1.0, 'beta': 5.0, 'sigma': 0.25, 'alpha': 0.1, 'movie': {'layer_num': 3, 'reg_weight': 1e-07, 'kd_weight': 0.01, 'kd_temperature': 0.2, 'prf_weight': 0.02, 'str_weight': 1.2, 'beta': 3.5, 'sigma': 0.3, 'alpha': 0.15, 'keep_rate': 0.8}, 'amazon': {'layer_num': 3, 'reg_weight': 5e-07, 'kd_weight': 0.01, 'kd_temperature': 0.2, 'prf_weight': 0.03, 'str_weight': 1.5, 'beta': 4.0, 'sigma': 0.25, 'alpha': 0.2, 'keep_rate': 0.8}, 'steam': {'layer_num': 3, 'reg_weight': 1e-08, 'kd_weight': 0.001, 'kd_temperature': 0.1, 'prf_weight': 0.01, 'str_weight': 1.0, 'beta': 2.5, 'sigma': 0.2, 'alpha': 0.08, 'keep_rate': 0.8}, 'yelp': {'layer_num': 3, 'reg_weight': 1e-06, 'kd_weight': 0.001, 'kd_temperature': 0.2, 'prf_weight': 0.025, 'str_weight': 1.3, 'beta': 4.0, 'sigma': 0.28, 'alpha': 0.18, 'keep_rate': 0.8}}}
2026-05-10 12:04:48,745 - Epoch 0  [recall@5: 0.0132 recall@10: 0.0230 recall@20: 0.0366 ] [ndcg@5: 0.0108 ndcg@10: 0.0142 ndcg@20: 0.0181 ] 
2026-05-10 12:04:56,653 - Epoch 3  [recall@5: 0.0661 recall@10: 0.1016 recall@20: 0.1491 ] [ndcg@5: 0.0529 ndcg@10: 0.0650 ndcg@20: 0.0790 ] 
2026-05-10 12:05:04,157 - Epoch 6  [recall@5: 0.0756 recall@10: 0.1179 recall@20: 0.1830 ] [ndcg@5: 0.0601 ndcg@10: 0.0747 ndcg@20: 0.0938 ] 
2026-05-10 12:05:11,796 - Epoch 9  [recall@5: 0.0764 recall@10: 0.1205 recall@20: 0.1905 ] [ndcg@5: 0.0603 ndcg@10: 0.0755 ndcg@20: 0.0960 ] 
2026-05-10 12:05:19,362 - Epoch 12  [recall@5: 0.0770 recall@10: 0.1222 recall@20: 0.1929 ] [ndcg@5: 0.0602 ndcg@10: 0.0758 ndcg@20: 0.0963 ] 
2026-05-10 12:05:26,823 - Epoch 15  [recall@5: 0.0782 recall@10: 0.1208 recall@20: 0.1953 ] [ndcg@5: 0.0607 ndcg@10: 0.0755 ndcg@20: 0.0972 ] 
2026-05-10 12:05:34,417 - Epoch 18  [recall@5: 0.0793 recall@10: 0.1270 recall@20: 0.2001 ] [ndcg@5: 0.0619 ndcg@10: 0.0784 ndcg@20: 0.0995 ] 
2026-05-10 12:05:42,209 - Epoch 21  [recall@5: 0.0804 recall@10: 0.1292 recall@20: 0.2040 ] [ndcg@5: 0.0632 ndcg@10: 0.0802 ndcg@20: 0.1020 ] 
2026-05-10 12:05:49,754 - Epoch 24  [recall@5: 0.0831 recall@10: 0.1324 recall@20: 0.2078 ] [ndcg@5: 0.0649 ndcg@10: 0.0821 ndcg@20: 0.1042 ] 
2026-05-10 12:05:57,372 - Epoch 27  [recall@5: 0.0859 recall@10: 0.1347 recall@20: 0.2114 ] [ndcg@5: 0.0667 ndcg@10: 0.0836 ndcg@20: 0.1062 ] 
2026-05-10 12:06:04,780 - Epoch 30  [recall@5: 0.0874 recall@10: 0.1396 recall@20: 0.2166 ] [ndcg@5: 0.0677 ndcg@10: 0.0858 ndcg@20: 0.1083 ] 
2026-05-10 12:06:12,505 - Epoch 33  [recall@5: 0.0895 recall@10: 0.1437 recall@20: 0.2197 ] [ndcg@5: 0.0688 ndcg@10: 0.0876 ndcg@20: 0.1098 ] 
2026-05-10 12:06:20,165 - Epoch 36  [recall@5: 0.0909 recall@10: 0.1468 recall@20: 0.2233 ] [ndcg@5: 0.0697 ndcg@10: 0.0890 ndcg@20: 0.1115 ] 
2026-05-10 12:06:27,647 - Epoch 39  [recall@5: 0.0925 recall@10: 0.1490 recall@20: 0.2242 ] [ndcg@5: 0.0706 ndcg@10: 0.0902 ndcg@20: 0.1124 ] 
2026-05-10 12:06:35,509 - Epoch 42  [recall@5: 0.0940 recall@10: 0.1490 recall@20: 0.2274 ] [ndcg@5: 0.0715 ndcg@10: 0.0906 ndcg@20: 0.1136 ] 
2026-05-10 12:06:43,129 - Epoch 45  [recall@5: 0.0939 recall@10: 0.1520 recall@20: 0.2291 ] [ndcg@5: 0.0719 ndcg@10: 0.0919 ndcg@20: 0.1145 ] 
2026-05-10 12:06:49,970 - Epoch 48  [recall@5: 0.0948 recall@10: 0.1525 recall@20: 0.2301 ] [ndcg@5: 0.0726 ndcg@10: 0.0925 ndcg@20: 0.1152 ] 
2026-05-10 12:06:56,643 - Epoch 51  [recall@5: 0.0961 recall@10: 0.1545 recall@20: 0.2316 ] [ndcg@5: 0.0738 ndcg@10: 0.0939 ndcg@20: 0.1165 ] 
2026-05-10 12:07:03,387 - Epoch 54  [recall@5: 0.0973 recall@10: 0.1547 recall@20: 0.2331 ] [ndcg@5: 0.0746 ndcg@10: 0.0943 ndcg@20: 0.1173 ] 
2026-05-10 12:07:09,668 - Epoch 57  [recall@5: 0.0967 recall@10: 0.1571 recall@20: 0.2342 ] [ndcg@5: 0.0745 ndcg@10: 0.0953 ndcg@20: 0.1180 ] 
2026-05-10 12:07:15,819 - Epoch 60  [recall@5: 0.0975 recall@10: 0.1573 recall@20: 0.2366 ] [ndcg@5: 0.0751 ndcg@10: 0.0957 ndcg@20: 0.1190 ] 
2026-05-10 12:07:22,143 - Epoch 63  [recall@5: 0.0993 recall@10: 0.1599 recall@20: 0.2383 ] [ndcg@5: 0.0758 ndcg@10: 0.0968 ndcg@20: 0.1198 ] 
2026-05-10 12:07:28,400 - Epoch 66  [recall@5: 0.0996 recall@10: 0.1608 recall@20: 0.2385 ] [ndcg@5: 0.0765 ndcg@10: 0.0976 ndcg@20: 0.1205 ] 
2026-05-10 12:07:34,903 - Epoch 69  [recall@5: 0.1002 recall@10: 0.1618 recall@20: 0.2400 ] [ndcg@5: 0.0775 ndcg@10: 0.0989 ndcg@20: 0.1218 ] 
2026-05-10 12:07:42,895 - Epoch 72  [recall@5: 0.1015 recall@10: 0.1618 recall@20: 0.2405 ] [ndcg@5: 0.0782 ndcg@10: 0.0991 ndcg@20: 0.1222 ] 
2026-05-10 12:07:50,780 - Epoch 75  [recall@5: 0.1009 recall@10: 0.1645 recall@20: 0.2415 ] [ndcg@5: 0.0782 ndcg@10: 0.1003 ndcg@20: 0.1228 ] 
2026-05-10 12:07:58,587 - Epoch 78  [recall@5: 0.1017 recall@10: 0.1654 recall@20: 0.2421 ] [ndcg@5: 0.0789 ndcg@10: 0.1010 ndcg@20: 0.1234 ] 
2026-05-10 12:08:06,551 - Epoch 81  [recall@5: 0.1018 recall@10: 0.1652 recall@20: 0.2437 ] [ndcg@5: 0.0790 ndcg@10: 0.1012 ndcg@20: 0.1241 ] 
2026-05-10 12:08:14,833 - Epoch 84  [recall@5: 0.1029 recall@10: 0.1651 recall@20: 0.2452 ] [ndcg@5: 0.0798 ndcg@10: 0.1015 ndcg@20: 0.1248 ] 
2026-05-10 12:08:22,785 - Epoch 87  [recall@5: 0.1032 recall@10: 0.1661 recall@20: 0.2461 ] [ndcg@5: 0.0796 ndcg@10: 0.1016 ndcg@20: 0.1249 ] 
2026-05-10 12:08:30,514 - Epoch 90  [recall@5: 0.1036 recall@10: 0.1666 recall@20: 0.2477 ] [ndcg@5: 0.0802 ndcg@10: 0.1021 ndcg@20: 0.1257 ] 
2026-05-10 12:08:38,214 - Epoch 93  [recall@5: 0.1037 recall@10: 0.1662 recall@20: 0.2489 ] [ndcg@5: 0.0804 ndcg@10: 0.1021 ndcg@20: 0.1262 ] 
2026-05-10 12:08:45,764 - Epoch 96  [recall@5: 0.1047 recall@10: 0.1664 recall@20: 0.2513 ] [ndcg@5: 0.0809 ndcg@10: 0.1024 ndcg@20: 0.1269 ] 
2026-05-10 12:08:53,128 - Epoch 99  [recall@5: 0.1050 recall@10: 0.1662 recall@20: 0.2510 ] [ndcg@5: 0.0813 ndcg@10: 0.1026 ndcg@20: 0.1272 ] 
2026-05-10 12:08:54,291 - [recall@5: 0.1047 recall@10: 0.1664 recall@20: 0.2513 ] [ndcg@5: 0.0809 ndcg@10: 0.1024 ndcg@20: 0.1269 ] 
2026-05-10 12:08:55,350 - [recall@5: 0.1113 recall@10: 0.1709 recall@20: 0.2480 ] [ndcg@5: 0.0936 ndcg@10: 0.1154 ndcg@20: 0.1394 ] 
2026-05-10 12:08:55,373 - Save model parameters to ./checkpoint/lightgcn_agr/lightgcn_agr-digital_music-2026-20260510_120434_autotune_digital_clean_digital_music_s01_reg_weight_5em07.pth
2026-05-10 12:08:55,373 - Save run metadata to ./checkpoint/lightgcn_agr/lightgcn_agr-digital_music-2026-20260510_120434_autotune_digital_clean_digital_music_s01_reg_weight_5em07.json
2026-05-10 12:08:55,374 - Best Epoch 96. Final test result: {'recall': array([0.11126022, 0.17085035, 0.2479899 ]), 'ndcg': array([0.09362642, 0.11544381, 0.13940552])}.
