2026-05-10 00:14:47,794 - {'optimizer': {'name': 'adam', 'lr': 0.001, 'weight_decay': 0}, 'train': {'epoch': 200, 'batch_size': 4096, 'save_model': True, 'loss': 'pairwise', 'test_step': 3, 'reproducible': True, 'seed': 2025, 'patience': 5}, 'test': {'metrics': ['recall', 'ndcg'], 'k': [5, 10, 20], 'batch_size': 1024}, 'data': {'type': 'general_cf', 'name': 'digital_music', 'user_num': 5541, 'item_num': 3568}, 'model': {'name': 'lightgcn_agr', 'embedding_size': 32, 'edge_bias': 0.5, 'keep_rate': 0.8, 'mask_ratio': 0.15, 'recon_weight': 0.2, 're_temperature': 0.2, 'layer_num': 3, 'reg_weight': 1e-07, 'prf_weight': 0.02, 'kd_weight': 0.01, 'kd_temperature': 0.2, 'str_weight': 1.0, 'beta': 5.0, 'sigma': 0.25, 'alpha': 0.1, 'movie': {'layer_num': 3, 'reg_weight': 1e-07, 'kd_weight': 0.01, 'kd_temperature': 0.2, 'prf_weight': 0.02, 'str_weight': 1.2, 'beta': 3.5, 'sigma': 0.3, 'alpha': 0.15, 'keep_rate': 0.8}, 'amazon': {'layer_num': 3, 'reg_weight': 5e-07, 'kd_weight': 0.01, 'kd_temperature': 0.2, 'prf_weight': 0.03, 'str_weight': 1.5, 'beta': 4.0, 'sigma': 0.25, 'alpha': 0.2, 'keep_rate': 0.8}, 'steam': {'layer_num': 3, 'reg_weight': 1e-08, 'kd_weight': 0.001, 'kd_temperature': 0.1, 'prf_weight': 0.01, 'str_weight': 1.0, 'beta': 2.5, 'sigma': 0.2, 'alpha': 0.08, 'keep_rate': 0.8}, 'yelp': {'layer_num': 3, 'reg_weight': 1e-06, 'kd_weight': 0.001, 'kd_temperature': 0.2, 'prf_weight': 0.025, 'str_weight': 1.3, 'beta': 4.0, 'sigma': 0.28, 'alpha': 0.18, 'keep_rate': 0.8}}}
2026-05-10 00:14:54,461 - Epoch 0  [recall@5: 0.0132 recall@10: 0.0230 recall@20: 0.0366 ] [ndcg@5: 0.0108 ndcg@10: 0.0142 ndcg@20: 0.0181 ] 
2026-05-10 00:15:00,740 - Epoch 3  [recall@5: 0.0661 recall@10: 0.1016 recall@20: 0.1491 ] [ndcg@5: 0.0529 ndcg@10: 0.0649 ndcg@20: 0.0790 ] 
2026-05-10 00:15:08,038 - Epoch 6  [recall@5: 0.0756 recall@10: 0.1179 recall@20: 0.1829 ] [ndcg@5: 0.0601 ndcg@10: 0.0747 ndcg@20: 0.0937 ] 
2026-05-10 00:15:14,039 - Epoch 9  [recall@5: 0.0766 recall@10: 0.1203 recall@20: 0.1905 ] [ndcg@5: 0.0604 ndcg@10: 0.0754 ndcg@20: 0.0960 ] 
2026-05-10 00:15:20,447 - Epoch 12  [recall@5: 0.0770 recall@10: 0.1222 recall@20: 0.1929 ] [ndcg@5: 0.0602 ndcg@10: 0.0758 ndcg@20: 0.0963 ] 
2026-05-10 00:15:27,080 - Epoch 15  [recall@5: 0.0782 recall@10: 0.1208 recall@20: 0.1951 ] [ndcg@5: 0.0607 ndcg@10: 0.0755 ndcg@20: 0.0971 ] 
2026-05-10 00:15:33,295 - Epoch 18  [recall@5: 0.0793 recall@10: 0.1270 recall@20: 0.2001 ] [ndcg@5: 0.0619 ndcg@10: 0.0784 ndcg@20: 0.0995 ] 
2026-05-10 00:15:39,530 - Epoch 21  [recall@5: 0.0804 recall@10: 0.1292 recall@20: 0.2040 ] [ndcg@5: 0.0632 ndcg@10: 0.0802 ndcg@20: 0.1020 ] 
2026-05-10 00:15:45,821 - Epoch 24  [recall@5: 0.0831 recall@10: 0.1324 recall@20: 0.2078 ] [ndcg@5: 0.0650 ndcg@10: 0.0822 ndcg@20: 0.1043 ] 
2026-05-10 00:15:51,970 - Epoch 27  [recall@5: 0.0859 recall@10: 0.1349 recall@20: 0.2116 ] [ndcg@5: 0.0667 ndcg@10: 0.0837 ndcg@20: 0.1062 ] 
2026-05-10 00:15:58,135 - Epoch 30  [recall@5: 0.0872 recall@10: 0.1396 recall@20: 0.2164 ] [ndcg@5: 0.0676 ndcg@10: 0.0858 ndcg@20: 0.1083 ] 
2026-05-10 00:16:04,355 - Epoch 33  [recall@5: 0.0895 recall@10: 0.1437 recall@20: 0.2196 ] [ndcg@5: 0.0688 ndcg@10: 0.0876 ndcg@20: 0.1098 ] 
2026-05-10 00:16:10,899 - Epoch 36  [recall@5: 0.0909 recall@10: 0.1468 recall@20: 0.2235 ] [ndcg@5: 0.0697 ndcg@10: 0.0891 ndcg@20: 0.1116 ] 
2026-05-10 00:16:17,399 - Epoch 39  [recall@5: 0.0923 recall@10: 0.1490 recall@20: 0.2242 ] [ndcg@5: 0.0706 ndcg@10: 0.0902 ndcg@20: 0.1124 ] 
2026-05-10 00:16:23,535 - Epoch 42  [recall@5: 0.0938 recall@10: 0.1490 recall@20: 0.2275 ] [ndcg@5: 0.0715 ndcg@10: 0.0906 ndcg@20: 0.1137 ] 
2026-05-10 00:16:29,430 - Epoch 45  [recall@5: 0.0939 recall@10: 0.1520 recall@20: 0.2290 ] [ndcg@5: 0.0719 ndcg@10: 0.0919 ndcg@20: 0.1145 ] 
2026-05-10 00:16:35,763 - Epoch 48  [recall@5: 0.0947 recall@10: 0.1525 recall@20: 0.2300 ] [ndcg@5: 0.0725 ndcg@10: 0.0925 ndcg@20: 0.1152 ] 
2026-05-10 00:16:41,926 - Epoch 51  [recall@5: 0.0962 recall@10: 0.1544 recall@20: 0.2318 ] [ndcg@5: 0.0739 ndcg@10: 0.0939 ndcg@20: 0.1166 ] 
2026-05-10 00:16:48,226 - Epoch 54  [recall@5: 0.0972 recall@10: 0.1546 recall@20: 0.2332 ] [ndcg@5: 0.0745 ndcg@10: 0.0942 ndcg@20: 0.1173 ] 
2026-05-10 00:16:54,592 - Epoch 57  [recall@5: 0.0968 recall@10: 0.1571 recall@20: 0.2341 ] [ndcg@5: 0.0745 ndcg@10: 0.0953 ndcg@20: 0.1179 ] 
2026-05-10 00:17:00,640 - Epoch 60  [recall@5: 0.0975 recall@10: 0.1574 recall@20: 0.2363 ] [ndcg@5: 0.0750 ndcg@10: 0.0957 ndcg@20: 0.1189 ] 
2026-05-10 00:17:06,569 - Epoch 63  [recall@5: 0.0990 recall@10: 0.1599 recall@20: 0.2379 ] [ndcg@5: 0.0758 ndcg@10: 0.0969 ndcg@20: 0.1197 ] 
2026-05-10 00:17:12,500 - Epoch 66  [recall@5: 0.0996 recall@10: 0.1607 recall@20: 0.2384 ] [ndcg@5: 0.0764 ndcg@10: 0.0976 ndcg@20: 0.1205 ] 
2026-05-10 00:17:18,527 - Epoch 69  [recall@5: 0.1002 recall@10: 0.1621 recall@20: 0.2396 ] [ndcg@5: 0.0775 ndcg@10: 0.0990 ndcg@20: 0.1217 ] 
2026-05-10 00:17:24,445 - Epoch 72  [recall@5: 0.1015 recall@10: 0.1620 recall@20: 0.2405 ] [ndcg@5: 0.0782 ndcg@10: 0.0991 ndcg@20: 0.1221 ] 
2026-05-10 00:17:30,422 - Epoch 75  [recall@5: 0.1009 recall@10: 0.1645 recall@20: 0.2420 ] [ndcg@5: 0.0782 ndcg@10: 0.1002 ndcg@20: 0.1229 ] 
2026-05-10 00:17:36,528 - Epoch 78  [recall@5: 0.1017 recall@10: 0.1650 recall@20: 0.2420 ] [ndcg@5: 0.0789 ndcg@10: 0.1009 ndcg@20: 0.1233 ] 
2026-05-10 00:17:42,815 - Epoch 81  [recall@5: 0.1018 recall@10: 0.1654 recall@20: 0.2434 ] [ndcg@5: 0.0790 ndcg@10: 0.1012 ndcg@20: 0.1240 ] 
2026-05-10 00:17:49,297 - Epoch 84  [recall@5: 0.1029 recall@10: 0.1652 recall@20: 0.2451 ] [ndcg@5: 0.0798 ndcg@10: 0.1015 ndcg@20: 0.1248 ] 
2026-05-10 00:17:55,587 - Epoch 87  [recall@5: 0.1032 recall@10: 0.1658 recall@20: 0.2463 ] [ndcg@5: 0.0796 ndcg@10: 0.1015 ndcg@20: 0.1249 ] 
2026-05-10 00:18:01,819 - Epoch 90  [recall@5: 0.1038 recall@10: 0.1666 recall@20: 0.2472 ] [ndcg@5: 0.0805 ndcg@10: 0.1022 ndcg@20: 0.1258 ] 
2026-05-10 00:18:09,073 - Epoch 93  [recall@5: 0.1036 recall@10: 0.1660 recall@20: 0.2488 ] [ndcg@5: 0.0804 ndcg@10: 0.1020 ndcg@20: 0.1261 ] 
2026-05-10 00:18:16,151 - Epoch 96  [recall@5: 0.1045 recall@10: 0.1662 recall@20: 0.2510 ] [ndcg@5: 0.0809 ndcg@10: 0.1023 ndcg@20: 0.1269 ] 
2026-05-10 00:18:22,873 - Epoch 99  [recall@5: 0.1050 recall@10: 0.1665 recall@20: 0.2512 ] [ndcg@5: 0.0813 ndcg@10: 0.1027 ndcg@20: 0.1272 ] 
2026-05-10 00:18:29,162 - Epoch 102  [recall@5: 0.1057 recall@10: 0.1672 recall@20: 0.2523 ] [ndcg@5: 0.0820 ndcg@10: 0.1034 ndcg@20: 0.1280 ] 
2026-05-10 00:18:35,682 - Epoch 105  [recall@5: 0.1063 recall@10: 0.1684 recall@20: 0.2524 ] [ndcg@5: 0.0823 ndcg@10: 0.1038 ndcg@20: 0.1281 ] 
2026-05-10 00:18:41,927 - Epoch 108  [recall@5: 0.1062 recall@10: 0.1676 recall@20: 0.2535 ] [ndcg@5: 0.0826 ndcg@10: 0.1039 ndcg@20: 0.1288 ] 
2026-05-10 00:18:48,060 - Epoch 111  [recall@5: 0.1069 recall@10: 0.1688 recall@20: 0.2543 ] [ndcg@5: 0.0833 ndcg@10: 0.1047 ndcg@20: 0.1295 ] 
2026-05-10 00:18:54,290 - Epoch 114  [recall@5: 0.1072 recall@10: 0.1688 recall@20: 0.2553 ] [ndcg@5: 0.0833 ndcg@10: 0.1046 ndcg@20: 0.1296 ] 
2026-05-10 00:19:00,391 - Epoch 117  [recall@5: 0.1084 recall@10: 0.1699 recall@20: 0.2548 ] [ndcg@5: 0.0841 ndcg@10: 0.1053 ndcg@20: 0.1299 ] 
2026-05-10 00:19:06,594 - Epoch 120  [recall@5: 0.1087 recall@10: 0.1682 recall@20: 0.2552 ] [ndcg@5: 0.0844 ndcg@10: 0.1050 ndcg@20: 0.1301 ] 
2026-05-10 00:19:12,972 - Epoch 123  [recall@5: 0.1080 recall@10: 0.1689 recall@20: 0.2565 ] [ndcg@5: 0.0839 ndcg@10: 0.1049 ndcg@20: 0.1302 ] 
2026-05-10 00:19:19,765 - Epoch 126  [recall@5: 0.1087 recall@10: 0.1692 recall@20: 0.2567 ] [ndcg@5: 0.0845 ndcg@10: 0.1054 ndcg@20: 0.1307 ] 
2026-05-10 00:19:26,247 - Epoch 129  [recall@5: 0.1089 recall@10: 0.1698 recall@20: 0.2566 ] [ndcg@5: 0.0845 ndcg@10: 0.1056 ndcg@20: 0.1307 ] 
2026-05-10 00:19:32,179 - Epoch 132  [recall@5: 0.1090 recall@10: 0.1700 recall@20: 0.2578 ] [ndcg@5: 0.0847 ndcg@10: 0.1059 ndcg@20: 0.1313 ] 
2026-05-10 00:19:38,154 - Epoch 135  [recall@5: 0.1095 recall@10: 0.1709 recall@20: 0.2579 ] [ndcg@5: 0.0853 ndcg@10: 0.1064 ndcg@20: 0.1316 ] 
2026-05-10 00:19:44,391 - Epoch 138  [recall@5: 0.1098 recall@10: 0.1708 recall@20: 0.2578 ] [ndcg@5: 0.0855 ndcg@10: 0.1065 ndcg@20: 0.1318 ] 
2026-05-10 00:19:50,618 - Epoch 141  [recall@5: 0.1100 recall@10: 0.1705 recall@20: 0.2581 ] [ndcg@5: 0.0857 ndcg@10: 0.1066 ndcg@20: 0.1320 ] 
2026-05-10 00:19:56,710 - Epoch 144  [recall@5: 0.1098 recall@10: 0.1707 recall@20: 0.2575 ] [ndcg@5: 0.0856 ndcg@10: 0.1067 ndcg@20: 0.1319 ] 
2026-05-10 00:20:02,621 - Epoch 147  [recall@5: 0.1096 recall@10: 0.1708 recall@20: 0.2589 ] [ndcg@5: 0.0855 ndcg@10: 0.1067 ndcg@20: 0.1322 ] 
2026-05-10 00:20:08,601 - Epoch 150  [recall@5: 0.1090 recall@10: 0.1717 recall@20: 0.2588 ] [ndcg@5: 0.0853 ndcg@10: 0.1071 ndcg@20: 0.1323 ] 
2026-05-10 00:20:14,510 - Epoch 153  [recall@5: 0.1095 recall@10: 0.1716 recall@20: 0.2587 ] [ndcg@5: 0.0855 ndcg@10: 0.1070 ndcg@20: 0.1323 ] 
2026-05-10 00:20:20,456 - Epoch 156  [recall@5: 0.1100 recall@10: 0.1714 recall@20: 0.2599 ] [ndcg@5: 0.0859 ndcg@10: 0.1071 ndcg@20: 0.1327 ] 
2026-05-10 00:20:26,839 - Epoch 159  [recall@5: 0.1100 recall@10: 0.1717 recall@20: 0.2594 ] [ndcg@5: 0.0859 ndcg@10: 0.1073 ndcg@20: 0.1326 ] 
2026-05-10 00:20:32,904 - Epoch 162  [recall@5: 0.1099 recall@10: 0.1722 recall@20: 0.2595 ] [ndcg@5: 0.0860 ndcg@10: 0.1076 ndcg@20: 0.1328 ] 
2026-05-10 00:20:38,950 - Epoch 165  [recall@5: 0.1102 recall@10: 0.1726 recall@20: 0.2599 ] [ndcg@5: 0.0863 ndcg@10: 0.1078 ndcg@20: 0.1331 ] 
2026-05-10 00:20:45,872 - Epoch 168  [recall@5: 0.1108 recall@10: 0.1733 recall@20: 0.2585 ] [ndcg@5: 0.0865 ndcg@10: 0.1080 ndcg@20: 0.1327 ] 
2026-05-10 00:20:53,234 - Epoch 171  [recall@5: 0.1108 recall@10: 0.1751 recall@20: 0.2583 ] [ndcg@5: 0.0866 ndcg@10: 0.1087 ndcg@20: 0.1328 ] 
2026-05-10 00:21:01,690 - Epoch 174  [recall@5: 0.1107 recall@10: 0.1744 recall@20: 0.2589 ] [ndcg@5: 0.0867 ndcg@10: 0.1087 ndcg@20: 0.1331 ] 
2026-05-10 00:21:08,881 - Epoch 177  [recall@5: 0.1108 recall@10: 0.1743 recall@20: 0.2599 ] [ndcg@5: 0.0869 ndcg@10: 0.1089 ndcg@20: 0.1336 ] 
2026-05-10 00:21:16,251 - Epoch 180  [recall@5: 0.1113 recall@10: 0.1737 recall@20: 0.2604 ] [ndcg@5: 0.0868 ndcg@10: 0.1085 ndcg@20: 0.1335 ] 
2026-05-10 00:21:23,312 - Epoch 183  [recall@5: 0.1119 recall@10: 0.1737 recall@20: 0.2604 ] [ndcg@5: 0.0870 ndcg@10: 0.1084 ndcg@20: 0.1335 ] 
2026-05-10 00:21:30,511 - Epoch 186  [recall@5: 0.1131 recall@10: 0.1742 recall@20: 0.2594 ] [ndcg@5: 0.0876 ndcg@10: 0.1087 ndcg@20: 0.1334 ] 
2026-05-10 00:21:37,966 - Epoch 189  [recall@5: 0.1138 recall@10: 0.1737 recall@20: 0.2589 ] [ndcg@5: 0.0879 ndcg@10: 0.1086 ndcg@20: 0.1334 ] 
2026-05-10 00:21:45,180 - Epoch 192  [recall@5: 0.1128 recall@10: 0.1746 recall@20: 0.2584 ] [ndcg@5: 0.0876 ndcg@10: 0.1091 ndcg@20: 0.1334 ] 
2026-05-10 00:21:52,248 - Epoch 195  [recall@5: 0.1126 recall@10: 0.1744 recall@20: 0.2588 ] [ndcg@5: 0.0875 ndcg@10: 0.1089 ndcg@20: 0.1334 ] 
2026-05-10 00:21:53,098 - [recall@5: 0.1113 recall@10: 0.1737 recall@20: 0.2604 ] [ndcg@5: 0.0868 ndcg@10: 0.1085 ndcg@20: 0.1335 ] 
2026-05-10 00:21:53,954 - [recall@5: 0.1189 recall@10: 0.1768 recall@20: 0.2573 ] [ndcg@5: 0.0991 ndcg@10: 0.1200 ndcg@20: 0.1450 ] 
2026-05-10 00:21:53,972 - Save model parameters to ./checkpoint/lightgcn_agr/lightgcn_agr-digital_music-2025-20260510_001441.pth
2026-05-10 00:21:53,972 - Save run metadata to ./checkpoint/lightgcn_agr/lightgcn_agr-digital_music-2025-20260510_001441.json
2026-05-10 00:21:53,975 - Best Epoch 180. Final test result: {'recall': array([0.11885041, 0.17677576, 0.25733163]), 'ndcg': array([0.09908629, 0.11997537, 0.14499682])}.
