2026-05-10 02:19:35,679 - {'optimizer': {'name': 'adam', 'lr': 0.001, 'weight_decay': 0}, 'train': {'epoch': 100, 'batch_size': 4096, 'save_model': True, 'loss': 'pairwise', 'test_step': 3, 'reproducible': True, 'seed': 2026, 'patience': 5}, 'test': {'metrics': ['recall', 'ndcg'], 'k': [5, 10, 20], 'batch_size': 1024}, 'data': {'type': 'general_cf', 'name': 'digital_music', 'user_num': 5541, 'item_num': 3568}, 'model': {'name': 'lightgcn_agr', 'embedding_size': 32, 'edge_bias': 0.5, 'keep_rate': 0.9, 'mask_ratio': 0.15, 'recon_weight': 0.2, 're_temperature': 0.2, 'layer_num': 3, 'reg_weight': 1e-06, 'prf_weight': 0.1, 'kd_weight': 0.01, 'kd_temperature': 0.2, 'str_weight': 1.0, 'beta': 5.0, 'sigma': 0.25, 'alpha': 0.3, 'movie': {'layer_num': 3, 'reg_weight': 1e-07, 'kd_weight': 0.01, 'kd_temperature': 0.2, 'prf_weight': 0.02, 'str_weight': 1.2, 'beta': 3.5, 'sigma': 0.3, 'alpha': 0.15, 'keep_rate': 0.8}, 'amazon': {'layer_num': 3, 'reg_weight': 5e-07, 'kd_weight': 0.01, 'kd_temperature': 0.2, 'prf_weight': 0.03, 'str_weight': 1.5, 'beta': 4.0, 'sigma': 0.25, 'alpha': 0.2, 'keep_rate': 0.8}, 'steam': {'layer_num': 3, 'reg_weight': 1e-08, 'kd_weight': 0.001, 'kd_temperature': 0.1, 'prf_weight': 0.01, 'str_weight': 1.0, 'beta': 2.5, 'sigma': 0.2, 'alpha': 0.08, 'keep_rate': 0.8}, 'yelp': {'layer_num': 3, 'reg_weight': 1e-06, 'kd_weight': 0.001, 'kd_temperature': 0.2, 'prf_weight': 0.025, 'str_weight': 1.3, 'beta': 4.0, 'sigma': 0.28, 'alpha': 0.18, 'keep_rate': 0.8}}}
2026-05-10 02:19:42,076 - Epoch 0  [recall@5: 0.0195 recall@10: 0.0335 recall@20: 0.0526 ] [ndcg@5: 0.0155 ndcg@10: 0.0206 ndcg@20: 0.0260 ] 
2026-05-10 02:19:50,691 - Epoch 3  [recall@5: 0.0619 recall@10: 0.0911 recall@20: 0.1346 ] [ndcg@5: 0.0474 ndcg@10: 0.0578 ndcg@20: 0.0707 ] 
2026-05-10 02:19:59,865 - Epoch 6  [recall@5: 0.0681 recall@10: 0.1031 recall@20: 0.1449 ] [ndcg@5: 0.0534 ndcg@10: 0.0657 ndcg@20: 0.0781 ] 
2026-05-10 02:20:08,908 - Epoch 9  [recall@5: 0.0734 recall@10: 0.1095 recall@20: 0.1567 ] [ndcg@5: 0.0569 ndcg@10: 0.0696 ndcg@20: 0.0833 ] 
2026-05-10 02:20:17,997 - Epoch 12  [recall@5: 0.0785 recall@10: 0.1170 recall@20: 0.1663 ] [ndcg@5: 0.0605 ndcg@10: 0.0738 ndcg@20: 0.0880 ] 
2026-05-10 02:20:27,295 - Epoch 15  [recall@5: 0.0802 recall@10: 0.1220 recall@20: 0.1744 ] [ndcg@5: 0.0613 ndcg@10: 0.0757 ndcg@20: 0.0909 ] 
2026-05-10 02:20:36,467 - Epoch 18  [recall@5: 0.0810 recall@10: 0.1237 recall@20: 0.1806 ] [ndcg@5: 0.0617 ndcg@10: 0.0763 ndcg@20: 0.0929 ] 
2026-05-10 02:20:45,761 - Epoch 21  [recall@5: 0.0808 recall@10: 0.1239 recall@20: 0.1858 ] [ndcg@5: 0.0610 ndcg@10: 0.0760 ndcg@20: 0.0939 ] 
2026-05-10 02:20:54,893 - Epoch 24  [recall@5: 0.0776 recall@10: 0.1244 recall@20: 0.1850 ] [ndcg@5: 0.0590 ndcg@10: 0.0754 ndcg@20: 0.0929 ] 
2026-05-10 02:21:04,038 - Epoch 27  [recall@5: 0.0770 recall@10: 0.1231 recall@20: 0.1844 ] [ndcg@5: 0.0589 ndcg@10: 0.0749 ndcg@20: 0.0929 ] 
2026-05-10 02:21:13,492 - Epoch 30  [recall@5: 0.0769 recall@10: 0.1238 recall@20: 0.1838 ] [ndcg@5: 0.0583 ndcg@10: 0.0746 ndcg@20: 0.0923 ] 
2026-05-10 02:21:22,821 - Epoch 33  [recall@5: 0.0771 recall@10: 0.1250 recall@20: 0.1831 ] [ndcg@5: 0.0586 ndcg@10: 0.0752 ndcg@20: 0.0923 ] 
2026-05-10 02:21:32,118 - Epoch 36  [recall@5: 0.0789 recall@10: 0.1263 recall@20: 0.1881 ] [ndcg@5: 0.0604 ndcg@10: 0.0769 ndcg@20: 0.0951 ] 
2026-05-10 02:21:41,496 - Epoch 39  [recall@5: 0.0811 recall@10: 0.1297 recall@20: 0.1915 ] [ndcg@5: 0.0623 ndcg@10: 0.0793 ndcg@20: 0.0974 ] 
2026-05-10 02:21:51,028 - Epoch 42  [recall@5: 0.0861 recall@10: 0.1329 recall@20: 0.1978 ] [ndcg@5: 0.0657 ndcg@10: 0.0820 ndcg@20: 0.1009 ] 
2026-05-10 02:22:00,525 - Epoch 45  [recall@5: 0.0891 recall@10: 0.1369 recall@20: 0.2034 ] [ndcg@5: 0.0679 ndcg@10: 0.0845 ndcg@20: 0.1041 ] 
2026-05-10 02:22:09,900 - Epoch 48  [recall@5: 0.0919 recall@10: 0.1418 recall@20: 0.2081 ] [ndcg@5: 0.0701 ndcg@10: 0.0873 ndcg@20: 0.1069 ] 
2026-05-10 02:22:19,545 - Epoch 51  [recall@5: 0.0947 recall@10: 0.1453 recall@20: 0.2140 ] [ndcg@5: 0.0724 ndcg@10: 0.0899 ndcg@20: 0.1101 ] 
2026-05-10 02:22:28,887 - Epoch 54  [recall@5: 0.0968 recall@10: 0.1483 recall@20: 0.2209 ] [ndcg@5: 0.0741 ndcg@10: 0.0919 ndcg@20: 0.1132 ] 
2026-05-10 02:22:38,111 - Epoch 57  [recall@5: 0.0992 recall@10: 0.1503 recall@20: 0.2244 ] [ndcg@5: 0.0760 ndcg@10: 0.0938 ndcg@20: 0.1157 ] 
2026-05-10 02:22:47,425 - Epoch 60  [recall@5: 0.1024 recall@10: 0.1538 recall@20: 0.2309 ] [ndcg@5: 0.0777 ndcg@10: 0.0956 ndcg@20: 0.1181 ] 
2026-05-10 02:22:56,656 - Epoch 63  [recall@5: 0.1028 recall@10: 0.1558 recall@20: 0.2334 ] [ndcg@5: 0.0788 ndcg@10: 0.0972 ndcg@20: 0.1200 ] 
2026-05-10 02:23:06,067 - Epoch 66  [recall@5: 0.1030 recall@10: 0.1604 recall@20: 0.2363 ] [ndcg@5: 0.0795 ndcg@10: 0.0997 ndcg@20: 0.1219 ] 
2026-05-10 02:23:15,488 - Epoch 69  [recall@5: 0.1052 recall@10: 0.1622 recall@20: 0.2423 ] [ndcg@5: 0.0811 ndcg@10: 0.1013 ndcg@20: 0.1245 ] 
2026-05-10 02:23:25,002 - Epoch 72  [recall@5: 0.1074 recall@10: 0.1663 recall@20: 0.2451 ] [ndcg@5: 0.0826 ndcg@10: 0.1033 ndcg@20: 0.1262 ] 
2026-05-10 02:23:34,486 - Epoch 75  [recall@5: 0.1086 recall@10: 0.1666 recall@20: 0.2472 ] [ndcg@5: 0.0835 ndcg@10: 0.1038 ndcg@20: 0.1273 ] 
2026-05-10 02:23:43,811 - Epoch 78  [recall@5: 0.1090 recall@10: 0.1679 recall@20: 0.2495 ] [ndcg@5: 0.0839 ndcg@10: 0.1045 ndcg@20: 0.1283 ] 
2026-05-10 02:23:53,228 - Epoch 81  [recall@5: 0.1106 recall@10: 0.1709 recall@20: 0.2524 ] [ndcg@5: 0.0850 ndcg@10: 0.1059 ndcg@20: 0.1296 ] 
2026-05-10 02:24:02,625 - Epoch 84  [recall@5: 0.1117 recall@10: 0.1725 recall@20: 0.2560 ] [ndcg@5: 0.0858 ndcg@10: 0.1069 ndcg@20: 0.1312 ] 
2026-05-10 02:24:12,012 - Epoch 87  [recall@5: 0.1125 recall@10: 0.1743 recall@20: 0.2577 ] [ndcg@5: 0.0862 ndcg@10: 0.1076 ndcg@20: 0.1318 ] 
2026-05-10 02:24:21,229 - Epoch 90  [recall@5: 0.1134 recall@10: 0.1762 recall@20: 0.2587 ] [ndcg@5: 0.0872 ndcg@10: 0.1089 ndcg@20: 0.1329 ] 
2026-05-10 02:24:30,581 - Epoch 93  [recall@5: 0.1138 recall@10: 0.1772 recall@20: 0.2595 ] [ndcg@5: 0.0877 ndcg@10: 0.1096 ndcg@20: 0.1336 ] 
2026-05-10 02:24:40,128 - Epoch 96  [recall@5: 0.1150 recall@10: 0.1793 recall@20: 0.2616 ] [ndcg@5: 0.0886 ndcg@10: 0.1107 ndcg@20: 0.1347 ] 
2026-05-10 02:24:49,316 - Epoch 99  [recall@5: 0.1161 recall@10: 0.1795 recall@20: 0.2634 ] [ndcg@5: 0.0894 ndcg@10: 0.1112 ndcg@20: 0.1358 ] 
2026-05-10 02:24:50,211 - [recall@5: 0.1161 recall@10: 0.1795 recall@20: 0.2634 ] [ndcg@5: 0.0894 ndcg@10: 0.1112 ndcg@20: 0.1358 ] 
2026-05-10 02:24:51,146 - [recall@5: 0.1199 recall@10: 0.1842 recall@20: 0.2606 ] [ndcg@5: 0.1004 ndcg@10: 0.1238 ndcg@20: 0.1473 ] 
2026-05-10 02:24:51,158 - Save model parameters to ./checkpoint/lightgcn_agr/lightgcn_agr-digital_music-2026-20260510_021930_autotune_digital_digital_music_s06_alpha_0p3.pth
2026-05-10 02:24:51,158 - Save run metadata to ./checkpoint/lightgcn_agr/lightgcn_agr-digital_music-2026-20260510_021930_autotune_digital_digital_music_s06_alpha_0p3.json
2026-05-10 02:24:51,159 - Best Epoch 99. Final test result: {'recall': array([0.11987389, 0.18417477, 0.26059885]), 'ndcg': array([0.10042766, 0.12376567, 0.14734613])}.
