2026-05-10 01:56:33,502 - {'optimizer': {'name': 'adam', 'lr': 0.001, 'weight_decay': 0}, 'train': {'epoch': 100, 'batch_size': 4096, 'save_model': True, 'loss': 'pairwise', 'test_step': 3, 'reproducible': True, 'seed': 233, 'patience': 5}, 'test': {'metrics': ['recall', 'ndcg'], 'k': [5, 10, 20], 'batch_size': 1024}, 'data': {'type': 'general_cf', 'name': 'digital_music', 'user_num': 5541, 'item_num': 3568}, 'model': {'name': 'lightgcn_agr', 'embedding_size': 32, 'edge_bias': 0.5, 'keep_rate': 0.9, 'mask_ratio': 0.15, 'recon_weight': 0.2, 're_temperature': 0.2, 'layer_num': 3, 'reg_weight': 5e-06, 'prf_weight': 0.1, 'kd_weight': 0.01, 'kd_temperature': 0.2, 'str_weight': 1.0, 'beta': 5.0, 'sigma': 0.25, 'alpha': 0.1, 'movie': {'layer_num': 3, 'reg_weight': 1e-07, 'kd_weight': 0.01, 'kd_temperature': 0.2, 'prf_weight': 0.02, 'str_weight': 1.2, 'beta': 3.5, 'sigma': 0.3, 'alpha': 0.15, 'keep_rate': 0.8}, 'amazon': {'layer_num': 3, 'reg_weight': 5e-07, 'kd_weight': 0.01, 'kd_temperature': 0.2, 'prf_weight': 0.03, 'str_weight': 1.5, 'beta': 4.0, 'sigma': 0.25, 'alpha': 0.2, 'keep_rate': 0.8}, 'steam': {'layer_num': 3, 'reg_weight': 1e-08, 'kd_weight': 0.001, 'kd_temperature': 0.1, 'prf_weight': 0.01, 'str_weight': 1.0, 'beta': 2.5, 'sigma': 0.2, 'alpha': 0.08, 'keep_rate': 0.8}, 'yelp': {'layer_num': 3, 'reg_weight': 1e-06, 'kd_weight': 0.001, 'kd_temperature': 0.2, 'prf_weight': 0.025, 'str_weight': 1.3, 'beta': 4.0, 'sigma': 0.28, 'alpha': 0.18, 'keep_rate': 0.8}}}
2026-05-10 01:56:40,692 - Epoch 0  [recall@5: 0.0199 recall@10: 0.0332 recall@20: 0.0526 ] [ndcg@5: 0.0157 ndcg@10: 0.0204 ndcg@20: 0.0261 ] 
2026-05-10 01:56:49,928 - Epoch 3  [recall@5: 0.0674 recall@10: 0.0993 recall@20: 0.1487 ] [ndcg@5: 0.0506 ndcg@10: 0.0621 ndcg@20: 0.0765 ] 
2026-05-10 01:56:59,297 - Epoch 6  [recall@5: 0.0773 recall@10: 0.1155 recall@20: 0.1769 ] [ndcg@5: 0.0587 ndcg@10: 0.0721 ndcg@20: 0.0899 ] 
2026-05-10 01:57:08,969 - Epoch 9  [recall@5: 0.0835 recall@10: 0.1241 recall@20: 0.1897 ] [ndcg@5: 0.0631 ndcg@10: 0.0772 ndcg@20: 0.0963 ] 
2026-05-10 01:57:18,585 - Epoch 12  [recall@5: 0.0823 recall@10: 0.1248 recall@20: 0.1864 ] [ndcg@5: 0.0631 ndcg@10: 0.0780 ndcg@20: 0.0962 ] 
2026-05-10 01:57:28,373 - Epoch 15  [recall@5: 0.0810 recall@10: 0.1253 recall@20: 0.1889 ] [ndcg@5: 0.0626 ndcg@10: 0.0781 ndcg@20: 0.0967 ] 
2026-05-10 01:57:38,146 - Epoch 18  [recall@5: 0.0836 recall@10: 0.1310 recall@20: 0.1929 ] [ndcg@5: 0.0646 ndcg@10: 0.0811 ndcg@20: 0.0993 ] 
2026-05-10 01:57:47,418 - Epoch 21  [recall@5: 0.0860 recall@10: 0.1354 recall@20: 0.2002 ] [ndcg@5: 0.0669 ndcg@10: 0.0843 ndcg@20: 0.1033 ] 
2026-05-10 01:57:57,617 - Epoch 24  [recall@5: 0.0907 recall@10: 0.1377 recall@20: 0.2069 ] [ndcg@5: 0.0697 ndcg@10: 0.0862 ndcg@20: 0.1066 ] 
2026-05-10 01:58:07,744 - Epoch 27  [recall@5: 0.0941 recall@10: 0.1437 recall@20: 0.2143 ] [ndcg@5: 0.0727 ndcg@10: 0.0898 ndcg@20: 0.1105 ] 
2026-05-10 01:58:17,975 - Epoch 30  [recall@5: 0.0966 recall@10: 0.1463 recall@20: 0.2222 ] [ndcg@5: 0.0742 ndcg@10: 0.0915 ndcg@20: 0.1138 ] 
2026-05-10 01:58:28,122 - Epoch 33  [recall@5: 0.0995 recall@10: 0.1504 recall@20: 0.2268 ] [ndcg@5: 0.0759 ndcg@10: 0.0936 ndcg@20: 0.1161 ] 
2026-05-10 01:58:37,926 - Epoch 36  [recall@5: 0.1011 recall@10: 0.1544 recall@20: 0.2320 ] [ndcg@5: 0.0774 ndcg@10: 0.0961 ndcg@20: 0.1188 ] 
2026-05-10 01:58:47,978 - Epoch 39  [recall@5: 0.1028 recall@10: 0.1566 recall@20: 0.2357 ] [ndcg@5: 0.0785 ndcg@10: 0.0974 ndcg@20: 0.1206 ] 
2026-05-10 01:58:58,009 - Epoch 42  [recall@5: 0.1045 recall@10: 0.1595 recall@20: 0.2402 ] [ndcg@5: 0.0797 ndcg@10: 0.0991 ndcg@20: 0.1227 ] 
2026-05-10 01:59:08,122 - Epoch 45  [recall@5: 0.1062 recall@10: 0.1617 recall@20: 0.2435 ] [ndcg@5: 0.0811 ndcg@10: 0.1006 ndcg@20: 0.1245 ] 
2026-05-10 01:59:18,316 - Epoch 48  [recall@5: 0.1062 recall@10: 0.1629 recall@20: 0.2454 ] [ndcg@5: 0.0816 ndcg@10: 0.1016 ndcg@20: 0.1258 ] 
2026-05-10 01:59:28,397 - Epoch 51  [recall@5: 0.1072 recall@10: 0.1659 recall@20: 0.2494 ] [ndcg@5: 0.0825 ndcg@10: 0.1032 ndcg@20: 0.1275 ] 
2026-05-10 01:59:38,818 - Epoch 54  [recall@5: 0.1085 recall@10: 0.1667 recall@20: 0.2512 ] [ndcg@5: 0.0837 ndcg@10: 0.1042 ndcg@20: 0.1288 ] 
2026-05-10 01:59:49,371 - Epoch 57  [recall@5: 0.1094 recall@10: 0.1691 recall@20: 0.2523 ] [ndcg@5: 0.0844 ndcg@10: 0.1055 ndcg@20: 0.1297 ] 
2026-05-10 01:59:59,805 - Epoch 60  [recall@5: 0.1099 recall@10: 0.1701 recall@20: 0.2556 ] [ndcg@5: 0.0851 ndcg@10: 0.1063 ndcg@20: 0.1312 ] 
2026-05-10 02:00:10,439 - Epoch 63  [recall@5: 0.1119 recall@10: 0.1724 recall@20: 0.2578 ] [ndcg@5: 0.0864 ndcg@10: 0.1077 ndcg@20: 0.1326 ] 
2026-05-10 02:00:20,861 - Epoch 66  [recall@5: 0.1116 recall@10: 0.1736 recall@20: 0.2577 ] [ndcg@5: 0.0866 ndcg@10: 0.1084 ndcg@20: 0.1331 ] 
2026-05-10 02:00:30,984 - Epoch 69  [recall@5: 0.1128 recall@10: 0.1746 recall@20: 0.2595 ] [ndcg@5: 0.0877 ndcg@10: 0.1095 ndcg@20: 0.1343 ] 
2026-05-10 02:00:41,043 - Epoch 72  [recall@5: 0.1136 recall@10: 0.1765 recall@20: 0.2600 ] [ndcg@5: 0.0880 ndcg@10: 0.1102 ndcg@20: 0.1345 ] 
2026-05-10 02:00:51,193 - Epoch 75  [recall@5: 0.1150 recall@10: 0.1773 recall@20: 0.2617 ] [ndcg@5: 0.0884 ndcg@10: 0.1103 ndcg@20: 0.1349 ] 
2026-05-10 02:01:01,203 - Epoch 78  [recall@5: 0.1156 recall@10: 0.1790 recall@20: 0.2622 ] [ndcg@5: 0.0889 ndcg@10: 0.1113 ndcg@20: 0.1355 ] 
2026-05-10 02:01:11,476 - Epoch 81  [recall@5: 0.1167 recall@10: 0.1797 recall@20: 0.2639 ] [ndcg@5: 0.0896 ndcg@10: 0.1118 ndcg@20: 0.1363 ] 
2026-05-10 02:01:21,657 - Epoch 84  [recall@5: 0.1185 recall@10: 0.1812 recall@20: 0.2660 ] [ndcg@5: 0.0905 ndcg@10: 0.1126 ndcg@20: 0.1372 ] 
2026-05-10 02:01:31,729 - Epoch 87  [recall@5: 0.1179 recall@10: 0.1816 recall@20: 0.2665 ] [ndcg@5: 0.0904 ndcg@10: 0.1129 ndcg@20: 0.1375 ] 
2026-05-10 02:01:41,912 - Epoch 90  [recall@5: 0.1177 recall@10: 0.1812 recall@20: 0.2675 ] [ndcg@5: 0.0906 ndcg@10: 0.1130 ndcg@20: 0.1380 ] 
2026-05-10 02:01:51,968 - Epoch 93  [recall@5: 0.1179 recall@10: 0.1819 recall@20: 0.2675 ] [ndcg@5: 0.0906 ndcg@10: 0.1131 ndcg@20: 0.1379 ] 
2026-05-10 02:02:02,392 - Epoch 96  [recall@5: 0.1193 recall@10: 0.1830 recall@20: 0.2671 ] [ndcg@5: 0.0917 ndcg@10: 0.1140 ndcg@20: 0.1384 ] 
2026-05-10 02:02:08,830 - Epoch 99  [recall@5: 0.1185 recall@10: 0.1820 recall@20: 0.2666 ] [ndcg@5: 0.0915 ndcg@10: 0.1137 ndcg@20: 0.1384 ] 
2026-05-10 02:02:09,589 - [recall@5: 0.1179 recall@10: 0.1819 recall@20: 0.2675 ] [ndcg@5: 0.0906 ndcg@10: 0.1131 ndcg@20: 0.1379 ] 
2026-05-10 02:02:10,368 - [recall@5: 0.1220 recall@10: 0.1842 recall@20: 0.2639 ] [ndcg@5: 0.1031 ndcg@10: 0.1255 ndcg@20: 0.1502 ] 
2026-05-10 02:02:10,380 - Save model parameters to ./checkpoint/lightgcn_agr/lightgcn_agr-digital_music-233-20260510_015628_autotune_digital_digital_music_s05_str_weight_1p0.pth
2026-05-10 02:02:10,380 - Save run metadata to ./checkpoint/lightgcn_agr/lightgcn_agr-digital_music-233-20260510_015628_autotune_digital_digital_music_s05_str_weight_1p0.json
2026-05-10 02:02:10,381 - Best Epoch 93. Final test result: {'recall': array([0.12196575, 0.1842043 , 0.2639115 ]), 'ndcg': array([0.10311847, 0.12549815, 0.1502071 ])}.
