2026-05-10 00:59:49,951 - {'optimizer': {'name': 'adam', 'lr': 0.001, 'weight_decay': 0}, 'train': {'epoch': 100, 'batch_size': 4096, 'save_model': True, 'loss': 'pairwise', 'test_step': 3, 'reproducible': True, 'seed': 233, 'patience': 5}, 'test': {'metrics': ['recall', 'ndcg'], 'k': [5, 10, 20], 'batch_size': 1024}, 'data': {'type': 'general_cf', 'name': 'digital_music', 'user_num': 5541, 'item_num': 3568}, 'model': {'name': 'lightgcn_agr', 'embedding_size': 32, 'edge_bias': 0.5, 'keep_rate': 0.7, 'mask_ratio': 0.15, 'recon_weight': 0.2, 're_temperature': 0.2, 'layer_num': 3, 'reg_weight': 5e-06, 'prf_weight': 0.02, 'kd_weight': 0.01, 'kd_temperature': 0.2, 'str_weight': 1.0, 'beta': 5.0, 'sigma': 0.25, 'alpha': 0.1, 'movie': {'layer_num': 3, 'reg_weight': 1e-07, 'kd_weight': 0.01, 'kd_temperature': 0.2, 'prf_weight': 0.02, 'str_weight': 1.2, 'beta': 3.5, 'sigma': 0.3, 'alpha': 0.15, 'keep_rate': 0.8}, 'amazon': {'layer_num': 3, 'reg_weight': 5e-07, 'kd_weight': 0.01, 'kd_temperature': 0.2, 'prf_weight': 0.03, 'str_weight': 1.5, 'beta': 4.0, 'sigma': 0.25, 'alpha': 0.2, 'keep_rate': 0.8}, 'steam': {'layer_num': 3, 'reg_weight': 1e-08, 'kd_weight': 0.001, 'kd_temperature': 0.1, 'prf_weight': 0.01, 'str_weight': 1.0, 'beta': 2.5, 'sigma': 0.2, 'alpha': 0.08, 'keep_rate': 0.8}, 'yelp': {'layer_num': 3, 'reg_weight': 1e-06, 'kd_weight': 0.001, 'kd_temperature': 0.2, 'prf_weight': 0.025, 'str_weight': 1.3, 'beta': 4.0, 'sigma': 0.28, 'alpha': 0.18, 'keep_rate': 0.8}}}
2026-05-10 00:59:57,195 - Epoch 0  [recall@5: 0.0111 recall@10: 0.0168 recall@20: 0.0299 ] [ndcg@5: 0.0088 ndcg@10: 0.0108 ndcg@20: 0.0146 ] 
2026-05-10 01:00:06,212 - Epoch 3  [recall@5: 0.0616 recall@10: 0.0955 recall@20: 0.1447 ] [ndcg@5: 0.0488 ndcg@10: 0.0604 ndcg@20: 0.0747 ] 
2026-05-10 01:00:15,387 - Epoch 6  [recall@5: 0.0739 recall@10: 0.1152 recall@20: 0.1812 ] [ndcg@5: 0.0584 ndcg@10: 0.0727 ndcg@20: 0.0920 ] 
2026-05-10 01:00:24,675 - Epoch 9  [recall@5: 0.0779 recall@10: 0.1217 recall@20: 0.1895 ] [ndcg@5: 0.0607 ndcg@10: 0.0758 ndcg@20: 0.0955 ] 
2026-05-10 01:00:34,246 - Epoch 12  [recall@5: 0.0755 recall@10: 0.1217 recall@20: 0.1903 ] [ndcg@5: 0.0597 ndcg@10: 0.0757 ndcg@20: 0.0957 ] 
2026-05-10 01:00:44,217 - Epoch 15  [recall@5: 0.0776 recall@10: 0.1206 recall@20: 0.1914 ] [ndcg@5: 0.0601 ndcg@10: 0.0749 ndcg@20: 0.0957 ] 
2026-05-10 01:00:53,797 - Epoch 18  [recall@5: 0.0783 recall@10: 0.1198 recall@20: 0.1943 ] [ndcg@5: 0.0612 ndcg@10: 0.0756 ndcg@20: 0.0972 ] 
2026-05-10 01:01:03,337 - Epoch 21  [recall@5: 0.0795 recall@10: 0.1231 recall@20: 0.1959 ] [ndcg@5: 0.0625 ndcg@10: 0.0776 ndcg@20: 0.0987 ] 
2026-05-10 01:01:12,916 - Epoch 24  [recall@5: 0.0799 recall@10: 0.1255 recall@20: 0.1985 ] [ndcg@5: 0.0631 ndcg@10: 0.0790 ndcg@20: 0.1003 ] 
2026-05-10 01:01:23,044 - Epoch 27  [recall@5: 0.0820 recall@10: 0.1290 recall@20: 0.2021 ] [ndcg@5: 0.0646 ndcg@10: 0.0808 ndcg@20: 0.1022 ] 
2026-05-10 01:01:32,995 - Epoch 30  [recall@5: 0.0829 recall@10: 0.1304 recall@20: 0.2051 ] [ndcg@5: 0.0655 ndcg@10: 0.0818 ndcg@20: 0.1038 ] 
2026-05-10 01:01:42,577 - Epoch 33  [recall@5: 0.0838 recall@10: 0.1316 recall@20: 0.2084 ] [ndcg@5: 0.0657 ndcg@10: 0.0823 ndcg@20: 0.1048 ] 
2026-05-10 01:01:52,271 - Epoch 36  [recall@5: 0.0862 recall@10: 0.1343 recall@20: 0.2107 ] [ndcg@5: 0.0671 ndcg@10: 0.0838 ndcg@20: 0.1062 ] 
2026-05-10 01:02:01,987 - Epoch 39  [recall@5: 0.0870 recall@10: 0.1360 recall@20: 0.2125 ] [ndcg@5: 0.0677 ndcg@10: 0.0846 ndcg@20: 0.1072 ] 
2026-05-10 01:02:11,984 - Epoch 42  [recall@5: 0.0878 recall@10: 0.1386 recall@20: 0.2149 ] [ndcg@5: 0.0685 ndcg@10: 0.0860 ndcg@20: 0.1085 ] 
2026-05-10 01:02:21,896 - Epoch 45  [recall@5: 0.0891 recall@10: 0.1426 recall@20: 0.2175 ] [ndcg@5: 0.0695 ndcg@10: 0.0878 ndcg@20: 0.1099 ] 
2026-05-10 01:02:31,970 - Epoch 48  [recall@5: 0.0909 recall@10: 0.1439 recall@20: 0.2209 ] [ndcg@5: 0.0704 ndcg@10: 0.0885 ndcg@20: 0.1111 ] 
2026-05-10 01:02:41,920 - Epoch 51  [recall@5: 0.0912 recall@10: 0.1458 recall@20: 0.2228 ] [ndcg@5: 0.0707 ndcg@10: 0.0894 ndcg@20: 0.1120 ] 
2026-05-10 01:02:51,920 - Epoch 54  [recall@5: 0.0922 recall@10: 0.1477 recall@20: 0.2248 ] [ndcg@5: 0.0717 ndcg@10: 0.0907 ndcg@20: 0.1133 ] 
2026-05-10 01:03:02,528 - Epoch 57  [recall@5: 0.0936 recall@10: 0.1492 recall@20: 0.2249 ] [ndcg@5: 0.0725 ndcg@10: 0.0916 ndcg@20: 0.1138 ] 
2026-05-10 01:03:12,939 - Epoch 60  [recall@5: 0.0952 recall@10: 0.1508 recall@20: 0.2275 ] [ndcg@5: 0.0732 ndcg@10: 0.0922 ndcg@20: 0.1147 ] 
2026-05-10 01:03:23,196 - Epoch 63  [recall@5: 0.0955 recall@10: 0.1510 recall@20: 0.2303 ] [ndcg@5: 0.0735 ndcg@10: 0.0925 ndcg@20: 0.1157 ] 
2026-05-10 01:03:33,670 - Epoch 66  [recall@5: 0.0958 recall@10: 0.1528 recall@20: 0.2321 ] [ndcg@5: 0.0738 ndcg@10: 0.0934 ndcg@20: 0.1166 ] 
2026-05-10 01:03:44,252 - Epoch 69  [recall@5: 0.0969 recall@10: 0.1545 recall@20: 0.2337 ] [ndcg@5: 0.0745 ndcg@10: 0.0944 ndcg@20: 0.1175 ] 
2026-05-10 01:03:54,335 - Epoch 72  [recall@5: 0.0973 recall@10: 0.1546 recall@20: 0.2334 ] [ndcg@5: 0.0751 ndcg@10: 0.0949 ndcg@20: 0.1179 ] 
2026-05-10 01:04:04,379 - Epoch 75  [recall@5: 0.0974 recall@10: 0.1545 recall@20: 0.2343 ] [ndcg@5: 0.0754 ndcg@10: 0.0952 ndcg@20: 0.1185 ] 
2026-05-10 01:04:14,692 - Epoch 78  [recall@5: 0.0978 recall@10: 0.1558 recall@20: 0.2367 ] [ndcg@5: 0.0757 ndcg@10: 0.0959 ndcg@20: 0.1194 ] 
2026-05-10 01:04:25,069 - Epoch 81  [recall@5: 0.0979 recall@10: 0.1575 recall@20: 0.2378 ] [ndcg@5: 0.0758 ndcg@10: 0.0966 ndcg@20: 0.1200 ] 
2026-05-10 01:04:35,573 - Epoch 84  [recall@5: 0.0996 recall@10: 0.1583 recall@20: 0.2389 ] [ndcg@5: 0.0767 ndcg@10: 0.0972 ndcg@20: 0.1207 ] 
2026-05-10 01:04:45,757 - Epoch 87  [recall@5: 0.1008 recall@10: 0.1580 recall@20: 0.2405 ] [ndcg@5: 0.0775 ndcg@10: 0.0974 ndcg@20: 0.1215 ] 
2026-05-10 01:04:55,858 - Epoch 90  [recall@5: 0.1006 recall@10: 0.1590 recall@20: 0.2422 ] [ndcg@5: 0.0775 ndcg@10: 0.0980 ndcg@20: 0.1222 ] 
2026-05-10 01:05:06,036 - Epoch 93  [recall@5: 0.1014 recall@10: 0.1591 recall@20: 0.2419 ] [ndcg@5: 0.0781 ndcg@10: 0.0983 ndcg@20: 0.1224 ] 
2026-05-10 01:05:12,361 - Epoch 96  [recall@5: 0.1011 recall@10: 0.1590 recall@20: 0.2427 ] [ndcg@5: 0.0780 ndcg@10: 0.0983 ndcg@20: 0.1227 ] 
2026-05-10 01:05:18,659 - Epoch 99  [recall@5: 0.1022 recall@10: 0.1608 recall@20: 0.2435 ] [ndcg@5: 0.0786 ndcg@10: 0.0989 ndcg@20: 0.1231 ] 
2026-05-10 01:05:19,717 - [recall@5: 0.1022 recall@10: 0.1608 recall@20: 0.2435 ] [ndcg@5: 0.0786 ndcg@10: 0.0989 ndcg@20: 0.1231 ] 
2026-05-10 01:05:20,694 - [recall@5: 0.1059 recall@10: 0.1660 recall@20: 0.2434 ] [ndcg@5: 0.0895 ndcg@10: 0.1114 ndcg@20: 0.1353 ] 
2026-05-10 01:05:20,714 - Save model parameters to ./checkpoint/lightgcn_agr/lightgcn_agr-digital_music-233-20260510_005944_autotune_digital_digital_music_s02_keep_rate_0p7.pth
2026-05-10 01:05:20,715 - Save run metadata to ./checkpoint/lightgcn_agr/lightgcn_agr-digital_music-233-20260510_005944_autotune_digital_digital_music_s02_keep_rate_0p7.json
2026-05-10 01:05:20,715 - Best Epoch 99. Final test result: {'recall': array([0.10594699, 0.16600526, 0.24335016]), 'ndcg': array([0.08952398, 0.11138496, 0.13533698])}.
