2026-05-10 01:16:57,280 - {'optimizer': {'name': 'adam', 'lr': 0.001, 'weight_decay': 0}, 'train': {'epoch': 100, 'batch_size': 4096, 'save_model': True, 'loss': 'pairwise', 'test_step': 3, 'reproducible': True, 'seed': 233, 'patience': 5}, 'test': {'metrics': ['recall', 'ndcg'], 'k': [5, 10, 20], 'batch_size': 1024}, 'data': {'type': 'general_cf', 'name': 'digital_music', 'user_num': 5541, 'item_num': 3568}, 'model': {'name': 'lightgcn_agr', 'embedding_size': 32, 'edge_bias': 0.5, 'keep_rate': 0.9, 'mask_ratio': 0.15, 'recon_weight': 0.2, 're_temperature': 0.2, 'layer_num': 3, 'reg_weight': 5e-06, 'prf_weight': 0.02, 'kd_weight': 0.01, 'kd_temperature': 0.2, 'str_weight': 1.0, 'beta': 5.0, 'sigma': 0.25, 'alpha': 0.1, 'movie': {'layer_num': 3, 'reg_weight': 1e-07, 'kd_weight': 0.01, 'kd_temperature': 0.2, 'prf_weight': 0.02, 'str_weight': 1.2, 'beta': 3.5, 'sigma': 0.3, 'alpha': 0.15, 'keep_rate': 0.8}, 'amazon': {'layer_num': 3, 'reg_weight': 5e-07, 'kd_weight': 0.01, 'kd_temperature': 0.2, 'prf_weight': 0.03, 'str_weight': 1.5, 'beta': 4.0, 'sigma': 0.25, 'alpha': 0.2, 'keep_rate': 0.8}, 'steam': {'layer_num': 3, 'reg_weight': 1e-08, 'kd_weight': 0.001, 'kd_temperature': 0.1, 'prf_weight': 0.01, 'str_weight': 1.0, 'beta': 2.5, 'sigma': 0.2, 'alpha': 0.08, 'keep_rate': 0.8}, 'yelp': {'layer_num': 3, 'reg_weight': 1e-06, 'kd_weight': 0.001, 'kd_temperature': 0.2, 'prf_weight': 0.025, 'str_weight': 1.3, 'beta': 4.0, 'sigma': 0.28, 'alpha': 0.18, 'keep_rate': 0.8}}}
2026-05-10 01:17:04,455 - Epoch 0  [recall@5: 0.0145 recall@10: 0.0262 recall@20: 0.0392 ] [ndcg@5: 0.0122 ndcg@10: 0.0163 ndcg@20: 0.0201 ] 
2026-05-10 01:17:13,036 - Epoch 3  [recall@5: 0.0705 recall@10: 0.1060 recall@20: 0.1570 ] [ndcg@5: 0.0560 ndcg@10: 0.0681 ndcg@20: 0.0833 ] 
2026-05-10 01:17:21,615 - Epoch 6  [recall@5: 0.0776 recall@10: 0.1210 recall@20: 0.1896 ] [ndcg@5: 0.0611 ndcg@10: 0.0764 ndcg@20: 0.0962 ] 
2026-05-10 01:17:30,294 - Epoch 9  [recall@5: 0.0786 recall@10: 0.1224 recall@20: 0.1924 ] [ndcg@5: 0.0608 ndcg@10: 0.0760 ndcg@20: 0.0965 ] 
2026-05-10 01:17:38,832 - Epoch 12  [recall@5: 0.0793 recall@10: 0.1234 recall@20: 0.1959 ] [ndcg@5: 0.0612 ndcg@10: 0.0765 ndcg@20: 0.0975 ] 
2026-05-10 01:17:47,504 - Epoch 15  [recall@5: 0.0794 recall@10: 0.1259 recall@20: 0.2005 ] [ndcg@5: 0.0625 ndcg@10: 0.0788 ndcg@20: 0.1004 ] 
2026-05-10 01:17:56,018 - Epoch 18  [recall@5: 0.0825 recall@10: 0.1309 recall@20: 0.2059 ] [ndcg@5: 0.0642 ndcg@10: 0.0810 ndcg@20: 0.1030 ] 
2026-05-10 01:18:04,609 - Epoch 21  [recall@5: 0.0856 recall@10: 0.1366 recall@20: 0.2106 ] [ndcg@5: 0.0656 ndcg@10: 0.0833 ndcg@20: 0.1051 ] 
2026-05-10 01:18:13,363 - Epoch 24  [recall@5: 0.0889 recall@10: 0.1416 recall@20: 0.2150 ] [ndcg@5: 0.0677 ndcg@10: 0.0861 ndcg@20: 0.1077 ] 
2026-05-10 01:18:21,938 - Epoch 27  [recall@5: 0.0906 recall@10: 0.1440 recall@20: 0.2203 ] [ndcg@5: 0.0690 ndcg@10: 0.0877 ndcg@20: 0.1101 ] 
2026-05-10 01:18:30,453 - Epoch 30  [recall@5: 0.0931 recall@10: 0.1481 recall@20: 0.2251 ] [ndcg@5: 0.0706 ndcg@10: 0.0897 ndcg@20: 0.1123 ] 
2026-05-10 01:18:39,094 - Epoch 33  [recall@5: 0.0937 recall@10: 0.1524 recall@20: 0.2301 ] [ndcg@5: 0.0715 ndcg@10: 0.0918 ndcg@20: 0.1145 ] 
2026-05-10 01:18:47,543 - Epoch 36  [recall@5: 0.0938 recall@10: 0.1535 recall@20: 0.2313 ] [ndcg@5: 0.0719 ndcg@10: 0.0927 ndcg@20: 0.1154 ] 
2026-05-10 01:18:56,274 - Epoch 39  [recall@5: 0.0939 recall@10: 0.1542 recall@20: 0.2341 ] [ndcg@5: 0.0729 ndcg@10: 0.0940 ndcg@20: 0.1173 ] 
2026-05-10 01:19:04,799 - Epoch 42  [recall@5: 0.0965 recall@10: 0.1566 recall@20: 0.2360 ] [ndcg@5: 0.0743 ndcg@10: 0.0953 ndcg@20: 0.1185 ] 
2026-05-10 01:19:13,508 - Epoch 45  [recall@5: 0.0980 recall@10: 0.1610 recall@20: 0.2370 ] [ndcg@5: 0.0757 ndcg@10: 0.0976 ndcg@20: 0.1198 ] 
2026-05-10 01:19:22,293 - Epoch 48  [recall@5: 0.0992 recall@10: 0.1622 recall@20: 0.2392 ] [ndcg@5: 0.0764 ndcg@10: 0.0982 ndcg@20: 0.1207 ] 
2026-05-10 01:19:31,050 - Epoch 51  [recall@5: 0.1004 recall@10: 0.1634 recall@20: 0.2406 ] [ndcg@5: 0.0770 ndcg@10: 0.0988 ndcg@20: 0.1213 ] 
2026-05-10 01:19:40,096 - Epoch 54  [recall@5: 0.1026 recall@10: 0.1652 recall@20: 0.2399 ] [ndcg@5: 0.0784 ndcg@10: 0.1001 ndcg@20: 0.1220 ] 
2026-05-10 01:19:49,125 - Epoch 57  [recall@5: 0.1032 recall@10: 0.1668 recall@20: 0.2420 ] [ndcg@5: 0.0793 ndcg@10: 0.1015 ndcg@20: 0.1235 ] 
2026-05-10 01:19:58,109 - Epoch 60  [recall@5: 0.1040 recall@10: 0.1673 recall@20: 0.2456 ] [ndcg@5: 0.0798 ndcg@10: 0.1018 ndcg@20: 0.1246 ] 
2026-05-10 01:20:07,120 - Epoch 63  [recall@5: 0.1042 recall@10: 0.1672 recall@20: 0.2471 ] [ndcg@5: 0.0802 ndcg@10: 0.1021 ndcg@20: 0.1254 ] 
2026-05-10 01:20:16,166 - Epoch 66  [recall@5: 0.1054 recall@10: 0.1668 recall@20: 0.2493 ] [ndcg@5: 0.0809 ndcg@10: 0.1025 ndcg@20: 0.1264 ] 
2026-05-10 01:20:25,599 - Epoch 69  [recall@5: 0.1057 recall@10: 0.1682 recall@20: 0.2506 ] [ndcg@5: 0.0814 ndcg@10: 0.1034 ndcg@20: 0.1273 ] 
2026-05-10 01:20:35,374 - Epoch 72  [recall@5: 0.1065 recall@10: 0.1686 recall@20: 0.2506 ] [ndcg@5: 0.0817 ndcg@10: 0.1037 ndcg@20: 0.1275 ] 
2026-05-10 01:20:45,161 - Epoch 75  [recall@5: 0.1078 recall@10: 0.1687 recall@20: 0.2518 ] [ndcg@5: 0.0823 ndcg@10: 0.1038 ndcg@20: 0.1280 ] 
2026-05-10 01:20:54,492 - Epoch 78  [recall@5: 0.1095 recall@10: 0.1694 recall@20: 0.2525 ] [ndcg@5: 0.0834 ndcg@10: 0.1044 ndcg@20: 0.1285 ] 
2026-05-10 01:21:03,949 - Epoch 81  [recall@5: 0.1097 recall@10: 0.1696 recall@20: 0.2544 ] [ndcg@5: 0.0840 ndcg@10: 0.1048 ndcg@20: 0.1295 ] 
2026-05-10 01:21:14,301 - Epoch 84  [recall@5: 0.1096 recall@10: 0.1704 recall@20: 0.2554 ] [ndcg@5: 0.0842 ndcg@10: 0.1052 ndcg@20: 0.1299 ] 
2026-05-10 01:21:24,266 - Epoch 87  [recall@5: 0.1086 recall@10: 0.1701 recall@20: 0.2544 ] [ndcg@5: 0.0838 ndcg@10: 0.1052 ndcg@20: 0.1299 ] 
2026-05-10 01:21:34,408 - Epoch 90  [recall@5: 0.1094 recall@10: 0.1714 recall@20: 0.2539 ] [ndcg@5: 0.0841 ndcg@10: 0.1056 ndcg@20: 0.1298 ] 
2026-05-10 01:21:44,158 - Epoch 93  [recall@5: 0.1103 recall@10: 0.1712 recall@20: 0.2531 ] [ndcg@5: 0.0843 ndcg@10: 0.1056 ndcg@20: 0.1296 ] 
2026-05-10 01:21:50,461 - Epoch 96  [recall@5: 0.1125 recall@10: 0.1717 recall@20: 0.2543 ] [ndcg@5: 0.0857 ndcg@10: 0.1065 ndcg@20: 0.1306 ] 
2026-05-10 01:21:56,844 - Epoch 99  [recall@5: 0.1126 recall@10: 0.1722 recall@20: 0.2550 ] [ndcg@5: 0.0860 ndcg@10: 0.1069 ndcg@20: 0.1310 ] 
2026-05-10 01:21:57,747 - [recall@5: 0.1096 recall@10: 0.1704 recall@20: 0.2554 ] [ndcg@5: 0.0842 ndcg@10: 0.1052 ndcg@20: 0.1299 ] 
2026-05-10 01:21:58,714 - [recall@5: 0.1124 recall@10: 0.1717 recall@20: 0.2553 ] [ndcg@5: 0.0951 ndcg@10: 0.1165 ndcg@20: 0.1426 ] 
2026-05-10 01:21:58,736 - Save model parameters to ./checkpoint/lightgcn_agr/lightgcn_agr-digital_music-233-20260510_011651_autotune_digital_digital_music_s03_beta_5p0.pth
2026-05-10 01:21:58,736 - Save run metadata to ./checkpoint/lightgcn_agr/lightgcn_agr-digital_music-233-20260510_011651_autotune_digital_digital_music_s03_beta_5p0.json
2026-05-10 01:21:58,737 - Best Epoch 84. Final test result: {'recall': array([0.11243674, 0.17167519, 0.25534319]), 'ndcg': array([0.09511792, 0.11649128, 0.14256484])}.
