2026-05-10 01:56:27,755 - {'optimizer': {'name': 'adam', 'lr': 0.001, 'weight_decay': 0}, 'train': {'epoch': 100, 'batch_size': 4096, 'save_model': True, 'loss': 'pairwise', 'test_step': 3, 'reproducible': True, 'seed': 2026, 'patience': 5}, 'test': {'metrics': ['recall', 'ndcg'], 'k': [5, 10, 20], 'batch_size': 1024}, 'data': {'type': 'general_cf', 'name': 'digital_music', 'user_num': 5541, 'item_num': 3568}, 'model': {'name': 'lightgcn_agr', 'embedding_size': 32, 'edge_bias': 0.5, 'keep_rate': 0.9, 'mask_ratio': 0.15, 'recon_weight': 0.2, 're_temperature': 0.2, 'layer_num': 3, 'reg_weight': 1e-06, 'prf_weight': 0.1, 'kd_weight': 0.01, 'kd_temperature': 0.2, 'str_weight': 1.0, 'beta': 5.0, 'sigma': 0.25, 'alpha': 0.1, 'movie': {'layer_num': 3, 'reg_weight': 1e-07, 'kd_weight': 0.01, 'kd_temperature': 0.2, 'prf_weight': 0.02, 'str_weight': 1.2, 'beta': 3.5, 'sigma': 0.3, 'alpha': 0.15, 'keep_rate': 0.8}, 'amazon': {'layer_num': 3, 'reg_weight': 5e-07, 'kd_weight': 0.01, 'kd_temperature': 0.2, 'prf_weight': 0.03, 'str_weight': 1.5, 'beta': 4.0, 'sigma': 0.25, 'alpha': 0.2, 'keep_rate': 0.8}, 'steam': {'layer_num': 3, 'reg_weight': 1e-08, 'kd_weight': 0.001, 'kd_temperature': 0.1, 'prf_weight': 0.01, 'str_weight': 1.0, 'beta': 2.5, 'sigma': 0.2, 'alpha': 0.08, 'keep_rate': 0.8}, 'yelp': {'layer_num': 3, 'reg_weight': 1e-06, 'kd_weight': 0.001, 'kd_temperature': 0.2, 'prf_weight': 0.025, 'str_weight': 1.3, 'beta': 4.0, 'sigma': 0.28, 'alpha': 0.18, 'keep_rate': 0.8}}}
2026-05-10 01:56:33,767 - Epoch 0  [recall@5: 0.0199 recall@10: 0.0332 recall@20: 0.0526 ] [ndcg@5: 0.0157 ndcg@10: 0.0204 ndcg@20: 0.0261 ] 
2026-05-10 01:56:41,146 - Epoch 3  [recall@5: 0.0673 recall@10: 0.0993 recall@20: 0.1488 ] [ndcg@5: 0.0506 ndcg@10: 0.0621 ndcg@20: 0.0765 ] 
2026-05-10 01:56:50,443 - Epoch 6  [recall@5: 0.0773 recall@10: 0.1159 recall@20: 0.1767 ] [ndcg@5: 0.0586 ndcg@10: 0.0722 ndcg@20: 0.0898 ] 
2026-05-10 01:56:59,553 - Epoch 9  [recall@5: 0.0834 recall@10: 0.1244 recall@20: 0.1895 ] [ndcg@5: 0.0630 ndcg@10: 0.0773 ndcg@20: 0.0962 ] 
2026-05-10 01:57:09,209 - Epoch 12  [recall@5: 0.0820 recall@10: 0.1248 recall@20: 0.1864 ] [ndcg@5: 0.0630 ndcg@10: 0.0780 ndcg@20: 0.0962 ] 
2026-05-10 01:57:18,864 - Epoch 15  [recall@5: 0.0810 recall@10: 0.1253 recall@20: 0.1889 ] [ndcg@5: 0.0626 ndcg@10: 0.0781 ndcg@20: 0.0967 ] 
2026-05-10 01:57:28,657 - Epoch 18  [recall@5: 0.0836 recall@10: 0.1309 recall@20: 0.1931 ] [ndcg@5: 0.0647 ndcg@10: 0.0811 ndcg@20: 0.0994 ] 
2026-05-10 01:57:38,389 - Epoch 21  [recall@5: 0.0860 recall@10: 0.1353 recall@20: 0.2005 ] [ndcg@5: 0.0670 ndcg@10: 0.0843 ndcg@20: 0.1034 ] 
2026-05-10 01:57:47,715 - Epoch 24  [recall@5: 0.0907 recall@10: 0.1378 recall@20: 0.2066 ] [ndcg@5: 0.0697 ndcg@10: 0.0862 ndcg@20: 0.1065 ] 
2026-05-10 01:57:57,734 - Epoch 27  [recall@5: 0.0939 recall@10: 0.1436 recall@20: 0.2143 ] [ndcg@5: 0.0726 ndcg@10: 0.0898 ndcg@20: 0.1106 ] 
2026-05-10 01:58:07,875 - Epoch 30  [recall@5: 0.0972 recall@10: 0.1465 recall@20: 0.2218 ] [ndcg@5: 0.0745 ndcg@10: 0.0916 ndcg@20: 0.1137 ] 
2026-05-10 01:58:18,081 - Epoch 33  [recall@5: 0.0998 recall@10: 0.1502 recall@20: 0.2267 ] [ndcg@5: 0.0760 ndcg@10: 0.0935 ndcg@20: 0.1160 ] 
2026-05-10 01:58:28,250 - Epoch 36  [recall@5: 0.1011 recall@10: 0.1545 recall@20: 0.2317 ] [ndcg@5: 0.0774 ndcg@10: 0.0961 ndcg@20: 0.1188 ] 
2026-05-10 01:58:38,166 - Epoch 39  [recall@5: 0.1027 recall@10: 0.1567 recall@20: 0.2358 ] [ndcg@5: 0.0785 ndcg@10: 0.0975 ndcg@20: 0.1207 ] 
2026-05-10 01:58:48,084 - Epoch 42  [recall@5: 0.1045 recall@10: 0.1593 recall@20: 0.2404 ] [ndcg@5: 0.0797 ndcg@10: 0.0990 ndcg@20: 0.1227 ] 
2026-05-10 01:58:58,129 - Epoch 45  [recall@5: 0.1060 recall@10: 0.1617 recall@20: 0.2436 ] [ndcg@5: 0.0810 ndcg@10: 0.1006 ndcg@20: 0.1246 ] 
2026-05-10 01:59:08,228 - Epoch 48  [recall@5: 0.1061 recall@10: 0.1633 recall@20: 0.2453 ] [ndcg@5: 0.0816 ndcg@10: 0.1017 ndcg@20: 0.1258 ] 
2026-05-10 01:59:18,395 - Epoch 51  [recall@5: 0.1074 recall@10: 0.1658 recall@20: 0.2493 ] [ndcg@5: 0.0827 ndcg@10: 0.1032 ndcg@20: 0.1276 ] 
2026-05-10 01:59:28,533 - Epoch 54  [recall@5: 0.1086 recall@10: 0.1666 recall@20: 0.2514 ] [ndcg@5: 0.0837 ndcg@10: 0.1041 ndcg@20: 0.1289 ] 
2026-05-10 01:59:38,821 - Epoch 57  [recall@5: 0.1096 recall@10: 0.1689 recall@20: 0.2526 ] [ndcg@5: 0.0844 ndcg@10: 0.1054 ndcg@20: 0.1298 ] 
2026-05-10 01:59:49,341 - Epoch 60  [recall@5: 0.1099 recall@10: 0.1704 recall@20: 0.2557 ] [ndcg@5: 0.0853 ndcg@10: 0.1066 ndcg@20: 0.1314 ] 
2026-05-10 01:59:59,793 - Epoch 63  [recall@5: 0.1113 recall@10: 0.1724 recall@20: 0.2576 ] [ndcg@5: 0.0861 ndcg@10: 0.1076 ndcg@20: 0.1325 ] 
2026-05-10 02:00:10,371 - Epoch 66  [recall@5: 0.1116 recall@10: 0.1735 recall@20: 0.2577 ] [ndcg@5: 0.0865 ndcg@10: 0.1084 ndcg@20: 0.1330 ] 
2026-05-10 02:00:20,845 - Epoch 69  [recall@5: 0.1124 recall@10: 0.1745 recall@20: 0.2597 ] [ndcg@5: 0.0875 ndcg@10: 0.1094 ndcg@20: 0.1342 ] 
2026-05-10 02:00:30,880 - Epoch 72  [recall@5: 0.1136 recall@10: 0.1758 recall@20: 0.2598 ] [ndcg@5: 0.0880 ndcg@10: 0.1100 ndcg@20: 0.1345 ] 
2026-05-10 02:00:40,915 - Epoch 75  [recall@5: 0.1147 recall@10: 0.1772 recall@20: 0.2614 ] [ndcg@5: 0.0882 ndcg@10: 0.1102 ndcg@20: 0.1348 ] 
2026-05-10 02:00:51,063 - Epoch 78  [recall@5: 0.1159 recall@10: 0.1790 recall@20: 0.2618 ] [ndcg@5: 0.0890 ndcg@10: 0.1113 ndcg@20: 0.1354 ] 
2026-05-10 02:01:01,093 - Epoch 81  [recall@5: 0.1168 recall@10: 0.1801 recall@20: 0.2645 ] [ndcg@5: 0.0895 ndcg@10: 0.1119 ndcg@20: 0.1364 ] 
2026-05-10 02:01:11,437 - Epoch 84  [recall@5: 0.1186 recall@10: 0.1810 recall@20: 0.2662 ] [ndcg@5: 0.0906 ndcg@10: 0.1126 ndcg@20: 0.1373 ] 
2026-05-10 02:01:21,543 - Epoch 87  [recall@5: 0.1176 recall@10: 0.1813 recall@20: 0.2661 ] [ndcg@5: 0.0902 ndcg@10: 0.1128 ndcg@20: 0.1373 ] 
2026-05-10 02:01:31,610 - Epoch 90  [recall@5: 0.1170 recall@10: 0.1815 recall@20: 0.2667 ] [ndcg@5: 0.0903 ndcg@10: 0.1130 ndcg@20: 0.1377 ] 
2026-05-10 02:01:41,804 - Epoch 93  [recall@5: 0.1181 recall@10: 0.1820 recall@20: 0.2664 ] [ndcg@5: 0.0907 ndcg@10: 0.1132 ndcg@20: 0.1377 ] 
2026-05-10 02:01:51,872 - Epoch 96  [recall@5: 0.1190 recall@10: 0.1830 recall@20: 0.2666 ] [ndcg@5: 0.0915 ndcg@10: 0.1140 ndcg@20: 0.1383 ] 
2026-05-10 02:02:02,405 - Epoch 99  [recall@5: 0.1186 recall@10: 0.1825 recall@20: 0.2662 ] [ndcg@5: 0.0915 ndcg@10: 0.1138 ndcg@20: 0.1382 ] 
2026-05-10 02:02:03,255 - [recall@5: 0.1170 recall@10: 0.1815 recall@20: 0.2667 ] [ndcg@5: 0.0903 ndcg@10: 0.1130 ndcg@20: 0.1377 ] 
2026-05-10 02:02:04,187 - [recall@5: 0.1209 recall@10: 0.1830 recall@20: 0.2641 ] [ndcg@5: 0.1022 ndcg@10: 0.1247 ndcg@20: 0.1497 ] 
2026-05-10 02:02:04,199 - Save model parameters to ./checkpoint/lightgcn_agr/lightgcn_agr-digital_music-2026-20260510_015622_autotune_digital_digital_music_s05_str_weight_1p0.pth
2026-05-10 02:02:04,199 - Save run metadata to ./checkpoint/lightgcn_agr/lightgcn_agr-digital_music-2026-20260510_015622_autotune_digital_digital_music_s05_str_weight_1p0.json
2026-05-10 02:02:04,199 - Best Epoch 90. Final test result: {'recall': array([0.12091703, 0.18296085, 0.26410339]), 'ndcg': array([0.10223864, 0.12465869, 0.14974596])}.
