2026-05-10 01:44:41,773 - {'optimizer': {'name': 'adam', 'lr': 0.001, 'weight_decay': 0}, 'train': {'epoch': 100, 'batch_size': 4096, 'save_model': True, 'loss': 'pairwise', 'test_step': 3, 'reproducible': True, 'seed': 233, 'patience': 5}, 'test': {'metrics': ['recall', 'ndcg'], 'k': [5, 10, 20], 'batch_size': 1024}, 'data': {'type': 'general_cf', 'name': 'digital_music', 'user_num': 5541, 'item_num': 3568}, 'model': {'name': 'lightgcn_agr', 'embedding_size': 32, 'edge_bias': 0.5, 'keep_rate': 0.9, 'mask_ratio': 0.15, 'recon_weight': 0.2, 're_temperature': 0.2, 'layer_num': 3, 'reg_weight': 5e-06, 'prf_weight': 0.1, 'kd_weight': 0.01, 'kd_temperature': 0.2, 'str_weight': 1.0, 'beta': 5.0, 'sigma': 0.25, 'alpha': 0.1, 'movie': {'layer_num': 3, 'reg_weight': 1e-07, 'kd_weight': 0.01, 'kd_temperature': 0.2, 'prf_weight': 0.02, 'str_weight': 1.2, 'beta': 3.5, 'sigma': 0.3, 'alpha': 0.15, 'keep_rate': 0.8}, 'amazon': {'layer_num': 3, 'reg_weight': 5e-07, 'kd_weight': 0.01, 'kd_temperature': 0.2, 'prf_weight': 0.03, 'str_weight': 1.5, 'beta': 4.0, 'sigma': 0.25, 'alpha': 0.2, 'keep_rate': 0.8}, 'steam': {'layer_num': 3, 'reg_weight': 1e-08, 'kd_weight': 0.001, 'kd_temperature': 0.1, 'prf_weight': 0.01, 'str_weight': 1.0, 'beta': 2.5, 'sigma': 0.2, 'alpha': 0.08, 'keep_rate': 0.8}, 'yelp': {'layer_num': 3, 'reg_weight': 1e-06, 'kd_weight': 0.001, 'kd_temperature': 0.2, 'prf_weight': 0.025, 'str_weight': 1.3, 'beta': 4.0, 'sigma': 0.28, 'alpha': 0.18, 'keep_rate': 0.8}}}
2026-05-10 01:44:49,001 - Epoch 0  [recall@5: 0.0199 recall@10: 0.0332 recall@20: 0.0526 ] [ndcg@5: 0.0157 ndcg@10: 0.0204 ndcg@20: 0.0261 ] 
2026-05-10 01:44:58,372 - Epoch 3  [recall@5: 0.0674 recall@10: 0.0993 recall@20: 0.1487 ] [ndcg@5: 0.0506 ndcg@10: 0.0621 ndcg@20: 0.0765 ] 
2026-05-10 01:45:07,943 - Epoch 6  [recall@5: 0.0773 recall@10: 0.1157 recall@20: 0.1769 ] [ndcg@5: 0.0587 ndcg@10: 0.0722 ndcg@20: 0.0899 ] 
2026-05-10 01:45:17,828 - Epoch 9  [recall@5: 0.0836 recall@10: 0.1243 recall@20: 0.1897 ] [ndcg@5: 0.0631 ndcg@10: 0.0772 ndcg@20: 0.0962 ] 
2026-05-10 01:45:27,901 - Epoch 12  [recall@5: 0.0823 recall@10: 0.1248 recall@20: 0.1864 ] [ndcg@5: 0.0631 ndcg@10: 0.0780 ndcg@20: 0.0962 ] 
2026-05-10 01:45:38,051 - Epoch 15  [recall@5: 0.0810 recall@10: 0.1253 recall@20: 0.1889 ] [ndcg@5: 0.0626 ndcg@10: 0.0782 ndcg@20: 0.0967 ] 
2026-05-10 01:45:48,074 - Epoch 18  [recall@5: 0.0836 recall@10: 0.1310 recall@20: 0.1929 ] [ndcg@5: 0.0646 ndcg@10: 0.0811 ndcg@20: 0.0993 ] 
2026-05-10 01:45:57,881 - Epoch 21  [recall@5: 0.0861 recall@10: 0.1354 recall@20: 0.2006 ] [ndcg@5: 0.0670 ndcg@10: 0.0843 ndcg@20: 0.1034 ] 
2026-05-10 01:46:07,926 - Epoch 24  [recall@5: 0.0909 recall@10: 0.1379 recall@20: 0.2069 ] [ndcg@5: 0.0698 ndcg@10: 0.0862 ndcg@20: 0.1066 ] 
2026-05-10 01:46:18,239 - Epoch 27  [recall@5: 0.0941 recall@10: 0.1437 recall@20: 0.2142 ] [ndcg@5: 0.0727 ndcg@10: 0.0898 ndcg@20: 0.1105 ] 
2026-05-10 01:46:28,186 - Epoch 30  [recall@5: 0.0965 recall@10: 0.1463 recall@20: 0.2220 ] [ndcg@5: 0.0742 ndcg@10: 0.0915 ndcg@20: 0.1137 ] 
2026-05-10 01:46:38,382 - Epoch 33  [recall@5: 0.0996 recall@10: 0.1502 recall@20: 0.2268 ] [ndcg@5: 0.0759 ndcg@10: 0.0935 ndcg@20: 0.1161 ] 
2026-05-10 01:46:48,146 - Epoch 36  [recall@5: 0.1008 recall@10: 0.1544 recall@20: 0.2319 ] [ndcg@5: 0.0773 ndcg@10: 0.0960 ndcg@20: 0.1188 ] 
2026-05-10 01:46:58,635 - Epoch 39  [recall@5: 0.1028 recall@10: 0.1566 recall@20: 0.2356 ] [ndcg@5: 0.0785 ndcg@10: 0.0974 ndcg@20: 0.1205 ] 
2026-05-10 01:47:09,101 - Epoch 42  [recall@5: 0.1045 recall@10: 0.1595 recall@20: 0.2403 ] [ndcg@5: 0.0797 ndcg@10: 0.0990 ndcg@20: 0.1227 ] 
2026-05-10 01:47:19,504 - Epoch 45  [recall@5: 0.1062 recall@10: 0.1616 recall@20: 0.2433 ] [ndcg@5: 0.0811 ndcg@10: 0.1006 ndcg@20: 0.1245 ] 
2026-05-10 01:47:30,122 - Epoch 48  [recall@5: 0.1062 recall@10: 0.1633 recall@20: 0.2453 ] [ndcg@5: 0.0816 ndcg@10: 0.1017 ndcg@20: 0.1257 ] 
2026-05-10 01:47:40,217 - Epoch 51  [recall@5: 0.1070 recall@10: 0.1659 recall@20: 0.2493 ] [ndcg@5: 0.0824 ndcg@10: 0.1032 ndcg@20: 0.1275 ] 
2026-05-10 01:47:50,781 - Epoch 54  [recall@5: 0.1089 recall@10: 0.1668 recall@20: 0.2510 ] [ndcg@5: 0.0839 ndcg@10: 0.1043 ndcg@20: 0.1288 ] 
2026-05-10 01:48:01,106 - Epoch 57  [recall@5: 0.1094 recall@10: 0.1691 recall@20: 0.2518 ] [ndcg@5: 0.0845 ndcg@10: 0.1056 ndcg@20: 0.1297 ] 
2026-05-10 01:48:11,707 - Epoch 60  [recall@5: 0.1097 recall@10: 0.1704 recall@20: 0.2558 ] [ndcg@5: 0.0850 ndcg@10: 0.1064 ndcg@20: 0.1312 ] 
2026-05-10 01:48:22,220 - Epoch 63  [recall@5: 0.1114 recall@10: 0.1723 recall@20: 0.2582 ] [ndcg@5: 0.0861 ndcg@10: 0.1075 ndcg@20: 0.1325 ] 
2026-05-10 01:48:32,325 - Epoch 66  [recall@5: 0.1115 recall@10: 0.1735 recall@20: 0.2575 ] [ndcg@5: 0.0865 ndcg@10: 0.1084 ndcg@20: 0.1330 ] 
2026-05-10 01:48:42,922 - Epoch 69  [recall@5: 0.1129 recall@10: 0.1746 recall@20: 0.2598 ] [ndcg@5: 0.0877 ndcg@10: 0.1095 ndcg@20: 0.1343 ] 
2026-05-10 01:48:53,462 - Epoch 72  [recall@5: 0.1140 recall@10: 0.1764 recall@20: 0.2599 ] [ndcg@5: 0.0882 ndcg@10: 0.1102 ndcg@20: 0.1345 ] 
2026-05-10 01:49:04,044 - Epoch 75  [recall@5: 0.1151 recall@10: 0.1773 recall@20: 0.2618 ] [ndcg@5: 0.0886 ndcg@10: 0.1105 ndcg@20: 0.1351 ] 
2026-05-10 01:49:14,408 - Epoch 78  [recall@5: 0.1157 recall@10: 0.1791 recall@20: 0.2618 ] [ndcg@5: 0.0890 ndcg@10: 0.1114 ndcg@20: 0.1355 ] 
2026-05-10 01:49:24,614 - Epoch 81  [recall@5: 0.1170 recall@10: 0.1797 recall@20: 0.2645 ] [ndcg@5: 0.0896 ndcg@10: 0.1118 ndcg@20: 0.1365 ] 
2026-05-10 01:49:34,988 - Epoch 84  [recall@5: 0.1184 recall@10: 0.1811 recall@20: 0.2656 ] [ndcg@5: 0.0905 ndcg@10: 0.1126 ndcg@20: 0.1371 ] 
2026-05-10 01:49:45,541 - Epoch 87  [recall@5: 0.1173 recall@10: 0.1813 recall@20: 0.2664 ] [ndcg@5: 0.0902 ndcg@10: 0.1128 ndcg@20: 0.1375 ] 
2026-05-10 01:49:55,908 - Epoch 90  [recall@5: 0.1173 recall@10: 0.1816 recall@20: 0.2673 ] [ndcg@5: 0.0904 ndcg@10: 0.1130 ndcg@20: 0.1379 ] 
2026-05-10 01:50:06,389 - Epoch 93  [recall@5: 0.1174 recall@10: 0.1816 recall@20: 0.2669 ] [ndcg@5: 0.0905 ndcg@10: 0.1131 ndcg@20: 0.1378 ] 
2026-05-10 01:50:16,497 - Epoch 96  [recall@5: 0.1194 recall@10: 0.1826 recall@20: 0.2670 ] [ndcg@5: 0.0917 ndcg@10: 0.1138 ndcg@20: 0.1384 ] 
2026-05-10 01:50:22,933 - Epoch 99  [recall@5: 0.1185 recall@10: 0.1826 recall@20: 0.2664 ] [ndcg@5: 0.0915 ndcg@10: 0.1140 ndcg@20: 0.1384 ] 
2026-05-10 01:50:23,673 - [recall@5: 0.1173 recall@10: 0.1816 recall@20: 0.2673 ] [ndcg@5: 0.0904 ndcg@10: 0.1130 ndcg@20: 0.1379 ] 
2026-05-10 01:50:24,432 - [recall@5: 0.1206 recall@10: 0.1831 recall@20: 0.2639 ] [ndcg@5: 0.1021 ndcg@10: 0.1247 ndcg@20: 0.1497 ] 
2026-05-10 01:50:24,445 - Save model parameters to ./checkpoint/lightgcn_agr/lightgcn_agr-digital_music-233-20260510_014436_autotune_digital_digital_music_s04_prf_weight_0p1.pth
2026-05-10 01:50:24,445 - Save run metadata to ./checkpoint/lightgcn_agr/lightgcn_agr-digital_music-233-20260510_014436_autotune_digital_digital_music_s04_prf_weight_0p1.json
2026-05-10 01:50:24,445 - Best Epoch 90. Final test result: {'recall': array([0.12061947, 0.18308718, 0.26393777]), 'ndcg': array([0.10212616, 0.1246834 , 0.14970471])}.
