2026-05-10 01:50:39,768 - {'optimizer': {'name': 'adam', 'lr': 0.001, 'weight_decay': 0}, 'train': {'epoch': 100, 'batch_size': 4096, 'save_model': True, 'loss': 'pairwise', 'test_step': 3, 'reproducible': True, 'seed': 233, 'patience': 5}, 'test': {'metrics': ['recall', 'ndcg'], 'k': [5, 10, 20], 'batch_size': 1024}, 'data': {'type': 'general_cf', 'name': 'digital_music', 'user_num': 5541, 'item_num': 3568}, 'model': {'name': 'lightgcn_agr', 'embedding_size': 32, 'edge_bias': 0.5, 'keep_rate': 0.9, 'mask_ratio': 0.15, 'recon_weight': 0.2, 're_temperature': 0.2, 'layer_num': 3, 'reg_weight': 5e-06, 'prf_weight': 0.1, 'kd_weight': 0.01, 'kd_temperature': 0.2, 'str_weight': 0.8, 'beta': 5.0, 'sigma': 0.25, 'alpha': 0.1, 'movie': {'layer_num': 3, 'reg_weight': 1e-07, 'kd_weight': 0.01, 'kd_temperature': 0.2, 'prf_weight': 0.02, 'str_weight': 1.2, 'beta': 3.5, 'sigma': 0.3, 'alpha': 0.15, 'keep_rate': 0.8}, 'amazon': {'layer_num': 3, 'reg_weight': 5e-07, 'kd_weight': 0.01, 'kd_temperature': 0.2, 'prf_weight': 0.03, 'str_weight': 1.5, 'beta': 4.0, 'sigma': 0.25, 'alpha': 0.2, 'keep_rate': 0.8}, 'steam': {'layer_num': 3, 'reg_weight': 1e-08, 'kd_weight': 0.001, 'kd_temperature': 0.1, 'prf_weight': 0.01, 'str_weight': 1.0, 'beta': 2.5, 'sigma': 0.2, 'alpha': 0.08, 'keep_rate': 0.8}, 'yelp': {'layer_num': 3, 'reg_weight': 1e-06, 'kd_weight': 0.001, 'kd_temperature': 0.2, 'prf_weight': 0.025, 'str_weight': 1.3, 'beta': 4.0, 'sigma': 0.28, 'alpha': 0.18, 'keep_rate': 0.8}}}
2026-05-10 01:50:46,866 - Epoch 0  [recall@5: 0.0201 recall@10: 0.0331 recall@20: 0.0522 ] [ndcg@5: 0.0158 ndcg@10: 0.0204 ndcg@20: 0.0260 ] 
2026-05-10 01:50:55,887 - Epoch 3  [recall@5: 0.0670 recall@10: 0.0981 recall@20: 0.1480 ] [ndcg@5: 0.0506 ndcg@10: 0.0619 ndcg@20: 0.0764 ] 
2026-05-10 01:51:05,046 - Epoch 6  [recall@5: 0.0761 recall@10: 0.1156 recall@20: 0.1747 ] [ndcg@5: 0.0580 ndcg@10: 0.0718 ndcg@20: 0.0890 ] 
2026-05-10 01:51:14,289 - Epoch 9  [recall@5: 0.0813 recall@10: 0.1238 recall@20: 0.1884 ] [ndcg@5: 0.0616 ndcg@10: 0.0766 ndcg@20: 0.0953 ] 
2026-05-10 01:51:23,708 - Epoch 12  [recall@5: 0.0815 recall@10: 0.1243 recall@20: 0.1861 ] [ndcg@5: 0.0626 ndcg@10: 0.0775 ndcg@20: 0.0958 ] 
2026-05-10 01:51:33,211 - Epoch 15  [recall@5: 0.0810 recall@10: 0.1242 recall@20: 0.1877 ] [ndcg@5: 0.0622 ndcg@10: 0.0773 ndcg@20: 0.0959 ] 
2026-05-10 01:51:42,955 - Epoch 18  [recall@5: 0.0830 recall@10: 0.1301 recall@20: 0.1931 ] [ndcg@5: 0.0642 ndcg@10: 0.0807 ndcg@20: 0.0992 ] 
2026-05-10 01:51:52,228 - Epoch 21  [recall@5: 0.0864 recall@10: 0.1358 recall@20: 0.1996 ] [ndcg@5: 0.0671 ndcg@10: 0.0843 ndcg@20: 0.1031 ] 
2026-05-10 01:52:01,926 - Epoch 24  [recall@5: 0.0903 recall@10: 0.1378 recall@20: 0.2071 ] [ndcg@5: 0.0696 ndcg@10: 0.0863 ndcg@20: 0.1067 ] 
2026-05-10 01:52:12,065 - Epoch 27  [recall@5: 0.0937 recall@10: 0.1429 recall@20: 0.2139 ] [ndcg@5: 0.0723 ndcg@10: 0.0894 ndcg@20: 0.1103 ] 
2026-05-10 01:52:22,140 - Epoch 30  [recall@5: 0.0969 recall@10: 0.1463 recall@20: 0.2210 ] [ndcg@5: 0.0744 ndcg@10: 0.0915 ndcg@20: 0.1135 ] 
2026-05-10 01:52:32,233 - Epoch 33  [recall@5: 0.1004 recall@10: 0.1494 recall@20: 0.2262 ] [ndcg@5: 0.0763 ndcg@10: 0.0933 ndcg@20: 0.1158 ] 
2026-05-10 01:52:42,103 - Epoch 36  [recall@5: 0.1006 recall@10: 0.1541 recall@20: 0.2300 ] [ndcg@5: 0.0770 ndcg@10: 0.0957 ndcg@20: 0.1180 ] 
2026-05-10 01:52:52,704 - Epoch 39  [recall@5: 0.1027 recall@10: 0.1569 recall@20: 0.2354 ] [ndcg@5: 0.0784 ndcg@10: 0.0973 ndcg@20: 0.1203 ] 
2026-05-10 01:53:03,111 - Epoch 42  [recall@5: 0.1038 recall@10: 0.1602 recall@20: 0.2404 ] [ndcg@5: 0.0796 ndcg@10: 0.0994 ndcg@20: 0.1228 ] 
2026-05-10 01:53:13,667 - Epoch 45  [recall@5: 0.1055 recall@10: 0.1606 recall@20: 0.2434 ] [ndcg@5: 0.0808 ndcg@10: 0.1003 ndcg@20: 0.1245 ] 
2026-05-10 01:53:24,046 - Epoch 48  [recall@5: 0.1072 recall@10: 0.1634 recall@20: 0.2460 ] [ndcg@5: 0.0819 ndcg@10: 0.1016 ndcg@20: 0.1257 ] 
2026-05-10 01:53:34,184 - Epoch 51  [recall@5: 0.1072 recall@10: 0.1653 recall@20: 0.2494 ] [ndcg@5: 0.0827 ndcg@10: 0.1031 ndcg@20: 0.1277 ] 
2026-05-10 01:53:44,575 - Epoch 54  [recall@5: 0.1100 recall@10: 0.1659 recall@20: 0.2508 ] [ndcg@5: 0.0843 ndcg@10: 0.1040 ndcg@20: 0.1288 ] 
2026-05-10 01:53:55,122 - Epoch 57  [recall@5: 0.1096 recall@10: 0.1675 recall@20: 0.2524 ] [ndcg@5: 0.0847 ndcg@10: 0.1052 ndcg@20: 0.1300 ] 
2026-05-10 01:54:05,708 - Epoch 60  [recall@5: 0.1103 recall@10: 0.1695 recall@20: 0.2559 ] [ndcg@5: 0.0853 ndcg@10: 0.1062 ndcg@20: 0.1312 ] 
2026-05-10 01:54:16,221 - Epoch 63  [recall@5: 0.1119 recall@10: 0.1712 recall@20: 0.2576 ] [ndcg@5: 0.0863 ndcg@10: 0.1073 ndcg@20: 0.1324 ] 
2026-05-10 01:54:26,303 - Epoch 66  [recall@5: 0.1122 recall@10: 0.1727 recall@20: 0.2581 ] [ndcg@5: 0.0866 ndcg@10: 0.1079 ndcg@20: 0.1328 ] 
2026-05-10 01:54:36,921 - Epoch 69  [recall@5: 0.1135 recall@10: 0.1748 recall@20: 0.2595 ] [ndcg@5: 0.0880 ndcg@10: 0.1096 ndcg@20: 0.1343 ] 
2026-05-10 01:54:47,471 - Epoch 72  [recall@5: 0.1137 recall@10: 0.1754 recall@20: 0.2600 ] [ndcg@5: 0.0880 ndcg@10: 0.1097 ndcg@20: 0.1344 ] 
2026-05-10 01:54:57,818 - Epoch 75  [recall@5: 0.1145 recall@10: 0.1767 recall@20: 0.2616 ] [ndcg@5: 0.0884 ndcg@10: 0.1103 ndcg@20: 0.1351 ] 
2026-05-10 01:55:08,311 - Epoch 78  [recall@5: 0.1148 recall@10: 0.1774 recall@20: 0.2620 ] [ndcg@5: 0.0886 ndcg@10: 0.1108 ndcg@20: 0.1354 ] 
2026-05-10 01:55:18,343 - Epoch 81  [recall@5: 0.1156 recall@10: 0.1777 recall@20: 0.2628 ] [ndcg@5: 0.0891 ndcg@10: 0.1111 ndcg@20: 0.1359 ] 
2026-05-10 01:55:28,746 - Epoch 84  [recall@5: 0.1180 recall@10: 0.1803 recall@20: 0.2650 ] [ndcg@5: 0.0905 ndcg@10: 0.1124 ndcg@20: 0.1371 ] 
2026-05-10 01:55:39,263 - Epoch 87  [recall@5: 0.1184 recall@10: 0.1813 recall@20: 0.2658 ] [ndcg@5: 0.0904 ndcg@10: 0.1126 ndcg@20: 0.1372 ] 
2026-05-10 01:55:49,737 - Epoch 90  [recall@5: 0.1182 recall@10: 0.1819 recall@20: 0.2660 ] [ndcg@5: 0.0907 ndcg@10: 0.1131 ndcg@20: 0.1375 ] 
2026-05-10 01:56:00,235 - Epoch 93  [recall@5: 0.1185 recall@10: 0.1824 recall@20: 0.2665 ] [ndcg@5: 0.0912 ndcg@10: 0.1136 ndcg@20: 0.1380 ] 
2026-05-10 01:56:10,267 - Epoch 96  [recall@5: 0.1189 recall@10: 0.1825 recall@20: 0.2666 ] [ndcg@5: 0.0915 ndcg@10: 0.1138 ndcg@20: 0.1383 ] 
2026-05-10 01:56:16,763 - Epoch 99  [recall@5: 0.1188 recall@10: 0.1824 recall@20: 0.2654 ] [ndcg@5: 0.0918 ndcg@10: 0.1140 ndcg@20: 0.1383 ] 
2026-05-10 01:56:17,514 - [recall@5: 0.1189 recall@10: 0.1825 recall@20: 0.2666 ] [ndcg@5: 0.0915 ndcg@10: 0.1138 ndcg@20: 0.1383 ] 
2026-05-10 01:56:18,283 - [recall@5: 0.1213 recall@10: 0.1846 recall@20: 0.2639 ] [ndcg@5: 0.1028 ndcg@10: 0.1258 ndcg@20: 0.1503 ] 
2026-05-10 01:56:18,296 - Save model parameters to ./checkpoint/lightgcn_agr/lightgcn_agr-digital_music-233-20260510_015034_autotune_digital_digital_music_s05_str_weight_0p8.pth
2026-05-10 01:56:18,296 - Save run metadata to ./checkpoint/lightgcn_agr/lightgcn_agr-digital_music-233-20260510_015034_autotune_digital_digital_music_s05_str_weight_0p8.json
2026-05-10 01:56:18,297 - Best Epoch 96. Final test result: {'recall': array([0.12125627, 0.18463822, 0.26391967]), 'ndcg': array([0.10278447, 0.12578255, 0.15034645])}.
