2026-05-10 02:02:25,617 - {'optimizer': {'name': 'adam', 'lr': 0.001, 'weight_decay': 0}, 'train': {'epoch': 100, 'batch_size': 4096, 'save_model': True, 'loss': 'pairwise', 'test_step': 3, 'reproducible': True, 'seed': 233, 'patience': 5}, 'test': {'metrics': ['recall', 'ndcg'], 'k': [5, 10, 20], 'batch_size': 1024}, 'data': {'type': 'general_cf', 'name': 'digital_music', 'user_num': 5541, 'item_num': 3568}, 'model': {'name': 'lightgcn_agr', 'embedding_size': 32, 'edge_bias': 0.5, 'keep_rate': 0.9, 'mask_ratio': 0.15, 'recon_weight': 0.2, 're_temperature': 0.2, 'layer_num': 3, 'reg_weight': 5e-06, 'prf_weight': 0.1, 'kd_weight': 0.01, 'kd_temperature': 0.2, 'str_weight': 1.3, 'beta': 5.0, 'sigma': 0.25, 'alpha': 0.1, 'movie': {'layer_num': 3, 'reg_weight': 1e-07, 'kd_weight': 0.01, 'kd_temperature': 0.2, 'prf_weight': 0.02, 'str_weight': 1.2, 'beta': 3.5, 'sigma': 0.3, 'alpha': 0.15, 'keep_rate': 0.8}, 'amazon': {'layer_num': 3, 'reg_weight': 5e-07, 'kd_weight': 0.01, 'kd_temperature': 0.2, 'prf_weight': 0.03, 'str_weight': 1.5, 'beta': 4.0, 'sigma': 0.25, 'alpha': 0.2, 'keep_rate': 0.8}, 'steam': {'layer_num': 3, 'reg_weight': 1e-08, 'kd_weight': 0.001, 'kd_temperature': 0.1, 'prf_weight': 0.01, 'str_weight': 1.0, 'beta': 2.5, 'sigma': 0.2, 'alpha': 0.08, 'keep_rate': 0.8}, 'yelp': {'layer_num': 3, 'reg_weight': 1e-06, 'kd_weight': 0.001, 'kd_temperature': 0.2, 'prf_weight': 0.025, 'str_weight': 1.3, 'beta': 4.0, 'sigma': 0.28, 'alpha': 0.18, 'keep_rate': 0.8}}}
2026-05-10 02:02:32,863 - Epoch 0  [recall@5: 0.0199 recall@10: 0.0325 recall@20: 0.0505 ] [ndcg@5: 0.0160 ndcg@10: 0.0205 ndcg@20: 0.0258 ] 
2026-05-10 02:02:42,805 - Epoch 3  [recall@5: 0.0688 recall@10: 0.0999 recall@20: 0.1490 ] [ndcg@5: 0.0518 ndcg@10: 0.0630 ndcg@20: 0.0773 ] 
2026-05-10 02:02:52,184 - Epoch 6  [recall@5: 0.0771 recall@10: 0.1182 recall@20: 0.1783 ] [ndcg@5: 0.0590 ndcg@10: 0.0734 ndcg@20: 0.0909 ] 
2026-05-10 02:03:02,007 - Epoch 9  [recall@5: 0.0838 recall@10: 0.1244 recall@20: 0.1925 ] [ndcg@5: 0.0634 ndcg@10: 0.0776 ndcg@20: 0.0974 ] 
2026-05-10 02:03:11,623 - Epoch 12  [recall@5: 0.0822 recall@10: 0.1255 recall@20: 0.1874 ] [ndcg@5: 0.0632 ndcg@10: 0.0783 ndcg@20: 0.0966 ] 
2026-05-10 02:03:21,275 - Epoch 15  [recall@5: 0.0816 recall@10: 0.1262 recall@20: 0.1900 ] [ndcg@5: 0.0630 ndcg@10: 0.0786 ndcg@20: 0.0972 ] 
2026-05-10 02:03:31,006 - Epoch 18  [recall@5: 0.0842 recall@10: 0.1313 recall@20: 0.1933 ] [ndcg@5: 0.0650 ndcg@10: 0.0815 ndcg@20: 0.0998 ] 
2026-05-10 02:03:40,297 - Epoch 21  [recall@5: 0.0868 recall@10: 0.1363 recall@20: 0.2011 ] [ndcg@5: 0.0674 ndcg@10: 0.0848 ndcg@20: 0.1038 ] 
2026-05-10 02:03:50,394 - Epoch 24  [recall@5: 0.0911 recall@10: 0.1392 recall@20: 0.2084 ] [ndcg@5: 0.0700 ndcg@10: 0.0868 ndcg@20: 0.1072 ] 
2026-05-10 02:04:00,485 - Epoch 27  [recall@5: 0.0946 recall@10: 0.1435 recall@20: 0.2144 ] [ndcg@5: 0.0730 ndcg@10: 0.0900 ndcg@20: 0.1108 ] 
2026-05-10 02:04:10,587 - Epoch 30  [recall@5: 0.0966 recall@10: 0.1475 recall@20: 0.2225 ] [ndcg@5: 0.0745 ndcg@10: 0.0922 ndcg@20: 0.1141 ] 
2026-05-10 02:04:20,613 - Epoch 33  [recall@5: 0.1006 recall@10: 0.1519 recall@20: 0.2269 ] [ndcg@5: 0.0765 ndcg@10: 0.0943 ndcg@20: 0.1163 ] 
2026-05-10 02:04:30,160 - Epoch 36  [recall@5: 0.1017 recall@10: 0.1551 recall@20: 0.2322 ] [ndcg@5: 0.0775 ndcg@10: 0.0962 ndcg@20: 0.1188 ] 
2026-05-10 02:04:40,198 - Epoch 39  [recall@5: 0.1022 recall@10: 0.1576 recall@20: 0.2361 ] [ndcg@5: 0.0782 ndcg@10: 0.0977 ndcg@20: 0.1207 ] 
2026-05-10 02:04:50,333 - Epoch 42  [recall@5: 0.1050 recall@10: 0.1596 recall@20: 0.2406 ] [ndcg@5: 0.0800 ndcg@10: 0.0992 ndcg@20: 0.1228 ] 
2026-05-10 02:05:00,436 - Epoch 45  [recall@5: 0.1060 recall@10: 0.1619 recall@20: 0.2440 ] [ndcg@5: 0.0809 ndcg@10: 0.1006 ndcg@20: 0.1246 ] 
2026-05-10 02:05:10,556 - Epoch 48  [recall@5: 0.1072 recall@10: 0.1636 recall@20: 0.2462 ] [ndcg@5: 0.0821 ndcg@10: 0.1019 ndcg@20: 0.1261 ] 
2026-05-10 02:05:20,267 - Epoch 51  [recall@5: 0.1086 recall@10: 0.1646 recall@20: 0.2507 ] [ndcg@5: 0.0830 ndcg@10: 0.1028 ndcg@20: 0.1278 ] 
2026-05-10 02:05:30,270 - Epoch 54  [recall@5: 0.1095 recall@10: 0.1659 recall@20: 0.2527 ] [ndcg@5: 0.0840 ndcg@10: 0.1039 ndcg@20: 0.1291 ] 
2026-05-10 02:05:40,381 - Epoch 57  [recall@5: 0.1095 recall@10: 0.1687 recall@20: 0.2541 ] [ndcg@5: 0.0843 ndcg@10: 0.1052 ndcg@20: 0.1301 ] 
2026-05-10 02:05:50,495 - Epoch 60  [recall@5: 0.1107 recall@10: 0.1697 recall@20: 0.2554 ] [ndcg@5: 0.0854 ndcg@10: 0.1063 ndcg@20: 0.1312 ] 
2026-05-10 02:06:00,614 - Epoch 63  [recall@5: 0.1112 recall@10: 0.1731 recall@20: 0.2566 ] [ndcg@5: 0.0861 ndcg@10: 0.1079 ndcg@20: 0.1323 ] 
2026-05-10 02:06:10,548 - Epoch 66  [recall@5: 0.1120 recall@10: 0.1738 recall@20: 0.2581 ] [ndcg@5: 0.0868 ndcg@10: 0.1087 ndcg@20: 0.1334 ] 
2026-05-10 02:06:20,738 - Epoch 69  [recall@5: 0.1131 recall@10: 0.1745 recall@20: 0.2597 ] [ndcg@5: 0.0874 ndcg@10: 0.1091 ndcg@20: 0.1340 ] 
2026-05-10 02:06:30,786 - Epoch 72  [recall@5: 0.1134 recall@10: 0.1761 recall@20: 0.2603 ] [ndcg@5: 0.0875 ndcg@10: 0.1096 ndcg@20: 0.1342 ] 
2026-05-10 02:06:40,786 - Epoch 75  [recall@5: 0.1155 recall@10: 0.1778 recall@20: 0.2632 ] [ndcg@5: 0.0887 ndcg@10: 0.1107 ndcg@20: 0.1355 ] 
2026-05-10 02:06:50,916 - Epoch 78  [recall@5: 0.1151 recall@10: 0.1788 recall@20: 0.2630 ] [ndcg@5: 0.0886 ndcg@10: 0.1111 ndcg@20: 0.1356 ] 
2026-05-10 02:07:00,616 - Epoch 81  [recall@5: 0.1168 recall@10: 0.1798 recall@20: 0.2640 ] [ndcg@5: 0.0894 ndcg@10: 0.1117 ndcg@20: 0.1362 ] 
2026-05-10 02:07:10,692 - Epoch 84  [recall@5: 0.1169 recall@10: 0.1808 recall@20: 0.2660 ] [ndcg@5: 0.0895 ndcg@10: 0.1122 ndcg@20: 0.1369 ] 
2026-05-10 02:07:20,709 - Epoch 87  [recall@5: 0.1178 recall@10: 0.1826 recall@20: 0.2664 ] [ndcg@5: 0.0902 ndcg@10: 0.1130 ndcg@20: 0.1372 ] 
2026-05-10 02:07:30,966 - Epoch 90  [recall@5: 0.1167 recall@10: 0.1821 recall@20: 0.2662 ] [ndcg@5: 0.0899 ndcg@10: 0.1130 ndcg@20: 0.1374 ] 
2026-05-10 02:07:41,080 - Epoch 93  [recall@5: 0.1175 recall@10: 0.1810 recall@20: 0.2667 ] [ndcg@5: 0.0903 ndcg@10: 0.1127 ndcg@20: 0.1376 ] 
2026-05-10 02:07:50,823 - Epoch 96  [recall@5: 0.1181 recall@10: 0.1829 recall@20: 0.2668 ] [ndcg@5: 0.0908 ndcg@10: 0.1135 ndcg@20: 0.1380 ] 
2026-05-10 02:07:57,348 - Epoch 99  [recall@5: 0.1186 recall@10: 0.1824 recall@20: 0.2660 ] [ndcg@5: 0.0912 ndcg@10: 0.1136 ndcg@20: 0.1380 ] 
2026-05-10 02:07:58,139 - [recall@5: 0.1181 recall@10: 0.1829 recall@20: 0.2668 ] [ndcg@5: 0.0908 ndcg@10: 0.1135 ndcg@20: 0.1380 ] 
2026-05-10 02:07:58,914 - [recall@5: 0.1227 recall@10: 0.1853 recall@20: 0.2632 ] [ndcg@5: 0.1036 ndcg@10: 0.1262 ndcg@20: 0.1502 ] 
2026-05-10 02:07:58,924 - Save model parameters to ./checkpoint/lightgcn_agr/lightgcn_agr-digital_music-233-20260510_020220_autotune_digital_digital_music_s05_str_weight_1p3.pth
2026-05-10 02:07:58,925 - Save run metadata to ./checkpoint/lightgcn_agr/lightgcn_agr-digital_music-233-20260510_020220_autotune_digital_digital_music_s05_str_weight_1p3.json
2026-05-10 02:07:58,925 - Best Epoch 96. Final test result: {'recall': array([0.12269559, 0.18534306, 0.26315759]), 'ndcg': array([0.10355321, 0.12616226, 0.15024557])}.
