2026-05-10 02:14:04,801 - {'optimizer': {'name': 'adam', 'lr': 0.001, 'weight_decay': 0}, 'train': {'epoch': 100, 'batch_size': 4096, 'save_model': True, 'loss': 'pairwise', 'test_step': 3, 'reproducible': True, 'seed': 233, 'patience': 5}, 'test': {'metrics': ['recall', 'ndcg'], 'k': [5, 10, 20], 'batch_size': 1024}, 'data': {'type': 'general_cf', 'name': 'digital_music', 'user_num': 5541, 'item_num': 3568}, 'model': {'name': 'lightgcn_agr', 'embedding_size': 32, 'edge_bias': 0.5, 'keep_rate': 0.9, 'mask_ratio': 0.15, 'recon_weight': 0.2, 're_temperature': 0.2, 'layer_num': 3, 'reg_weight': 5e-06, 'prf_weight': 0.1, 'kd_weight': 0.01, 'kd_temperature': 0.2, 'str_weight': 1.0, 'beta': 5.0, 'sigma': 0.25, 'alpha': 0.25, 'movie': {'layer_num': 3, 'reg_weight': 1e-07, 'kd_weight': 0.01, 'kd_temperature': 0.2, 'prf_weight': 0.02, 'str_weight': 1.2, 'beta': 3.5, 'sigma': 0.3, 'alpha': 0.15, 'keep_rate': 0.8}, 'amazon': {'layer_num': 3, 'reg_weight': 5e-07, 'kd_weight': 0.01, 'kd_temperature': 0.2, 'prf_weight': 0.03, 'str_weight': 1.5, 'beta': 4.0, 'sigma': 0.25, 'alpha': 0.2, 'keep_rate': 0.8}, 'steam': {'layer_num': 3, 'reg_weight': 1e-08, 'kd_weight': 0.001, 'kd_temperature': 0.1, 'prf_weight': 0.01, 'str_weight': 1.0, 'beta': 2.5, 'sigma': 0.2, 'alpha': 0.08, 'keep_rate': 0.8}, 'yelp': {'layer_num': 3, 'reg_weight': 1e-06, 'kd_weight': 0.001, 'kd_temperature': 0.2, 'prf_weight': 0.025, 'str_weight': 1.3, 'beta': 4.0, 'sigma': 0.28, 'alpha': 0.18, 'keep_rate': 0.8}}}
2026-05-10 02:14:12,045 - Epoch 0  [recall@5: 0.0194 recall@10: 0.0329 recall@20: 0.0522 ] [ndcg@5: 0.0155 ndcg@10: 0.0204 ndcg@20: 0.0259 ] 
2026-05-10 02:14:21,353 - Epoch 3  [recall@5: 0.0622 recall@10: 0.0919 recall@20: 0.1367 ] [ndcg@5: 0.0478 ndcg@10: 0.0584 ndcg@20: 0.0716 ] 
2026-05-10 02:14:30,176 - Epoch 6  [recall@5: 0.0689 recall@10: 0.1033 recall@20: 0.1485 ] [ndcg@5: 0.0536 ndcg@10: 0.0658 ndcg@20: 0.0791 ] 
2026-05-10 02:14:39,118 - Epoch 9  [recall@5: 0.0737 recall@10: 0.1103 recall@20: 0.1611 ] [ndcg@5: 0.0569 ndcg@10: 0.0698 ndcg@20: 0.0845 ] 
2026-05-10 02:14:48,380 - Epoch 12  [recall@5: 0.0780 recall@10: 0.1172 recall@20: 0.1706 ] [ndcg@5: 0.0597 ndcg@10: 0.0734 ndcg@20: 0.0890 ] 
2026-05-10 02:14:57,747 - Epoch 15  [recall@5: 0.0803 recall@10: 0.1204 recall@20: 0.1793 ] [ndcg@5: 0.0608 ndcg@10: 0.0749 ndcg@20: 0.0919 ] 
2026-05-10 02:15:06,988 - Epoch 18  [recall@5: 0.0791 recall@10: 0.1211 recall@20: 0.1830 ] [ndcg@5: 0.0599 ndcg@10: 0.0747 ndcg@20: 0.0926 ] 
2026-05-10 02:15:16,086 - Epoch 21  [recall@5: 0.0779 recall@10: 0.1217 recall@20: 0.1849 ] [ndcg@5: 0.0586 ndcg@10: 0.0739 ndcg@20: 0.0923 ] 
2026-05-10 02:15:25,467 - Epoch 24  [recall@5: 0.0768 recall@10: 0.1209 recall@20: 0.1827 ] [ndcg@5: 0.0582 ndcg@10: 0.0736 ndcg@20: 0.0917 ] 
2026-05-10 02:15:35,186 - Epoch 27  [recall@5: 0.0780 recall@10: 0.1213 recall@20: 0.1811 ] [ndcg@5: 0.0585 ndcg@10: 0.0736 ndcg@20: 0.0912 ] 
2026-05-10 02:15:44,876 - Epoch 30  [recall@5: 0.0792 recall@10: 0.1246 recall@20: 0.1854 ] [ndcg@5: 0.0603 ndcg@10: 0.0761 ndcg@20: 0.0939 ] 
2026-05-10 02:15:54,588 - Epoch 33  [recall@5: 0.0807 recall@10: 0.1278 recall@20: 0.1894 ] [ndcg@5: 0.0617 ndcg@10: 0.0783 ndcg@20: 0.0963 ] 
2026-05-10 02:16:03,859 - Epoch 36  [recall@5: 0.0858 recall@10: 0.1310 recall@20: 0.1969 ] [ndcg@5: 0.0652 ndcg@10: 0.0810 ndcg@20: 0.1002 ] 
2026-05-10 02:16:13,601 - Epoch 39  [recall@5: 0.0887 recall@10: 0.1351 recall@20: 0.2015 ] [ndcg@5: 0.0675 ndcg@10: 0.0838 ndcg@20: 0.1033 ] 
2026-05-10 02:16:23,726 - Epoch 42  [recall@5: 0.0924 recall@10: 0.1396 recall@20: 0.2088 ] [ndcg@5: 0.0701 ndcg@10: 0.0867 ndcg@20: 0.1069 ] 
2026-05-10 02:16:33,419 - Epoch 45  [recall@5: 0.0951 recall@10: 0.1434 recall@20: 0.2143 ] [ndcg@5: 0.0725 ndcg@10: 0.0893 ndcg@20: 0.1101 ] 
2026-05-10 02:16:43,183 - Epoch 48  [recall@5: 0.0956 recall@10: 0.1469 recall@20: 0.2191 ] [ndcg@5: 0.0733 ndcg@10: 0.0914 ndcg@20: 0.1127 ] 
2026-05-10 02:16:52,559 - Epoch 51  [recall@5: 0.0985 recall@10: 0.1507 recall@20: 0.2263 ] [ndcg@5: 0.0754 ndcg@10: 0.0935 ndcg@20: 0.1156 ] 
2026-05-10 02:17:01,846 - Epoch 54  [recall@5: 0.1019 recall@10: 0.1538 recall@20: 0.2292 ] [ndcg@5: 0.0774 ndcg@10: 0.0955 ndcg@20: 0.1176 ] 
2026-05-10 02:17:11,702 - Epoch 57  [recall@5: 0.1030 recall@10: 0.1570 recall@20: 0.2327 ] [ndcg@5: 0.0787 ndcg@10: 0.0975 ndcg@20: 0.1197 ] 
2026-05-10 02:17:21,446 - Epoch 60  [recall@5: 0.1046 recall@10: 0.1597 recall@20: 0.2385 ] [ndcg@5: 0.0803 ndcg@10: 0.0997 ndcg@20: 0.1227 ] 
2026-05-10 02:17:31,240 - Epoch 63  [recall@5: 0.1059 recall@10: 0.1627 recall@20: 0.2406 ] [ndcg@5: 0.0816 ndcg@10: 0.1015 ndcg@20: 0.1243 ] 
2026-05-10 02:17:40,485 - Epoch 66  [recall@5: 0.1075 recall@10: 0.1660 recall@20: 0.2453 ] [ndcg@5: 0.0827 ndcg@10: 0.1032 ndcg@20: 0.1264 ] 
2026-05-10 02:17:49,991 - Epoch 69  [recall@5: 0.1087 recall@10: 0.1667 recall@20: 0.2479 ] [ndcg@5: 0.0840 ndcg@10: 0.1042 ndcg@20: 0.1279 ] 
2026-05-10 02:17:59,818 - Epoch 72  [recall@5: 0.1098 recall@10: 0.1683 recall@20: 0.2517 ] [ndcg@5: 0.0848 ndcg@10: 0.1053 ndcg@20: 0.1295 ] 
2026-05-10 02:18:09,543 - Epoch 75  [recall@5: 0.1120 recall@10: 0.1709 recall@20: 0.2547 ] [ndcg@5: 0.0858 ndcg@10: 0.1063 ndcg@20: 0.1306 ] 
2026-05-10 02:18:19,310 - Epoch 78  [recall@5: 0.1117 recall@10: 0.1715 recall@20: 0.2571 ] [ndcg@5: 0.0857 ndcg@10: 0.1065 ndcg@20: 0.1313 ] 
2026-05-10 02:18:28,663 - Epoch 81  [recall@5: 0.1130 recall@10: 0.1738 recall@20: 0.2582 ] [ndcg@5: 0.0867 ndcg@10: 0.1078 ndcg@20: 0.1323 ] 
2026-05-10 02:18:37,938 - Epoch 84  [recall@5: 0.1132 recall@10: 0.1752 recall@20: 0.2596 ] [ndcg@5: 0.0872 ndcg@10: 0.1086 ndcg@20: 0.1332 ] 
2026-05-10 02:18:47,902 - Epoch 87  [recall@5: 0.1140 recall@10: 0.1785 recall@20: 0.2623 ] [ndcg@5: 0.0877 ndcg@10: 0.1099 ndcg@20: 0.1343 ] 
2026-05-10 02:18:57,745 - Epoch 90  [recall@5: 0.1145 recall@10: 0.1797 recall@20: 0.2633 ] [ndcg@5: 0.0885 ndcg@10: 0.1110 ndcg@20: 0.1353 ] 
2026-05-10 02:19:07,409 - Epoch 93  [recall@5: 0.1148 recall@10: 0.1791 recall@20: 0.2634 ] [ndcg@5: 0.0885 ndcg@10: 0.1109 ndcg@20: 0.1354 ] 
2026-05-10 02:19:16,800 - Epoch 96  [recall@5: 0.1166 recall@10: 0.1802 recall@20: 0.2639 ] [ndcg@5: 0.0895 ndcg@10: 0.1116 ndcg@20: 0.1359 ] 
2026-05-10 02:19:23,121 - Epoch 99  [recall@5: 0.1175 recall@10: 0.1802 recall@20: 0.2657 ] [ndcg@5: 0.0902 ndcg@10: 0.1119 ndcg@20: 0.1367 ] 
2026-05-10 02:19:24,000 - [recall@5: 0.1175 recall@10: 0.1802 recall@20: 0.2657 ] [ndcg@5: 0.0902 ndcg@10: 0.1119 ndcg@20: 0.1367 ] 
2026-05-10 02:19:24,826 - [recall@5: 0.1205 recall@10: 0.1870 recall@20: 0.2615 ] [ndcg@5: 0.1013 ndcg@10: 0.1255 ndcg@20: 0.1486 ] 
2026-05-10 02:19:24,838 - Save model parameters to ./checkpoint/lightgcn_agr/lightgcn_agr-digital_music-233-20260510_021359_autotune_digital_digital_music_s06_alpha_0p25.pth
2026-05-10 02:19:24,839 - Save run metadata to ./checkpoint/lightgcn_agr/lightgcn_agr-digital_music-233-20260510_021359_autotune_digital_digital_music_s06_alpha_0p25.json
2026-05-10 02:19:24,839 - Best Epoch 99. Final test result: {'recall': array([0.12054326, 0.1870139 , 0.26154867]), 'ndcg': array([0.10126978, 0.12551079, 0.14864246])}.
