2026-03-12 22:59:33,826 - {'optimizer': {'name': 'adam', 'lr': 0.001, 'weight_decay': 0}, 'train': {'epoch': 3000, 'batch_size': 4096, 'save_model': True, 'loss': 'pairwise', 'test_step': 3, 'reproducible': True, 'seed': 2025, 'patience': 5}, 'test': {'metrics': ['recall', 'ndcg'], 'k': [5, 10, 20], 'batch_size': 1024}, 'data': {'type': 'general_cf', 'name': 'digital_music', 'user_num': 5541, 'item_num': 3568}, 'model': {'name': 'lightgcn_agr', 'embedding_size': 32, 'edge_bias': 0.5, 'keep_rate': 0.8, 'mask_ratio': 0.15, 'recon_weight': 0.2, 're_temperature': 0.2, 'layer_num': 3, 'reg_weight': 1e-07, 'prf_weight': 0.02, 'kd_weight': 0.01, 'kd_temperature': 0.2, 'str_weight': 1.0, 'beta': 5.0, 'sigma': 0.25, 'alpha': 0.1, 'amazon': {'layer_num': 3, 'reg_weight': 1e-07, 'kd_weight': 0.01, 'kd_temperature': 0.2, 'prf_weight': 0.02, 'str_weight': 1.2, 'beta': 3.5, 'sigma': 0.3, 'alpha': 0.15, 'keep_rate': 0.8}, 'yelp': {'layer_num': 3, 'reg_weight': 1e-07, 'kd_weight': 0.01, 'kd_temperature': 0.2, 'prf_weight': 0.03, 'str_weight': 1.5, 'beta': 4.0, 'sigma': 0.25, 'alpha': 0.2, 'keep_rate': 0.8}, 'steam': {'layer_num': 3, 'reg_weight': 1e-08, 'kd_weight': 0.001, 'kd_temperature': 0.1, 'prf_weight': 0.01, 'str_weight': 1.0, 'beta': 2.5, 'sigma': 0.2, 'alpha': 0.08, 'keep_rate': 0.8}, 'movie': {'layer_num': 3, 'reg_weight': 1e-06, 'kd_weight': 0.001, 'kd_temperature': 0.2, 'prf_weight': 0.025, 'str_weight': 1.3, 'beta': 4.0, 'sigma': 0.28, 'alpha': 0.18, 'keep_rate': 0.8}}}
2026-03-12 22:59:39,867 - Epoch 0  [recall@5: 0.0132 recall@10: 0.0230 recall@20: 0.0366 ] [ndcg@5: 0.0108 ndcg@10: 0.0142 ndcg@20: 0.0181 ] 
2026-03-12 22:59:45,612 - Epoch 3  [recall@5: 0.0661 recall@10: 0.1016 recall@20: 0.1491 ] [ndcg@5: 0.0529 ndcg@10: 0.0649 ndcg@20: 0.0790 ] 
2026-03-12 22:59:51,312 - Epoch 6  [recall@5: 0.0756 recall@10: 0.1179 recall@20: 0.1829 ] [ndcg@5: 0.0601 ndcg@10: 0.0747 ndcg@20: 0.0937 ] 
2026-03-12 22:59:57,045 - Epoch 9  [recall@5: 0.0766 recall@10: 0.1203 recall@20: 0.1905 ] [ndcg@5: 0.0604 ndcg@10: 0.0754 ndcg@20: 0.0960 ] 
2026-03-12 23:00:02,859 - Epoch 12  [recall@5: 0.0770 recall@10: 0.1222 recall@20: 0.1929 ] [ndcg@5: 0.0602 ndcg@10: 0.0758 ndcg@20: 0.0963 ] 
2026-03-12 23:00:08,614 - Epoch 15  [recall@5: 0.0782 recall@10: 0.1208 recall@20: 0.1951 ] [ndcg@5: 0.0607 ndcg@10: 0.0755 ndcg@20: 0.0971 ] 
2026-03-12 23:00:14,617 - Epoch 18  [recall@5: 0.0793 recall@10: 0.1270 recall@20: 0.2001 ] [ndcg@5: 0.0619 ndcg@10: 0.0784 ndcg@20: 0.0995 ] 
2026-03-12 23:00:20,361 - Epoch 21  [recall@5: 0.0804 recall@10: 0.1292 recall@20: 0.2040 ] [ndcg@5: 0.0632 ndcg@10: 0.0802 ndcg@20: 0.1020 ] 
2026-03-12 23:00:26,008 - Epoch 24  [recall@5: 0.0831 recall@10: 0.1324 recall@20: 0.2078 ] [ndcg@5: 0.0650 ndcg@10: 0.0821 ndcg@20: 0.1042 ] 
2026-03-12 23:00:31,790 - Epoch 27  [recall@5: 0.0859 recall@10: 0.1349 recall@20: 0.2116 ] [ndcg@5: 0.0667 ndcg@10: 0.0837 ndcg@20: 0.1062 ] 
2026-03-12 23:00:37,499 - Epoch 30  [recall@5: 0.0872 recall@10: 0.1396 recall@20: 0.2164 ] [ndcg@5: 0.0676 ndcg@10: 0.0858 ndcg@20: 0.1083 ] 
2026-03-12 23:00:43,220 - Epoch 33  [recall@5: 0.0896 recall@10: 0.1436 recall@20: 0.2197 ] [ndcg@5: 0.0689 ndcg@10: 0.0876 ndcg@20: 0.1098 ] 
2026-03-12 23:00:48,998 - Epoch 36  [recall@5: 0.0909 recall@10: 0.1467 recall@20: 0.2233 ] [ndcg@5: 0.0697 ndcg@10: 0.0890 ndcg@20: 0.1115 ] 
2026-03-12 23:00:54,730 - Epoch 39  [recall@5: 0.0925 recall@10: 0.1490 recall@20: 0.2242 ] [ndcg@5: 0.0706 ndcg@10: 0.0902 ndcg@20: 0.1124 ] 
2026-03-12 23:01:00,567 - Epoch 42  [recall@5: 0.0938 recall@10: 0.1490 recall@20: 0.2274 ] [ndcg@5: 0.0715 ndcg@10: 0.0906 ndcg@20: 0.1137 ] 
2026-03-12 23:01:06,774 - Epoch 45  [recall@5: 0.0939 recall@10: 0.1518 recall@20: 0.2290 ] [ndcg@5: 0.0719 ndcg@10: 0.0919 ndcg@20: 0.1145 ] 
2026-03-12 23:01:13,341 - Epoch 48  [recall@5: 0.0947 recall@10: 0.1525 recall@20: 0.2300 ] [ndcg@5: 0.0726 ndcg@10: 0.0925 ndcg@20: 0.1152 ] 
2026-03-12 23:01:19,771 - Epoch 51  [recall@5: 0.0961 recall@10: 0.1547 recall@20: 0.2316 ] [ndcg@5: 0.0738 ndcg@10: 0.0939 ndcg@20: 0.1165 ] 
2026-03-12 23:01:25,990 - Epoch 54  [recall@5: 0.0973 recall@10: 0.1547 recall@20: 0.2331 ] [ndcg@5: 0.0745 ndcg@10: 0.0943 ndcg@20: 0.1173 ] 
2026-03-12 23:01:32,132 - Epoch 57  [recall@5: 0.0967 recall@10: 0.1571 recall@20: 0.2340 ] [ndcg@5: 0.0745 ndcg@10: 0.0953 ndcg@20: 0.1179 ] 
2026-03-12 23:01:38,315 - Epoch 60  [recall@5: 0.0974 recall@10: 0.1573 recall@20: 0.2364 ] [ndcg@5: 0.0750 ndcg@10: 0.0957 ndcg@20: 0.1189 ] 
2026-03-12 23:01:44,742 - Epoch 63  [recall@5: 0.0991 recall@10: 0.1599 recall@20: 0.2382 ] [ndcg@5: 0.0758 ndcg@10: 0.0968 ndcg@20: 0.1198 ] 
2026-03-12 23:01:52,257 - Epoch 66  [recall@5: 0.0996 recall@10: 0.1609 recall@20: 0.2387 ] [ndcg@5: 0.0764 ndcg@10: 0.0977 ndcg@20: 0.1205 ] 
2026-03-12 23:02:00,574 - Epoch 69  [recall@5: 0.1002 recall@10: 0.1623 recall@20: 0.2399 ] [ndcg@5: 0.0775 ndcg@10: 0.0991 ndcg@20: 0.1218 ] 
2026-03-12 23:02:09,079 - Epoch 72  [recall@5: 0.1015 recall@10: 0.1618 recall@20: 0.2405 ] [ndcg@5: 0.0782 ndcg@10: 0.0990 ndcg@20: 0.1222 ] 
2026-03-12 23:02:16,968 - Epoch 75  [recall@5: 0.1009 recall@10: 0.1645 recall@20: 0.2419 ] [ndcg@5: 0.0782 ndcg@10: 0.1003 ndcg@20: 0.1229 ] 
2026-03-12 23:02:24,464 - Epoch 78  [recall@5: 0.1017 recall@10: 0.1654 recall@20: 0.2421 ] [ndcg@5: 0.0789 ndcg@10: 0.1010 ndcg@20: 0.1234 ] 
2026-03-12 23:02:32,665 - Epoch 81  [recall@5: 0.1018 recall@10: 0.1654 recall@20: 0.2435 ] [ndcg@5: 0.0790 ndcg@10: 0.1012 ndcg@20: 0.1240 ] 
2026-03-12 23:02:40,904 - Epoch 84  [recall@5: 0.1029 recall@10: 0.1652 recall@20: 0.2454 ] [ndcg@5: 0.0798 ndcg@10: 0.1015 ndcg@20: 0.1248 ] 
2026-03-12 23:02:49,089 - Epoch 87  [recall@5: 0.1032 recall@10: 0.1661 recall@20: 0.2462 ] [ndcg@5: 0.0796 ndcg@10: 0.1016 ndcg@20: 0.1249 ] 
2026-03-12 23:02:56,515 - Epoch 90  [recall@5: 0.1035 recall@10: 0.1664 recall@20: 0.2473 ] [ndcg@5: 0.0802 ndcg@10: 0.1021 ndcg@20: 0.1257 ] 
2026-03-12 23:03:04,624 - Epoch 93  [recall@5: 0.1035 recall@10: 0.1666 recall@20: 0.2487 ] [ndcg@5: 0.0803 ndcg@10: 0.1022 ndcg@20: 0.1261 ] 
2026-03-12 23:03:12,552 - Epoch 96  [recall@5: 0.1046 recall@10: 0.1662 recall@20: 0.2511 ] [ndcg@5: 0.0809 ndcg@10: 0.1024 ndcg@20: 0.1269 ] 
2026-03-12 23:03:20,209 - Epoch 99  [recall@5: 0.1053 recall@10: 0.1663 recall@20: 0.2512 ] [ndcg@5: 0.0814 ndcg@10: 0.1027 ndcg@20: 0.1273 ] 
2026-03-12 23:03:27,836 - Epoch 102  [recall@5: 0.1057 recall@10: 0.1671 recall@20: 0.2521 ] [ndcg@5: 0.0820 ndcg@10: 0.1034 ndcg@20: 0.1280 ] 
2026-03-12 23:03:35,932 - Epoch 105  [recall@5: 0.1063 recall@10: 0.1682 recall@20: 0.2521 ] [ndcg@5: 0.0824 ndcg@10: 0.1038 ndcg@20: 0.1282 ] 
2026-03-12 23:03:43,181 - Epoch 108  [recall@5: 0.1061 recall@10: 0.1678 recall@20: 0.2535 ] [ndcg@5: 0.0826 ndcg@10: 0.1040 ndcg@20: 0.1288 ] 
2026-03-12 23:03:50,391 - Epoch 111  [recall@5: 0.1070 recall@10: 0.1689 recall@20: 0.2544 ] [ndcg@5: 0.0834 ndcg@10: 0.1047 ndcg@20: 0.1295 ] 
2026-03-12 23:03:57,991 - Epoch 114  [recall@5: 0.1070 recall@10: 0.1689 recall@20: 0.2553 ] [ndcg@5: 0.0832 ndcg@10: 0.1046 ndcg@20: 0.1296 ] 
2026-03-12 23:04:05,458 - Epoch 117  [recall@5: 0.1086 recall@10: 0.1698 recall@20: 0.2546 ] [ndcg@5: 0.0841 ndcg@10: 0.1052 ndcg@20: 0.1298 ] 
2026-03-12 23:04:12,678 - Epoch 120  [recall@5: 0.1085 recall@10: 0.1685 recall@20: 0.2557 ] [ndcg@5: 0.0843 ndcg@10: 0.1050 ndcg@20: 0.1302 ] 
2026-03-12 23:04:19,880 - Epoch 123  [recall@5: 0.1080 recall@10: 0.1685 recall@20: 0.2570 ] [ndcg@5: 0.0839 ndcg@10: 0.1048 ndcg@20: 0.1303 ] 
2026-03-12 23:04:27,200 - Epoch 126  [recall@5: 0.1083 recall@10: 0.1692 recall@20: 0.2564 ] [ndcg@5: 0.0843 ndcg@10: 0.1054 ndcg@20: 0.1306 ] 
2026-03-12 23:04:34,427 - Epoch 129  [recall@5: 0.1089 recall@10: 0.1700 recall@20: 0.2562 ] [ndcg@5: 0.0847 ndcg@10: 0.1057 ndcg@20: 0.1307 ] 
2026-03-12 23:04:41,973 - Epoch 132  [recall@5: 0.1092 recall@10: 0.1701 recall@20: 0.2578 ] [ndcg@5: 0.0849 ndcg@10: 0.1060 ndcg@20: 0.1314 ] 
2026-03-12 23:04:48,999 - Epoch 135  [recall@5: 0.1096 recall@10: 0.1708 recall@20: 0.2580 ] [ndcg@5: 0.0853 ndcg@10: 0.1064 ndcg@20: 0.1317 ] 
2026-03-12 23:04:54,839 - Epoch 138  [recall@5: 0.1099 recall@10: 0.1705 recall@20: 0.2579 ] [ndcg@5: 0.0855 ndcg@10: 0.1064 ndcg@20: 0.1317 ] 
2026-03-12 23:05:00,781 - Epoch 141  [recall@5: 0.1102 recall@10: 0.1702 recall@20: 0.2580 ] [ndcg@5: 0.0858 ndcg@10: 0.1066 ndcg@20: 0.1320 ] 
2026-03-12 23:05:07,056 - Epoch 144  [recall@5: 0.1096 recall@10: 0.1709 recall@20: 0.2573 ] [ndcg@5: 0.0855 ndcg@10: 0.1068 ndcg@20: 0.1319 ] 
2026-03-12 23:05:14,183 - Epoch 147  [recall@5: 0.1099 recall@10: 0.1708 recall@20: 0.2589 ] [ndcg@5: 0.0857 ndcg@10: 0.1067 ndcg@20: 0.1322 ] 
2026-03-12 23:05:21,984 - Epoch 150  [recall@5: 0.1091 recall@10: 0.1715 recall@20: 0.2587 ] [ndcg@5: 0.0854 ndcg@10: 0.1070 ndcg@20: 0.1322 ] 
2026-03-12 23:05:29,785 - Epoch 153  [recall@5: 0.1093 recall@10: 0.1714 recall@20: 0.2584 ] [ndcg@5: 0.0856 ndcg@10: 0.1070 ndcg@20: 0.1322 ] 
2026-03-12 23:05:37,290 - Epoch 156  [recall@5: 0.1103 recall@10: 0.1712 recall@20: 0.2599 ] [ndcg@5: 0.0859 ndcg@10: 0.1070 ndcg@20: 0.1326 ] 
2026-03-12 23:05:44,919 - Epoch 159  [recall@5: 0.1101 recall@10: 0.1718 recall@20: 0.2593 ] [ndcg@5: 0.0860 ndcg@10: 0.1073 ndcg@20: 0.1326 ] 
2026-03-12 23:05:53,185 - Epoch 162  [recall@5: 0.1101 recall@10: 0.1719 recall@20: 0.2594 ] [ndcg@5: 0.0862 ndcg@10: 0.1077 ndcg@20: 0.1329 ] 
2026-03-12 23:06:01,269 - Epoch 165  [recall@5: 0.1100 recall@10: 0.1727 recall@20: 0.2598 ] [ndcg@5: 0.0862 ndcg@10: 0.1078 ndcg@20: 0.1330 ] 
2026-03-12 23:06:09,264 - Epoch 168  [recall@5: 0.1105 recall@10: 0.1735 recall@20: 0.2588 ] [ndcg@5: 0.0865 ndcg@10: 0.1082 ndcg@20: 0.1329 ] 
2026-03-12 23:06:17,025 - Epoch 171  [recall@5: 0.1105 recall@10: 0.1753 recall@20: 0.2586 ] [ndcg@5: 0.0864 ndcg@10: 0.1087 ndcg@20: 0.1328 ] 
2026-03-12 23:06:18,118 - [recall@5: 0.1103 recall@10: 0.1712 recall@20: 0.2599 ] [ndcg@5: 0.0859 ndcg@10: 0.1070 ndcg@20: 0.1326 ] 
2026-03-12 23:06:19,316 - [recall@5: 0.1182 recall@10: 0.1757 recall@20: 0.2557 ] [ndcg@5: 0.0982 ndcg@10: 0.1191 ndcg@20: 0.1438 ] 
2026-03-12 23:06:19,332 - Save model parameters to ./checkpoint/lightgcn_agr/lightgcn_agr-digital_music-2025.pth
2026-03-12 23:06:19,334 - Best Epoch 156. Final test result: {'recall': array([0.1181734 , 0.17572043, 0.25565628]), 'ndcg': array([0.09823837, 0.11913283, 0.14375017])}.
