2026-05-09 16:23:22,920 - {'optimizer': {'name': 'adam', 'lr': 0.001, 'weight_decay': 0}, 'train': {'epoch': 200, 'batch_size': 4096, 'save_model': True, 'loss': 'pairwise', 'test_step': 3, 'reproducible': True, 'seed': 2025, 'patience': 5}, 'test': {'metrics': ['recall', 'ndcg'], 'k': [5, 10, 20], 'batch_size': 1024}, 'data': {'type': 'general_cf', 'name': 'digital_music', 'user_num': 5541, 'item_num': 3568}, 'model': {'name': 'lightgcn_agr', 'embedding_size': 32, 'edge_bias': 0.5, 'keep_rate': 0.8, 'mask_ratio': 0.15, 'recon_weight': 0.2, 're_temperature': 0.2, 'layer_num': 3, 'reg_weight': 1e-07, 'prf_weight': 0.02, 'kd_weight': 0.01, 'kd_temperature': 0.2, 'str_weight': 1.0, 'beta': 5.0, 'sigma': 0.25, 'alpha': 0.1, 'movie': {'layer_num': 3, 'reg_weight': 1e-07, 'kd_weight': 0.01, 'kd_temperature': 0.2, 'prf_weight': 0.02, 'str_weight': 1.2, 'beta': 3.5, 'sigma': 0.3, 'alpha': 0.15, 'keep_rate': 0.8}, 'amazon': {'layer_num': 3, 'reg_weight': 5e-07, 'kd_weight': 0.01, 'kd_temperature': 0.2, 'prf_weight': 0.03, 'str_weight': 1.5, 'beta': 4.0, 'sigma': 0.25, 'alpha': 0.2, 'keep_rate': 0.8}, 'steam': {'layer_num': 3, 'reg_weight': 1e-08, 'kd_weight': 0.001, 'kd_temperature': 0.1, 'prf_weight': 0.01, 'str_weight': 1.0, 'beta': 2.5, 'sigma': 0.2, 'alpha': 0.08, 'keep_rate': 0.8}, 'yelp': {'layer_num': 3, 'reg_weight': 1e-06, 'kd_weight': 0.001, 'kd_temperature': 0.2, 'prf_weight': 0.025, 'str_weight': 1.3, 'beta': 4.0, 'sigma': 0.28, 'alpha': 0.18, 'keep_rate': 0.8}}}
2026-05-09 16:23:29,580 - Epoch 0  [recall@5: 0.0132 recall@10: 0.0230 recall@20: 0.0366 ] [ndcg@5: 0.0108 ndcg@10: 0.0142 ndcg@20: 0.0181 ] 
2026-05-09 16:23:36,190 - Epoch 3  [recall@5: 0.0661 recall@10: 0.1016 recall@20: 0.1491 ] [ndcg@5: 0.0529 ndcg@10: 0.0649 ndcg@20: 0.0790 ] 
2026-05-09 16:23:42,538 - Epoch 6  [recall@5: 0.0756 recall@10: 0.1179 recall@20: 0.1829 ] [ndcg@5: 0.0601 ndcg@10: 0.0747 ndcg@20: 0.0937 ] 
2026-05-09 16:23:48,779 - Epoch 9  [recall@5: 0.0766 recall@10: 0.1203 recall@20: 0.1905 ] [ndcg@5: 0.0604 ndcg@10: 0.0754 ndcg@20: 0.0960 ] 
2026-05-09 16:23:55,256 - Epoch 12  [recall@5: 0.0770 recall@10: 0.1222 recall@20: 0.1929 ] [ndcg@5: 0.0602 ndcg@10: 0.0758 ndcg@20: 0.0963 ] 
2026-05-09 16:24:01,610 - Epoch 15  [recall@5: 0.0782 recall@10: 0.1208 recall@20: 0.1951 ] [ndcg@5: 0.0607 ndcg@10: 0.0755 ndcg@20: 0.0971 ] 
2026-05-09 16:24:07,858 - Epoch 18  [recall@5: 0.0793 recall@10: 0.1270 recall@20: 0.2001 ] [ndcg@5: 0.0619 ndcg@10: 0.0784 ndcg@20: 0.0995 ] 
2026-05-09 16:24:14,152 - Epoch 21  [recall@5: 0.0805 recall@10: 0.1292 recall@20: 0.2040 ] [ndcg@5: 0.0633 ndcg@10: 0.0802 ndcg@20: 0.1020 ] 
2026-05-09 16:24:20,411 - Epoch 24  [recall@5: 0.0831 recall@10: 0.1324 recall@20: 0.2078 ] [ndcg@5: 0.0650 ndcg@10: 0.0821 ndcg@20: 0.1042 ] 
2026-05-09 16:24:26,639 - Epoch 27  [recall@5: 0.0859 recall@10: 0.1351 recall@20: 0.2116 ] [ndcg@5: 0.0667 ndcg@10: 0.0837 ndcg@20: 0.1062 ] 
2026-05-09 16:24:32,733 - Epoch 30  [recall@5: 0.0872 recall@10: 0.1396 recall@20: 0.2164 ] [ndcg@5: 0.0676 ndcg@10: 0.0858 ndcg@20: 0.1083 ] 
2026-05-09 16:24:38,868 - Epoch 33  [recall@5: 0.0895 recall@10: 0.1436 recall@20: 0.2197 ] [ndcg@5: 0.0688 ndcg@10: 0.0876 ndcg@20: 0.1098 ] 
2026-05-09 16:24:45,231 - Epoch 36  [recall@5: 0.0909 recall@10: 0.1470 recall@20: 0.2233 ] [ndcg@5: 0.0698 ndcg@10: 0.0891 ndcg@20: 0.1116 ] 
2026-05-09 16:24:52,950 - Epoch 39  [recall@5: 0.0925 recall@10: 0.1490 recall@20: 0.2242 ] [ndcg@5: 0.0706 ndcg@10: 0.0902 ndcg@20: 0.1124 ] 
2026-05-09 16:24:59,623 - Epoch 42  [recall@5: 0.0939 recall@10: 0.1490 recall@20: 0.2275 ] [ndcg@5: 0.0716 ndcg@10: 0.0906 ndcg@20: 0.1137 ] 
2026-05-09 16:25:06,040 - Epoch 45  [recall@5: 0.0939 recall@10: 0.1518 recall@20: 0.2290 ] [ndcg@5: 0.0719 ndcg@10: 0.0919 ndcg@20: 0.1145 ] 
2026-05-09 16:25:12,270 - Epoch 48  [recall@5: 0.0947 recall@10: 0.1525 recall@20: 0.2300 ] [ndcg@5: 0.0726 ndcg@10: 0.0925 ndcg@20: 0.1152 ] 
2026-05-09 16:25:18,224 - Epoch 51  [recall@5: 0.0962 recall@10: 0.1543 recall@20: 0.2318 ] [ndcg@5: 0.0739 ndcg@10: 0.0938 ndcg@20: 0.1165 ] 
2026-05-09 16:25:24,157 - Epoch 54  [recall@5: 0.0972 recall@10: 0.1547 recall@20: 0.2332 ] [ndcg@5: 0.0745 ndcg@10: 0.0943 ndcg@20: 0.1173 ] 
2026-05-09 16:25:30,786 - Epoch 57  [recall@5: 0.0967 recall@10: 0.1571 recall@20: 0.2341 ] [ndcg@5: 0.0745 ndcg@10: 0.0953 ndcg@20: 0.1179 ] 
2026-05-09 16:25:37,251 - Epoch 60  [recall@5: 0.0974 recall@10: 0.1574 recall@20: 0.2366 ] [ndcg@5: 0.0750 ndcg@10: 0.0957 ndcg@20: 0.1190 ] 
2026-05-09 16:25:43,640 - Epoch 63  [recall@5: 0.0992 recall@10: 0.1599 recall@20: 0.2382 ] [ndcg@5: 0.0758 ndcg@10: 0.0968 ndcg@20: 0.1198 ] 
2026-05-09 16:25:50,077 - Epoch 66  [recall@5: 0.0996 recall@10: 0.1609 recall@20: 0.2385 ] [ndcg@5: 0.0764 ndcg@10: 0.0977 ndcg@20: 0.1205 ] 
2026-05-09 16:25:56,404 - Epoch 69  [recall@5: 0.1002 recall@10: 0.1623 recall@20: 0.2399 ] [ndcg@5: 0.0775 ndcg@10: 0.0991 ndcg@20: 0.1218 ] 
2026-05-09 16:26:03,132 - Epoch 72  [recall@5: 0.1015 recall@10: 0.1618 recall@20: 0.2405 ] [ndcg@5: 0.0782 ndcg@10: 0.0991 ndcg@20: 0.1222 ] 
2026-05-09 16:26:09,604 - Epoch 75  [recall@5: 0.1009 recall@10: 0.1644 recall@20: 0.2417 ] [ndcg@5: 0.0782 ndcg@10: 0.1002 ndcg@20: 0.1228 ] 
2026-05-09 16:26:15,925 - Epoch 78  [recall@5: 0.1017 recall@10: 0.1652 recall@20: 0.2420 ] [ndcg@5: 0.0789 ndcg@10: 0.1009 ndcg@20: 0.1233 ] 
2026-05-09 16:26:22,331 - Epoch 81  [recall@5: 0.1018 recall@10: 0.1652 recall@20: 0.2437 ] [ndcg@5: 0.0790 ndcg@10: 0.1012 ndcg@20: 0.1240 ] 
2026-05-09 16:26:28,787 - Epoch 84  [recall@5: 0.1030 recall@10: 0.1651 recall@20: 0.2454 ] [ndcg@5: 0.0798 ndcg@10: 0.1015 ndcg@20: 0.1248 ] 
2026-05-09 16:26:35,368 - Epoch 87  [recall@5: 0.1032 recall@10: 0.1659 recall@20: 0.2462 ] [ndcg@5: 0.0796 ndcg@10: 0.1015 ndcg@20: 0.1249 ] 
2026-05-09 16:26:41,840 - Epoch 90  [recall@5: 0.1037 recall@10: 0.1666 recall@20: 0.2476 ] [ndcg@5: 0.0803 ndcg@10: 0.1022 ndcg@20: 0.1258 ] 
2026-05-09 16:26:48,184 - Epoch 93  [recall@5: 0.1035 recall@10: 0.1666 recall@20: 0.2488 ] [ndcg@5: 0.0803 ndcg@10: 0.1022 ndcg@20: 0.1261 ] 
2026-05-09 16:26:54,305 - Epoch 96  [recall@5: 0.1045 recall@10: 0.1665 recall@20: 0.2513 ] [ndcg@5: 0.0809 ndcg@10: 0.1025 ndcg@20: 0.1270 ] 
2026-05-09 16:27:00,685 - Epoch 99  [recall@5: 0.1050 recall@10: 0.1663 recall@20: 0.2513 ] [ndcg@5: 0.0813 ndcg@10: 0.1027 ndcg@20: 0.1273 ] 
2026-05-09 16:27:07,149 - Epoch 102  [recall@5: 0.1057 recall@10: 0.1671 recall@20: 0.2523 ] [ndcg@5: 0.0820 ndcg@10: 0.1034 ndcg@20: 0.1280 ] 
2026-05-09 16:27:13,451 - Epoch 105  [recall@5: 0.1063 recall@10: 0.1680 recall@20: 0.2518 ] [ndcg@5: 0.0824 ndcg@10: 0.1038 ndcg@20: 0.1281 ] 
2026-05-09 16:27:19,628 - Epoch 108  [recall@5: 0.1062 recall@10: 0.1678 recall@20: 0.2534 ] [ndcg@5: 0.0826 ndcg@10: 0.1039 ndcg@20: 0.1288 ] 
2026-05-09 16:27:25,855 - Epoch 111  [recall@5: 0.1067 recall@10: 0.1688 recall@20: 0.2545 ] [ndcg@5: 0.0832 ndcg@10: 0.1047 ndcg@20: 0.1295 ] 
2026-05-09 16:27:32,060 - Epoch 114  [recall@5: 0.1069 recall@10: 0.1690 recall@20: 0.2551 ] [ndcg@5: 0.0832 ndcg@10: 0.1047 ndcg@20: 0.1296 ] 
2026-05-09 16:27:38,448 - Epoch 117  [recall@5: 0.1085 recall@10: 0.1696 recall@20: 0.2546 ] [ndcg@5: 0.0842 ndcg@10: 0.1053 ndcg@20: 0.1299 ] 
2026-05-09 16:27:44,951 - Epoch 120  [recall@5: 0.1085 recall@10: 0.1684 recall@20: 0.2555 ] [ndcg@5: 0.0844 ndcg@10: 0.1051 ndcg@20: 0.1302 ] 
2026-05-09 16:27:51,676 - Epoch 123  [recall@5: 0.1083 recall@10: 0.1690 recall@20: 0.2568 ] [ndcg@5: 0.0841 ndcg@10: 0.1051 ndcg@20: 0.1304 ] 
2026-05-09 16:27:59,051 - Epoch 126  [recall@5: 0.1084 recall@10: 0.1692 recall@20: 0.2567 ] [ndcg@5: 0.0843 ndcg@10: 0.1054 ndcg@20: 0.1307 ] 
2026-05-09 16:28:06,229 - Epoch 129  [recall@5: 0.1089 recall@10: 0.1703 recall@20: 0.2566 ] [ndcg@5: 0.0847 ndcg@10: 0.1058 ndcg@20: 0.1308 ] 
2026-05-09 16:28:12,859 - Epoch 132  [recall@5: 0.1090 recall@10: 0.1703 recall@20: 0.2575 ] [ndcg@5: 0.0848 ndcg@10: 0.1060 ndcg@20: 0.1313 ] 
2026-05-09 16:28:19,128 - Epoch 135  [recall@5: 0.1094 recall@10: 0.1704 recall@20: 0.2582 ] [ndcg@5: 0.0852 ndcg@10: 0.1063 ndcg@20: 0.1317 ] 
2026-05-09 16:28:25,867 - Epoch 138  [recall@5: 0.1098 recall@10: 0.1706 recall@20: 0.2580 ] [ndcg@5: 0.0855 ndcg@10: 0.1065 ndcg@20: 0.1318 ] 
2026-05-09 16:28:32,230 - Epoch 141  [recall@5: 0.1100 recall@10: 0.1704 recall@20: 0.2583 ] [ndcg@5: 0.0856 ndcg@10: 0.1065 ndcg@20: 0.1320 ] 
2026-05-09 16:28:38,584 - Epoch 144  [recall@5: 0.1096 recall@10: 0.1707 recall@20: 0.2577 ] [ndcg@5: 0.0855 ndcg@10: 0.1067 ndcg@20: 0.1319 ] 
2026-05-09 16:28:45,067 - Epoch 147  [recall@5: 0.1097 recall@10: 0.1706 recall@20: 0.2587 ] [ndcg@5: 0.0856 ndcg@10: 0.1067 ndcg@20: 0.1322 ] 
2026-05-09 16:28:51,570 - Epoch 150  [recall@5: 0.1091 recall@10: 0.1714 recall@20: 0.2587 ] [ndcg@5: 0.0854 ndcg@10: 0.1070 ndcg@20: 0.1323 ] 
2026-05-09 16:28:58,019 - Epoch 153  [recall@5: 0.1093 recall@10: 0.1715 recall@20: 0.2588 ] [ndcg@5: 0.0857 ndcg@10: 0.1072 ndcg@20: 0.1324 ] 
2026-05-09 16:29:04,396 - Epoch 156  [recall@5: 0.1100 recall@10: 0.1711 recall@20: 0.2598 ] [ndcg@5: 0.0858 ndcg@10: 0.1070 ndcg@20: 0.1326 ] 
2026-05-09 16:29:10,763 - Epoch 159  [recall@5: 0.1100 recall@10: 0.1715 recall@20: 0.2595 ] [ndcg@5: 0.0859 ndcg@10: 0.1072 ndcg@20: 0.1327 ] 
2026-05-09 16:29:17,221 - Epoch 162  [recall@5: 0.1101 recall@10: 0.1719 recall@20: 0.2594 ] [ndcg@5: 0.0862 ndcg@10: 0.1076 ndcg@20: 0.1328 ] 
2026-05-09 16:29:23,629 - Epoch 165  [recall@5: 0.1099 recall@10: 0.1725 recall@20: 0.2599 ] [ndcg@5: 0.0861 ndcg@10: 0.1078 ndcg@20: 0.1330 ] 
2026-05-09 16:29:30,070 - Epoch 168  [recall@5: 0.1106 recall@10: 0.1732 recall@20: 0.2590 ] [ndcg@5: 0.0865 ndcg@10: 0.1081 ndcg@20: 0.1329 ] 
2026-05-09 16:29:36,429 - Epoch 171  [recall@5: 0.1110 recall@10: 0.1750 recall@20: 0.2587 ] [ndcg@5: 0.0867 ndcg@10: 0.1087 ndcg@20: 0.1329 ] 
2026-05-09 16:29:42,669 - Epoch 174  [recall@5: 0.1113 recall@10: 0.1747 recall@20: 0.2589 ] [ndcg@5: 0.0870 ndcg@10: 0.1088 ndcg@20: 0.1332 ] 
2026-05-09 16:29:49,112 - Epoch 177  [recall@5: 0.1110 recall@10: 0.1738 recall@20: 0.2600 ] [ndcg@5: 0.0867 ndcg@10: 0.1085 ndcg@20: 0.1334 ] 
2026-05-09 16:29:55,397 - Epoch 180  [recall@5: 0.1115 recall@10: 0.1739 recall@20: 0.2601 ] [ndcg@5: 0.0869 ndcg@10: 0.1085 ndcg@20: 0.1334 ] 
2026-05-09 16:30:01,784 - Epoch 183  [recall@5: 0.1121 recall@10: 0.1738 recall@20: 0.2600 ] [ndcg@5: 0.0870 ndcg@10: 0.1084 ndcg@20: 0.1333 ] 
2026-05-09 16:30:08,180 - Epoch 186  [recall@5: 0.1130 recall@10: 0.1740 recall@20: 0.2590 ] [ndcg@5: 0.0876 ndcg@10: 0.1087 ndcg@20: 0.1333 ] 
2026-05-09 16:30:14,516 - Epoch 189  [recall@5: 0.1139 recall@10: 0.1734 recall@20: 0.2594 ] [ndcg@5: 0.0879 ndcg@10: 0.1085 ndcg@20: 0.1335 ] 
2026-05-09 16:30:21,000 - Epoch 192  [recall@5: 0.1132 recall@10: 0.1743 recall@20: 0.2586 ] [ndcg@5: 0.0878 ndcg@10: 0.1089 ndcg@20: 0.1335 ] 
2026-05-09 16:30:27,690 - Epoch 195  [recall@5: 0.1132 recall@10: 0.1741 recall@20: 0.2583 ] [ndcg@5: 0.0877 ndcg@10: 0.1088 ndcg@20: 0.1332 ] 
2026-05-09 16:30:28,491 - [recall@5: 0.1115 recall@10: 0.1739 recall@20: 0.2601 ] [ndcg@5: 0.0869 ndcg@10: 0.1085 ndcg@20: 0.1334 ] 
2026-05-09 16:30:29,286 - [recall@5: 0.1188 recall@10: 0.1768 recall@20: 0.2574 ] [ndcg@5: 0.0991 ndcg@10: 0.1200 ndcg@20: 0.1450 ] 
2026-05-09 16:30:29,300 - Save model parameters to ./checkpoint/lightgcn_agr/lightgcn_agr-digital_music-2025-20260509_162317.pth
2026-05-09 16:30:29,301 - Save run metadata to ./checkpoint/lightgcn_agr/lightgcn_agr-digital_music-2025-20260509_162317.json
2026-05-09 16:30:29,301 - Best Epoch 180. Final test result: {'recall': array([0.11881031, 0.17677576, 0.25744757]), 'ndcg': array([0.09907946, 0.11996249, 0.14499355])}.
