2026-05-10 01:22:05,352 - {'optimizer': {'name': 'adam', 'lr': 0.001, 'weight_decay': 0}, 'train': {'epoch': 100, 'batch_size': 4096, 'save_model': True, 'loss': 'pairwise', 'test_step': 3, 'reproducible': True, 'seed': 233, 'patience': 5}, 'test': {'metrics': ['recall', 'ndcg'], 'k': [5, 10, 20], 'batch_size': 1024}, 'data': {'type': 'general_cf', 'name': 'digital_music', 'user_num': 5541, 'item_num': 3568}, 'model': {'name': 'lightgcn_agr', 'embedding_size': 32, 'edge_bias': 0.5, 'keep_rate': 0.9, 'mask_ratio': 0.15, 'recon_weight': 0.2, 're_temperature': 0.2, 'layer_num': 3, 'reg_weight': 5e-06, 'prf_weight': 0.02, 'kd_weight': 0.01, 'kd_temperature': 0.2, 'str_weight': 1.0, 'beta': 7.5, 'sigma': 0.25, 'alpha': 0.1, 'movie': {'layer_num': 3, 'reg_weight': 1e-07, 'kd_weight': 0.01, 'kd_temperature': 0.2, 'prf_weight': 0.02, 'str_weight': 1.2, 'beta': 3.5, 'sigma': 0.3, 'alpha': 0.15, 'keep_rate': 0.8}, 'amazon': {'layer_num': 3, 'reg_weight': 5e-07, 'kd_weight': 0.01, 'kd_temperature': 0.2, 'prf_weight': 0.03, 'str_weight': 1.5, 'beta': 4.0, 'sigma': 0.25, 'alpha': 0.2, 'keep_rate': 0.8}, 'steam': {'layer_num': 3, 'reg_weight': 1e-08, 'kd_weight': 0.001, 'kd_temperature': 0.1, 'prf_weight': 0.01, 'str_weight': 1.0, 'beta': 2.5, 'sigma': 0.2, 'alpha': 0.08, 'keep_rate': 0.8}, 'yelp': {'layer_num': 3, 'reg_weight': 1e-06, 'kd_weight': 0.001, 'kd_temperature': 0.2, 'prf_weight': 0.025, 'str_weight': 1.3, 'beta': 4.0, 'sigma': 0.28, 'alpha': 0.18, 'keep_rate': 0.8}}}
2026-05-10 01:22:12,771 - Epoch 0  [recall@5: 0.0143 recall@10: 0.0243 recall@20: 0.0370 ] [ndcg@5: 0.0116 ndcg@10: 0.0151 ndcg@20: 0.0189 ] 
2026-05-10 01:22:22,244 - Epoch 3  [recall@5: 0.0694 recall@10: 0.1066 recall@20: 0.1558 ] [ndcg@5: 0.0548 ndcg@10: 0.0677 ndcg@20: 0.0821 ] 
2026-05-10 01:22:32,244 - Epoch 6  [recall@5: 0.0815 recall@10: 0.1261 recall@20: 0.1924 ] [ndcg@5: 0.0651 ndcg@10: 0.0807 ndcg@20: 0.1001 ] 
2026-05-10 01:22:42,276 - Epoch 9  [recall@5: 0.0817 recall@10: 0.1301 recall@20: 0.1999 ] [ndcg@5: 0.0639 ndcg@10: 0.0809 ndcg@20: 0.1012 ] 
2026-05-10 01:22:52,371 - Epoch 12  [recall@5: 0.0820 recall@10: 0.1279 recall@20: 0.2043 ] [ndcg@5: 0.0639 ndcg@10: 0.0801 ndcg@20: 0.1021 ] 
2026-05-10 01:23:02,670 - Epoch 15  [recall@5: 0.0831 recall@10: 0.1321 recall@20: 0.2060 ] [ndcg@5: 0.0656 ndcg@10: 0.0827 ndcg@20: 0.1041 ] 
2026-05-10 01:23:12,523 - Epoch 18  [recall@5: 0.0867 recall@10: 0.1370 recall@20: 0.2115 ] [ndcg@5: 0.0667 ndcg@10: 0.0842 ndcg@20: 0.1060 ] 
2026-05-10 01:23:22,174 - Epoch 21  [recall@5: 0.0898 recall@10: 0.1415 recall@20: 0.2161 ] [ndcg@5: 0.0689 ndcg@10: 0.0868 ndcg@20: 0.1087 ] 
2026-05-10 01:23:32,272 - Epoch 24  [recall@5: 0.0926 recall@10: 0.1457 recall@20: 0.2215 ] [ndcg@5: 0.0705 ndcg@10: 0.0889 ndcg@20: 0.1112 ] 
2026-05-10 01:23:42,322 - Epoch 27  [recall@5: 0.0949 recall@10: 0.1493 recall@20: 0.2284 ] [ndcg@5: 0.0721 ndcg@10: 0.0908 ndcg@20: 0.1139 ] 
2026-05-10 01:23:52,401 - Epoch 30  [recall@5: 0.0958 recall@10: 0.1527 recall@20: 0.2324 ] [ndcg@5: 0.0729 ndcg@10: 0.0926 ndcg@20: 0.1159 ] 
2026-05-10 01:24:02,070 - Epoch 33  [recall@5: 0.0957 recall@10: 0.1563 recall@20: 0.2347 ] [ndcg@5: 0.0739 ndcg@10: 0.0949 ndcg@20: 0.1178 ] 
2026-05-10 01:24:11,741 - Epoch 36  [recall@5: 0.0984 recall@10: 0.1568 recall@20: 0.2356 ] [ndcg@5: 0.0754 ndcg@10: 0.0958 ndcg@20: 0.1188 ] 
2026-05-10 01:24:21,742 - Epoch 39  [recall@5: 0.0998 recall@10: 0.1584 recall@20: 0.2382 ] [ndcg@5: 0.0760 ndcg@10: 0.0967 ndcg@20: 0.1198 ] 
2026-05-10 01:24:31,722 - Epoch 42  [recall@5: 0.1008 recall@10: 0.1603 recall@20: 0.2412 ] [ndcg@5: 0.0774 ndcg@10: 0.0984 ndcg@20: 0.1218 ] 
2026-05-10 01:24:42,220 - Epoch 45  [recall@5: 0.1009 recall@10: 0.1620 recall@20: 0.2423 ] [ndcg@5: 0.0778 ndcg@10: 0.0994 ndcg@20: 0.1226 ] 
2026-05-10 01:24:52,267 - Epoch 48  [recall@5: 0.1026 recall@10: 0.1634 recall@20: 0.2423 ] [ndcg@5: 0.0786 ndcg@10: 0.0999 ndcg@20: 0.1228 ] 
2026-05-10 01:25:02,534 - Epoch 51  [recall@5: 0.1036 recall@10: 0.1656 recall@20: 0.2443 ] [ndcg@5: 0.0793 ndcg@10: 0.1010 ndcg@20: 0.1239 ] 
2026-05-10 01:25:13,045 - Epoch 54  [recall@5: 0.1050 recall@10: 0.1663 recall@20: 0.2462 ] [ndcg@5: 0.0803 ndcg@10: 0.1019 ndcg@20: 0.1251 ] 
2026-05-10 01:25:23,467 - Epoch 57  [recall@5: 0.1065 recall@10: 0.1678 recall@20: 0.2482 ] [ndcg@5: 0.0816 ndcg@10: 0.1031 ndcg@20: 0.1264 ] 
2026-05-10 01:25:34,015 - Epoch 60  [recall@5: 0.1072 recall@10: 0.1681 recall@20: 0.2493 ] [ndcg@5: 0.0824 ndcg@10: 0.1038 ndcg@20: 0.1274 ] 
2026-05-10 01:25:44,006 - Epoch 63  [recall@5: 0.1076 recall@10: 0.1678 recall@20: 0.2505 ] [ndcg@5: 0.0830 ndcg@10: 0.1042 ndcg@20: 0.1283 ] 
2026-05-10 01:25:54,053 - Epoch 66  [recall@5: 0.1091 recall@10: 0.1671 recall@20: 0.2530 ] [ndcg@5: 0.0840 ndcg@10: 0.1045 ndcg@20: 0.1295 ] 
2026-05-10 01:26:04,747 - Epoch 69  [recall@5: 0.1096 recall@10: 0.1676 recall@20: 0.2533 ] [ndcg@5: 0.0845 ndcg@10: 0.1050 ndcg@20: 0.1299 ] 
2026-05-10 01:26:15,468 - Epoch 72  [recall@5: 0.1109 recall@10: 0.1681 recall@20: 0.2541 ] [ndcg@5: 0.0853 ndcg@10: 0.1055 ndcg@20: 0.1305 ] 
2026-05-10 01:26:26,060 - Epoch 75  [recall@5: 0.1115 recall@10: 0.1698 recall@20: 0.2545 ] [ndcg@5: 0.0855 ndcg@10: 0.1061 ndcg@20: 0.1308 ] 
2026-05-10 01:26:36,119 - Epoch 78  [recall@5: 0.1122 recall@10: 0.1697 recall@20: 0.2540 ] [ndcg@5: 0.0857 ndcg@10: 0.1059 ndcg@20: 0.1305 ] 
2026-05-10 01:26:46,234 - Epoch 81  [recall@5: 0.1121 recall@10: 0.1708 recall@20: 0.2557 ] [ndcg@5: 0.0857 ndcg@10: 0.1062 ndcg@20: 0.1310 ] 
2026-05-10 01:26:56,839 - Epoch 84  [recall@5: 0.1131 recall@10: 0.1716 recall@20: 0.2558 ] [ndcg@5: 0.0866 ndcg@10: 0.1070 ndcg@20: 0.1316 ] 
2026-05-10 01:27:07,199 - Epoch 87  [recall@5: 0.1140 recall@10: 0.1719 recall@20: 0.2555 ] [ndcg@5: 0.0871 ndcg@10: 0.1073 ndcg@20: 0.1318 ] 
2026-05-10 01:27:17,742 - Epoch 90  [recall@5: 0.1138 recall@10: 0.1729 recall@20: 0.2556 ] [ndcg@5: 0.0873 ndcg@10: 0.1081 ndcg@20: 0.1322 ] 
2026-05-10 01:27:27,798 - Epoch 93  [recall@5: 0.1154 recall@10: 0.1727 recall@20: 0.2554 ] [ndcg@5: 0.0879 ndcg@10: 0.1080 ndcg@20: 0.1322 ] 
2026-05-10 01:27:34,134 - Epoch 96  [recall@5: 0.1155 recall@10: 0.1742 recall@20: 0.2546 ] [ndcg@5: 0.0877 ndcg@10: 0.1082 ndcg@20: 0.1319 ] 
2026-05-10 01:27:40,575 - Epoch 99  [recall@5: 0.1163 recall@10: 0.1745 recall@20: 0.2550 ] [ndcg@5: 0.0885 ndcg@10: 0.1088 ndcg@20: 0.1324 ] 
2026-05-10 01:27:41,516 - [recall@5: 0.1131 recall@10: 0.1716 recall@20: 0.2558 ] [ndcg@5: 0.0866 ndcg@10: 0.1070 ndcg@20: 0.1316 ] 
2026-05-10 01:27:42,456 - [recall@5: 0.1155 recall@10: 0.1750 recall@20: 0.2560 ] [ndcg@5: 0.0976 ndcg@10: 0.1192 ndcg@20: 0.1443 ] 
2026-05-10 01:27:42,478 - Save model parameters to ./checkpoint/lightgcn_agr/lightgcn_agr-digital_music-233-20260510_012159_autotune_digital_digital_music_s03_beta_7p5.pth
2026-05-10 01:27:42,478 - Save run metadata to ./checkpoint/lightgcn_agr/lightgcn_agr-digital_music-233-20260510_012159_autotune_digital_digital_music_s03_beta_7p5.json
2026-05-10 01:27:42,479 - Best Epoch 84. Final test result: {'recall': array([0.11552922, 0.17500112, 0.25604644]), 'ndcg': array([0.09758403, 0.1192202 , 0.14433276])}.
