2026-05-10 02:08:08,477 - {'optimizer': {'name': 'adam', 'lr': 0.001, 'weight_decay': 0}, 'train': {'epoch': 100, 'batch_size': 4096, 'save_model': True, 'loss': 'pairwise', 'test_step': 3, 'reproducible': True, 'seed': 2026, 'patience': 5}, 'test': {'metrics': ['recall', 'ndcg'], 'k': [5, 10, 20], 'batch_size': 1024}, 'data': {'type': 'general_cf', 'name': 'digital_music', 'user_num': 5541, 'item_num': 3568}, 'model': {'name': 'lightgcn_agr', 'embedding_size': 32, 'edge_bias': 0.5, 'keep_rate': 0.9, 'mask_ratio': 0.15, 'recon_weight': 0.2, 're_temperature': 0.2, 'layer_num': 3, 'reg_weight': 1e-06, 'prf_weight': 0.1, 'kd_weight': 0.01, 'kd_temperature': 0.2, 'str_weight': 1.0, 'beta': 5.0, 'sigma': 0.25, 'alpha': 0.2, 'movie': {'layer_num': 3, 'reg_weight': 1e-07, 'kd_weight': 0.01, 'kd_temperature': 0.2, 'prf_weight': 0.02, 'str_weight': 1.2, 'beta': 3.5, 'sigma': 0.3, 'alpha': 0.15, 'keep_rate': 0.8}, 'amazon': {'layer_num': 3, 'reg_weight': 5e-07, 'kd_weight': 0.01, 'kd_temperature': 0.2, 'prf_weight': 0.03, 'str_weight': 1.5, 'beta': 4.0, 'sigma': 0.25, 'alpha': 0.2, 'keep_rate': 0.8}, 'steam': {'layer_num': 3, 'reg_weight': 1e-08, 'kd_weight': 0.001, 'kd_temperature': 0.1, 'prf_weight': 0.01, 'str_weight': 1.0, 'beta': 2.5, 'sigma': 0.2, 'alpha': 0.08, 'keep_rate': 0.8}, 'yelp': {'layer_num': 3, 'reg_weight': 1e-06, 'kd_weight': 0.001, 'kd_temperature': 0.2, 'prf_weight': 0.025, 'str_weight': 1.3, 'beta': 4.0, 'sigma': 0.28, 'alpha': 0.18, 'keep_rate': 0.8}}}
2026-05-10 02:08:14,450 - Epoch 0  [recall@5: 0.0198 recall@10: 0.0324 recall@20: 0.0525 ] [ndcg@5: 0.0157 ndcg@10: 0.0203 ndcg@20: 0.0261 ] 
2026-05-10 02:08:21,830 - Epoch 3  [recall@5: 0.0635 recall@10: 0.0926 recall@20: 0.1385 ] [ndcg@5: 0.0484 ndcg@10: 0.0589 ndcg@20: 0.0725 ] 
2026-05-10 02:08:31,517 - Epoch 6  [recall@5: 0.0696 recall@10: 0.1073 recall@20: 0.1524 ] [ndcg@5: 0.0541 ndcg@10: 0.0674 ndcg@20: 0.0807 ] 
2026-05-10 02:08:41,157 - Epoch 9  [recall@5: 0.0739 recall@10: 0.1136 recall@20: 0.1703 ] [ndcg@5: 0.0569 ndcg@10: 0.0709 ndcg@20: 0.0874 ] 
2026-05-10 02:08:51,300 - Epoch 12  [recall@5: 0.0780 recall@10: 0.1200 recall@20: 0.1766 ] [ndcg@5: 0.0592 ndcg@10: 0.0739 ndcg@20: 0.0904 ] 
2026-05-10 02:09:01,533 - Epoch 15  [recall@5: 0.0789 recall@10: 0.1204 recall@20: 0.1818 ] [ndcg@5: 0.0593 ndcg@10: 0.0739 ndcg@20: 0.0917 ] 
2026-05-10 02:09:11,605 - Epoch 18  [recall@5: 0.0770 recall@10: 0.1210 recall@20: 0.1825 ] [ndcg@5: 0.0587 ndcg@10: 0.0741 ndcg@20: 0.0922 ] 
2026-05-10 02:09:21,636 - Epoch 21  [recall@5: 0.0772 recall@10: 0.1189 recall@20: 0.1810 ] [ndcg@5: 0.0589 ndcg@10: 0.0735 ndcg@20: 0.0918 ] 
2026-05-10 02:09:31,412 - Epoch 24  [recall@5: 0.0795 recall@10: 0.1210 recall@20: 0.1822 ] [ndcg@5: 0.0605 ndcg@10: 0.0749 ndcg@20: 0.0930 ] 
2026-05-10 02:09:41,268 - Epoch 27  [recall@5: 0.0812 recall@10: 0.1257 recall@20: 0.1888 ] [ndcg@5: 0.0617 ndcg@10: 0.0773 ndcg@20: 0.0959 ] 
2026-05-10 02:09:51,419 - Epoch 30  [recall@5: 0.0858 recall@10: 0.1302 recall@20: 0.1957 ] [ndcg@5: 0.0648 ndcg@10: 0.0804 ndcg@20: 0.0995 ] 
2026-05-10 02:10:01,539 - Epoch 33  [recall@5: 0.0903 recall@10: 0.1361 recall@20: 0.2021 ] [ndcg@5: 0.0682 ndcg@10: 0.0842 ndcg@20: 0.1035 ] 
2026-05-10 02:10:11,707 - Epoch 36  [recall@5: 0.0925 recall@10: 0.1393 recall@20: 0.2093 ] [ndcg@5: 0.0707 ndcg@10: 0.0870 ndcg@20: 0.1075 ] 
2026-05-10 02:10:21,605 - Epoch 39  [recall@5: 0.0961 recall@10: 0.1444 recall@20: 0.2170 ] [ndcg@5: 0.0729 ndcg@10: 0.0896 ndcg@20: 0.1108 ] 
2026-05-10 02:10:31,539 - Epoch 42  [recall@5: 0.0985 recall@10: 0.1476 recall@20: 0.2206 ] [ndcg@5: 0.0745 ndcg@10: 0.0916 ndcg@20: 0.1131 ] 
2026-05-10 02:10:41,587 - Epoch 45  [recall@5: 0.0985 recall@10: 0.1509 recall@20: 0.2254 ] [ndcg@5: 0.0751 ndcg@10: 0.0934 ndcg@20: 0.1154 ] 
2026-05-10 02:10:51,613 - Epoch 48  [recall@5: 0.1006 recall@10: 0.1545 recall@20: 0.2302 ] [ndcg@5: 0.0770 ndcg@10: 0.0957 ndcg@20: 0.1180 ] 
2026-05-10 02:11:01,661 - Epoch 51  [recall@5: 0.1021 recall@10: 0.1570 recall@20: 0.2352 ] [ndcg@5: 0.0782 ndcg@10: 0.0973 ndcg@20: 0.1203 ] 
2026-05-10 02:11:11,446 - Epoch 54  [recall@5: 0.1051 recall@10: 0.1608 recall@20: 0.2391 ] [ndcg@5: 0.0805 ndcg@10: 0.0999 ndcg@20: 0.1228 ] 
2026-05-10 02:11:21,331 - Epoch 57  [recall@5: 0.1066 recall@10: 0.1633 recall@20: 0.2439 ] [ndcg@5: 0.0817 ndcg@10: 0.1015 ndcg@20: 0.1250 ] 
2026-05-10 02:11:31,449 - Epoch 60  [recall@5: 0.1070 recall@10: 0.1651 recall@20: 0.2470 ] [ndcg@5: 0.0829 ndcg@10: 0.1031 ndcg@20: 0.1270 ] 
2026-05-10 02:11:41,541 - Epoch 63  [recall@5: 0.1085 recall@10: 0.1670 recall@20: 0.2468 ] [ndcg@5: 0.0841 ndcg@10: 0.1045 ndcg@20: 0.1279 ] 
2026-05-10 02:11:51,636 - Epoch 66  [recall@5: 0.1100 recall@10: 0.1693 recall@20: 0.2516 ] [ndcg@5: 0.0851 ndcg@10: 0.1058 ndcg@20: 0.1298 ] 
2026-05-10 02:12:01,431 - Epoch 69  [recall@5: 0.1116 recall@10: 0.1693 recall@20: 0.2544 ] [ndcg@5: 0.0860 ndcg@10: 0.1062 ndcg@20: 0.1310 ] 
2026-05-10 02:12:11,609 - Epoch 72  [recall@5: 0.1124 recall@10: 0.1721 recall@20: 0.2581 ] [ndcg@5: 0.0866 ndcg@10: 0.1074 ndcg@20: 0.1324 ] 
2026-05-10 02:12:21,840 - Epoch 75  [recall@5: 0.1129 recall@10: 0.1729 recall@20: 0.2594 ] [ndcg@5: 0.0872 ndcg@10: 0.1081 ndcg@20: 0.1332 ] 
2026-05-10 02:12:31,846 - Epoch 78  [recall@5: 0.1136 recall@10: 0.1733 recall@20: 0.2592 ] [ndcg@5: 0.0878 ndcg@10: 0.1086 ndcg@20: 0.1336 ] 
2026-05-10 02:12:42,077 - Epoch 81  [recall@5: 0.1142 recall@10: 0.1764 recall@20: 0.2611 ] [ndcg@5: 0.0883 ndcg@10: 0.1100 ndcg@20: 0.1346 ] 
2026-05-10 02:12:51,885 - Epoch 84  [recall@5: 0.1158 recall@10: 0.1780 recall@20: 0.2613 ] [ndcg@5: 0.0893 ndcg@10: 0.1109 ndcg@20: 0.1352 ] 
2026-05-10 02:13:01,862 - Epoch 87  [recall@5: 0.1161 recall@10: 0.1797 recall@20: 0.2626 ] [ndcg@5: 0.0897 ndcg@10: 0.1116 ndcg@20: 0.1359 ] 
2026-05-10 02:13:11,934 - Epoch 90  [recall@5: 0.1175 recall@10: 0.1793 recall@20: 0.2622 ] [ndcg@5: 0.0906 ndcg@10: 0.1118 ndcg@20: 0.1362 ] 
2026-05-10 02:13:22,051 - Epoch 93  [recall@5: 0.1181 recall@10: 0.1794 recall@20: 0.2636 ] [ndcg@5: 0.0910 ndcg@10: 0.1122 ndcg@20: 0.1368 ] 
2026-05-10 02:13:32,135 - Epoch 96  [recall@5: 0.1180 recall@10: 0.1795 recall@20: 0.2647 ] [ndcg@5: 0.0911 ndcg@10: 0.1124 ndcg@20: 0.1373 ] 
2026-05-10 02:13:41,880 - Epoch 99  [recall@5: 0.1193 recall@10: 0.1806 recall@20: 0.2657 ] [ndcg@5: 0.0922 ndcg@10: 0.1133 ndcg@20: 0.1381 ] 
2026-05-10 02:13:42,728 - [recall@5: 0.1193 recall@10: 0.1806 recall@20: 0.2657 ] [ndcg@5: 0.0922 ndcg@10: 0.1133 ndcg@20: 0.1381 ] 
2026-05-10 02:13:43,659 - [recall@5: 0.1226 recall@10: 0.1854 recall@20: 0.2627 ] [ndcg@5: 0.1036 ndcg@10: 0.1264 ndcg@20: 0.1505 ] 
2026-05-10 02:13:43,670 - Save model parameters to ./checkpoint/lightgcn_agr/lightgcn_agr-digital_music-2026-20260510_020803_autotune_digital_digital_music_s06_alpha_0p2.pth
2026-05-10 02:13:43,670 - Save run metadata to ./checkpoint/lightgcn_agr/lightgcn_agr-digital_music-2026-20260510_020803_autotune_digital_digital_music_s06_alpha_0p2.json
2026-05-10 02:13:43,672 - Best Epoch 99. Final test result: {'recall': array([0.12260709, 0.18542238, 0.26274981]), 'ndcg': array([0.10361089, 0.12641349, 0.1504731 ])}.
