2026-05-10 00:27:23,463 - {'optimizer': {'name': 'adam', 'lr': 0.001, 'weight_decay': 0}, 'train': {'epoch': 100, 'batch_size': 4096, 'save_model': True, 'loss': 'pairwise', 'test_step': 3, 'reproducible': True, 'seed': 233, 'patience': 5}, 'test': {'metrics': ['recall', 'ndcg'], 'k': [5, 10, 20], 'batch_size': 1024}, 'data': {'type': 'general_cf', 'name': 'digital_music', 'user_num': 5541, 'item_num': 3568}, 'model': {'name': 'lightgcn_agr', 'embedding_size': 32, 'edge_bias': 0.5, 'keep_rate': 0.8, 'mask_ratio': 0.15, 'recon_weight': 0.2, 're_temperature': 0.2, 'layer_num': 3, 'reg_weight': 1e-07, 'prf_weight': 0.02, 'kd_weight': 0.01, 'kd_temperature': 0.2, 'str_weight': 1.0, 'beta': 5.0, 'sigma': 0.25, 'alpha': 0.1, 'movie': {'layer_num': 3, 'reg_weight': 1e-07, 'kd_weight': 0.01, 'kd_temperature': 0.2, 'prf_weight': 0.02, 'str_weight': 1.2, 'beta': 3.5, 'sigma': 0.3, 'alpha': 0.15, 'keep_rate': 0.8}, 'amazon': {'layer_num': 3, 'reg_weight': 5e-07, 'kd_weight': 0.01, 'kd_temperature': 0.2, 'prf_weight': 0.03, 'str_weight': 1.5, 'beta': 4.0, 'sigma': 0.25, 'alpha': 0.2, 'keep_rate': 0.8}, 'steam': {'layer_num': 3, 'reg_weight': 1e-08, 'kd_weight': 0.001, 'kd_temperature': 0.1, 'prf_weight': 0.01, 'str_weight': 1.0, 'beta': 2.5, 'sigma': 0.2, 'alpha': 0.08, 'keep_rate': 0.8}, 'yelp': {'layer_num': 3, 'reg_weight': 1e-06, 'kd_weight': 0.001, 'kd_temperature': 0.2, 'prf_weight': 0.025, 'str_weight': 1.3, 'beta': 4.0, 'sigma': 0.28, 'alpha': 0.18, 'keep_rate': 0.8}}}
2026-05-10 00:27:31,003 - Epoch 0  [recall@5: 0.0132 recall@10: 0.0230 recall@20: 0.0366 ] [ndcg@5: 0.0108 ndcg@10: 0.0142 ndcg@20: 0.0181 ] 
2026-05-10 00:27:39,986 - Epoch 3  [recall@5: 0.0661 recall@10: 0.1016 recall@20: 0.1491 ] [ndcg@5: 0.0529 ndcg@10: 0.0649 ndcg@20: 0.0790 ] 
2026-05-10 00:27:49,051 - Epoch 6  [recall@5: 0.0756 recall@10: 0.1179 recall@20: 0.1829 ] [ndcg@5: 0.0601 ndcg@10: 0.0747 ndcg@20: 0.0937 ] 
2026-05-10 00:27:58,408 - Epoch 9  [recall@5: 0.0766 recall@10: 0.1203 recall@20: 0.1905 ] [ndcg@5: 0.0604 ndcg@10: 0.0755 ndcg@20: 0.0960 ] 
2026-05-10 00:28:07,817 - Epoch 12  [recall@5: 0.0770 recall@10: 0.1224 recall@20: 0.1929 ] [ndcg@5: 0.0602 ndcg@10: 0.0758 ndcg@20: 0.0963 ] 
2026-05-10 00:28:17,067 - Epoch 15  [recall@5: 0.0782 recall@10: 0.1208 recall@20: 0.1951 ] [ndcg@5: 0.0607 ndcg@10: 0.0755 ndcg@20: 0.0971 ] 
2026-05-10 00:28:26,321 - Epoch 18  [recall@5: 0.0793 recall@10: 0.1268 recall@20: 0.2001 ] [ndcg@5: 0.0619 ndcg@10: 0.0784 ndcg@20: 0.0995 ] 
2026-05-10 00:28:35,668 - Epoch 21  [recall@5: 0.0804 recall@10: 0.1292 recall@20: 0.2040 ] [ndcg@5: 0.0632 ndcg@10: 0.0802 ndcg@20: 0.1020 ] 
2026-05-10 00:28:45,168 - Epoch 24  [recall@5: 0.0831 recall@10: 0.1324 recall@20: 0.2078 ] [ndcg@5: 0.0650 ndcg@10: 0.0821 ndcg@20: 0.1042 ] 
2026-05-10 00:28:54,301 - Epoch 27  [recall@5: 0.0859 recall@10: 0.1347 recall@20: 0.2116 ] [ndcg@5: 0.0667 ndcg@10: 0.0836 ndcg@20: 0.1062 ] 
2026-05-10 00:29:03,530 - Epoch 30  [recall@5: 0.0872 recall@10: 0.1396 recall@20: 0.2164 ] [ndcg@5: 0.0676 ndcg@10: 0.0858 ndcg@20: 0.1083 ] 
2026-05-10 00:29:12,964 - Epoch 33  [recall@5: 0.0895 recall@10: 0.1436 recall@20: 0.2196 ] [ndcg@5: 0.0688 ndcg@10: 0.0875 ndcg@20: 0.1097 ] 
2026-05-10 00:29:22,167 - Epoch 36  [recall@5: 0.0909 recall@10: 0.1468 recall@20: 0.2234 ] [ndcg@5: 0.0697 ndcg@10: 0.0890 ndcg@20: 0.1115 ] 
2026-05-10 00:29:31,488 - Epoch 39  [recall@5: 0.0925 recall@10: 0.1490 recall@20: 0.2242 ] [ndcg@5: 0.0706 ndcg@10: 0.0902 ndcg@20: 0.1124 ] 
2026-05-10 00:29:40,814 - Epoch 42  [recall@5: 0.0938 recall@10: 0.1491 recall@20: 0.2274 ] [ndcg@5: 0.0715 ndcg@10: 0.0906 ndcg@20: 0.1137 ] 
2026-05-10 00:29:50,056 - Epoch 45  [recall@5: 0.0939 recall@10: 0.1520 recall@20: 0.2290 ] [ndcg@5: 0.0719 ndcg@10: 0.0919 ndcg@20: 0.1145 ] 
2026-05-10 00:29:59,209 - Epoch 48  [recall@5: 0.0947 recall@10: 0.1525 recall@20: 0.2300 ] [ndcg@5: 0.0725 ndcg@10: 0.0925 ndcg@20: 0.1152 ] 
2026-05-10 00:30:08,582 - Epoch 51  [recall@5: 0.0963 recall@10: 0.1545 recall@20: 0.2318 ] [ndcg@5: 0.0739 ndcg@10: 0.0939 ndcg@20: 0.1165 ] 
2026-05-10 00:30:17,766 - Epoch 54  [recall@5: 0.0971 recall@10: 0.1547 recall@20: 0.2331 ] [ndcg@5: 0.0745 ndcg@10: 0.0943 ndcg@20: 0.1173 ] 
2026-05-10 00:30:27,070 - Epoch 57  [recall@5: 0.0967 recall@10: 0.1572 recall@20: 0.2341 ] [ndcg@5: 0.0745 ndcg@10: 0.0953 ndcg@20: 0.1179 ] 
2026-05-10 00:30:36,368 - Epoch 60  [recall@5: 0.0975 recall@10: 0.1573 recall@20: 0.2364 ] [ndcg@5: 0.0751 ndcg@10: 0.0957 ndcg@20: 0.1189 ] 
2026-05-10 00:30:45,590 - Epoch 63  [recall@5: 0.0991 recall@10: 0.1599 recall@20: 0.2381 ] [ndcg@5: 0.0758 ndcg@10: 0.0968 ndcg@20: 0.1197 ] 
2026-05-10 00:30:54,852 - Epoch 66  [recall@5: 0.0996 recall@10: 0.1609 recall@20: 0.2384 ] [ndcg@5: 0.0764 ndcg@10: 0.0977 ndcg@20: 0.1205 ] 
2026-05-10 00:31:04,227 - Epoch 69  [recall@5: 0.1002 recall@10: 0.1623 recall@20: 0.2397 ] [ndcg@5: 0.0775 ndcg@10: 0.0991 ndcg@20: 0.1217 ] 
2026-05-10 00:31:13,483 - Epoch 72  [recall@5: 0.1013 recall@10: 0.1621 recall@20: 0.2405 ] [ndcg@5: 0.0781 ndcg@10: 0.0992 ndcg@20: 0.1222 ] 
2026-05-10 00:31:22,587 - Epoch 75  [recall@5: 0.1009 recall@10: 0.1644 recall@20: 0.2419 ] [ndcg@5: 0.0782 ndcg@10: 0.1003 ndcg@20: 0.1229 ] 
2026-05-10 00:31:31,859 - Epoch 78  [recall@5: 0.1017 recall@10: 0.1648 recall@20: 0.2421 ] [ndcg@5: 0.0789 ndcg@10: 0.1008 ndcg@20: 0.1234 ] 
2026-05-10 00:31:41,127 - Epoch 81  [recall@5: 0.1018 recall@10: 0.1652 recall@20: 0.2435 ] [ndcg@5: 0.0790 ndcg@10: 0.1011 ndcg@20: 0.1240 ] 
2026-05-10 00:31:50,398 - Epoch 84  [recall@5: 0.1029 recall@10: 0.1649 recall@20: 0.2453 ] [ndcg@5: 0.0797 ndcg@10: 0.1014 ndcg@20: 0.1248 ] 
2026-05-10 00:31:59,676 - Epoch 87  [recall@5: 0.1032 recall@10: 0.1659 recall@20: 0.2461 ] [ndcg@5: 0.0796 ndcg@10: 0.1015 ndcg@20: 0.1249 ] 
2026-05-10 00:32:07,107 - Epoch 90  [recall@5: 0.1035 recall@10: 0.1664 recall@20: 0.2479 ] [ndcg@5: 0.0803 ndcg@10: 0.1022 ndcg@20: 0.1259 ] 
2026-05-10 00:32:13,255 - Epoch 93  [recall@5: 0.1036 recall@10: 0.1664 recall@20: 0.2489 ] [ndcg@5: 0.0804 ndcg@10: 0.1022 ndcg@20: 0.1262 ] 
2026-05-10 00:32:21,330 - Epoch 96  [recall@5: 0.1045 recall@10: 0.1662 recall@20: 0.2512 ] [ndcg@5: 0.0809 ndcg@10: 0.1024 ndcg@20: 0.1270 ] 
2026-05-10 00:32:31,079 - Epoch 99  [recall@5: 0.1052 recall@10: 0.1663 recall@20: 0.2513 ] [ndcg@5: 0.0814 ndcg@10: 0.1027 ndcg@20: 0.1273 ] 
2026-05-10 00:32:32,071 - [recall@5: 0.1052 recall@10: 0.1663 recall@20: 0.2513 ] [ndcg@5: 0.0814 ndcg@10: 0.1027 ndcg@20: 0.1273 ] 
2026-05-10 00:32:33,013 - [recall@5: 0.1132 recall@10: 0.1710 recall@20: 0.2487 ] [ndcg@5: 0.0950 ndcg@10: 0.1160 ndcg@20: 0.1402 ] 
2026-05-10 00:32:33,033 - Save model parameters to ./checkpoint/lightgcn_agr/lightgcn_agr-digital_music-233-20260510_002717_autotune_digital_digital_music_s01_reg_weight_1em07.pth
2026-05-10 00:32:33,033 - Save run metadata to ./checkpoint/lightgcn_agr/lightgcn_agr-digital_music-233-20260510_002717_autotune_digital_digital_music_s01_reg_weight_1em07.json
2026-05-10 00:32:33,033 - Best Epoch 99. Final test result: {'recall': array([0.1131532 , 0.17095493, 0.24865046]), 'ndcg': array([0.09497113, 0.1159954 , 0.14015073])}.
