2026-05-10 01:16:45,333 - {'optimizer': {'name': 'adam', 'lr': 0.001, 'weight_decay': 0}, 'train': {'epoch': 100, 'batch_size': 4096, 'save_model': True, 'loss': 'pairwise', 'test_step': 3, 'reproducible': True, 'seed': 2026, 'patience': 5}, 'test': {'metrics': ['recall', 'ndcg'], 'k': [5, 10, 20], 'batch_size': 1024}, 'data': {'type': 'general_cf', 'name': 'digital_music', 'user_num': 5541, 'item_num': 3568}, 'model': {'name': 'lightgcn_agr', 'embedding_size': 32, 'edge_bias': 0.5, 'keep_rate': 0.9, 'mask_ratio': 0.15, 'recon_weight': 0.2, 're_temperature': 0.2, 'layer_num': 3, 'reg_weight': 1e-06, 'prf_weight': 0.02, 'kd_weight': 0.01, 'kd_temperature': 0.2, 'str_weight': 1.0, 'beta': 5.0, 'sigma': 0.25, 'alpha': 0.1, 'movie': {'layer_num': 3, 'reg_weight': 1e-07, 'kd_weight': 0.01, 'kd_temperature': 0.2, 'prf_weight': 0.02, 'str_weight': 1.2, 'beta': 3.5, 'sigma': 0.3, 'alpha': 0.15, 'keep_rate': 0.8}, 'amazon': {'layer_num': 3, 'reg_weight': 5e-07, 'kd_weight': 0.01, 'kd_temperature': 0.2, 'prf_weight': 0.03, 'str_weight': 1.5, 'beta': 4.0, 'sigma': 0.25, 'alpha': 0.2, 'keep_rate': 0.8}, 'steam': {'layer_num': 3, 'reg_weight': 1e-08, 'kd_weight': 0.001, 'kd_temperature': 0.1, 'prf_weight': 0.01, 'str_weight': 1.0, 'beta': 2.5, 'sigma': 0.2, 'alpha': 0.08, 'keep_rate': 0.8}, 'yelp': {'layer_num': 3, 'reg_weight': 1e-06, 'kd_weight': 0.001, 'kd_temperature': 0.2, 'prf_weight': 0.025, 'str_weight': 1.3, 'beta': 4.0, 'sigma': 0.28, 'alpha': 0.18, 'keep_rate': 0.8}}}
2026-05-10 01:16:52,048 - Epoch 0  [recall@5: 0.0145 recall@10: 0.0262 recall@20: 0.0393 ] [ndcg@5: 0.0122 ndcg@10: 0.0162 ndcg@20: 0.0201 ] 
2026-05-10 01:16:58,248 - Epoch 3  [recall@5: 0.0705 recall@10: 0.1060 recall@20: 0.1569 ] [ndcg@5: 0.0560 ndcg@10: 0.0682 ndcg@20: 0.0832 ] 
2026-05-10 01:17:05,726 - Epoch 6  [recall@5: 0.0776 recall@10: 0.1210 recall@20: 0.1892 ] [ndcg@5: 0.0611 ndcg@10: 0.0764 ndcg@20: 0.0961 ] 
2026-05-10 01:17:14,219 - Epoch 9  [recall@5: 0.0786 recall@10: 0.1223 recall@20: 0.1925 ] [ndcg@5: 0.0607 ndcg@10: 0.0759 ndcg@20: 0.0964 ] 
2026-05-10 01:17:22,594 - Epoch 12  [recall@5: 0.0793 recall@10: 0.1235 recall@20: 0.1958 ] [ndcg@5: 0.0612 ndcg@10: 0.0765 ndcg@20: 0.0975 ] 
2026-05-10 01:17:31,323 - Epoch 15  [recall@5: 0.0794 recall@10: 0.1259 recall@20: 0.2004 ] [ndcg@5: 0.0625 ndcg@10: 0.0788 ndcg@20: 0.1004 ] 
2026-05-10 01:17:39,841 - Epoch 18  [recall@5: 0.0825 recall@10: 0.1309 recall@20: 0.2061 ] [ndcg@5: 0.0642 ndcg@10: 0.0810 ndcg@20: 0.1031 ] 
2026-05-10 01:17:48,515 - Epoch 21  [recall@5: 0.0857 recall@10: 0.1366 recall@20: 0.2103 ] [ndcg@5: 0.0656 ndcg@10: 0.0833 ndcg@20: 0.1050 ] 
2026-05-10 01:17:57,204 - Epoch 24  [recall@5: 0.0889 recall@10: 0.1417 recall@20: 0.2151 ] [ndcg@5: 0.0677 ndcg@10: 0.0861 ndcg@20: 0.1077 ] 
2026-05-10 01:18:05,767 - Epoch 27  [recall@5: 0.0905 recall@10: 0.1440 recall@20: 0.2203 ] [ndcg@5: 0.0690 ndcg@10: 0.0877 ndcg@20: 0.1101 ] 
2026-05-10 01:18:14,376 - Epoch 30  [recall@5: 0.0931 recall@10: 0.1481 recall@20: 0.2255 ] [ndcg@5: 0.0706 ndcg@10: 0.0897 ndcg@20: 0.1124 ] 
2026-05-10 01:18:22,938 - Epoch 33  [recall@5: 0.0937 recall@10: 0.1524 recall@20: 0.2301 ] [ndcg@5: 0.0715 ndcg@10: 0.0918 ndcg@20: 0.1145 ] 
2026-05-10 01:18:31,467 - Epoch 36  [recall@5: 0.0938 recall@10: 0.1533 recall@20: 0.2313 ] [ndcg@5: 0.0719 ndcg@10: 0.0927 ndcg@20: 0.1154 ] 
2026-05-10 01:18:40,310 - Epoch 39  [recall@5: 0.0938 recall@10: 0.1542 recall@20: 0.2341 ] [ndcg@5: 0.0728 ndcg@10: 0.0940 ndcg@20: 0.1173 ] 
2026-05-10 01:18:48,722 - Epoch 42  [recall@5: 0.0963 recall@10: 0.1566 recall@20: 0.2360 ] [ndcg@5: 0.0743 ndcg@10: 0.0953 ndcg@20: 0.1185 ] 
2026-05-10 01:18:57,292 - Epoch 45  [recall@5: 0.0979 recall@10: 0.1610 recall@20: 0.2373 ] [ndcg@5: 0.0756 ndcg@10: 0.0975 ndcg@20: 0.1198 ] 
2026-05-10 01:19:05,794 - Epoch 48  [recall@5: 0.0993 recall@10: 0.1624 recall@20: 0.2391 ] [ndcg@5: 0.0764 ndcg@10: 0.0983 ndcg@20: 0.1207 ] 
2026-05-10 01:19:14,304 - Epoch 51  [recall@5: 0.1004 recall@10: 0.1634 recall@20: 0.2404 ] [ndcg@5: 0.0770 ndcg@10: 0.0988 ndcg@20: 0.1213 ] 
2026-05-10 01:19:23,155 - Epoch 54  [recall@5: 0.1028 recall@10: 0.1653 recall@20: 0.2397 ] [ndcg@5: 0.0784 ndcg@10: 0.1001 ndcg@20: 0.1219 ] 
2026-05-10 01:19:31,869 - Epoch 57  [recall@5: 0.1031 recall@10: 0.1670 recall@20: 0.2418 ] [ndcg@5: 0.0792 ndcg@10: 0.1014 ndcg@20: 0.1233 ] 
2026-05-10 01:19:40,636 - Epoch 60  [recall@5: 0.1040 recall@10: 0.1673 recall@20: 0.2457 ] [ndcg@5: 0.0799 ndcg@10: 0.1018 ndcg@20: 0.1247 ] 
2026-05-10 01:19:49,677 - Epoch 63  [recall@5: 0.1040 recall@10: 0.1675 recall@20: 0.2472 ] [ndcg@5: 0.0802 ndcg@10: 0.1023 ndcg@20: 0.1255 ] 
2026-05-10 01:19:58,628 - Epoch 66  [recall@5: 0.1053 recall@10: 0.1669 recall@20: 0.2494 ] [ndcg@5: 0.0809 ndcg@10: 0.1025 ndcg@20: 0.1264 ] 
2026-05-10 01:20:07,656 - Epoch 69  [recall@5: 0.1057 recall@10: 0.1682 recall@20: 0.2506 ] [ndcg@5: 0.0813 ndcg@10: 0.1034 ndcg@20: 0.1272 ] 
2026-05-10 01:20:16,674 - Epoch 72  [recall@5: 0.1061 recall@10: 0.1686 recall@20: 0.2503 ] [ndcg@5: 0.0815 ndcg@10: 0.1036 ndcg@20: 0.1274 ] 
2026-05-10 01:20:25,954 - Epoch 75  [recall@5: 0.1078 recall@10: 0.1685 recall@20: 0.2514 ] [ndcg@5: 0.0823 ndcg@10: 0.1037 ndcg@20: 0.1279 ] 
2026-05-10 01:20:35,608 - Epoch 78  [recall@5: 0.1095 recall@10: 0.1694 recall@20: 0.2524 ] [ndcg@5: 0.0834 ndcg@10: 0.1043 ndcg@20: 0.1285 ] 
2026-05-10 01:20:45,443 - Epoch 81  [recall@5: 0.1097 recall@10: 0.1696 recall@20: 0.2545 ] [ndcg@5: 0.0840 ndcg@10: 0.1049 ndcg@20: 0.1295 ] 
2026-05-10 01:20:54,864 - Epoch 84  [recall@5: 0.1094 recall@10: 0.1702 recall@20: 0.2559 ] [ndcg@5: 0.0841 ndcg@10: 0.1052 ndcg@20: 0.1301 ] 
2026-05-10 01:21:04,194 - Epoch 87  [recall@5: 0.1088 recall@10: 0.1703 recall@20: 0.2540 ] [ndcg@5: 0.0839 ndcg@10: 0.1052 ndcg@20: 0.1298 ] 
2026-05-10 01:21:14,384 - Epoch 90  [recall@5: 0.1096 recall@10: 0.1709 recall@20: 0.2542 ] [ndcg@5: 0.0841 ndcg@10: 0.1055 ndcg@20: 0.1299 ] 
2026-05-10 01:21:24,412 - Epoch 93  [recall@5: 0.1104 recall@10: 0.1712 recall@20: 0.2531 ] [ndcg@5: 0.0844 ndcg@10: 0.1056 ndcg@20: 0.1297 ] 
2026-05-10 01:21:34,513 - Epoch 96  [recall@5: 0.1123 recall@10: 0.1717 recall@20: 0.2541 ] [ndcg@5: 0.0857 ndcg@10: 0.1064 ndcg@20: 0.1305 ] 
2026-05-10 01:21:44,394 - Epoch 99  [recall@5: 0.1129 recall@10: 0.1720 recall@20: 0.2552 ] [ndcg@5: 0.0861 ndcg@10: 0.1068 ndcg@20: 0.1311 ] 
2026-05-10 01:21:45,287 - [recall@5: 0.1094 recall@10: 0.1702 recall@20: 0.2559 ] [ndcg@5: 0.0841 ndcg@10: 0.1052 ndcg@20: 0.1301 ] 
2026-05-10 01:21:46,256 - [recall@5: 0.1126 recall@10: 0.1718 recall@20: 0.2552 ] [ndcg@5: 0.0952 ndcg@10: 0.1165 ndcg@20: 0.1425 ] 
2026-05-10 01:21:46,268 - Save model parameters to ./checkpoint/lightgcn_agr/lightgcn_agr-digital_music-2026-20260510_011639_autotune_digital_digital_music_s03_beta_5p0.pth
2026-05-10 01:21:46,269 - Save run metadata to ./checkpoint/lightgcn_agr/lightgcn_agr-digital_music-2026-20260510_011639_autotune_digital_digital_music_s03_beta_5p0.json
2026-05-10 01:21:46,269 - Best Epoch 84. Final test result: {'recall': array([0.11262304, 0.17179551, 0.25516874]), 'ndcg': array([0.09518277, 0.11650141, 0.14249814])}.
