2026-05-10 01:39:00,507 - {'optimizer': {'name': 'adam', 'lr': 0.001, 'weight_decay': 0}, 'train': {'epoch': 100, 'batch_size': 4096, 'save_model': True, 'loss': 'pairwise', 'test_step': 3, 'reproducible': True, 'seed': 233, 'patience': 5}, 'test': {'metrics': ['recall', 'ndcg'], 'k': [5, 10, 20], 'batch_size': 1024}, 'data': {'type': 'general_cf', 'name': 'digital_music', 'user_num': 5541, 'item_num': 3568}, 'model': {'name': 'lightgcn_agr', 'embedding_size': 32, 'edge_bias': 0.5, 'keep_rate': 0.9, 'mask_ratio': 0.15, 'recon_weight': 0.2, 're_temperature': 0.2, 'layer_num': 3, 'reg_weight': 5e-06, 'prf_weight': 0.08, 'kd_weight': 0.01, 'kd_temperature': 0.2, 'str_weight': 1.0, 'beta': 5.0, 'sigma': 0.25, 'alpha': 0.1, 'movie': {'layer_num': 3, 'reg_weight': 1e-07, 'kd_weight': 0.01, 'kd_temperature': 0.2, 'prf_weight': 0.02, 'str_weight': 1.2, 'beta': 3.5, 'sigma': 0.3, 'alpha': 0.15, 'keep_rate': 0.8}, 'amazon': {'layer_num': 3, 'reg_weight': 5e-07, 'kd_weight': 0.01, 'kd_temperature': 0.2, 'prf_weight': 0.03, 'str_weight': 1.5, 'beta': 4.0, 'sigma': 0.25, 'alpha': 0.2, 'keep_rate': 0.8}, 'steam': {'layer_num': 3, 'reg_weight': 1e-08, 'kd_weight': 0.001, 'kd_temperature': 0.1, 'prf_weight': 0.01, 'str_weight': 1.0, 'beta': 2.5, 'sigma': 0.2, 'alpha': 0.08, 'keep_rate': 0.8}, 'yelp': {'layer_num': 3, 'reg_weight': 1e-06, 'kd_weight': 0.001, 'kd_temperature': 0.2, 'prf_weight': 0.025, 'str_weight': 1.3, 'beta': 4.0, 'sigma': 0.28, 'alpha': 0.18, 'keep_rate': 0.8}}}
2026-05-10 01:39:07,649 - Epoch 0  [recall@5: 0.0200 recall@10: 0.0328 recall@20: 0.0510 ] [ndcg@5: 0.0161 ndcg@10: 0.0206 ndcg@20: 0.0260 ] 
2026-05-10 01:39:16,404 - Epoch 3  [recall@5: 0.0688 recall@10: 0.1038 recall@20: 0.1527 ] [ndcg@5: 0.0523 ndcg@10: 0.0648 ndcg@20: 0.0790 ] 
2026-05-10 01:39:25,307 - Epoch 6  [recall@5: 0.0798 recall@10: 0.1216 recall@20: 0.1846 ] [ndcg@5: 0.0609 ndcg@10: 0.0757 ndcg@20: 0.0940 ] 
2026-05-10 01:39:34,170 - Epoch 9  [recall@5: 0.0846 recall@10: 0.1278 recall@20: 0.1929 ] [ndcg@5: 0.0646 ndcg@10: 0.0796 ndcg@20: 0.0988 ] 
2026-05-10 01:39:43,151 - Epoch 12  [recall@5: 0.0833 recall@10: 0.1272 recall@20: 0.1912 ] [ndcg@5: 0.0646 ndcg@10: 0.0798 ndcg@20: 0.0985 ] 
2026-05-10 01:39:52,215 - Epoch 15  [recall@5: 0.0823 recall@10: 0.1281 recall@20: 0.1937 ] [ndcg@5: 0.0639 ndcg@10: 0.0799 ndcg@20: 0.0992 ] 
2026-05-10 01:40:01,044 - Epoch 18  [recall@5: 0.0837 recall@10: 0.1335 recall@20: 0.1999 ] [ndcg@5: 0.0654 ndcg@10: 0.0829 ndcg@20: 0.1024 ] 
2026-05-10 01:40:10,124 - Epoch 21  [recall@5: 0.0895 recall@10: 0.1376 recall@20: 0.2063 ] [ndcg@5: 0.0689 ndcg@10: 0.0857 ndcg@20: 0.1059 ] 
2026-05-10 01:40:19,551 - Epoch 24  [recall@5: 0.0929 recall@10: 0.1415 recall@20: 0.2129 ] [ndcg@5: 0.0711 ndcg@10: 0.0880 ndcg@20: 0.1089 ] 
2026-05-10 01:40:29,057 - Epoch 27  [recall@5: 0.0955 recall@10: 0.1463 recall@20: 0.2197 ] [ndcg@5: 0.0732 ndcg@10: 0.0909 ndcg@20: 0.1124 ] 
2026-05-10 01:40:38,793 - Epoch 30  [recall@5: 0.0984 recall@10: 0.1488 recall@20: 0.2254 ] [ndcg@5: 0.0755 ndcg@10: 0.0930 ndcg@20: 0.1155 ] 
2026-05-10 01:40:48,523 - Epoch 33  [recall@5: 0.1005 recall@10: 0.1540 recall@20: 0.2307 ] [ndcg@5: 0.0768 ndcg@10: 0.0954 ndcg@20: 0.1178 ] 
2026-05-10 01:40:58,138 - Epoch 36  [recall@5: 0.1021 recall@10: 0.1557 recall@20: 0.2353 ] [ndcg@5: 0.0783 ndcg@10: 0.0971 ndcg@20: 0.1203 ] 
2026-05-10 01:41:08,390 - Epoch 39  [recall@5: 0.1027 recall@10: 0.1582 recall@20: 0.2400 ] [ndcg@5: 0.0789 ndcg@10: 0.0985 ndcg@20: 0.1223 ] 
2026-05-10 01:41:18,484 - Epoch 42  [recall@5: 0.1039 recall@10: 0.1603 recall@20: 0.2423 ] [ndcg@5: 0.0799 ndcg@10: 0.0997 ndcg@20: 0.1237 ] 
2026-05-10 01:41:28,605 - Epoch 45  [recall@5: 0.1046 recall@10: 0.1620 recall@20: 0.2449 ] [ndcg@5: 0.0806 ndcg@10: 0.1008 ndcg@20: 0.1251 ] 
2026-05-10 01:41:38,734 - Epoch 48  [recall@5: 0.1067 recall@10: 0.1635 recall@20: 0.2468 ] [ndcg@5: 0.0822 ndcg@10: 0.1022 ndcg@20: 0.1266 ] 
2026-05-10 01:41:48,320 - Epoch 51  [recall@5: 0.1079 recall@10: 0.1656 recall@20: 0.2498 ] [ndcg@5: 0.0830 ndcg@10: 0.1033 ndcg@20: 0.1279 ] 
2026-05-10 01:41:58,458 - Epoch 54  [recall@5: 0.1083 recall@10: 0.1680 recall@20: 0.2510 ] [ndcg@5: 0.0838 ndcg@10: 0.1048 ndcg@20: 0.1290 ] 
2026-05-10 01:42:08,505 - Epoch 57  [recall@5: 0.1099 recall@10: 0.1707 recall@20: 0.2521 ] [ndcg@5: 0.0844 ndcg@10: 0.1058 ndcg@20: 0.1296 ] 
2026-05-10 01:42:18,611 - Epoch 60  [recall@5: 0.1102 recall@10: 0.1714 recall@20: 0.2530 ] [ndcg@5: 0.0848 ndcg@10: 0.1065 ndcg@20: 0.1304 ] 
2026-05-10 01:42:28,667 - Epoch 63  [recall@5: 0.1121 recall@10: 0.1730 recall@20: 0.2555 ] [ndcg@5: 0.0860 ndcg@10: 0.1075 ndcg@20: 0.1317 ] 
2026-05-10 01:42:38,284 - Epoch 66  [recall@5: 0.1119 recall@10: 0.1735 recall@20: 0.2554 ] [ndcg@5: 0.0867 ndcg@10: 0.1084 ndcg@20: 0.1325 ] 
2026-05-10 01:42:48,435 - Epoch 69  [recall@5: 0.1128 recall@10: 0.1739 recall@20: 0.2579 ] [ndcg@5: 0.0873 ndcg@10: 0.1090 ndcg@20: 0.1336 ] 
2026-05-10 01:42:58,469 - Epoch 72  [recall@5: 0.1129 recall@10: 0.1758 recall@20: 0.2601 ] [ndcg@5: 0.0872 ndcg@10: 0.1095 ndcg@20: 0.1341 ] 
2026-05-10 01:43:08,529 - Epoch 75  [recall@5: 0.1142 recall@10: 0.1764 recall@20: 0.2608 ] [ndcg@5: 0.0882 ndcg@10: 0.1103 ndcg@20: 0.1349 ] 
2026-05-10 01:43:18,651 - Epoch 78  [recall@5: 0.1139 recall@10: 0.1773 recall@20: 0.2610 ] [ndcg@5: 0.0881 ndcg@10: 0.1105 ndcg@20: 0.1349 ] 
2026-05-10 01:43:28,441 - Epoch 81  [recall@5: 0.1138 recall@10: 0.1795 recall@20: 0.2625 ] [ndcg@5: 0.0883 ndcg@10: 0.1115 ndcg@20: 0.1357 ] 
2026-05-10 01:43:38,604 - Epoch 84  [recall@5: 0.1154 recall@10: 0.1801 recall@20: 0.2632 ] [ndcg@5: 0.0891 ndcg@10: 0.1119 ndcg@20: 0.1360 ] 
2026-05-10 01:43:48,813 - Epoch 87  [recall@5: 0.1171 recall@10: 0.1795 recall@20: 0.2662 ] [ndcg@5: 0.0900 ndcg@10: 0.1118 ndcg@20: 0.1370 ] 
2026-05-10 01:43:58,849 - Epoch 90  [recall@5: 0.1164 recall@10: 0.1801 recall@20: 0.2656 ] [ndcg@5: 0.0894 ndcg@10: 0.1118 ndcg@20: 0.1368 ] 
2026-05-10 01:44:08,866 - Epoch 93  [recall@5: 0.1169 recall@10: 0.1794 recall@20: 0.2654 ] [ndcg@5: 0.0898 ndcg@10: 0.1118 ndcg@20: 0.1369 ] 
2026-05-10 01:44:18,476 - Epoch 96  [recall@5: 0.1182 recall@10: 0.1808 recall@20: 0.2660 ] [ndcg@5: 0.0905 ndcg@10: 0.1125 ndcg@20: 0.1374 ] 
2026-05-10 01:44:24,978 - Epoch 99  [recall@5: 0.1181 recall@10: 0.1810 recall@20: 0.2658 ] [ndcg@5: 0.0907 ndcg@10: 0.1129 ndcg@20: 0.1377 ] 
2026-05-10 01:44:25,767 - [recall@5: 0.1171 recall@10: 0.1795 recall@20: 0.2662 ] [ndcg@5: 0.0900 ndcg@10: 0.1118 ndcg@20: 0.1370 ] 
2026-05-10 01:44:26,567 - [recall@5: 0.1202 recall@10: 0.1827 recall@20: 0.2623 ] [ndcg@5: 0.1016 ndcg@10: 0.1243 ndcg@20: 0.1490 ] 
2026-05-10 01:44:26,580 - Save model parameters to ./checkpoint/lightgcn_agr/lightgcn_agr-digital_music-233-20260510_013855_autotune_digital_digital_music_s04_prf_weight_0p08.pth
2026-05-10 01:44:26,580 - Save run metadata to ./checkpoint/lightgcn_agr/lightgcn_agr-digital_music-233-20260510_013855_autotune_digital_digital_music_s04_prf_weight_0p08.json
2026-05-10 01:44:26,581 - Best Epoch 87. Final test result: {'recall': array([0.1201577 , 0.18271515, 0.26234792]), 'ndcg': array([0.10162954, 0.12428294, 0.14898066])}.
