2026-05-09 15:57:13,594 - {'optimizer': {'name': 'adam', 'lr': 0.001, 'weight_decay': 0}, 'train': {'epoch': 200, 'batch_size': 4096, 'save_model': True, 'loss': 'pairwise', 'test_step': 3, 'reproducible': True, 'seed': 2025, 'patience': 3}, 'test': {'metrics': ['recall', 'ndcg'], 'k': [5, 10, 20], 'batch_size': 1024}, 'data': {'type': 'general_cf', 'name': 'digital_music', 'user_num': 5541, 'item_num': 3568}, 'model': {'name': 'lightgcn_agr', 'embedding_size': 32, 'edge_bias': 0.5, 'keep_rate': 0.7, 'mask_ratio': 0.15, 'recon_weight': 0.2, 're_temperature': 0.2, 'layer_num': 3, 'reg_weight': 5e-06, 'prf_weight': 0.02, 'kd_weight': 0.01, 'kd_temperature': 0.2, 'str_weight': 1.0, 'beta': 7.5, 'sigma': 0.25, 'alpha': 0.1, 'movie': {'layer_num': 3, 'reg_weight': 1e-07, 'kd_weight': 0.01, 'kd_temperature': 0.2, 'prf_weight': 0.02, 'str_weight': 1.2, 'beta': 3.5, 'sigma': 0.3, 'alpha': 0.15, 'keep_rate': 0.8}, 'amazon': {'layer_num': 3, 'reg_weight': 1e-07, 'kd_weight': 0.01, 'kd_temperature': 0.2, 'prf_weight': 0.03, 'str_weight': 1.5, 'beta': 4.0, 'sigma': 0.25, 'alpha': 0.2, 'keep_rate': 0.8}, 'steam': {'layer_num': 3, 'reg_weight': 1e-08, 'kd_weight': 0.001, 'kd_temperature': 0.1, 'prf_weight': 0.01, 'str_weight': 1.0, 'beta': 2.5, 'sigma': 0.2, 'alpha': 0.08, 'keep_rate': 0.8}, 'yelp': {'layer_num': 3, 'reg_weight': 1e-06, 'kd_weight': 0.001, 'kd_temperature': 0.2, 'prf_weight': 0.025, 'str_weight': 1.3, 'beta': 4.0, 'sigma': 0.28, 'alpha': 0.18, 'keep_rate': 0.8}}}
2026-05-09 15:57:20,341 - Epoch 0  [recall@5: 0.0109 recall@10: 0.0174 recall@20: 0.0286 ] [ndcg@5: 0.0087 ndcg@10: 0.0110 ndcg@20: 0.0142 ] 
2026-05-09 15:57:28,638 - Epoch 3  [recall@5: 0.0601 recall@10: 0.0946 recall@20: 0.1413 ] [ndcg@5: 0.0475 ndcg@10: 0.0594 ndcg@20: 0.0731 ] 
2026-05-09 15:57:37,149 - Epoch 6  [recall@5: 0.0758 recall@10: 0.1169 recall@20: 0.1829 ] [ndcg@5: 0.0603 ndcg@10: 0.0744 ndcg@20: 0.0935 ] 
2026-05-09 15:57:45,921 - Epoch 9  [recall@5: 0.0794 recall@10: 0.1251 recall@20: 0.1949 ] [ndcg@5: 0.0627 ndcg@10: 0.0785 ndcg@20: 0.0989 ] 
2026-05-09 15:57:54,488 - Epoch 12  [recall@5: 0.0810 recall@10: 0.1246 recall@20: 0.1955 ] [ndcg@5: 0.0637 ndcg@10: 0.0790 ndcg@20: 0.0996 ] 
2026-05-09 15:58:03,133 - Epoch 15  [recall@5: 0.0825 recall@10: 0.1237 recall@20: 0.1974 ] [ndcg@5: 0.0636 ndcg@10: 0.0780 ndcg@20: 0.0994 ] 
2026-05-09 15:58:11,698 - Epoch 18  [recall@5: 0.0827 recall@10: 0.1249 recall@20: 0.2002 ] [ndcg@5: 0.0635 ndcg@10: 0.0781 ndcg@20: 0.1000 ] 
2026-05-09 15:58:19,977 - Epoch 21  [recall@5: 0.0823 recall@10: 0.1272 recall@20: 0.2032 ] [ndcg@5: 0.0644 ndcg@10: 0.0801 ndcg@20: 0.1021 ] 
2026-05-09 15:58:28,553 - Epoch 24  [recall@5: 0.0838 recall@10: 0.1305 recall@20: 0.2045 ] [ndcg@5: 0.0654 ndcg@10: 0.0817 ndcg@20: 0.1032 ] 
2026-05-09 15:58:37,336 - Epoch 27  [recall@5: 0.0860 recall@10: 0.1330 recall@20: 0.2085 ] [ndcg@5: 0.0670 ndcg@10: 0.0833 ndcg@20: 0.1053 ] 
2026-05-09 15:58:46,328 - Epoch 30  [recall@5: 0.0869 recall@10: 0.1357 recall@20: 0.2129 ] [ndcg@5: 0.0680 ndcg@10: 0.0848 ndcg@20: 0.1073 ] 
2026-05-09 15:58:55,164 - Epoch 33  [recall@5: 0.0877 recall@10: 0.1368 recall@20: 0.2152 ] [ndcg@5: 0.0683 ndcg@10: 0.0853 ndcg@20: 0.1083 ] 
2026-05-09 15:59:03,858 - Epoch 36  [recall@5: 0.0885 recall@10: 0.1392 recall@20: 0.2179 ] [ndcg@5: 0.0689 ndcg@10: 0.0865 ndcg@20: 0.1095 ] 
2026-05-09 15:59:12,814 - Epoch 39  [recall@5: 0.0901 recall@10: 0.1417 recall@20: 0.2208 ] [ndcg@5: 0.0703 ndcg@10: 0.0882 ndcg@20: 0.1113 ] 
2026-05-09 15:59:21,465 - Epoch 42  [recall@5: 0.0910 recall@10: 0.1437 recall@20: 0.2240 ] [ndcg@5: 0.0711 ndcg@10: 0.0894 ndcg@20: 0.1128 ] 
2026-05-09 15:59:29,683 - Epoch 45  [recall@5: 0.0927 recall@10: 0.1459 recall@20: 0.2263 ] [ndcg@5: 0.0720 ndcg@10: 0.0904 ndcg@20: 0.1139 ] 
2026-05-09 15:59:36,306 - Epoch 48  [recall@5: 0.0938 recall@10: 0.1463 recall@20: 0.2277 ] [ndcg@5: 0.0727 ndcg@10: 0.0909 ndcg@20: 0.1146 ] 
2026-05-09 15:59:42,469 - Epoch 51  [recall@5: 0.0953 recall@10: 0.1480 recall@20: 0.2295 ] [ndcg@5: 0.0736 ndcg@10: 0.0918 ndcg@20: 0.1155 ] 
2026-05-09 15:59:48,633 - Epoch 54  [recall@5: 0.0961 recall@10: 0.1505 recall@20: 0.2302 ] [ndcg@5: 0.0741 ndcg@10: 0.0929 ndcg@20: 0.1162 ] 
2026-05-09 15:59:55,686 - Epoch 57  [recall@5: 0.0965 recall@10: 0.1522 recall@20: 0.2325 ] [ndcg@5: 0.0743 ndcg@10: 0.0936 ndcg@20: 0.1169 ] 
2026-05-09 16:00:02,130 - Epoch 60  [recall@5: 0.0963 recall@10: 0.1536 recall@20: 0.2343 ] [ndcg@5: 0.0748 ndcg@10: 0.0946 ndcg@20: 0.1181 ] 
2026-05-09 16:00:08,346 - Epoch 63  [recall@5: 0.0960 recall@10: 0.1543 recall@20: 0.2357 ] [ndcg@5: 0.0745 ndcg@10: 0.0947 ndcg@20: 0.1184 ] 
2026-05-09 16:00:14,500 - Epoch 66  [recall@5: 0.0975 recall@10: 0.1554 recall@20: 0.2370 ] [ndcg@5: 0.0756 ndcg@10: 0.0955 ndcg@20: 0.1193 ] 
2026-05-09 16:00:20,639 - Epoch 69  [recall@5: 0.0986 recall@10: 0.1562 recall@20: 0.2396 ] [ndcg@5: 0.0765 ndcg@10: 0.0965 ndcg@20: 0.1207 ] 
2026-05-09 16:00:26,949 - Epoch 72  [recall@5: 0.1000 recall@10: 0.1579 recall@20: 0.2408 ] [ndcg@5: 0.0774 ndcg@10: 0.0975 ndcg@20: 0.1215 ] 
2026-05-09 16:00:33,126 - Epoch 75  [recall@5: 0.1011 recall@10: 0.1573 recall@20: 0.2420 ] [ndcg@5: 0.0778 ndcg@10: 0.0973 ndcg@20: 0.1218 ] 
2026-05-09 16:00:39,329 - Epoch 78  [recall@5: 0.1009 recall@10: 0.1578 recall@20: 0.2416 ] [ndcg@5: 0.0779 ndcg@10: 0.0977 ndcg@20: 0.1220 ] 
2026-05-09 16:00:45,573 - Epoch 81  [recall@5: 0.1019 recall@10: 0.1595 recall@20: 0.2422 ] [ndcg@5: 0.0788 ndcg@10: 0.0987 ndcg@20: 0.1227 ] 
2026-05-09 16:00:51,857 - Epoch 84  [recall@5: 0.1023 recall@10: 0.1600 recall@20: 0.2427 ] [ndcg@5: 0.0792 ndcg@10: 0.0992 ndcg@20: 0.1232 ] 
2026-05-09 16:00:58,513 - Epoch 87  [recall@5: 0.1022 recall@10: 0.1601 recall@20: 0.2433 ] [ndcg@5: 0.0794 ndcg@10: 0.0994 ndcg@20: 0.1237 ] 
2026-05-09 16:01:05,187 - Epoch 90  [recall@5: 0.1022 recall@10: 0.1605 recall@20: 0.2439 ] [ndcg@5: 0.0797 ndcg@10: 0.0999 ndcg@20: 0.1242 ] 
2026-05-09 16:01:11,709 - Epoch 93  [recall@5: 0.1020 recall@10: 0.1598 recall@20: 0.2446 ] [ndcg@5: 0.0797 ndcg@10: 0.0997 ndcg@20: 0.1245 ] 
2026-05-09 16:01:17,931 - Epoch 96  [recall@5: 0.1030 recall@10: 0.1613 recall@20: 0.2459 ] [ndcg@5: 0.0803 ndcg@10: 0.1005 ndcg@20: 0.1252 ] 
2026-05-09 16:01:24,202 - Epoch 99  [recall@5: 0.1021 recall@10: 0.1620 recall@20: 0.2464 ] [ndcg@5: 0.0802 ndcg@10: 0.1010 ndcg@20: 0.1257 ] 
2026-05-09 16:01:30,497 - Epoch 102  [recall@5: 0.1021 recall@10: 0.1639 recall@20: 0.2459 ] [ndcg@5: 0.0801 ndcg@10: 0.1016 ndcg@20: 0.1257 ] 
2026-05-09 16:01:36,777 - Epoch 105  [recall@5: 0.1035 recall@10: 0.1637 recall@20: 0.2453 ] [ndcg@5: 0.0811 ndcg@10: 0.1019 ndcg@20: 0.1259 ] 
2026-05-09 16:01:43,100 - Epoch 108  [recall@5: 0.1046 recall@10: 0.1640 recall@20: 0.2473 ] [ndcg@5: 0.0818 ndcg@10: 0.1023 ndcg@20: 0.1267 ] 
2026-05-09 16:01:49,373 - Epoch 111  [recall@5: 0.1046 recall@10: 0.1647 recall@20: 0.2490 ] [ndcg@5: 0.0820 ndcg@10: 0.1028 ndcg@20: 0.1274 ] 
2026-05-09 16:01:55,786 - Epoch 114  [recall@5: 0.1051 recall@10: 0.1652 recall@20: 0.2480 ] [ndcg@5: 0.0822 ndcg@10: 0.1030 ndcg@20: 0.1272 ] 
2026-05-09 16:02:02,178 - Epoch 117  [recall@5: 0.1060 recall@10: 0.1657 recall@20: 0.2481 ] [ndcg@5: 0.0830 ndcg@10: 0.1036 ndcg@20: 0.1278 ] 
2026-05-09 16:02:08,485 - Epoch 120  [recall@5: 0.1061 recall@10: 0.1660 recall@20: 0.2469 ] [ndcg@5: 0.0828 ndcg@10: 0.1037 ndcg@20: 0.1274 ] 
2026-05-09 16:02:09,302 - [recall@5: 0.1046 recall@10: 0.1647 recall@20: 0.2490 ] [ndcg@5: 0.0820 ndcg@10: 0.1028 ndcg@20: 0.1274 ] 
2026-05-09 16:02:10,197 - [recall@5: 0.1115 recall@10: 0.1740 recall@20: 0.2479 ] [ndcg@5: 0.0932 ndcg@10: 0.1158 ndcg@20: 0.1387 ] 
2026-05-09 16:02:10,219 - Save model parameters to ./checkpoint/lightgcn_agr/lightgcn_agr-digital_music-2025-20260509_155708.pth
2026-05-09 16:02:10,219 - Save run metadata to ./checkpoint/lightgcn_agr/lightgcn_agr-digital_music-2025-20260509_155708.json
2026-05-09 16:02:10,220 - Best Epoch 111. Final test result: {'recall': array([0.11146789, 0.17396363, 0.24787884]), 'ndcg': array([0.09315702, 0.11581486, 0.13867386])}.
