2026-05-10 01:21:52,992 - {'optimizer': {'name': 'adam', 'lr': 0.001, 'weight_decay': 0}, 'train': {'epoch': 100, 'batch_size': 4096, 'save_model': True, 'loss': 'pairwise', 'test_step': 3, 'reproducible': True, 'seed': 2026, 'patience': 5}, 'test': {'metrics': ['recall', 'ndcg'], 'k': [5, 10, 20], 'batch_size': 1024}, 'data': {'type': 'general_cf', 'name': 'digital_music', 'user_num': 5541, 'item_num': 3568}, 'model': {'name': 'lightgcn_agr', 'embedding_size': 32, 'edge_bias': 0.5, 'keep_rate': 0.9, 'mask_ratio': 0.15, 'recon_weight': 0.2, 're_temperature': 0.2, 'layer_num': 3, 'reg_weight': 1e-06, 'prf_weight': 0.02, 'kd_weight': 0.01, 'kd_temperature': 0.2, 'str_weight': 1.0, 'beta': 7.5, 'sigma': 0.25, 'alpha': 0.1, 'movie': {'layer_num': 3, 'reg_weight': 1e-07, 'kd_weight': 0.01, 'kd_temperature': 0.2, 'prf_weight': 0.02, 'str_weight': 1.2, 'beta': 3.5, 'sigma': 0.3, 'alpha': 0.15, 'keep_rate': 0.8}, 'amazon': {'layer_num': 3, 'reg_weight': 5e-07, 'kd_weight': 0.01, 'kd_temperature': 0.2, 'prf_weight': 0.03, 'str_weight': 1.5, 'beta': 4.0, 'sigma': 0.25, 'alpha': 0.2, 'keep_rate': 0.8}, 'steam': {'layer_num': 3, 'reg_weight': 1e-08, 'kd_weight': 0.001, 'kd_temperature': 0.1, 'prf_weight': 0.01, 'str_weight': 1.0, 'beta': 2.5, 'sigma': 0.2, 'alpha': 0.08, 'keep_rate': 0.8}, 'yelp': {'layer_num': 3, 'reg_weight': 1e-06, 'kd_weight': 0.001, 'kd_temperature': 0.2, 'prf_weight': 0.025, 'str_weight': 1.3, 'beta': 4.0, 'sigma': 0.28, 'alpha': 0.18, 'keep_rate': 0.8}}}
2026-05-10 01:21:59,371 - Epoch 0  [recall@5: 0.0143 recall@10: 0.0243 recall@20: 0.0370 ] [ndcg@5: 0.0116 ndcg@10: 0.0151 ndcg@20: 0.0189 ] 
2026-05-10 01:22:05,554 - Epoch 3  [recall@5: 0.0694 recall@10: 0.1066 recall@20: 0.1558 ] [ndcg@5: 0.0548 ndcg@10: 0.0677 ndcg@20: 0.0821 ] 
2026-05-10 01:22:13,119 - Epoch 6  [recall@5: 0.0815 recall@10: 0.1261 recall@20: 0.1924 ] [ndcg@5: 0.0651 ndcg@10: 0.0807 ndcg@20: 0.1001 ] 
2026-05-10 01:22:22,556 - Epoch 9  [recall@5: 0.0817 recall@10: 0.1301 recall@20: 0.1999 ] [ndcg@5: 0.0639 ndcg@10: 0.0809 ndcg@20: 0.1012 ] 
2026-05-10 01:22:32,368 - Epoch 12  [recall@5: 0.0822 recall@10: 0.1279 recall@20: 0.2043 ] [ndcg@5: 0.0640 ndcg@10: 0.0801 ndcg@20: 0.1021 ] 
2026-05-10 01:22:42,392 - Epoch 15  [recall@5: 0.0831 recall@10: 0.1323 recall@20: 0.2060 ] [ndcg@5: 0.0656 ndcg@10: 0.0828 ndcg@20: 0.1041 ] 
2026-05-10 01:22:52,472 - Epoch 18  [recall@5: 0.0864 recall@10: 0.1370 recall@20: 0.2115 ] [ndcg@5: 0.0666 ndcg@10: 0.0843 ndcg@20: 0.1060 ] 
2026-05-10 01:23:02,791 - Epoch 21  [recall@5: 0.0898 recall@10: 0.1415 recall@20: 0.2160 ] [ndcg@5: 0.0688 ndcg@10: 0.0868 ndcg@20: 0.1087 ] 
2026-05-10 01:23:12,749 - Epoch 24  [recall@5: 0.0924 recall@10: 0.1457 recall@20: 0.2215 ] [ndcg@5: 0.0704 ndcg@10: 0.0889 ndcg@20: 0.1112 ] 
2026-05-10 01:23:22,436 - Epoch 27  [recall@5: 0.0950 recall@10: 0.1495 recall@20: 0.2285 ] [ndcg@5: 0.0721 ndcg@10: 0.0909 ndcg@20: 0.1140 ] 
2026-05-10 01:23:32,381 - Epoch 30  [recall@5: 0.0957 recall@10: 0.1527 recall@20: 0.2324 ] [ndcg@5: 0.0729 ndcg@10: 0.0926 ndcg@20: 0.1158 ] 
2026-05-10 01:23:42,450 - Epoch 33  [recall@5: 0.0957 recall@10: 0.1564 recall@20: 0.2344 ] [ndcg@5: 0.0738 ndcg@10: 0.0949 ndcg@20: 0.1176 ] 
2026-05-10 01:23:52,525 - Epoch 36  [recall@5: 0.0983 recall@10: 0.1567 recall@20: 0.2357 ] [ndcg@5: 0.0754 ndcg@10: 0.0958 ndcg@20: 0.1189 ] 
2026-05-10 01:24:02,313 - Epoch 39  [recall@5: 0.1000 recall@10: 0.1584 recall@20: 0.2379 ] [ndcg@5: 0.0761 ndcg@10: 0.0968 ndcg@20: 0.1198 ] 
2026-05-10 01:24:11,972 - Epoch 42  [recall@5: 0.1008 recall@10: 0.1601 recall@20: 0.2414 ] [ndcg@5: 0.0774 ndcg@10: 0.0983 ndcg@20: 0.1218 ] 
2026-05-10 01:24:21,818 - Epoch 45  [recall@5: 0.1009 recall@10: 0.1620 recall@20: 0.2423 ] [ndcg@5: 0.0778 ndcg@10: 0.0994 ndcg@20: 0.1226 ] 
2026-05-10 01:24:31,721 - Epoch 48  [recall@5: 0.1025 recall@10: 0.1634 recall@20: 0.2417 ] [ndcg@5: 0.0785 ndcg@10: 0.0999 ndcg@20: 0.1226 ] 
2026-05-10 01:24:42,242 - Epoch 51  [recall@5: 0.1034 recall@10: 0.1658 recall@20: 0.2442 ] [ndcg@5: 0.0793 ndcg@10: 0.1011 ndcg@20: 0.1239 ] 
2026-05-10 01:24:52,388 - Epoch 54  [recall@5: 0.1051 recall@10: 0.1663 recall@20: 0.2462 ] [ndcg@5: 0.0803 ndcg@10: 0.1018 ndcg@20: 0.1250 ] 
2026-05-10 01:25:02,671 - Epoch 57  [recall@5: 0.1065 recall@10: 0.1679 recall@20: 0.2482 ] [ndcg@5: 0.0816 ndcg@10: 0.1031 ndcg@20: 0.1263 ] 
2026-05-10 01:25:13,010 - Epoch 60  [recall@5: 0.1072 recall@10: 0.1679 recall@20: 0.2490 ] [ndcg@5: 0.0824 ndcg@10: 0.1038 ndcg@20: 0.1273 ] 
2026-05-10 01:25:23,446 - Epoch 63  [recall@5: 0.1077 recall@10: 0.1679 recall@20: 0.2504 ] [ndcg@5: 0.0831 ndcg@10: 0.1043 ndcg@20: 0.1283 ] 
2026-05-10 01:25:34,005 - Epoch 66  [recall@5: 0.1091 recall@10: 0.1669 recall@20: 0.2532 ] [ndcg@5: 0.0840 ndcg@10: 0.1045 ndcg@20: 0.1296 ] 
2026-05-10 01:25:44,116 - Epoch 69  [recall@5: 0.1097 recall@10: 0.1677 recall@20: 0.2535 ] [ndcg@5: 0.0845 ndcg@10: 0.1050 ndcg@20: 0.1299 ] 
2026-05-10 01:25:54,160 - Epoch 72  [recall@5: 0.1109 recall@10: 0.1681 recall@20: 0.2540 ] [ndcg@5: 0.0853 ndcg@10: 0.1055 ndcg@20: 0.1305 ] 
2026-05-10 01:26:04,757 - Epoch 75  [recall@5: 0.1115 recall@10: 0.1698 recall@20: 0.2547 ] [ndcg@5: 0.0856 ndcg@10: 0.1061 ndcg@20: 0.1308 ] 
2026-05-10 01:26:15,473 - Epoch 78  [recall@5: 0.1121 recall@10: 0.1699 recall@20: 0.2544 ] [ndcg@5: 0.0857 ndcg@10: 0.1060 ndcg@20: 0.1306 ] 
2026-05-10 01:26:26,045 - Epoch 81  [recall@5: 0.1123 recall@10: 0.1709 recall@20: 0.2557 ] [ndcg@5: 0.0858 ndcg@10: 0.1063 ndcg@20: 0.1311 ] 
2026-05-10 01:26:36,263 - Epoch 84  [recall@5: 0.1131 recall@10: 0.1716 recall@20: 0.2558 ] [ndcg@5: 0.0865 ndcg@10: 0.1070 ndcg@20: 0.1315 ] 
2026-05-10 01:26:46,360 - Epoch 87  [recall@5: 0.1138 recall@10: 0.1717 recall@20: 0.2554 ] [ndcg@5: 0.0870 ndcg@10: 0.1073 ndcg@20: 0.1318 ] 
2026-05-10 01:26:56,817 - Epoch 90  [recall@5: 0.1141 recall@10: 0.1730 recall@20: 0.2557 ] [ndcg@5: 0.0875 ndcg@10: 0.1081 ndcg@20: 0.1323 ] 
2026-05-10 01:27:07,203 - Epoch 93  [recall@5: 0.1155 recall@10: 0.1729 recall@20: 0.2549 ] [ndcg@5: 0.0878 ndcg@10: 0.1079 ndcg@20: 0.1320 ] 
2026-05-10 01:27:17,764 - Epoch 96  [recall@5: 0.1155 recall@10: 0.1743 recall@20: 0.2544 ] [ndcg@5: 0.0876 ndcg@10: 0.1082 ndcg@20: 0.1318 ] 
2026-05-10 01:27:27,930 - Epoch 99  [recall@5: 0.1163 recall@10: 0.1743 recall@20: 0.2549 ] [ndcg@5: 0.0884 ndcg@10: 0.1086 ndcg@20: 0.1324 ] 
2026-05-10 01:27:28,802 - [recall@5: 0.1131 recall@10: 0.1716 recall@20: 0.2558 ] [ndcg@5: 0.0865 ndcg@10: 0.1070 ndcg@20: 0.1315 ] 
2026-05-10 01:27:29,788 - [recall@5: 0.1160 recall@10: 0.1751 recall@20: 0.2561 ] [ndcg@5: 0.0977 ndcg@10: 0.1192 ndcg@20: 0.1443 ] 
2026-05-10 01:27:29,802 - Save model parameters to ./checkpoint/lightgcn_agr/lightgcn_agr-digital_music-2026-20260510_012147_autotune_digital_digital_music_s03_beta_7p5.pth
2026-05-10 01:27:29,803 - Save run metadata to ./checkpoint/lightgcn_agr/lightgcn_agr-digital_music-2026-20260510_012147_autotune_digital_digital_music_s03_beta_7p5.json
2026-05-10 01:27:29,805 - Best Epoch 84. Final test result: {'recall': array([0.11601864, 0.17506127, 0.25606554]), 'ndcg': array([0.09770358, 0.11921062, 0.14430246])}.
