2026-05-09 13:18:48,439 - {'optimizer': {'name': 'adam', 'lr': 0.001, 'weight_decay': 0}, 'train': {'epoch': 200, 'batch_size': 4096, 'save_model': True, 'loss': 'pairwise', 'test_step': 3, 'reproducible': True, 'seed': 2025, 'patience': 5}, 'test': {'metrics': ['recall', 'ndcg'], 'k': [5, 10, 20], 'batch_size': 1024}, 'data': {'type': 'general_cf', 'name': 'digital_music', 'user_num': 5541, 'item_num': 3568}, 'model': {'name': 'lightgcn_agr', 'embedding_size': 32, 'edge_bias': 0.5, 'keep_rate': 0.8, 'mask_ratio': 0.15, 'recon_weight': 0.2, 're_temperature': 0.2, 'layer_num': 3, 'reg_weight': 1e-07, 'prf_weight': 0.02, 'kd_weight': 0.01, 'kd_temperature': 0.2, 'str_weight': 1.0, 'beta': 5.0, 'sigma': 0.25, 'alpha': 0.1, 'digital_music': {'layer_num': 3, 'reg_weight': 1e-07, 'kd_weight': 0.01, 'kd_temperature': 0.2, 'prf_weight': 0.02, 'str_weight': 1.2, 'beta': 3.5, 'sigma': 0.3, 'alpha': 0.15, 'keep_rate': 0.8}, 'luxury': {'layer_num': 3, 'reg_weight': 1e-07, 'kd_weight': 0.01, 'kd_temperature': 0.2, 'prf_weight': 0.03, 'str_weight': 1.5, 'beta': 4.0, 'sigma': 0.25, 'alpha': 0.2, 'keep_rate': 0.8}, 'steam': {'layer_num': 3, 'reg_weight': 1e-08, 'kd_weight': 0.001, 'kd_temperature': 0.1, 'prf_weight': 0.01, 'str_weight': 1.0, 'beta': 2.5, 'sigma': 0.2, 'alpha': 0.08, 'keep_rate': 0.8}, 'industrial': {'layer_num': 3, 'reg_weight': 1e-06, 'kd_weight': 0.001, 'kd_temperature': 0.2, 'prf_weight': 0.025, 'str_weight': 1.3, 'beta': 4.0, 'sigma': 0.28, 'alpha': 0.18, 'keep_rate': 0.8}}}
2026-05-09 13:18:54,740 - Epoch 0  [recall@5: 0.0134 recall@10: 0.0209 recall@20: 0.0339 ] [ndcg@5: 0.0109 ndcg@10: 0.0134 ndcg@20: 0.0172 ] 
2026-05-09 13:19:01,037 - Epoch 3  [recall@5: 0.0644 recall@10: 0.0986 recall@20: 0.1472 ] [ndcg@5: 0.0509 ndcg@10: 0.0625 ndcg@20: 0.0770 ] 
2026-05-09 13:19:07,869 - Epoch 6  [recall@5: 0.0766 recall@10: 0.1184 recall@20: 0.1859 ] [ndcg@5: 0.0611 ndcg@10: 0.0755 ndcg@20: 0.0951 ] 
2026-05-09 13:19:15,064 - Epoch 9  [recall@5: 0.0777 recall@10: 0.1229 recall@20: 0.1912 ] [ndcg@5: 0.0611 ndcg@10: 0.0768 ndcg@20: 0.0968 ] 
2026-05-09 13:19:22,178 - Epoch 12  [recall@5: 0.0762 recall@10: 0.1210 recall@20: 0.1914 ] [ndcg@5: 0.0601 ndcg@10: 0.0758 ndcg@20: 0.0961 ] 
2026-05-09 13:19:29,264 - Epoch 15  [recall@5: 0.0774 recall@10: 0.1235 recall@20: 0.1956 ] [ndcg@5: 0.0609 ndcg@10: 0.0768 ndcg@20: 0.0976 ] 
2026-05-09 13:19:36,313 - Epoch 18  [recall@5: 0.0789 recall@10: 0.1248 recall@20: 0.1982 ] [ndcg@5: 0.0615 ndcg@10: 0.0775 ndcg@20: 0.0988 ] 
2026-05-09 13:19:43,452 - Epoch 21  [recall@5: 0.0799 recall@10: 0.1270 recall@20: 0.2025 ] [ndcg@5: 0.0626 ndcg@10: 0.0792 ndcg@20: 0.1010 ] 
2026-05-09 13:19:50,908 - Epoch 24  [recall@5: 0.0824 recall@10: 0.1307 recall@20: 0.2055 ] [ndcg@5: 0.0645 ndcg@10: 0.0814 ndcg@20: 0.1032 ] 
2026-05-09 13:19:57,989 - Epoch 27  [recall@5: 0.0848 recall@10: 0.1345 recall@20: 0.2114 ] [ndcg@5: 0.0663 ndcg@10: 0.0835 ndcg@20: 0.1059 ] 
2026-05-09 13:20:04,844 - Epoch 30  [recall@5: 0.0875 recall@10: 0.1389 recall@20: 0.2164 ] [ndcg@5: 0.0677 ndcg@10: 0.0854 ndcg@20: 0.1081 ] 
2026-05-09 13:20:11,865 - Epoch 33  [recall@5: 0.0891 recall@10: 0.1423 recall@20: 0.2188 ] [ndcg@5: 0.0685 ndcg@10: 0.0871 ndcg@20: 0.1095 ] 
2026-05-09 13:20:18,825 - Epoch 36  [recall@5: 0.0904 recall@10: 0.1455 recall@20: 0.2217 ] [ndcg@5: 0.0696 ndcg@10: 0.0887 ndcg@20: 0.1111 ] 
2026-05-09 13:20:25,875 - Epoch 39  [recall@5: 0.0924 recall@10: 0.1478 recall@20: 0.2236 ] [ndcg@5: 0.0711 ndcg@10: 0.0903 ndcg@20: 0.1127 ] 
2026-05-09 13:20:32,613 - Epoch 42  [recall@5: 0.0930 recall@10: 0.1494 recall@20: 0.2276 ] [ndcg@5: 0.0718 ndcg@10: 0.0913 ndcg@20: 0.1142 ] 
2026-05-09 13:20:39,744 - Epoch 45  [recall@5: 0.0929 recall@10: 0.1513 recall@20: 0.2292 ] [ndcg@5: 0.0720 ndcg@10: 0.0922 ndcg@20: 0.1150 ] 
2026-05-09 13:20:46,890 - Epoch 48  [recall@5: 0.0935 recall@10: 0.1521 recall@20: 0.2316 ] [ndcg@5: 0.0722 ndcg@10: 0.0926 ndcg@20: 0.1158 ] 
2026-05-09 13:20:54,054 - Epoch 51  [recall@5: 0.0950 recall@10: 0.1540 recall@20: 0.2340 ] [ndcg@5: 0.0732 ndcg@10: 0.0936 ndcg@20: 0.1170 ] 
2026-05-09 13:21:01,251 - Epoch 54  [recall@5: 0.0972 recall@10: 0.1562 recall@20: 0.2353 ] [ndcg@5: 0.0744 ndcg@10: 0.0949 ndcg@20: 0.1180 ] 
2026-05-09 13:21:08,290 - Epoch 57  [recall@5: 0.0982 recall@10: 0.1581 recall@20: 0.2352 ] [ndcg@5: 0.0750 ndcg@10: 0.0958 ndcg@20: 0.1184 ] 
2026-05-09 13:21:15,337 - Epoch 60  [recall@5: 0.0996 recall@10: 0.1586 recall@20: 0.2385 ] [ndcg@5: 0.0765 ndcg@10: 0.0970 ndcg@20: 0.1202 ] 
2026-05-09 13:21:22,611 - Epoch 63  [recall@5: 0.1003 recall@10: 0.1615 recall@20: 0.2385 ] [ndcg@5: 0.0768 ndcg@10: 0.0981 ndcg@20: 0.1205 ] 
2026-05-09 13:21:31,234 - Epoch 66  [recall@5: 0.1007 recall@10: 0.1616 recall@20: 0.2409 ] [ndcg@5: 0.0772 ndcg@10: 0.0985 ndcg@20: 0.1216 ] 
2026-05-09 13:21:41,101 - Epoch 69  [recall@5: 0.1026 recall@10: 0.1624 recall@20: 0.2432 ] [ndcg@5: 0.0784 ndcg@10: 0.0993 ndcg@20: 0.1228 ] 
2026-05-09 13:21:50,150 - Epoch 72  [recall@5: 0.1038 recall@10: 0.1621 recall@20: 0.2420 ] [ndcg@5: 0.0794 ndcg@10: 0.0998 ndcg@20: 0.1231 ] 
2026-05-09 13:21:58,685 - Epoch 75  [recall@5: 0.1040 recall@10: 0.1627 recall@20: 0.2443 ] [ndcg@5: 0.0796 ndcg@10: 0.1001 ndcg@20: 0.1238 ] 
2026-05-09 13:22:07,620 - Epoch 78  [recall@5: 0.1043 recall@10: 0.1638 recall@20: 0.2457 ] [ndcg@5: 0.0801 ndcg@10: 0.1008 ndcg@20: 0.1246 ] 
2026-05-09 13:22:16,458 - Epoch 81  [recall@5: 0.1042 recall@10: 0.1659 recall@20: 0.2472 ] [ndcg@5: 0.0802 ndcg@10: 0.1017 ndcg@20: 0.1253 ] 
2026-05-09 13:22:25,238 - Epoch 84  [recall@5: 0.1050 recall@10: 0.1662 recall@20: 0.2490 ] [ndcg@5: 0.0810 ndcg@10: 0.1023 ndcg@20: 0.1264 ] 
2026-05-09 13:22:33,000 - Epoch 87  [recall@5: 0.1056 recall@10: 0.1664 recall@20: 0.2485 ] [ndcg@5: 0.0814 ndcg@10: 0.1026 ndcg@20: 0.1265 ] 
2026-05-09 13:22:40,447 - Epoch 90  [recall@5: 0.1061 recall@10: 0.1661 recall@20: 0.2497 ] [ndcg@5: 0.0822 ndcg@10: 0.1030 ndcg@20: 0.1273 ] 
2026-05-09 13:22:47,789 - Epoch 93  [recall@5: 0.1061 recall@10: 0.1676 recall@20: 0.2513 ] [ndcg@5: 0.0823 ndcg@10: 0.1037 ndcg@20: 0.1280 ] 
2026-05-09 13:22:55,324 - Epoch 96  [recall@5: 0.1065 recall@10: 0.1693 recall@20: 0.2525 ] [ndcg@5: 0.0825 ndcg@10: 0.1043 ndcg@20: 0.1285 ] 
2026-05-09 13:23:02,666 - Epoch 99  [recall@5: 0.1069 recall@10: 0.1691 recall@20: 0.2530 ] [ndcg@5: 0.0829 ndcg@10: 0.1044 ndcg@20: 0.1287 ] 
2026-05-09 13:23:10,275 - Epoch 102  [recall@5: 0.1069 recall@10: 0.1685 recall@20: 0.2535 ] [ndcg@5: 0.0833 ndcg@10: 0.1047 ndcg@20: 0.1295 ] 
2026-05-09 13:23:17,520 - Epoch 105  [recall@5: 0.1069 recall@10: 0.1700 recall@20: 0.2548 ] [ndcg@5: 0.0834 ndcg@10: 0.1053 ndcg@20: 0.1299 ] 
2026-05-09 13:23:24,664 - Epoch 108  [recall@5: 0.1070 recall@10: 0.1691 recall@20: 0.2548 ] [ndcg@5: 0.0835 ndcg@10: 0.1050 ndcg@20: 0.1300 ] 
2026-05-09 13:23:31,539 - Epoch 111  [recall@5: 0.1076 recall@10: 0.1697 recall@20: 0.2549 ] [ndcg@5: 0.0836 ndcg@10: 0.1052 ndcg@20: 0.1300 ] 
2026-05-09 13:23:38,183 - Epoch 114  [recall@5: 0.1078 recall@10: 0.1703 recall@20: 0.2560 ] [ndcg@5: 0.0839 ndcg@10: 0.1055 ndcg@20: 0.1304 ] 
2026-05-09 13:23:44,363 - Epoch 117  [recall@5: 0.1082 recall@10: 0.1717 recall@20: 0.2562 ] [ndcg@5: 0.0843 ndcg@10: 0.1063 ndcg@20: 0.1308 ] 
2026-05-09 13:23:50,458 - Epoch 120  [recall@5: 0.1085 recall@10: 0.1717 recall@20: 0.2568 ] [ndcg@5: 0.0843 ndcg@10: 0.1062 ndcg@20: 0.1309 ] 
2026-05-09 13:23:56,745 - Epoch 123  [recall@5: 0.1088 recall@10: 0.1722 recall@20: 0.2572 ] [ndcg@5: 0.0844 ndcg@10: 0.1063 ndcg@20: 0.1310 ] 
2026-05-09 13:24:02,916 - Epoch 126  [recall@5: 0.1096 recall@10: 0.1719 recall@20: 0.2576 ] [ndcg@5: 0.0850 ndcg@10: 0.1065 ndcg@20: 0.1315 ] 
2026-05-09 13:24:09,133 - Epoch 129  [recall@5: 0.1098 recall@10: 0.1722 recall@20: 0.2575 ] [ndcg@5: 0.0855 ndcg@10: 0.1071 ndcg@20: 0.1319 ] 
2026-05-09 13:24:15,537 - Epoch 132  [recall@5: 0.1105 recall@10: 0.1725 recall@20: 0.2574 ] [ndcg@5: 0.0859 ndcg@10: 0.1073 ndcg@20: 0.1320 ] 
2026-05-09 13:24:21,718 - Epoch 135  [recall@5: 0.1104 recall@10: 0.1731 recall@20: 0.2583 ] [ndcg@5: 0.0861 ndcg@10: 0.1078 ndcg@20: 0.1325 ] 
2026-05-09 13:24:28,087 - Epoch 138  [recall@5: 0.1104 recall@10: 0.1723 recall@20: 0.2604 ] [ndcg@5: 0.0862 ndcg@10: 0.1076 ndcg@20: 0.1332 ] 
2026-05-09 13:24:34,392 - Epoch 141  [recall@5: 0.1103 recall@10: 0.1715 recall@20: 0.2603 ] [ndcg@5: 0.0862 ndcg@10: 0.1074 ndcg@20: 0.1332 ] 
2026-05-09 13:24:40,669 - Epoch 144  [recall@5: 0.1103 recall@10: 0.1716 recall@20: 0.2603 ] [ndcg@5: 0.0863 ndcg@10: 0.1076 ndcg@20: 0.1333 ] 
2026-05-09 13:24:46,787 - Epoch 147  [recall@5: 0.1108 recall@10: 0.1731 recall@20: 0.2608 ] [ndcg@5: 0.0863 ndcg@10: 0.1079 ndcg@20: 0.1334 ] 
2026-05-09 13:24:53,782 - Epoch 150  [recall@5: 0.1107 recall@10: 0.1730 recall@20: 0.2609 ] [ndcg@5: 0.0868 ndcg@10: 0.1083 ndcg@20: 0.1338 ] 
2026-05-09 13:25:00,213 - Epoch 153  [recall@5: 0.1107 recall@10: 0.1735 recall@20: 0.2606 ] [ndcg@5: 0.0866 ndcg@10: 0.1083 ndcg@20: 0.1335 ] 
2026-05-09 13:25:08,370 - Epoch 156  [recall@5: 0.1110 recall@10: 0.1745 recall@20: 0.2602 ] [ndcg@5: 0.0866 ndcg@10: 0.1086 ndcg@20: 0.1335 ] 
2026-05-09 13:25:14,542 - Epoch 159  [recall@5: 0.1116 recall@10: 0.1756 recall@20: 0.2611 ] [ndcg@5: 0.0869 ndcg@10: 0.1090 ndcg@20: 0.1338 ] 
2026-05-09 13:25:20,605 - Epoch 162  [recall@5: 0.1121 recall@10: 0.1768 recall@20: 0.2607 ] [ndcg@5: 0.0872 ndcg@10: 0.1096 ndcg@20: 0.1339 ] 
2026-05-09 13:25:26,937 - Epoch 165  [recall@5: 0.1121 recall@10: 0.1758 recall@20: 0.2620 ] [ndcg@5: 0.0876 ndcg@10: 0.1094 ndcg@20: 0.1344 ] 
2026-05-09 13:25:33,055 - Epoch 168  [recall@5: 0.1123 recall@10: 0.1759 recall@20: 0.2618 ] [ndcg@5: 0.0875 ndcg@10: 0.1094 ndcg@20: 0.1343 ] 
2026-05-09 13:25:39,150 - Epoch 171  [recall@5: 0.1127 recall@10: 0.1768 recall@20: 0.2614 ] [ndcg@5: 0.0877 ndcg@10: 0.1097 ndcg@20: 0.1342 ] 
2026-05-09 13:25:45,536 - Epoch 174  [recall@5: 0.1123 recall@10: 0.1771 recall@20: 0.2619 ] [ndcg@5: 0.0875 ndcg@10: 0.1099 ndcg@20: 0.1345 ] 
2026-05-09 13:25:51,917 - Epoch 177  [recall@5: 0.1125 recall@10: 0.1764 recall@20: 0.2627 ] [ndcg@5: 0.0873 ndcg@10: 0.1095 ndcg@20: 0.1345 ] 
2026-05-09 13:25:58,164 - Epoch 180  [recall@5: 0.1138 recall@10: 0.1774 recall@20: 0.2618 ] [ndcg@5: 0.0882 ndcg@10: 0.1100 ndcg@20: 0.1345 ] 
2026-05-09 13:26:04,261 - Epoch 183  [recall@5: 0.1140 recall@10: 0.1766 recall@20: 0.2620 ] [ndcg@5: 0.0885 ndcg@10: 0.1100 ndcg@20: 0.1348 ] 
2026-05-09 13:26:10,438 - Epoch 186  [recall@5: 0.1135 recall@10: 0.1762 recall@20: 0.2620 ] [ndcg@5: 0.0882 ndcg@10: 0.1099 ndcg@20: 0.1349 ] 
2026-05-09 13:26:16,851 - Epoch 189  [recall@5: 0.1138 recall@10: 0.1752 recall@20: 0.2625 ] [ndcg@5: 0.0885 ndcg@10: 0.1099 ndcg@20: 0.1352 ] 
2026-05-09 13:26:23,308 - Epoch 192  [recall@5: 0.1140 recall@10: 0.1757 recall@20: 0.2623 ] [ndcg@5: 0.0884 ndcg@10: 0.1096 ndcg@20: 0.1349 ] 
2026-05-09 13:26:24,083 - [recall@5: 0.1125 recall@10: 0.1764 recall@20: 0.2627 ] [ndcg@5: 0.0873 ndcg@10: 0.1095 ndcg@20: 0.1345 ] 
2026-05-09 13:26:24,851 - [recall@5: 0.1228 recall@10: 0.1797 recall@20: 0.2597 ] [ndcg@5: 0.1013 ndcg@10: 0.1219 ndcg@20: 0.1468 ] 
2026-05-09 13:26:24,862 - Save model parameters to ./checkpoint/lightgcn_agr/lightgcn_agr-digital_music-2025-20260509_131842.pth
2026-05-09 13:26:24,862 - Save run metadata to ./checkpoint/lightgcn_agr/lightgcn_agr-digital_music-2025-20260509_131842.json
2026-05-09 13:26:24,863 - Best Epoch 177. Final test result: {'recall': array([0.12278661, 0.17968476, 0.25966481]), 'ndcg': array([0.10134672, 0.12186566, 0.14676991])}.
