2026-05-10 01:27:36,475 - {'optimizer': {'name': 'adam', 'lr': 0.001, 'weight_decay': 0}, 'train': {'epoch': 100, 'batch_size': 4096, 'save_model': True, 'loss': 'pairwise', 'test_step': 3, 'reproducible': True, 'seed': 2026, 'patience': 5}, 'test': {'metrics': ['recall', 'ndcg'], 'k': [5, 10, 20], 'batch_size': 1024}, 'data': {'type': 'general_cf', 'name': 'digital_music', 'user_num': 5541, 'item_num': 3568}, 'model': {'name': 'lightgcn_agr', 'embedding_size': 32, 'edge_bias': 0.5, 'keep_rate': 0.9, 'mask_ratio': 0.15, 'recon_weight': 0.2, 're_temperature': 0.2, 'layer_num': 3, 'reg_weight': 1e-06, 'prf_weight': 0.02, 'kd_weight': 0.01, 'kd_temperature': 0.2, 'str_weight': 1.0, 'beta': 10.0, 'sigma': 0.25, 'alpha': 0.1, 'movie': {'layer_num': 3, 'reg_weight': 1e-07, 'kd_weight': 0.01, 'kd_temperature': 0.2, 'prf_weight': 0.02, 'str_weight': 1.2, 'beta': 3.5, 'sigma': 0.3, 'alpha': 0.15, 'keep_rate': 0.8}, 'amazon': {'layer_num': 3, 'reg_weight': 5e-07, 'kd_weight': 0.01, 'kd_temperature': 0.2, 'prf_weight': 0.03, 'str_weight': 1.5, 'beta': 4.0, 'sigma': 0.25, 'alpha': 0.2, 'keep_rate': 0.8}, 'steam': {'layer_num': 3, 'reg_weight': 1e-08, 'kd_weight': 0.001, 'kd_temperature': 0.1, 'prf_weight': 0.01, 'str_weight': 1.0, 'beta': 2.5, 'sigma': 0.2, 'alpha': 0.08, 'keep_rate': 0.8}, 'yelp': {'layer_num': 3, 'reg_weight': 1e-06, 'kd_weight': 0.001, 'kd_temperature': 0.2, 'prf_weight': 0.025, 'str_weight': 1.3, 'beta': 4.0, 'sigma': 0.28, 'alpha': 0.18, 'keep_rate': 0.8}}}
2026-05-10 01:27:42,895 - Epoch 0  [recall@5: 0.0138 recall@10: 0.0231 recall@20: 0.0347 ] [ndcg@5: 0.0112 ndcg@10: 0.0145 ndcg@20: 0.0178 ] 
2026-05-10 01:27:49,093 - Epoch 3  [recall@5: 0.0667 recall@10: 0.1029 recall@20: 0.1486 ] [ndcg@5: 0.0529 ndcg@10: 0.0656 ndcg@20: 0.0790 ] 
2026-05-10 01:27:56,724 - Epoch 6  [recall@5: 0.0812 recall@10: 0.1270 recall@20: 0.1936 ] [ndcg@5: 0.0654 ndcg@10: 0.0813 ndcg@20: 0.1008 ] 
2026-05-10 01:28:06,431 - Epoch 9  [recall@5: 0.0849 recall@10: 0.1325 recall@20: 0.2069 ] [ndcg@5: 0.0661 ndcg@10: 0.0831 ndcg@20: 0.1045 ] 
2026-05-10 01:28:16,164 - Epoch 12  [recall@5: 0.0848 recall@10: 0.1312 recall@20: 0.2060 ] [ndcg@5: 0.0659 ndcg@10: 0.0824 ndcg@20: 0.1040 ] 
2026-05-10 01:28:26,651 - Epoch 15  [recall@5: 0.0865 recall@10: 0.1336 recall@20: 0.2091 ] [ndcg@5: 0.0674 ndcg@10: 0.0840 ndcg@20: 0.1059 ] 
2026-05-10 01:28:37,081 - Epoch 18  [recall@5: 0.0895 recall@10: 0.1404 recall@20: 0.2144 ] [ndcg@5: 0.0688 ndcg@10: 0.0865 ndcg@20: 0.1082 ] 
2026-05-10 01:28:47,416 - Epoch 21  [recall@5: 0.0913 recall@10: 0.1445 recall@20: 0.2202 ] [ndcg@5: 0.0703 ndcg@10: 0.0889 ndcg@20: 0.1111 ] 
2026-05-10 01:28:57,631 - Epoch 24  [recall@5: 0.0954 recall@10: 0.1482 recall@20: 0.2261 ] [ndcg@5: 0.0725 ndcg@10: 0.0908 ndcg@20: 0.1136 ] 
2026-05-10 01:29:07,651 - Epoch 27  [recall@5: 0.0958 recall@10: 0.1534 recall@20: 0.2306 ] [ndcg@5: 0.0733 ndcg@10: 0.0933 ndcg@20: 0.1157 ] 
2026-05-10 01:29:17,873 - Epoch 30  [recall@5: 0.0985 recall@10: 0.1544 recall@20: 0.2349 ] [ndcg@5: 0.0747 ndcg@10: 0.0941 ndcg@20: 0.1175 ] 
2026-05-10 01:29:28,416 - Epoch 33  [recall@5: 0.0992 recall@10: 0.1566 recall@20: 0.2347 ] [ndcg@5: 0.0761 ndcg@10: 0.0961 ndcg@20: 0.1189 ] 
2026-05-10 01:29:38,837 - Epoch 36  [recall@5: 0.1008 recall@10: 0.1585 recall@20: 0.2390 ] [ndcg@5: 0.0771 ndcg@10: 0.0973 ndcg@20: 0.1208 ] 
2026-05-10 01:29:48,912 - Epoch 39  [recall@5: 0.1007 recall@10: 0.1619 recall@20: 0.2412 ] [ndcg@5: 0.0777 ndcg@10: 0.0992 ndcg@20: 0.1221 ] 
2026-05-10 01:29:58,912 - Epoch 42  [recall@5: 0.1017 recall@10: 0.1628 recall@20: 0.2421 ] [ndcg@5: 0.0787 ndcg@10: 0.1002 ndcg@20: 0.1232 ] 
2026-05-10 01:30:09,441 - Epoch 45  [recall@5: 0.1030 recall@10: 0.1621 recall@20: 0.2440 ] [ndcg@5: 0.0792 ndcg@10: 0.1000 ndcg@20: 0.1239 ] 
2026-05-10 01:30:19,826 - Epoch 48  [recall@5: 0.1046 recall@10: 0.1639 recall@20: 0.2455 ] [ndcg@5: 0.0803 ndcg@10: 0.1013 ndcg@20: 0.1250 ] 
2026-05-10 01:30:30,219 - Epoch 51  [recall@5: 0.1068 recall@10: 0.1665 recall@20: 0.2472 ] [ndcg@5: 0.0820 ndcg@10: 0.1029 ndcg@20: 0.1264 ] 
2026-05-10 01:30:40,393 - Epoch 54  [recall@5: 0.1077 recall@10: 0.1670 recall@20: 0.2487 ] [ndcg@5: 0.0827 ndcg@10: 0.1035 ndcg@20: 0.1272 ] 
2026-05-10 01:30:50,500 - Epoch 57  [recall@5: 0.1091 recall@10: 0.1676 recall@20: 0.2493 ] [ndcg@5: 0.0841 ndcg@10: 0.1046 ndcg@20: 0.1284 ] 
2026-05-10 01:31:00,773 - Epoch 60  [recall@5: 0.1101 recall@10: 0.1684 recall@20: 0.2510 ] [ndcg@5: 0.0845 ndcg@10: 0.1050 ndcg@20: 0.1290 ] 
2026-05-10 01:31:11,170 - Epoch 63  [recall@5: 0.1111 recall@10: 0.1705 recall@20: 0.2533 ] [ndcg@5: 0.0850 ndcg@10: 0.1057 ndcg@20: 0.1298 ] 
2026-05-10 01:31:21,515 - Epoch 66  [recall@5: 0.1119 recall@10: 0.1701 recall@20: 0.2529 ] [ndcg@5: 0.0860 ndcg@10: 0.1065 ndcg@20: 0.1305 ] 
2026-05-10 01:31:31,702 - Epoch 69  [recall@5: 0.1123 recall@10: 0.1697 recall@20: 0.2534 ] [ndcg@5: 0.0864 ndcg@10: 0.1066 ndcg@20: 0.1310 ] 
2026-05-10 01:31:42,098 - Epoch 72  [recall@5: 0.1122 recall@10: 0.1697 recall@20: 0.2539 ] [ndcg@5: 0.0864 ndcg@10: 0.1067 ndcg@20: 0.1313 ] 
2026-05-10 01:31:52,127 - Epoch 75  [recall@5: 0.1130 recall@10: 0.1710 recall@20: 0.2556 ] [ndcg@5: 0.0872 ndcg@10: 0.1075 ndcg@20: 0.1321 ] 
2026-05-10 01:32:02,277 - Epoch 78  [recall@5: 0.1134 recall@10: 0.1722 recall@20: 0.2557 ] [ndcg@5: 0.0872 ndcg@10: 0.1079 ndcg@20: 0.1323 ] 
2026-05-10 01:32:12,395 - Epoch 81  [recall@5: 0.1143 recall@10: 0.1733 recall@20: 0.2555 ] [ndcg@5: 0.0874 ndcg@10: 0.1081 ndcg@20: 0.1321 ] 
2026-05-10 01:32:22,926 - Epoch 84  [recall@5: 0.1143 recall@10: 0.1728 recall@20: 0.2555 ] [ndcg@5: 0.0878 ndcg@10: 0.1085 ndcg@20: 0.1326 ] 
2026-05-10 01:32:33,486 - Epoch 87  [recall@5: 0.1154 recall@10: 0.1735 recall@20: 0.2547 ] [ndcg@5: 0.0883 ndcg@10: 0.1089 ndcg@20: 0.1327 ] 
2026-05-10 01:32:43,538 - Epoch 90  [recall@5: 0.1164 recall@10: 0.1742 recall@20: 0.2548 ] [ndcg@5: 0.0891 ndcg@10: 0.1094 ndcg@20: 0.1330 ] 
2026-05-10 01:32:53,635 - Epoch 93  [recall@5: 0.1169 recall@10: 0.1751 recall@20: 0.2552 ] [ndcg@5: 0.0893 ndcg@10: 0.1096 ndcg@20: 0.1331 ] 
2026-05-10 01:32:54,499 - [recall@5: 0.1134 recall@10: 0.1722 recall@20: 0.2557 ] [ndcg@5: 0.0872 ndcg@10: 0.1079 ndcg@20: 0.1323 ] 
2026-05-10 01:32:55,615 - [recall@5: 0.1159 recall@10: 0.1750 recall@20: 0.2560 ] [ndcg@5: 0.0977 ndcg@10: 0.1192 ndcg@20: 0.1444 ] 
2026-05-10 01:32:55,626 - Save model parameters to ./checkpoint/lightgcn_agr/lightgcn_agr-digital_music-2026-20260510_012731_autotune_digital_digital_music_s03_beta_10p0.pth
2026-05-10 01:32:55,626 - Save run metadata to ./checkpoint/lightgcn_agr/lightgcn_agr-digital_music-2026-20260510_012731_autotune_digital_digital_music_s03_beta_10p0.json
2026-05-10 01:32:55,628 - Best Epoch 78. Final test result: {'recall': array([0.11588757, 0.17496613, 0.25599135]), 'ndcg': array([0.09771855, 0.1191875 , 0.14438264])}.
