2026-05-10 01:44:36,201 - {'optimizer': {'name': 'adam', 'lr': 0.001, 'weight_decay': 0}, 'train': {'epoch': 100, 'batch_size': 4096, 'save_model': True, 'loss': 'pairwise', 'test_step': 3, 'reproducible': True, 'seed': 2026, 'patience': 5}, 'test': {'metrics': ['recall', 'ndcg'], 'k': [5, 10, 20], 'batch_size': 1024}, 'data': {'type': 'general_cf', 'name': 'digital_music', 'user_num': 5541, 'item_num': 3568}, 'model': {'name': 'lightgcn_agr', 'embedding_size': 32, 'edge_bias': 0.5, 'keep_rate': 0.9, 'mask_ratio': 0.15, 'recon_weight': 0.2, 're_temperature': 0.2, 'layer_num': 3, 'reg_weight': 1e-06, 'prf_weight': 0.1, 'kd_weight': 0.01, 'kd_temperature': 0.2, 'str_weight': 1.0, 'beta': 5.0, 'sigma': 0.25, 'alpha': 0.1, 'movie': {'layer_num': 3, 'reg_weight': 1e-07, 'kd_weight': 0.01, 'kd_temperature': 0.2, 'prf_weight': 0.02, 'str_weight': 1.2, 'beta': 3.5, 'sigma': 0.3, 'alpha': 0.15, 'keep_rate': 0.8}, 'amazon': {'layer_num': 3, 'reg_weight': 5e-07, 'kd_weight': 0.01, 'kd_temperature': 0.2, 'prf_weight': 0.03, 'str_weight': 1.5, 'beta': 4.0, 'sigma': 0.25, 'alpha': 0.2, 'keep_rate': 0.8}, 'steam': {'layer_num': 3, 'reg_weight': 1e-08, 'kd_weight': 0.001, 'kd_temperature': 0.1, 'prf_weight': 0.01, 'str_weight': 1.0, 'beta': 2.5, 'sigma': 0.2, 'alpha': 0.08, 'keep_rate': 0.8}, 'yelp': {'layer_num': 3, 'reg_weight': 1e-06, 'kd_weight': 0.001, 'kd_temperature': 0.2, 'prf_weight': 0.025, 'str_weight': 1.3, 'beta': 4.0, 'sigma': 0.28, 'alpha': 0.18, 'keep_rate': 0.8}}}
2026-05-10 01:44:42,231 - Epoch 0  [recall@5: 0.0199 recall@10: 0.0332 recall@20: 0.0526 ] [ndcg@5: 0.0157 ndcg@10: 0.0204 ndcg@20: 0.0261 ] 
2026-05-10 01:44:49,478 - Epoch 3  [recall@5: 0.0673 recall@10: 0.0993 recall@20: 0.1488 ] [ndcg@5: 0.0506 ndcg@10: 0.0621 ndcg@20: 0.0765 ] 
2026-05-10 01:44:58,841 - Epoch 6  [recall@5: 0.0773 recall@10: 0.1159 recall@20: 0.1771 ] [ndcg@5: 0.0586 ndcg@10: 0.0722 ndcg@20: 0.0899 ] 
2026-05-10 01:45:08,202 - Epoch 9  [recall@5: 0.0833 recall@10: 0.1247 recall@20: 0.1895 ] [ndcg@5: 0.0630 ndcg@10: 0.0774 ndcg@20: 0.0962 ] 
2026-05-10 01:45:18,035 - Epoch 12  [recall@5: 0.0820 recall@10: 0.1248 recall@20: 0.1864 ] [ndcg@5: 0.0630 ndcg@10: 0.0780 ndcg@20: 0.0962 ] 
2026-05-10 01:45:28,054 - Epoch 15  [recall@5: 0.0810 recall@10: 0.1253 recall@20: 0.1889 ] [ndcg@5: 0.0626 ndcg@10: 0.0781 ndcg@20: 0.0967 ] 
2026-05-10 01:45:38,183 - Epoch 18  [recall@5: 0.0836 recall@10: 0.1307 recall@20: 0.1931 ] [ndcg@5: 0.0647 ndcg@10: 0.0811 ndcg@20: 0.0994 ] 
2026-05-10 01:45:48,233 - Epoch 21  [recall@5: 0.0858 recall@10: 0.1359 recall@20: 0.2004 ] [ndcg@5: 0.0669 ndcg@10: 0.0845 ndcg@20: 0.1034 ] 
2026-05-10 01:45:58,102 - Epoch 24  [recall@5: 0.0909 recall@10: 0.1378 recall@20: 0.2070 ] [ndcg@5: 0.0698 ndcg@10: 0.0862 ndcg@20: 0.1066 ] 
2026-05-10 01:46:08,069 - Epoch 27  [recall@5: 0.0943 recall@10: 0.1436 recall@20: 0.2143 ] [ndcg@5: 0.0728 ndcg@10: 0.0898 ndcg@20: 0.1106 ] 
2026-05-10 01:46:18,351 - Epoch 30  [recall@5: 0.0971 recall@10: 0.1464 recall@20: 0.2220 ] [ndcg@5: 0.0744 ndcg@10: 0.0916 ndcg@20: 0.1138 ] 
2026-05-10 01:46:28,312 - Epoch 33  [recall@5: 0.0999 recall@10: 0.1505 recall@20: 0.2272 ] [ndcg@5: 0.0761 ndcg@10: 0.0936 ndcg@20: 0.1161 ] 
2026-05-10 01:46:38,520 - Epoch 36  [recall@5: 0.1010 recall@10: 0.1544 recall@20: 0.2317 ] [ndcg@5: 0.0774 ndcg@10: 0.0960 ndcg@20: 0.1187 ] 
2026-05-10 01:46:48,282 - Epoch 39  [recall@5: 0.1029 recall@10: 0.1567 recall@20: 0.2359 ] [ndcg@5: 0.0786 ndcg@10: 0.0975 ndcg@20: 0.1207 ] 
2026-05-10 01:46:58,665 - Epoch 42  [recall@5: 0.1045 recall@10: 0.1595 recall@20: 0.2404 ] [ndcg@5: 0.0797 ndcg@10: 0.0990 ndcg@20: 0.1226 ] 
2026-05-10 01:47:09,084 - Epoch 45  [recall@5: 0.1061 recall@10: 0.1617 recall@20: 0.2439 ] [ndcg@5: 0.0811 ndcg@10: 0.1006 ndcg@20: 0.1247 ] 
2026-05-10 01:47:19,513 - Epoch 48  [recall@5: 0.1061 recall@10: 0.1635 recall@20: 0.2454 ] [ndcg@5: 0.0816 ndcg@10: 0.1017 ndcg@20: 0.1258 ] 
2026-05-10 01:47:30,101 - Epoch 51  [recall@5: 0.1072 recall@10: 0.1658 recall@20: 0.2496 ] [ndcg@5: 0.0825 ndcg@10: 0.1031 ndcg@20: 0.1276 ] 
2026-05-10 01:47:40,324 - Epoch 54  [recall@5: 0.1084 recall@10: 0.1666 recall@20: 0.2515 ] [ndcg@5: 0.0836 ndcg@10: 0.1041 ndcg@20: 0.1289 ] 
2026-05-10 01:47:50,767 - Epoch 57  [recall@5: 0.1092 recall@10: 0.1692 recall@20: 0.2522 ] [ndcg@5: 0.0842 ndcg@10: 0.1055 ndcg@20: 0.1297 ] 
2026-05-10 01:48:01,074 - Epoch 60  [recall@5: 0.1099 recall@10: 0.1705 recall@20: 0.2560 ] [ndcg@5: 0.0853 ndcg@10: 0.1067 ndcg@20: 0.1315 ] 
2026-05-10 01:48:11,714 - Epoch 63  [recall@5: 0.1114 recall@10: 0.1723 recall@20: 0.2578 ] [ndcg@5: 0.0861 ndcg@10: 0.1075 ndcg@20: 0.1325 ] 
2026-05-10 01:48:22,217 - Epoch 66  [recall@5: 0.1116 recall@10: 0.1736 recall@20: 0.2572 ] [ndcg@5: 0.0865 ndcg@10: 0.1084 ndcg@20: 0.1329 ] 
2026-05-10 01:48:32,444 - Epoch 69  [recall@5: 0.1124 recall@10: 0.1746 recall@20: 0.2599 ] [ndcg@5: 0.0875 ndcg@10: 0.1094 ndcg@20: 0.1343 ] 
2026-05-10 01:48:42,916 - Epoch 72  [recall@5: 0.1137 recall@10: 0.1759 recall@20: 0.2600 ] [ndcg@5: 0.0881 ndcg@10: 0.1101 ndcg@20: 0.1346 ] 
2026-05-10 01:48:53,457 - Epoch 75  [recall@5: 0.1151 recall@10: 0.1770 recall@20: 0.2615 ] [ndcg@5: 0.0886 ndcg@10: 0.1103 ndcg@20: 0.1350 ] 
2026-05-10 01:49:04,036 - Epoch 78  [recall@5: 0.1159 recall@10: 0.1789 recall@20: 0.2622 ] [ndcg@5: 0.0890 ndcg@10: 0.1113 ndcg@20: 0.1355 ] 
2026-05-10 01:49:14,419 - Epoch 81  [recall@5: 0.1167 recall@10: 0.1795 recall@20: 0.2644 ] [ndcg@5: 0.0896 ndcg@10: 0.1118 ndcg@20: 0.1365 ] 
2026-05-10 01:49:24,761 - Epoch 84  [recall@5: 0.1187 recall@10: 0.1810 recall@20: 0.2663 ] [ndcg@5: 0.0906 ndcg@10: 0.1126 ndcg@20: 0.1373 ] 
2026-05-10 01:49:34,987 - Epoch 87  [recall@5: 0.1179 recall@10: 0.1818 recall@20: 0.2666 ] [ndcg@5: 0.0905 ndcg@10: 0.1131 ndcg@20: 0.1376 ] 
2026-05-10 01:49:45,578 - Epoch 90  [recall@5: 0.1169 recall@10: 0.1817 recall@20: 0.2670 ] [ndcg@5: 0.0902 ndcg@10: 0.1131 ndcg@20: 0.1378 ] 
2026-05-10 01:49:55,922 - Epoch 93  [recall@5: 0.1176 recall@10: 0.1818 recall@20: 0.2675 ] [ndcg@5: 0.0906 ndcg@10: 0.1131 ndcg@20: 0.1380 ] 
2026-05-10 01:50:06,397 - Epoch 96  [recall@5: 0.1192 recall@10: 0.1832 recall@20: 0.2661 ] [ndcg@5: 0.0916 ndcg@10: 0.1140 ndcg@20: 0.1382 ] 
2026-05-10 01:50:16,583 - Epoch 99  [recall@5: 0.1188 recall@10: 0.1822 recall@20: 0.2664 ] [ndcg@5: 0.0916 ndcg@10: 0.1138 ndcg@20: 0.1383 ] 
2026-05-10 01:50:17,400 - [recall@5: 0.1176 recall@10: 0.1818 recall@20: 0.2675 ] [ndcg@5: 0.0906 ndcg@10: 0.1131 ndcg@20: 0.1380 ] 
2026-05-10 01:50:18,330 - [recall@5: 0.1219 recall@10: 0.1846 recall@20: 0.2641 ] [ndcg@5: 0.1031 ndcg@10: 0.1256 ndcg@20: 0.1503 ] 
2026-05-10 01:50:18,345 - Save model parameters to ./checkpoint/lightgcn_agr/lightgcn_agr-digital_music-2026-20260510_014431_autotune_digital_digital_music_s04_prf_weight_0p1.pth
2026-05-10 01:50:18,345 - Save run metadata to ./checkpoint/lightgcn_agr/lightgcn_agr-digital_music-2026-20260510_014431_autotune_digital_digital_music_s04_prf_weight_0p1.json
2026-05-10 01:50:18,346 - Best Epoch 93. Final test result: {'recall': array([0.12185256, 0.18455021, 0.26411453]), 'ndcg': array([0.10305374, 0.12560516, 0.15026922])}.
