2026-05-10 00:48:21,046 - {'optimizer': {'name': 'adam', 'lr': 0.001, 'weight_decay': 0}, 'train': {'epoch': 100, 'batch_size': 4096, 'save_model': True, 'loss': 'pairwise', 'test_step': 3, 'reproducible': True, 'seed': 233, 'patience': 5}, 'test': {'metrics': ['recall', 'ndcg'], 'k': [5, 10, 20], 'batch_size': 1024}, 'data': {'type': 'general_cf', 'name': 'digital_music', 'user_num': 5541, 'item_num': 3568}, 'model': {'name': 'lightgcn_agr', 'embedding_size': 32, 'edge_bias': 0.5, 'keep_rate': 0.8, 'mask_ratio': 0.15, 'recon_weight': 0.2, 're_temperature': 0.2, 'layer_num': 3, 'reg_weight': 5e-06, 'prf_weight': 0.02, 'kd_weight': 0.01, 'kd_temperature': 0.2, 'str_weight': 1.0, 'beta': 5.0, 'sigma': 0.25, 'alpha': 0.1, 'movie': {'layer_num': 3, 'reg_weight': 1e-07, 'kd_weight': 0.01, 'kd_temperature': 0.2, 'prf_weight': 0.02, 'str_weight': 1.2, 'beta': 3.5, 'sigma': 0.3, 'alpha': 0.15, 'keep_rate': 0.8}, 'amazon': {'layer_num': 3, 'reg_weight': 5e-07, 'kd_weight': 0.01, 'kd_temperature': 0.2, 'prf_weight': 0.03, 'str_weight': 1.5, 'beta': 4.0, 'sigma': 0.25, 'alpha': 0.2, 'keep_rate': 0.8}, 'steam': {'layer_num': 3, 'reg_weight': 1e-08, 'kd_weight': 0.001, 'kd_temperature': 0.1, 'prf_weight': 0.01, 'str_weight': 1.0, 'beta': 2.5, 'sigma': 0.2, 'alpha': 0.08, 'keep_rate': 0.8}, 'yelp': {'layer_num': 3, 'reg_weight': 1e-06, 'kd_weight': 0.001, 'kd_temperature': 0.2, 'prf_weight': 0.025, 'str_weight': 1.3, 'beta': 4.0, 'sigma': 0.28, 'alpha': 0.18, 'keep_rate': 0.8}}}
2026-05-10 00:48:28,476 - Epoch 0  [recall@5: 0.0132 recall@10: 0.0230 recall@20: 0.0366 ] [ndcg@5: 0.0108 ndcg@10: 0.0142 ndcg@20: 0.0181 ] 
2026-05-10 00:48:37,784 - Epoch 3  [recall@5: 0.0661 recall@10: 0.1016 recall@20: 0.1490 ] [ndcg@5: 0.0530 ndcg@10: 0.0650 ndcg@20: 0.0790 ] 
2026-05-10 00:48:47,388 - Epoch 6  [recall@5: 0.0756 recall@10: 0.1178 recall@20: 0.1830 ] [ndcg@5: 0.0600 ndcg@10: 0.0747 ndcg@20: 0.0938 ] 
2026-05-10 00:48:57,333 - Epoch 9  [recall@5: 0.0764 recall@10: 0.1205 recall@20: 0.1909 ] [ndcg@5: 0.0603 ndcg@10: 0.0755 ndcg@20: 0.0961 ] 
2026-05-10 00:49:07,546 - Epoch 12  [recall@5: 0.0770 recall@10: 0.1224 recall@20: 0.1930 ] [ndcg@5: 0.0602 ndcg@10: 0.0758 ndcg@20: 0.0963 ] 
2026-05-10 00:49:18,047 - Epoch 15  [recall@5: 0.0782 recall@10: 0.1208 recall@20: 0.1953 ] [ndcg@5: 0.0607 ndcg@10: 0.0755 ndcg@20: 0.0972 ] 
2026-05-10 00:49:28,025 - Epoch 18  [recall@5: 0.0793 recall@10: 0.1271 recall@20: 0.2001 ] [ndcg@5: 0.0619 ndcg@10: 0.0785 ndcg@20: 0.0995 ] 
2026-05-10 00:49:38,033 - Epoch 21  [recall@5: 0.0803 recall@10: 0.1292 recall@20: 0.2037 ] [ndcg@5: 0.0632 ndcg@10: 0.0802 ndcg@20: 0.1019 ] 
2026-05-10 00:49:48,142 - Epoch 24  [recall@5: 0.0830 recall@10: 0.1322 recall@20: 0.2078 ] [ndcg@5: 0.0648 ndcg@10: 0.0820 ndcg@20: 0.1041 ] 
2026-05-10 00:49:58,532 - Epoch 27  [recall@5: 0.0859 recall@10: 0.1352 recall@20: 0.2114 ] [ndcg@5: 0.0667 ndcg@10: 0.0838 ndcg@20: 0.1062 ] 
2026-05-10 00:50:08,884 - Epoch 30  [recall@5: 0.0872 recall@10: 0.1396 recall@20: 0.2166 ] [ndcg@5: 0.0676 ndcg@10: 0.0858 ndcg@20: 0.1083 ] 
2026-05-10 00:50:18,858 - Epoch 33  [recall@5: 0.0895 recall@10: 0.1438 recall@20: 0.2196 ] [ndcg@5: 0.0688 ndcg@10: 0.0876 ndcg@20: 0.1097 ] 
2026-05-10 00:50:28,794 - Epoch 36  [recall@5: 0.0909 recall@10: 0.1472 recall@20: 0.2234 ] [ndcg@5: 0.0697 ndcg@10: 0.0891 ndcg@20: 0.1115 ] 
2026-05-10 00:50:38,671 - Epoch 39  [recall@5: 0.0925 recall@10: 0.1488 recall@20: 0.2243 ] [ndcg@5: 0.0706 ndcg@10: 0.0902 ndcg@20: 0.1124 ] 
2026-05-10 00:50:49,145 - Epoch 42  [recall@5: 0.0938 recall@10: 0.1491 recall@20: 0.2275 ] [ndcg@5: 0.0715 ndcg@10: 0.0906 ndcg@20: 0.1136 ] 
2026-05-10 00:50:59,475 - Epoch 45  [recall@5: 0.0939 recall@10: 0.1520 recall@20: 0.2291 ] [ndcg@5: 0.0719 ndcg@10: 0.0919 ndcg@20: 0.1145 ] 
2026-05-10 00:51:09,598 - Epoch 48  [recall@5: 0.0947 recall@10: 0.1523 recall@20: 0.2300 ] [ndcg@5: 0.0725 ndcg@10: 0.0924 ndcg@20: 0.1152 ] 
2026-05-10 00:51:19,310 - Epoch 51  [recall@5: 0.0960 recall@10: 0.1541 recall@20: 0.2318 ] [ndcg@5: 0.0738 ndcg@10: 0.0938 ndcg@20: 0.1165 ] 
2026-05-10 00:51:29,176 - Epoch 54  [recall@5: 0.0973 recall@10: 0.1547 recall@20: 0.2332 ] [ndcg@5: 0.0745 ndcg@10: 0.0943 ndcg@20: 0.1173 ] 
2026-05-10 00:51:39,727 - Epoch 57  [recall@5: 0.0967 recall@10: 0.1572 recall@20: 0.2342 ] [ndcg@5: 0.0745 ndcg@10: 0.0954 ndcg@20: 0.1180 ] 
2026-05-10 00:51:50,094 - Epoch 60  [recall@5: 0.0975 recall@10: 0.1574 recall@20: 0.2363 ] [ndcg@5: 0.0751 ndcg@10: 0.0957 ndcg@20: 0.1189 ] 
2026-05-10 00:52:00,136 - Epoch 63  [recall@5: 0.0991 recall@10: 0.1600 recall@20: 0.2380 ] [ndcg@5: 0.0758 ndcg@10: 0.0969 ndcg@20: 0.1197 ] 
2026-05-10 00:52:10,636 - Epoch 66  [recall@5: 0.0996 recall@10: 0.1606 recall@20: 0.2383 ] [ndcg@5: 0.0764 ndcg@10: 0.0976 ndcg@20: 0.1204 ] 
2026-05-10 00:52:21,135 - Epoch 69  [recall@5: 0.1004 recall@10: 0.1618 recall@20: 0.2399 ] [ndcg@5: 0.0776 ndcg@10: 0.0989 ndcg@20: 0.1218 ] 
2026-05-10 00:52:31,356 - Epoch 72  [recall@5: 0.1015 recall@10: 0.1621 recall@20: 0.2403 ] [ndcg@5: 0.0781 ndcg@10: 0.0992 ndcg@20: 0.1221 ] 
2026-05-10 00:52:41,768 - Epoch 75  [recall@5: 0.1009 recall@10: 0.1644 recall@20: 0.2420 ] [ndcg@5: 0.0782 ndcg@10: 0.1003 ndcg@20: 0.1229 ] 
2026-05-10 00:52:51,842 - Epoch 78  [recall@5: 0.1017 recall@10: 0.1650 recall@20: 0.2420 ] [ndcg@5: 0.0789 ndcg@10: 0.1009 ndcg@20: 0.1233 ] 
2026-05-10 00:53:01,803 - Epoch 81  [recall@5: 0.1018 recall@10: 0.1655 recall@20: 0.2432 ] [ndcg@5: 0.0790 ndcg@10: 0.1012 ndcg@20: 0.1239 ] 
2026-05-10 00:53:11,985 - Epoch 84  [recall@5: 0.1029 recall@10: 0.1650 recall@20: 0.2453 ] [ndcg@5: 0.0797 ndcg@10: 0.1015 ndcg@20: 0.1248 ] 
2026-05-10 00:53:22,354 - Epoch 87  [recall@5: 0.1032 recall@10: 0.1661 recall@20: 0.2460 ] [ndcg@5: 0.0796 ndcg@10: 0.1016 ndcg@20: 0.1248 ] 
2026-05-10 00:53:32,756 - Epoch 90  [recall@5: 0.1041 recall@10: 0.1664 recall@20: 0.2476 ] [ndcg@5: 0.0805 ndcg@10: 0.1021 ndcg@20: 0.1257 ] 
2026-05-10 00:53:42,694 - Epoch 93  [recall@5: 0.1035 recall@10: 0.1662 recall@20: 0.2488 ] [ndcg@5: 0.0803 ndcg@10: 0.1020 ndcg@20: 0.1261 ] 
2026-05-10 00:53:49,028 - Epoch 96  [recall@5: 0.1046 recall@10: 0.1662 recall@20: 0.2509 ] [ndcg@5: 0.0810 ndcg@10: 0.1025 ndcg@20: 0.1270 ] 
2026-05-10 00:53:55,311 - Epoch 99  [recall@5: 0.1052 recall@10: 0.1664 recall@20: 0.2512 ] [ndcg@5: 0.0813 ndcg@10: 0.1027 ndcg@20: 0.1273 ] 
2026-05-10 00:53:56,438 - [recall@5: 0.1052 recall@10: 0.1664 recall@20: 0.2512 ] [ndcg@5: 0.0813 ndcg@10: 0.1027 ndcg@20: 0.1273 ] 
2026-05-10 00:53:57,394 - [recall@5: 0.1130 recall@10: 0.1704 recall@20: 0.2487 ] [ndcg@5: 0.0949 ndcg@10: 0.1158 ndcg@20: 0.1402 ] 
2026-05-10 00:53:57,408 - Save model parameters to ./checkpoint/lightgcn_agr/lightgcn_agr-digital_music-233-20260510_004815_autotune_digital_digital_music_s01_reg_weight_5em06.pth
2026-05-10 00:53:57,408 - Save run metadata to ./checkpoint/lightgcn_agr/lightgcn_agr-digital_music-233-20260510_004815_autotune_digital_digital_music_s01_reg_weight_5em06.json
2026-05-10 00:53:57,409 - Best Epoch 99. Final test result: {'recall': array([0.11300281, 0.17040749, 0.24871061]), 'ndcg': array([0.09493377, 0.11582901, 0.14019134])}.
