2026-05-10 12:00:21,252 - {'optimizer': {'name': 'adam', 'lr': 0.001, 'weight_decay': 0}, 'train': {'epoch': 100, 'batch_size': 4096, 'save_model': True, 'loss': 'pairwise', 'test_step': 3, 'reproducible': True, 'seed': 2026, 'patience': 5}, 'test': {'metrics': ['recall', 'ndcg'], 'k': [5, 10, 20], 'batch_size': 1024}, 'data': {'type': 'general_cf', 'name': 'digital_music', 'user_num': 5541, 'item_num': 3568}, 'model': {'name': 'lightgcn_agr', 'embedding_size': 32, 'edge_bias': 0.5, 'keep_rate': 0.8, 'mask_ratio': 0.15, 'recon_weight': 0.2, 're_temperature': 0.2, 'layer_num': 3, 'reg_weight': 1e-07, 'prf_weight': 0.02, 'kd_weight': 0.01, 'kd_temperature': 0.2, 'str_weight': 1.0, 'beta': 5.0, 'sigma': 0.25, 'alpha': 0.1, 'movie': {'layer_num': 3, 'reg_weight': 1e-07, 'kd_weight': 0.01, 'kd_temperature': 0.2, 'prf_weight': 0.02, 'str_weight': 1.2, 'beta': 3.5, 'sigma': 0.3, 'alpha': 0.15, 'keep_rate': 0.8}, 'amazon': {'layer_num': 3, 'reg_weight': 5e-07, 'kd_weight': 0.01, 'kd_temperature': 0.2, 'prf_weight': 0.03, 'str_weight': 1.5, 'beta': 4.0, 'sigma': 0.25, 'alpha': 0.2, 'keep_rate': 0.8}, 'steam': {'layer_num': 3, 'reg_weight': 1e-08, 'kd_weight': 0.001, 'kd_temperature': 0.1, 'prf_weight': 0.01, 'str_weight': 1.0, 'beta': 2.5, 'sigma': 0.2, 'alpha': 0.08, 'keep_rate': 0.8}, 'yelp': {'layer_num': 3, 'reg_weight': 1e-06, 'kd_weight': 0.001, 'kd_temperature': 0.2, 'prf_weight': 0.025, 'str_weight': 1.3, 'beta': 4.0, 'sigma': 0.28, 'alpha': 0.18, 'keep_rate': 0.8}}}
2026-05-10 12:00:29,048 - Epoch 0  [recall@5: 0.0132 recall@10: 0.0230 recall@20: 0.0366 ] [ndcg@5: 0.0108 ndcg@10: 0.0142 ndcg@20: 0.0181 ] 
2026-05-10 12:00:35,528 - Epoch 3  [recall@5: 0.0661 recall@10: 0.1016 recall@20: 0.1491 ] [ndcg@5: 0.0529 ndcg@10: 0.0649 ndcg@20: 0.0790 ] 
2026-05-10 12:00:42,065 - Epoch 6  [recall@5: 0.0756 recall@10: 0.1179 recall@20: 0.1829 ] [ndcg@5: 0.0601 ndcg@10: 0.0747 ndcg@20: 0.0937 ] 
2026-05-10 12:00:48,188 - Epoch 9  [recall@5: 0.0766 recall@10: 0.1203 recall@20: 0.1905 ] [ndcg@5: 0.0604 ndcg@10: 0.0754 ndcg@20: 0.0960 ] 
2026-05-10 12:00:54,522 - Epoch 12  [recall@5: 0.0770 recall@10: 0.1222 recall@20: 0.1929 ] [ndcg@5: 0.0602 ndcg@10: 0.0758 ndcg@20: 0.0963 ] 
2026-05-10 12:01:00,659 - Epoch 15  [recall@5: 0.0782 recall@10: 0.1208 recall@20: 0.1951 ] [ndcg@5: 0.0607 ndcg@10: 0.0755 ndcg@20: 0.0971 ] 
2026-05-10 12:01:06,933 - Epoch 18  [recall@5: 0.0793 recall@10: 0.1270 recall@20: 0.2001 ] [ndcg@5: 0.0619 ndcg@10: 0.0784 ndcg@20: 0.0995 ] 
2026-05-10 12:01:13,248 - Epoch 21  [recall@5: 0.0804 recall@10: 0.1292 recall@20: 0.2040 ] [ndcg@5: 0.0632 ndcg@10: 0.0802 ndcg@20: 0.1020 ] 
2026-05-10 12:01:19,499 - Epoch 24  [recall@5: 0.0831 recall@10: 0.1324 recall@20: 0.2078 ] [ndcg@5: 0.0650 ndcg@10: 0.0822 ndcg@20: 0.1043 ] 
2026-05-10 12:01:25,746 - Epoch 27  [recall@5: 0.0859 recall@10: 0.1349 recall@20: 0.2116 ] [ndcg@5: 0.0667 ndcg@10: 0.0837 ndcg@20: 0.1062 ] 
2026-05-10 12:01:31,921 - Epoch 30  [recall@5: 0.0872 recall@10: 0.1396 recall@20: 0.2164 ] [ndcg@5: 0.0676 ndcg@10: 0.0858 ndcg@20: 0.1083 ] 
2026-05-10 12:01:38,112 - Epoch 33  [recall@5: 0.0896 recall@10: 0.1436 recall@20: 0.2197 ] [ndcg@5: 0.0689 ndcg@10: 0.0876 ndcg@20: 0.1098 ] 
2026-05-10 12:01:44,335 - Epoch 36  [recall@5: 0.0909 recall@10: 0.1469 recall@20: 0.2234 ] [ndcg@5: 0.0698 ndcg@10: 0.0891 ndcg@20: 0.1116 ] 
2026-05-10 12:01:50,583 - Epoch 39  [recall@5: 0.0925 recall@10: 0.1490 recall@20: 0.2242 ] [ndcg@5: 0.0706 ndcg@10: 0.0902 ndcg@20: 0.1124 ] 
2026-05-10 12:01:56,782 - Epoch 42  [recall@5: 0.0938 recall@10: 0.1490 recall@20: 0.2274 ] [ndcg@5: 0.0715 ndcg@10: 0.0906 ndcg@20: 0.1137 ] 
2026-05-10 12:02:02,947 - Epoch 45  [recall@5: 0.0939 recall@10: 0.1518 recall@20: 0.2290 ] [ndcg@5: 0.0719 ndcg@10: 0.0919 ndcg@20: 0.1145 ] 
2026-05-10 12:02:09,022 - Epoch 48  [recall@5: 0.0947 recall@10: 0.1524 recall@20: 0.2300 ] [ndcg@5: 0.0726 ndcg@10: 0.0925 ndcg@20: 0.1153 ] 
2026-05-10 12:02:15,626 - Epoch 51  [recall@5: 0.0962 recall@10: 0.1545 recall@20: 0.2316 ] [ndcg@5: 0.0739 ndcg@10: 0.0939 ndcg@20: 0.1165 ] 
2026-05-10 12:02:22,288 - Epoch 54  [recall@5: 0.0972 recall@10: 0.1547 recall@20: 0.2332 ] [ndcg@5: 0.0745 ndcg@10: 0.0943 ndcg@20: 0.1173 ] 
2026-05-10 12:02:30,213 - Epoch 57  [recall@5: 0.0967 recall@10: 0.1570 recall@20: 0.2340 ] [ndcg@5: 0.0745 ndcg@10: 0.0953 ndcg@20: 0.1179 ] 
2026-05-10 12:02:38,194 - Epoch 60  [recall@5: 0.0974 recall@10: 0.1574 recall@20: 0.2365 ] [ndcg@5: 0.0750 ndcg@10: 0.0957 ndcg@20: 0.1189 ] 
2026-05-10 12:02:46,549 - Epoch 63  [recall@5: 0.0992 recall@10: 0.1599 recall@20: 0.2381 ] [ndcg@5: 0.0758 ndcg@10: 0.0968 ndcg@20: 0.1197 ] 
2026-05-10 12:02:54,766 - Epoch 66  [recall@5: 0.0996 recall@10: 0.1608 recall@20: 0.2385 ] [ndcg@5: 0.0764 ndcg@10: 0.0976 ndcg@20: 0.1205 ] 
2026-05-10 12:03:02,915 - Epoch 69  [recall@5: 0.1002 recall@10: 0.1621 recall@20: 0.2397 ] [ndcg@5: 0.0775 ndcg@10: 0.0990 ndcg@20: 0.1217 ] 
2026-05-10 12:03:10,816 - Epoch 72  [recall@5: 0.1015 recall@10: 0.1620 recall@20: 0.2405 ] [ndcg@5: 0.0782 ndcg@10: 0.0991 ndcg@20: 0.1221 ] 
2026-05-10 12:03:18,223 - Epoch 75  [recall@5: 0.1009 recall@10: 0.1645 recall@20: 0.2418 ] [ndcg@5: 0.0782 ndcg@10: 0.1003 ndcg@20: 0.1229 ] 
2026-05-10 12:03:25,655 - Epoch 78  [recall@5: 0.1017 recall@10: 0.1652 recall@20: 0.2421 ] [ndcg@5: 0.0789 ndcg@10: 0.1009 ndcg@20: 0.1233 ] 
2026-05-10 12:03:33,131 - Epoch 81  [recall@5: 0.1018 recall@10: 0.1653 recall@20: 0.2435 ] [ndcg@5: 0.0790 ndcg@10: 0.1011 ndcg@20: 0.1240 ] 
2026-05-10 12:03:40,694 - Epoch 84  [recall@5: 0.1030 recall@10: 0.1650 recall@20: 0.2452 ] [ndcg@5: 0.0798 ndcg@10: 0.1014 ndcg@20: 0.1248 ] 
2026-05-10 12:03:48,114 - Epoch 87  [recall@5: 0.1032 recall@10: 0.1659 recall@20: 0.2462 ] [ndcg@5: 0.0796 ndcg@10: 0.1015 ndcg@20: 0.1249 ] 
2026-05-10 12:03:55,568 - Epoch 90  [recall@5: 0.1037 recall@10: 0.1664 recall@20: 0.2474 ] [ndcg@5: 0.0802 ndcg@10: 0.1021 ndcg@20: 0.1256 ] 
2026-05-10 12:04:03,045 - Epoch 93  [recall@5: 0.1036 recall@10: 0.1663 recall@20: 0.2488 ] [ndcg@5: 0.0804 ndcg@10: 0.1022 ndcg@20: 0.1262 ] 
2026-05-10 12:04:10,527 - Epoch 96  [recall@5: 0.1045 recall@10: 0.1663 recall@20: 0.2512 ] [ndcg@5: 0.0809 ndcg@10: 0.1024 ndcg@20: 0.1270 ] 
2026-05-10 12:04:18,160 - Epoch 99  [recall@5: 0.1050 recall@10: 0.1665 recall@20: 0.2512 ] [ndcg@5: 0.0812 ndcg@10: 0.1027 ndcg@20: 0.1272 ] 
2026-05-10 12:04:19,193 - [recall@5: 0.1045 recall@10: 0.1663 recall@20: 0.2512 ] [ndcg@5: 0.0809 ndcg@10: 0.1024 ndcg@20: 0.1270 ] 
2026-05-10 12:04:20,229 - [recall@5: 0.1112 recall@10: 0.1707 recall@20: 0.2479 ] [ndcg@5: 0.0936 ndcg@10: 0.1154 ndcg@20: 0.1394 ] 
2026-05-10 12:04:20,247 - Save model parameters to ./checkpoint/lightgcn_agr/lightgcn_agr-digital_music-2026-20260510_120013_autotune_digital_clean_digital_music_s01_reg_weight_1em07.pth
2026-05-10 12:04:20,249 - Save run metadata to ./checkpoint/lightgcn_agr/lightgcn_agr-digital_music-2026-20260510_120013_autotune_digital_clean_digital_music_s01_reg_weight_1em07.json
2026-05-10 12:04:20,251 - Best Epoch 96. Final test result: {'recall': array([0.11116999, 0.17074078, 0.24792974]), 'ndcg': array([0.09364574, 0.11544076, 0.13942183])}.
