2026-05-10 12:14:03,542 - {'optimizer': {'name': 'adam', 'lr': 0.001, 'weight_decay': 0}, 'train': {'epoch': 100, 'batch_size': 4096, 'save_model': True, 'loss': 'pairwise', 'test_step': 3, 'reproducible': True, 'seed': 2026, 'patience': 5}, 'test': {'metrics': ['recall', 'ndcg'], 'k': [5, 10, 20], 'batch_size': 1024}, 'data': {'type': 'general_cf', 'name': 'digital_music', 'user_num': 5541, 'item_num': 3568}, 'model': {'name': 'lightgcn_agr', 'embedding_size': 32, 'edge_bias': 0.5, 'keep_rate': 0.8, 'mask_ratio': 0.15, 'recon_weight': 0.2, 're_temperature': 0.2, 'layer_num': 3, 'reg_weight': 2e-06, 'prf_weight': 0.02, 'kd_weight': 0.01, 'kd_temperature': 0.2, 'str_weight': 1.0, 'beta': 5.0, 'sigma': 0.25, 'alpha': 0.1, 'movie': {'layer_num': 3, 'reg_weight': 1e-07, 'kd_weight': 0.01, 'kd_temperature': 0.2, 'prf_weight': 0.02, 'str_weight': 1.2, 'beta': 3.5, 'sigma': 0.3, 'alpha': 0.15, 'keep_rate': 0.8}, 'amazon': {'layer_num': 3, 'reg_weight': 5e-07, 'kd_weight': 0.01, 'kd_temperature': 0.2, 'prf_weight': 0.03, 'str_weight': 1.5, 'beta': 4.0, 'sigma': 0.25, 'alpha': 0.2, 'keep_rate': 0.8}, 'steam': {'layer_num': 3, 'reg_weight': 1e-08, 'kd_weight': 0.001, 'kd_temperature': 0.1, 'prf_weight': 0.01, 'str_weight': 1.0, 'beta': 2.5, 'sigma': 0.2, 'alpha': 0.08, 'keep_rate': 0.8}, 'yelp': {'layer_num': 3, 'reg_weight': 1e-06, 'kd_weight': 0.001, 'kd_temperature': 0.2, 'prf_weight': 0.025, 'str_weight': 1.3, 'beta': 4.0, 'sigma': 0.28, 'alpha': 0.18, 'keep_rate': 0.8}}}
2026-05-10 12:14:12,046 - Epoch 0  [recall@5: 0.0132 recall@10: 0.0230 recall@20: 0.0366 ] [ndcg@5: 0.0108 ndcg@10: 0.0142 ndcg@20: 0.0181 ] 
2026-05-10 12:14:20,558 - Epoch 3  [recall@5: 0.0661 recall@10: 0.1016 recall@20: 0.1490 ] [ndcg@5: 0.0529 ndcg@10: 0.0649 ndcg@20: 0.0790 ] 
2026-05-10 12:14:29,048 - Epoch 6  [recall@5: 0.0756 recall@10: 0.1178 recall@20: 0.1830 ] [ndcg@5: 0.0601 ndcg@10: 0.0747 ndcg@20: 0.0938 ] 
2026-05-10 12:14:37,075 - Epoch 9  [recall@5: 0.0764 recall@10: 0.1203 recall@20: 0.1907 ] [ndcg@5: 0.0603 ndcg@10: 0.0754 ndcg@20: 0.0961 ] 
2026-05-10 12:14:45,162 - Epoch 12  [recall@5: 0.0772 recall@10: 0.1224 recall@20: 0.1930 ] [ndcg@5: 0.0603 ndcg@10: 0.0758 ndcg@20: 0.0964 ] 
2026-05-10 12:14:53,201 - Epoch 15  [recall@5: 0.0782 recall@10: 0.1208 recall@20: 0.1953 ] [ndcg@5: 0.0607 ndcg@10: 0.0756 ndcg@20: 0.0972 ] 
2026-05-10 12:15:00,873 - Epoch 18  [recall@5: 0.0793 recall@10: 0.1268 recall@20: 0.2001 ] [ndcg@5: 0.0619 ndcg@10: 0.0784 ndcg@20: 0.0995 ] 
2026-05-10 12:15:08,560 - Epoch 21  [recall@5: 0.0804 recall@10: 0.1292 recall@20: 0.2038 ] [ndcg@5: 0.0631 ndcg@10: 0.0801 ndcg@20: 0.1019 ] 
2026-05-10 12:15:16,382 - Epoch 24  [recall@5: 0.0829 recall@10: 0.1322 recall@20: 0.2078 ] [ndcg@5: 0.0649 ndcg@10: 0.0821 ndcg@20: 0.1042 ] 
2026-05-10 12:15:23,927 - Epoch 27  [recall@5: 0.0859 recall@10: 0.1352 recall@20: 0.2115 ] [ndcg@5: 0.0667 ndcg@10: 0.0838 ndcg@20: 0.1062 ] 
2026-05-10 12:15:31,656 - Epoch 30  [recall@5: 0.0872 recall@10: 0.1400 recall@20: 0.2164 ] [ndcg@5: 0.0676 ndcg@10: 0.0860 ndcg@20: 0.1083 ] 
2026-05-10 12:15:39,574 - Epoch 33  [recall@5: 0.0896 recall@10: 0.1438 recall@20: 0.2196 ] [ndcg@5: 0.0688 ndcg@10: 0.0876 ndcg@20: 0.1097 ] 
2026-05-10 12:15:47,163 - Epoch 36  [recall@5: 0.0909 recall@10: 0.1470 recall@20: 0.2233 ] [ndcg@5: 0.0698 ndcg@10: 0.0892 ndcg@20: 0.1116 ] 
2026-05-10 12:15:55,002 - Epoch 39  [recall@5: 0.0925 recall@10: 0.1488 recall@20: 0.2243 ] [ndcg@5: 0.0706 ndcg@10: 0.0902 ndcg@20: 0.1125 ] 
2026-05-10 12:16:02,643 - Epoch 42  [recall@5: 0.0938 recall@10: 0.1491 recall@20: 0.2274 ] [ndcg@5: 0.0715 ndcg@10: 0.0906 ndcg@20: 0.1136 ] 
2026-05-10 12:16:10,528 - Epoch 45  [recall@5: 0.0938 recall@10: 0.1520 recall@20: 0.2291 ] [ndcg@5: 0.0719 ndcg@10: 0.0919 ndcg@20: 0.1145 ] 
2026-05-10 12:16:18,501 - Epoch 48  [recall@5: 0.0947 recall@10: 0.1524 recall@20: 0.2300 ] [ndcg@5: 0.0726 ndcg@10: 0.0925 ndcg@20: 0.1152 ] 
2026-05-10 12:16:26,748 - Epoch 51  [recall@5: 0.0960 recall@10: 0.1539 recall@20: 0.2315 ] [ndcg@5: 0.0738 ndcg@10: 0.0937 ndcg@20: 0.1165 ] 
2026-05-10 12:16:35,001 - Epoch 54  [recall@5: 0.0972 recall@10: 0.1547 recall@20: 0.2332 ] [ndcg@5: 0.0745 ndcg@10: 0.0943 ndcg@20: 0.1173 ] 
2026-05-10 12:16:43,082 - Epoch 57  [recall@5: 0.0967 recall@10: 0.1571 recall@20: 0.2340 ] [ndcg@5: 0.0745 ndcg@10: 0.0954 ndcg@20: 0.1180 ] 
2026-05-10 12:16:50,900 - Epoch 60  [recall@5: 0.0974 recall@10: 0.1573 recall@20: 0.2364 ] [ndcg@5: 0.0750 ndcg@10: 0.0957 ndcg@20: 0.1189 ] 
2026-05-10 12:16:58,554 - Epoch 63  [recall@5: 0.0993 recall@10: 0.1601 recall@20: 0.2379 ] [ndcg@5: 0.0759 ndcg@10: 0.0969 ndcg@20: 0.1197 ] 
2026-05-10 12:17:06,075 - Epoch 66  [recall@5: 0.0998 recall@10: 0.1608 recall@20: 0.2387 ] [ndcg@5: 0.0765 ndcg@10: 0.0977 ndcg@20: 0.1205 ] 
2026-05-10 12:17:14,499 - Epoch 69  [recall@5: 0.1002 recall@10: 0.1619 recall@20: 0.2399 ] [ndcg@5: 0.0775 ndcg@10: 0.0989 ndcg@20: 0.1217 ] 
2026-05-10 12:17:22,659 - Epoch 72  [recall@5: 0.1014 recall@10: 0.1620 recall@20: 0.2405 ] [ndcg@5: 0.0781 ndcg@10: 0.0991 ndcg@20: 0.1222 ] 
2026-05-10 12:17:30,411 - Epoch 75  [recall@5: 0.1009 recall@10: 0.1644 recall@20: 0.2416 ] [ndcg@5: 0.0782 ndcg@10: 0.1002 ndcg@20: 0.1228 ] 
2026-05-10 12:17:38,167 - Epoch 78  [recall@5: 0.1017 recall@10: 0.1654 recall@20: 0.2421 ] [ndcg@5: 0.0789 ndcg@10: 0.1009 ndcg@20: 0.1233 ] 
2026-05-10 12:17:46,172 - Epoch 81  [recall@5: 0.1018 recall@10: 0.1653 recall@20: 0.2438 ] [ndcg@5: 0.0789 ndcg@10: 0.1011 ndcg@20: 0.1240 ] 
2026-05-10 12:17:53,954 - Epoch 84  [recall@5: 0.1029 recall@10: 0.1650 recall@20: 0.2451 ] [ndcg@5: 0.0798 ndcg@10: 0.1014 ndcg@20: 0.1247 ] 
2026-05-10 12:18:01,581 - Epoch 87  [recall@5: 0.1032 recall@10: 0.1660 recall@20: 0.2460 ] [ndcg@5: 0.0796 ndcg@10: 0.1016 ndcg@20: 0.1249 ] 
2026-05-10 12:18:09,323 - Epoch 90  [recall@5: 0.1038 recall@10: 0.1666 recall@20: 0.2475 ] [ndcg@5: 0.0804 ndcg@10: 0.1022 ndcg@20: 0.1258 ] 
2026-05-10 12:18:16,787 - Epoch 93  [recall@5: 0.1038 recall@10: 0.1665 recall@20: 0.2489 ] [ndcg@5: 0.0805 ndcg@10: 0.1022 ndcg@20: 0.1262 ] 
2026-05-10 12:18:24,392 - Epoch 96  [recall@5: 0.1044 recall@10: 0.1660 recall@20: 0.2511 ] [ndcg@5: 0.0807 ndcg@10: 0.1022 ndcg@20: 0.1268 ] 
2026-05-10 12:18:31,963 - Epoch 99  [recall@5: 0.1052 recall@10: 0.1665 recall@20: 0.2512 ] [ndcg@5: 0.0813 ndcg@10: 0.1027 ndcg@20: 0.1273 ] 
2026-05-10 12:18:33,037 - [recall@5: 0.1052 recall@10: 0.1665 recall@20: 0.2512 ] [ndcg@5: 0.0813 ndcg@10: 0.1027 ndcg@20: 0.1273 ] 
2026-05-10 12:18:34,138 - [recall@5: 0.1129 recall@10: 0.1707 recall@20: 0.2487 ] [ndcg@5: 0.0948 ndcg@10: 0.1159 ndcg@20: 0.1401 ] 
2026-05-10 12:18:34,165 - Save model parameters to ./checkpoint/lightgcn_agr/lightgcn_agr-digital_music-2026-20260510_121357_autotune_digital_clean_digital_music_s01_reg_weight_2em06.pth
2026-05-10 12:18:34,166 - Save run metadata to ./checkpoint/lightgcn_agr/lightgcn_agr-digital_music-2026-20260510_121357_autotune_digital_clean_digital_music_s01_reg_weight_2em06.json
2026-05-10 12:18:34,169 - Best Epoch 99. Final test result: {'recall': array([0.11291257, 0.17073836, 0.24865046]), 'ndcg': array([0.09483285, 0.11587128, 0.14011344])}.
