2026-05-09 16:15:17,334 - {'optimizer': {'name': 'adam', 'lr': 0.001, 'weight_decay': 0}, 'train': {'epoch': 200, 'batch_size': 4096, 'save_model': True, 'loss': 'pairwise', 'test_step': 3, 'reproducible': True, 'seed': 2025, 'patience': 5}, 'test': {'metrics': ['recall', 'ndcg'], 'k': [5, 10, 20], 'batch_size': 1024}, 'data': {'type': 'general_cf', 'name': 'digital_music', 'user_num': 5541, 'item_num': 3568}, 'model': {'name': 'lightgcn_agr', 'embedding_size': 32, 'edge_bias': 0.5, 'keep_rate': 0.8, 'mask_ratio': 0.15, 'recon_weight': 0.2, 're_temperature': 0.2, 'layer_num': 3, 'reg_weight': 1e-08, 'prf_weight': 0.02, 'kd_weight': 0.01, 'kd_temperature': 0.2, 'str_weight': 1.0, 'beta': 5.0, 'sigma': 0.25, 'alpha': 0.1, 'movie': {'layer_num': 3, 'reg_weight': 1e-07, 'kd_weight': 0.01, 'kd_temperature': 0.2, 'prf_weight': 0.02, 'str_weight': 1.2, 'beta': 3.5, 'sigma': 0.3, 'alpha': 0.15, 'keep_rate': 0.8}, 'amazon': {'layer_num': 3, 'reg_weight': 5e-07, 'kd_weight': 0.01, 'kd_temperature': 0.2, 'prf_weight': 0.03, 'str_weight': 1.5, 'beta': 4.0, 'sigma': 0.25, 'alpha': 0.2, 'keep_rate': 0.8}, 'steam': {'layer_num': 3, 'reg_weight': 1e-08, 'kd_weight': 0.001, 'kd_temperature': 0.1, 'prf_weight': 0.01, 'str_weight': 1.0, 'beta': 2.5, 'sigma': 0.2, 'alpha': 0.08, 'keep_rate': 0.8}, 'yelp': {'layer_num': 3, 'reg_weight': 1e-06, 'kd_weight': 0.001, 'kd_temperature': 0.2, 'prf_weight': 0.025, 'str_weight': 1.3, 'beta': 4.0, 'sigma': 0.28, 'alpha': 0.18, 'keep_rate': 0.8}}}
2026-05-09 16:15:23,906 - Epoch 0  [recall@5: 0.0132 recall@10: 0.0230 recall@20: 0.0366 ] [ndcg@5: 0.0108 ndcg@10: 0.0142 ndcg@20: 0.0181 ] 
2026-05-09 16:15:30,255 - Epoch 3  [recall@5: 0.0661 recall@10: 0.1016 recall@20: 0.1491 ] [ndcg@5: 0.0529 ndcg@10: 0.0649 ndcg@20: 0.0790 ] 
2026-05-09 16:15:37,565 - Epoch 6  [recall@5: 0.0756 recall@10: 0.1179 recall@20: 0.1829 ] [ndcg@5: 0.0601 ndcg@10: 0.0747 ndcg@20: 0.0937 ] 
2026-05-09 16:15:44,170 - Epoch 9  [recall@5: 0.0766 recall@10: 0.1203 recall@20: 0.1905 ] [ndcg@5: 0.0604 ndcg@10: 0.0754 ndcg@20: 0.0960 ] 
2026-05-09 16:15:50,870 - Epoch 12  [recall@5: 0.0770 recall@10: 0.1222 recall@20: 0.1929 ] [ndcg@5: 0.0602 ndcg@10: 0.0758 ndcg@20: 0.0963 ] 
2026-05-09 16:15:57,521 - Epoch 15  [recall@5: 0.0782 recall@10: 0.1208 recall@20: 0.1951 ] [ndcg@5: 0.0607 ndcg@10: 0.0755 ndcg@20: 0.0971 ] 
2026-05-09 16:16:04,055 - Epoch 18  [recall@5: 0.0791 recall@10: 0.1268 recall@20: 0.2000 ] [ndcg@5: 0.0619 ndcg@10: 0.0784 ndcg@20: 0.0995 ] 
2026-05-09 16:16:10,317 - Epoch 21  [recall@5: 0.0804 recall@10: 0.1292 recall@20: 0.2040 ] [ndcg@5: 0.0632 ndcg@10: 0.0802 ndcg@20: 0.1020 ] 
2026-05-09 16:16:16,943 - Epoch 24  [recall@5: 0.0831 recall@10: 0.1324 recall@20: 0.2078 ] [ndcg@5: 0.0650 ndcg@10: 0.0821 ndcg@20: 0.1042 ] 
2026-05-09 16:16:23,414 - Epoch 27  [recall@5: 0.0859 recall@10: 0.1351 recall@20: 0.2116 ] [ndcg@5: 0.0667 ndcg@10: 0.0837 ndcg@20: 0.1062 ] 
2026-05-09 16:16:29,817 - Epoch 30  [recall@5: 0.0872 recall@10: 0.1396 recall@20: 0.2164 ] [ndcg@5: 0.0676 ndcg@10: 0.0858 ndcg@20: 0.1083 ] 
2026-05-09 16:16:36,317 - Epoch 33  [recall@5: 0.0895 recall@10: 0.1437 recall@20: 0.2196 ] [ndcg@5: 0.0688 ndcg@10: 0.0876 ndcg@20: 0.1098 ] 
2026-05-09 16:16:42,900 - Epoch 36  [recall@5: 0.0909 recall@10: 0.1470 recall@20: 0.2234 ] [ndcg@5: 0.0697 ndcg@10: 0.0891 ndcg@20: 0.1116 ] 
2026-05-09 16:16:49,525 - Epoch 39  [recall@5: 0.0923 recall@10: 0.1490 recall@20: 0.2242 ] [ndcg@5: 0.0706 ndcg@10: 0.0902 ndcg@20: 0.1124 ] 
2026-05-09 16:16:55,945 - Epoch 42  [recall@5: 0.0938 recall@10: 0.1490 recall@20: 0.2275 ] [ndcg@5: 0.0715 ndcg@10: 0.0906 ndcg@20: 0.1137 ] 
2026-05-09 16:17:02,374 - Epoch 45  [recall@5: 0.0939 recall@10: 0.1518 recall@20: 0.2291 ] [ndcg@5: 0.0719 ndcg@10: 0.0919 ndcg@20: 0.1145 ] 
2026-05-09 16:17:08,857 - Epoch 48  [recall@5: 0.0947 recall@10: 0.1524 recall@20: 0.2301 ] [ndcg@5: 0.0726 ndcg@10: 0.0925 ndcg@20: 0.1152 ] 
2026-05-09 16:17:15,329 - Epoch 51  [recall@5: 0.0961 recall@10: 0.1542 recall@20: 0.2316 ] [ndcg@5: 0.0738 ndcg@10: 0.0938 ndcg@20: 0.1165 ] 
2026-05-09 16:17:21,830 - Epoch 54  [recall@5: 0.0972 recall@10: 0.1547 recall@20: 0.2331 ] [ndcg@5: 0.0745 ndcg@10: 0.0942 ndcg@20: 0.1173 ] 
2026-05-09 16:17:28,463 - Epoch 57  [recall@5: 0.0967 recall@10: 0.1571 recall@20: 0.2342 ] [ndcg@5: 0.0745 ndcg@10: 0.0953 ndcg@20: 0.1180 ] 
2026-05-09 16:17:35,070 - Epoch 60  [recall@5: 0.0974 recall@10: 0.1574 recall@20: 0.2366 ] [ndcg@5: 0.0750 ndcg@10: 0.0957 ndcg@20: 0.1190 ] 
2026-05-09 16:17:41,454 - Epoch 63  [recall@5: 0.0991 recall@10: 0.1598 recall@20: 0.2381 ] [ndcg@5: 0.0758 ndcg@10: 0.0968 ndcg@20: 0.1197 ] 
2026-05-09 16:17:48,151 - Epoch 66  [recall@5: 0.0998 recall@10: 0.1608 recall@20: 0.2386 ] [ndcg@5: 0.0764 ndcg@10: 0.0975 ndcg@20: 0.1204 ] 
2026-05-09 16:17:55,453 - Epoch 69  [recall@5: 0.1002 recall@10: 0.1621 recall@20: 0.2399 ] [ndcg@5: 0.0775 ndcg@10: 0.0990 ndcg@20: 0.1218 ] 
2026-05-09 16:18:02,351 - Epoch 72  [recall@5: 0.1016 recall@10: 0.1620 recall@20: 0.2405 ] [ndcg@5: 0.0782 ndcg@10: 0.0991 ndcg@20: 0.1222 ] 
2026-05-09 16:18:08,935 - Epoch 75  [recall@5: 0.1009 recall@10: 0.1643 recall@20: 0.2418 ] [ndcg@5: 0.0782 ndcg@10: 0.1002 ndcg@20: 0.1228 ] 
2026-05-09 16:18:15,404 - Epoch 78  [recall@5: 0.1017 recall@10: 0.1650 recall@20: 0.2421 ] [ndcg@5: 0.0789 ndcg@10: 0.1009 ndcg@20: 0.1234 ] 
2026-05-09 16:18:21,994 - Epoch 81  [recall@5: 0.1018 recall@10: 0.1654 recall@20: 0.2434 ] [ndcg@5: 0.0791 ndcg@10: 0.1013 ndcg@20: 0.1240 ] 
2026-05-09 16:18:28,853 - Epoch 84  [recall@5: 0.1029 recall@10: 0.1650 recall@20: 0.2451 ] [ndcg@5: 0.0798 ndcg@10: 0.1015 ndcg@20: 0.1247 ] 
2026-05-09 16:18:35,645 - Epoch 87  [recall@5: 0.1032 recall@10: 0.1661 recall@20: 0.2461 ] [ndcg@5: 0.0796 ndcg@10: 0.1016 ndcg@20: 0.1249 ] 
2026-05-09 16:18:42,636 - Epoch 90  [recall@5: 0.1037 recall@10: 0.1664 recall@20: 0.2475 ] [ndcg@5: 0.0804 ndcg@10: 0.1021 ndcg@20: 0.1258 ] 
2026-05-09 16:18:49,514 - Epoch 93  [recall@5: 0.1036 recall@10: 0.1663 recall@20: 0.2490 ] [ndcg@5: 0.0804 ndcg@10: 0.1021 ndcg@20: 0.1262 ] 
2026-05-09 16:18:55,892 - Epoch 96  [recall@5: 0.1044 recall@10: 0.1664 recall@20: 0.2512 ] [ndcg@5: 0.0809 ndcg@10: 0.1024 ndcg@20: 0.1270 ] 
2026-05-09 16:19:02,389 - Epoch 99  [recall@5: 0.1050 recall@10: 0.1663 recall@20: 0.2511 ] [ndcg@5: 0.0812 ndcg@10: 0.1027 ndcg@20: 0.1272 ] 
2026-05-09 16:19:08,841 - Epoch 102  [recall@5: 0.1057 recall@10: 0.1673 recall@20: 0.2522 ] [ndcg@5: 0.0819 ndcg@10: 0.1035 ndcg@20: 0.1280 ] 
2026-05-09 16:19:15,249 - Epoch 105  [recall@5: 0.1064 recall@10: 0.1684 recall@20: 0.2524 ] [ndcg@5: 0.0824 ndcg@10: 0.1038 ndcg@20: 0.1282 ] 
2026-05-09 16:19:21,751 - Epoch 108  [recall@5: 0.1064 recall@10: 0.1679 recall@20: 0.2534 ] [ndcg@5: 0.0827 ndcg@10: 0.1039 ndcg@20: 0.1287 ] 
2026-05-09 16:19:28,332 - Epoch 111  [recall@5: 0.1070 recall@10: 0.1690 recall@20: 0.2544 ] [ndcg@5: 0.0833 ndcg@10: 0.1047 ndcg@20: 0.1295 ] 
2026-05-09 16:19:35,019 - Epoch 114  [recall@5: 0.1073 recall@10: 0.1689 recall@20: 0.2551 ] [ndcg@5: 0.0834 ndcg@10: 0.1046 ndcg@20: 0.1296 ] 
2026-05-09 16:19:41,486 - Epoch 117  [recall@5: 0.1088 recall@10: 0.1699 recall@20: 0.2545 ] [ndcg@5: 0.0841 ndcg@10: 0.1052 ndcg@20: 0.1297 ] 
2026-05-09 16:19:47,885 - Epoch 120  [recall@5: 0.1087 recall@10: 0.1685 recall@20: 0.2553 ] [ndcg@5: 0.0844 ndcg@10: 0.1051 ndcg@20: 0.1302 ] 
2026-05-09 16:19:54,517 - Epoch 123  [recall@5: 0.1080 recall@10: 0.1689 recall@20: 0.2566 ] [ndcg@5: 0.0839 ndcg@10: 0.1050 ndcg@20: 0.1303 ] 
2026-05-09 16:20:01,139 - Epoch 126  [recall@5: 0.1082 recall@10: 0.1691 recall@20: 0.2568 ] [ndcg@5: 0.0843 ndcg@10: 0.1054 ndcg@20: 0.1307 ] 
2026-05-09 16:20:07,757 - Epoch 129  [recall@5: 0.1090 recall@10: 0.1702 recall@20: 0.2567 ] [ndcg@5: 0.0848 ndcg@10: 0.1059 ndcg@20: 0.1309 ] 
2026-05-09 16:20:14,204 - Epoch 132  [recall@5: 0.1091 recall@10: 0.1704 recall@20: 0.2575 ] [ndcg@5: 0.0848 ndcg@10: 0.1061 ndcg@20: 0.1313 ] 
2026-05-09 16:20:20,608 - Epoch 135  [recall@5: 0.1097 recall@10: 0.1707 recall@20: 0.2580 ] [ndcg@5: 0.0853 ndcg@10: 0.1064 ndcg@20: 0.1317 ] 
2026-05-09 16:20:27,159 - Epoch 138  [recall@5: 0.1099 recall@10: 0.1703 recall@20: 0.2583 ] [ndcg@5: 0.0855 ndcg@10: 0.1064 ndcg@20: 0.1318 ] 
2026-05-09 16:20:33,489 - Epoch 141  [recall@5: 0.1100 recall@10: 0.1705 recall@20: 0.2580 ] [ndcg@5: 0.0856 ndcg@10: 0.1065 ndcg@20: 0.1319 ] 
2026-05-09 16:20:39,990 - Epoch 144  [recall@5: 0.1099 recall@10: 0.1709 recall@20: 0.2581 ] [ndcg@5: 0.0856 ndcg@10: 0.1068 ndcg@20: 0.1320 ] 
2026-05-09 16:20:46,765 - Epoch 147  [recall@5: 0.1097 recall@10: 0.1707 recall@20: 0.2590 ] [ndcg@5: 0.0855 ndcg@10: 0.1066 ndcg@20: 0.1322 ] 
2026-05-09 16:20:53,856 - Epoch 150  [recall@5: 0.1089 recall@10: 0.1714 recall@20: 0.2590 ] [ndcg@5: 0.0854 ndcg@10: 0.1071 ndcg@20: 0.1324 ] 
2026-05-09 16:21:00,687 - Epoch 153  [recall@5: 0.1096 recall@10: 0.1715 recall@20: 0.2586 ] [ndcg@5: 0.0857 ndcg@10: 0.1071 ndcg@20: 0.1323 ] 
2026-05-09 16:21:07,638 - Epoch 156  [recall@5: 0.1102 recall@10: 0.1707 recall@20: 0.2600 ] [ndcg@5: 0.0859 ndcg@10: 0.1068 ndcg@20: 0.1326 ] 
2026-05-09 16:21:14,414 - Epoch 159  [recall@5: 0.1101 recall@10: 0.1716 recall@20: 0.2596 ] [ndcg@5: 0.0859 ndcg@10: 0.1072 ndcg@20: 0.1327 ] 
2026-05-09 16:21:20,705 - Epoch 162  [recall@5: 0.1101 recall@10: 0.1722 recall@20: 0.2595 ] [ndcg@5: 0.0862 ndcg@10: 0.1077 ndcg@20: 0.1329 ] 
2026-05-09 16:21:26,820 - Epoch 165  [recall@5: 0.1101 recall@10: 0.1726 recall@20: 0.2597 ] [ndcg@5: 0.0862 ndcg@10: 0.1078 ndcg@20: 0.1330 ] 
2026-05-09 16:21:32,945 - Epoch 168  [recall@5: 0.1106 recall@10: 0.1734 recall@20: 0.2591 ] [ndcg@5: 0.0865 ndcg@10: 0.1082 ndcg@20: 0.1330 ] 
2026-05-09 16:21:39,442 - Epoch 171  [recall@5: 0.1109 recall@10: 0.1751 recall@20: 0.2589 ] [ndcg@5: 0.0865 ndcg@10: 0.1086 ndcg@20: 0.1329 ] 
2026-05-09 16:21:40,387 - [recall@5: 0.1102 recall@10: 0.1707 recall@20: 0.2600 ] [ndcg@5: 0.0859 ndcg@10: 0.1068 ndcg@20: 0.1326 ] 
2026-05-09 16:21:41,356 - [recall@5: 0.1179 recall@10: 0.1759 recall@20: 0.2556 ] [ndcg@5: 0.0980 ndcg@10: 0.1190 ndcg@20: 0.1436 ] 
2026-05-09 16:21:41,371 - Save model parameters to ./checkpoint/lightgcn_agr/lightgcn_agr-digital_music-2025-20260509_161512.pth
2026-05-09 16:21:41,371 - Save run metadata to ./checkpoint/lightgcn_agr/lightgcn_agr-digital_music-2025-20260509_161512.json
2026-05-09 16:21:41,374 - Best Epoch 156. Final test result: {'recall': array([0.11792203, 0.17586331, 0.25563436]), 'ndcg': array([0.09800594, 0.1190222 , 0.14362467])}.
