2026-05-09 15:49:37,668 - {'optimizer': {'name': 'adam', 'lr': 0.001, 'weight_decay': 0}, 'train': {'epoch': 200, 'batch_size': 4096, 'save_model': True, 'loss': 'pairwise', 'test_step': 3, 'reproducible': True, 'seed': 2025, 'patience': 3}, 'test': {'metrics': ['recall', 'ndcg'], 'k': [5, 10, 20], 'batch_size': 1024}, 'data': {'type': 'general_cf', 'name': 'digital_music', 'user_num': 5541, 'item_num': 3568}, 'model': {'name': 'lightgcn_agr', 'embedding_size': 32, 'edge_bias': 0.5, 'keep_rate': 0.8, 'mask_ratio': 0.15, 'recon_weight': 0.2, 're_temperature': 0.2, 'layer_num': 3, 'reg_weight': 1e-06, 'prf_weight': 0.02, 'kd_weight': 0.01, 'kd_temperature': 0.2, 'str_weight': 1.0, 'beta': 7.5, 'sigma': 0.25, 'alpha': 0.1, 'movie': {'layer_num': 3, 'reg_weight': 1e-07, 'kd_weight': 0.01, 'kd_temperature': 0.2, 'prf_weight': 0.02, 'str_weight': 1.2, 'beta': 3.5, 'sigma': 0.3, 'alpha': 0.15, 'keep_rate': 0.8}, 'amazon': {'layer_num': 3, 'reg_weight': 1e-07, 'kd_weight': 0.01, 'kd_temperature': 0.2, 'prf_weight': 0.03, 'str_weight': 1.5, 'beta': 4.0, 'sigma': 0.25, 'alpha': 0.2, 'keep_rate': 0.8}, 'steam': {'layer_num': 3, 'reg_weight': 1e-08, 'kd_weight': 0.001, 'kd_temperature': 0.1, 'prf_weight': 0.01, 'str_weight': 1.0, 'beta': 2.5, 'sigma': 0.2, 'alpha': 0.08, 'keep_rate': 0.8}, 'yelp': {'layer_num': 3, 'reg_weight': 1e-06, 'kd_weight': 0.001, 'kd_temperature': 0.2, 'prf_weight': 0.025, 'str_weight': 1.3, 'beta': 4.0, 'sigma': 0.28, 'alpha': 0.18, 'keep_rate': 0.8}}}
2026-05-09 15:49:43,765 - Epoch 0  [recall@5: 0.0133 recall@10: 0.0227 recall@20: 0.0362 ] [ndcg@5: 0.0108 ndcg@10: 0.0140 ndcg@20: 0.0178 ] 
2026-05-09 15:49:50,181 - Epoch 3  [recall@5: 0.0660 recall@10: 0.0992 recall@20: 0.1487 ] [ndcg@5: 0.0527 ndcg@10: 0.0641 ndcg@20: 0.0786 ] 
2026-05-09 15:49:56,848 - Epoch 6  [recall@5: 0.0774 recall@10: 0.1196 recall@20: 0.1878 ] [ndcg@5: 0.0616 ndcg@10: 0.0762 ndcg@20: 0.0960 ] 
2026-05-09 15:50:03,826 - Epoch 9  [recall@5: 0.0808 recall@10: 0.1262 recall@20: 0.1986 ] [ndcg@5: 0.0637 ndcg@10: 0.0796 ndcg@20: 0.1007 ] 
2026-05-09 15:50:10,003 - Epoch 12  [recall@5: 0.0800 recall@10: 0.1272 recall@20: 0.2014 ] [ndcg@5: 0.0634 ndcg@10: 0.0798 ndcg@20: 0.1012 ] 
2026-05-09 15:50:16,134 - Epoch 15  [recall@5: 0.0819 recall@10: 0.1265 recall@20: 0.2022 ] [ndcg@5: 0.0642 ndcg@10: 0.0797 ndcg@20: 0.1017 ] 
2026-05-09 15:50:22,528 - Epoch 18  [recall@5: 0.0818 recall@10: 0.1317 recall@20: 0.2064 ] [ndcg@5: 0.0644 ndcg@10: 0.0817 ndcg@20: 0.1035 ] 
2026-05-09 15:50:29,159 - Epoch 21  [recall@5: 0.0842 recall@10: 0.1343 recall@20: 0.2110 ] [ndcg@5: 0.0666 ndcg@10: 0.0839 ndcg@20: 0.1063 ] 
2026-05-09 15:50:35,702 - Epoch 24  [recall@5: 0.0877 recall@10: 0.1376 recall@20: 0.2154 ] [ndcg@5: 0.0683 ndcg@10: 0.0855 ndcg@20: 0.1083 ] 
2026-05-09 15:50:41,925 - Epoch 27  [recall@5: 0.0893 recall@10: 0.1409 recall@20: 0.2184 ] [ndcg@5: 0.0694 ndcg@10: 0.0874 ndcg@20: 0.1101 ] 
2026-05-09 15:50:48,109 - Epoch 30  [recall@5: 0.0914 recall@10: 0.1448 recall@20: 0.2226 ] [ndcg@5: 0.0706 ndcg@10: 0.0892 ndcg@20: 0.1119 ] 
2026-05-09 15:50:54,916 - Epoch 33  [recall@5: 0.0934 recall@10: 0.1490 recall@20: 0.2243 ] [ndcg@5: 0.0716 ndcg@10: 0.0908 ndcg@20: 0.1130 ] 
2026-05-09 15:51:03,518 - Epoch 36  [recall@5: 0.0945 recall@10: 0.1496 recall@20: 0.2289 ] [ndcg@5: 0.0722 ndcg@10: 0.0913 ndcg@20: 0.1146 ] 
2026-05-09 15:51:13,101 - Epoch 39  [recall@5: 0.0955 recall@10: 0.1519 recall@20: 0.2317 ] [ndcg@5: 0.0731 ndcg@10: 0.0925 ndcg@20: 0.1159 ] 
2026-05-09 15:51:22,049 - Epoch 42  [recall@5: 0.0971 recall@10: 0.1540 recall@20: 0.2328 ] [ndcg@5: 0.0743 ndcg@10: 0.0940 ndcg@20: 0.1171 ] 
2026-05-09 15:51:30,996 - Epoch 45  [recall@5: 0.0981 recall@10: 0.1570 recall@20: 0.2348 ] [ndcg@5: 0.0751 ndcg@10: 0.0954 ndcg@20: 0.1182 ] 
2026-05-09 15:51:39,933 - Epoch 48  [recall@5: 0.0981 recall@10: 0.1565 recall@20: 0.2363 ] [ndcg@5: 0.0754 ndcg@10: 0.0955 ndcg@20: 0.1188 ] 
2026-05-09 15:51:48,833 - Epoch 51  [recall@5: 0.0990 recall@10: 0.1592 recall@20: 0.2383 ] [ndcg@5: 0.0762 ndcg@10: 0.0969 ndcg@20: 0.1200 ] 
2026-05-09 15:51:57,976 - Epoch 54  [recall@5: 0.0994 recall@10: 0.1591 recall@20: 0.2392 ] [ndcg@5: 0.0764 ndcg@10: 0.0970 ndcg@20: 0.1204 ] 
2026-05-09 15:52:06,873 - Epoch 57  [recall@5: 0.0993 recall@10: 0.1593 recall@20: 0.2411 ] [ndcg@5: 0.0768 ndcg@10: 0.0976 ndcg@20: 0.1215 ] 
2026-05-09 15:52:15,691 - Epoch 60  [recall@5: 0.1001 recall@10: 0.1601 recall@20: 0.2426 ] [ndcg@5: 0.0774 ndcg@10: 0.0982 ndcg@20: 0.1223 ] 
2026-05-09 15:52:24,848 - Epoch 63  [recall@5: 0.1010 recall@10: 0.1619 recall@20: 0.2419 ] [ndcg@5: 0.0779 ndcg@10: 0.0990 ndcg@20: 0.1225 ] 
2026-05-09 15:52:34,075 - Epoch 66  [recall@5: 0.1026 recall@10: 0.1624 recall@20: 0.2428 ] [ndcg@5: 0.0788 ndcg@10: 0.0996 ndcg@20: 0.1232 ] 
2026-05-09 15:52:43,021 - Epoch 69  [recall@5: 0.1041 recall@10: 0.1632 recall@20: 0.2447 ] [ndcg@5: 0.0799 ndcg@10: 0.1006 ndcg@20: 0.1243 ] 
2026-05-09 15:52:51,946 - Epoch 72  [recall@5: 0.1047 recall@10: 0.1636 recall@20: 0.2448 ] [ndcg@5: 0.0804 ndcg@10: 0.1010 ndcg@20: 0.1247 ] 
2026-05-09 15:53:00,009 - Epoch 75  [recall@5: 0.1057 recall@10: 0.1641 recall@20: 0.2481 ] [ndcg@5: 0.0811 ndcg@10: 0.1015 ndcg@20: 0.1259 ] 
2026-05-09 15:53:07,107 - Epoch 78  [recall@5: 0.1060 recall@10: 0.1649 recall@20: 0.2485 ] [ndcg@5: 0.0816 ndcg@10: 0.1022 ndcg@20: 0.1265 ] 
2026-05-09 15:53:14,248 - Epoch 81  [recall@5: 0.1054 recall@10: 0.1659 recall@20: 0.2494 ] [ndcg@5: 0.0815 ndcg@10: 0.1027 ndcg@20: 0.1269 ] 
2026-05-09 15:53:21,002 - Epoch 84  [recall@5: 0.1057 recall@10: 0.1663 recall@20: 0.2510 ] [ndcg@5: 0.0819 ndcg@10: 0.1031 ndcg@20: 0.1277 ] 
2026-05-09 15:53:27,824 - Epoch 87  [recall@5: 0.1062 recall@10: 0.1680 recall@20: 0.2514 ] [ndcg@5: 0.0821 ndcg@10: 0.1036 ndcg@20: 0.1278 ] 
2026-05-09 15:53:34,382 - Epoch 90  [recall@5: 0.1066 recall@10: 0.1678 recall@20: 0.2523 ] [ndcg@5: 0.0826 ndcg@10: 0.1039 ndcg@20: 0.1284 ] 
2026-05-09 15:53:40,706 - Epoch 93  [recall@5: 0.1073 recall@10: 0.1681 recall@20: 0.2529 ] [ndcg@5: 0.0832 ndcg@10: 0.1043 ndcg@20: 0.1288 ] 
2026-05-09 15:53:47,071 - Epoch 96  [recall@5: 0.1068 recall@10: 0.1693 recall@20: 0.2529 ] [ndcg@5: 0.0831 ndcg@10: 0.1048 ndcg@20: 0.1291 ] 
2026-05-09 15:53:53,533 - Epoch 99  [recall@5: 0.1080 recall@10: 0.1699 recall@20: 0.2536 ] [ndcg@5: 0.0835 ndcg@10: 0.1050 ndcg@20: 0.1293 ] 
2026-05-09 15:53:59,791 - Epoch 102  [recall@5: 0.1088 recall@10: 0.1696 recall@20: 0.2540 ] [ndcg@5: 0.0844 ndcg@10: 0.1055 ndcg@20: 0.1299 ] 
2026-05-09 15:54:06,037 - Epoch 105  [recall@5: 0.1097 recall@10: 0.1699 recall@20: 0.2542 ] [ndcg@5: 0.0848 ndcg@10: 0.1056 ndcg@20: 0.1301 ] 
2026-05-09 15:54:12,383 - Epoch 108  [recall@5: 0.1090 recall@10: 0.1707 recall@20: 0.2540 ] [ndcg@5: 0.0848 ndcg@10: 0.1061 ndcg@20: 0.1303 ] 
2026-05-09 15:54:19,170 - Epoch 111  [recall@5: 0.1098 recall@10: 0.1704 recall@20: 0.2551 ] [ndcg@5: 0.0853 ndcg@10: 0.1062 ndcg@20: 0.1309 ] 
2026-05-09 15:54:26,255 - Epoch 114  [recall@5: 0.1097 recall@10: 0.1717 recall@20: 0.2549 ] [ndcg@5: 0.0854 ndcg@10: 0.1069 ndcg@20: 0.1311 ] 
2026-05-09 15:54:32,765 - Epoch 117  [recall@5: 0.1093 recall@10: 0.1721 recall@20: 0.2554 ] [ndcg@5: 0.0854 ndcg@10: 0.1072 ndcg@20: 0.1313 ] 
2026-05-09 15:54:39,218 - Epoch 120  [recall@5: 0.1099 recall@10: 0.1716 recall@20: 0.2560 ] [ndcg@5: 0.0857 ndcg@10: 0.1071 ndcg@20: 0.1315 ] 
2026-05-09 15:54:45,686 - Epoch 123  [recall@5: 0.1107 recall@10: 0.1723 recall@20: 0.2554 ] [ndcg@5: 0.0865 ndcg@10: 0.1078 ndcg@20: 0.1319 ] 
2026-05-09 15:54:52,202 - Epoch 126  [recall@5: 0.1102 recall@10: 0.1722 recall@20: 0.2556 ] [ndcg@5: 0.0862 ndcg@10: 0.1078 ndcg@20: 0.1320 ] 
2026-05-09 15:54:58,575 - Epoch 129  [recall@5: 0.1118 recall@10: 0.1731 recall@20: 0.2565 ] [ndcg@5: 0.0869 ndcg@10: 0.1081 ndcg@20: 0.1323 ] 
2026-05-09 15:55:04,800 - Epoch 132  [recall@5: 0.1111 recall@10: 0.1736 recall@20: 0.2577 ] [ndcg@5: 0.0869 ndcg@10: 0.1085 ndcg@20: 0.1328 ] 
2026-05-09 15:55:11,344 - Epoch 135  [recall@5: 0.1121 recall@10: 0.1745 recall@20: 0.2573 ] [ndcg@5: 0.0871 ndcg@10: 0.1088 ndcg@20: 0.1328 ] 
2026-05-09 15:55:17,778 - Epoch 138  [recall@5: 0.1124 recall@10: 0.1734 recall@20: 0.2553 ] [ndcg@5: 0.0874 ndcg@10: 0.1086 ndcg@20: 0.1324 ] 
2026-05-09 15:55:24,130 - Epoch 141  [recall@5: 0.1120 recall@10: 0.1737 recall@20: 0.2566 ] [ndcg@5: 0.0871 ndcg@10: 0.1085 ndcg@20: 0.1326 ] 
2026-05-09 15:55:25,043 - [recall@5: 0.1111 recall@10: 0.1736 recall@20: 0.2577 ] [ndcg@5: 0.0869 ndcg@10: 0.1085 ndcg@20: 0.1328 ] 
2026-05-09 15:55:25,795 - [recall@5: 0.1180 recall@10: 0.1771 recall@20: 0.2545 ] [ndcg@5: 0.0982 ndcg@10: 0.1196 ndcg@20: 0.1435 ] 
2026-05-09 15:55:25,815 - Save model parameters to ./checkpoint/lightgcn_agr/lightgcn_agr-digital_music-2025-20260509_154932.pth
2026-05-09 15:55:25,816 - Save run metadata to ./checkpoint/lightgcn_agr/lightgcn_agr-digital_music-2025-20260509_154932.json
2026-05-09 15:55:25,818 - Best Epoch 132. Final test result: {'recall': array([0.11802659, 0.17705264, 0.25445754]), 'ndcg': array([0.09815677, 0.11961323, 0.14353218])}.
