2026-05-10 01:05:14,562 - {'optimizer': {'name': 'adam', 'lr': 0.001, 'weight_decay': 0}, 'train': {'epoch': 100, 'batch_size': 4096, 'save_model': True, 'loss': 'pairwise', 'test_step': 3, 'reproducible': True, 'seed': 2026, 'patience': 5}, 'test': {'metrics': ['recall', 'ndcg'], 'k': [5, 10, 20], 'batch_size': 1024}, 'data': {'type': 'general_cf', 'name': 'digital_music', 'user_num': 5541, 'item_num': 3568}, 'model': {'name': 'lightgcn_agr', 'embedding_size': 32, 'edge_bias': 0.5, 'keep_rate': 0.8, 'mask_ratio': 0.15, 'recon_weight': 0.2, 're_temperature': 0.2, 'layer_num': 3, 'reg_weight': 1e-06, 'prf_weight': 0.02, 'kd_weight': 0.01, 'kd_temperature': 0.2, 'str_weight': 1.0, 'beta': 5.0, 'sigma': 0.25, 'alpha': 0.1, 'movie': {'layer_num': 3, 'reg_weight': 1e-07, 'kd_weight': 0.01, 'kd_temperature': 0.2, 'prf_weight': 0.02, 'str_weight': 1.2, 'beta': 3.5, 'sigma': 0.3, 'alpha': 0.15, 'keep_rate': 0.8}, 'amazon': {'layer_num': 3, 'reg_weight': 5e-07, 'kd_weight': 0.01, 'kd_temperature': 0.2, 'prf_weight': 0.03, 'str_weight': 1.5, 'beta': 4.0, 'sigma': 0.25, 'alpha': 0.2, 'keep_rate': 0.8}, 'steam': {'layer_num': 3, 'reg_weight': 1e-08, 'kd_weight': 0.001, 'kd_temperature': 0.1, 'prf_weight': 0.01, 'str_weight': 1.0, 'beta': 2.5, 'sigma': 0.2, 'alpha': 0.08, 'keep_rate': 0.8}, 'yelp': {'layer_num': 3, 'reg_weight': 1e-06, 'kd_weight': 0.001, 'kd_temperature': 0.2, 'prf_weight': 0.025, 'str_weight': 1.3, 'beta': 4.0, 'sigma': 0.28, 'alpha': 0.18, 'keep_rate': 0.8}}}
2026-05-10 01:05:20,967 - Epoch 0  [recall@5: 0.0132 recall@10: 0.0230 recall@20: 0.0366 ] [ndcg@5: 0.0108 ndcg@10: 0.0142 ndcg@20: 0.0181 ] 
2026-05-10 01:05:27,175 - Epoch 3  [recall@5: 0.0661 recall@10: 0.1016 recall@20: 0.1490 ] [ndcg@5: 0.0529 ndcg@10: 0.0649 ndcg@20: 0.0790 ] 
2026-05-10 01:05:34,804 - Epoch 6  [recall@5: 0.0756 recall@10: 0.1178 recall@20: 0.1829 ] [ndcg@5: 0.0601 ndcg@10: 0.0747 ndcg@20: 0.0938 ] 
2026-05-10 01:05:44,763 - Epoch 9  [recall@5: 0.0764 recall@10: 0.1203 recall@20: 0.1905 ] [ndcg@5: 0.0603 ndcg@10: 0.0754 ndcg@20: 0.0960 ] 
2026-05-10 01:05:54,793 - Epoch 12  [recall@5: 0.0770 recall@10: 0.1224 recall@20: 0.1929 ] [ndcg@5: 0.0602 ndcg@10: 0.0758 ndcg@20: 0.0963 ] 
2026-05-10 01:06:05,129 - Epoch 15  [recall@5: 0.0782 recall@10: 0.1208 recall@20: 0.1953 ] [ndcg@5: 0.0607 ndcg@10: 0.0755 ndcg@20: 0.0972 ] 
2026-05-10 01:06:15,677 - Epoch 18  [recall@5: 0.0793 recall@10: 0.1271 recall@20: 0.2001 ] [ndcg@5: 0.0619 ndcg@10: 0.0785 ndcg@20: 0.0995 ] 
2026-05-10 01:06:26,059 - Epoch 21  [recall@5: 0.0804 recall@10: 0.1292 recall@20: 0.2038 ] [ndcg@5: 0.0632 ndcg@10: 0.0802 ndcg@20: 0.1019 ] 
2026-05-10 01:06:36,150 - Epoch 24  [recall@5: 0.0832 recall@10: 0.1324 recall@20: 0.2078 ] [ndcg@5: 0.0650 ndcg@10: 0.0821 ndcg@20: 0.1042 ] 
2026-05-10 01:06:46,119 - Epoch 27  [recall@5: 0.0859 recall@10: 0.1353 recall@20: 0.2114 ] [ndcg@5: 0.0667 ndcg@10: 0.0838 ndcg@20: 0.1062 ] 
2026-05-10 01:06:56,441 - Epoch 30  [recall@5: 0.0872 recall@10: 0.1400 recall@20: 0.2166 ] [ndcg@5: 0.0675 ndcg@10: 0.0859 ndcg@20: 0.1082 ] 
2026-05-10 01:07:06,850 - Epoch 33  [recall@5: 0.0895 recall@10: 0.1437 recall@20: 0.2196 ] [ndcg@5: 0.0688 ndcg@10: 0.0876 ndcg@20: 0.1097 ] 
2026-05-10 01:07:17,199 - Epoch 36  [recall@5: 0.0909 recall@10: 0.1469 recall@20: 0.2235 ] [ndcg@5: 0.0698 ndcg@10: 0.0891 ndcg@20: 0.1116 ] 
2026-05-10 01:07:27,261 - Epoch 39  [recall@5: 0.0925 recall@10: 0.1488 recall@20: 0.2243 ] [ndcg@5: 0.0706 ndcg@10: 0.0902 ndcg@20: 0.1125 ] 
2026-05-10 01:07:37,369 - Epoch 42  [recall@5: 0.0939 recall@10: 0.1490 recall@20: 0.2273 ] [ndcg@5: 0.0715 ndcg@10: 0.0906 ndcg@20: 0.1136 ] 
2026-05-10 01:07:47,674 - Epoch 45  [recall@5: 0.0938 recall@10: 0.1520 recall@20: 0.2291 ] [ndcg@5: 0.0719 ndcg@10: 0.0919 ndcg@20: 0.1145 ] 
2026-05-10 01:07:58,089 - Epoch 48  [recall@5: 0.0947 recall@10: 0.1523 recall@20: 0.2300 ] [ndcg@5: 0.0725 ndcg@10: 0.0924 ndcg@20: 0.1152 ] 
2026-05-10 01:08:08,407 - Epoch 51  [recall@5: 0.0962 recall@10: 0.1541 recall@20: 0.2318 ] [ndcg@5: 0.0739 ndcg@10: 0.0938 ndcg@20: 0.1166 ] 
2026-05-10 01:08:18,417 - Epoch 54  [recall@5: 0.0974 recall@10: 0.1546 recall@20: 0.2332 ] [ndcg@5: 0.0746 ndcg@10: 0.0942 ndcg@20: 0.1173 ] 
2026-05-10 01:08:28,549 - Epoch 57  [recall@5: 0.0967 recall@10: 0.1571 recall@20: 0.2341 ] [ndcg@5: 0.0745 ndcg@10: 0.0954 ndcg@20: 0.1180 ] 
2026-05-10 01:08:38,854 - Epoch 60  [recall@5: 0.0975 recall@10: 0.1574 recall@20: 0.2364 ] [ndcg@5: 0.0750 ndcg@10: 0.0957 ndcg@20: 0.1189 ] 
2026-05-10 01:08:49,177 - Epoch 63  [recall@5: 0.0992 recall@10: 0.1599 recall@20: 0.2381 ] [ndcg@5: 0.0758 ndcg@10: 0.0968 ndcg@20: 0.1197 ] 
2026-05-10 01:08:59,719 - Epoch 66  [recall@5: 0.0998 recall@10: 0.1608 recall@20: 0.2387 ] [ndcg@5: 0.0764 ndcg@10: 0.0976 ndcg@20: 0.1205 ] 
2026-05-10 01:09:09,788 - Epoch 69  [recall@5: 0.1004 recall@10: 0.1619 recall@20: 0.2399 ] [ndcg@5: 0.0775 ndcg@10: 0.0989 ndcg@20: 0.1217 ] 
2026-05-10 01:09:19,752 - Epoch 72  [recall@5: 0.1014 recall@10: 0.1619 recall@20: 0.2407 ] [ndcg@5: 0.0781 ndcg@10: 0.0991 ndcg@20: 0.1222 ] 
2026-05-10 01:09:30,110 - Epoch 75  [recall@5: 0.1009 recall@10: 0.1645 recall@20: 0.2417 ] [ndcg@5: 0.0782 ndcg@10: 0.1003 ndcg@20: 0.1228 ] 
2026-05-10 01:09:40,484 - Epoch 78  [recall@5: 0.1017 recall@10: 0.1652 recall@20: 0.2421 ] [ndcg@5: 0.0789 ndcg@10: 0.1009 ndcg@20: 0.1233 ] 
2026-05-10 01:09:50,795 - Epoch 81  [recall@5: 0.1018 recall@10: 0.1654 recall@20: 0.2439 ] [ndcg@5: 0.0790 ndcg@10: 0.1012 ndcg@20: 0.1240 ] 
2026-05-10 01:10:00,823 - Epoch 84  [recall@5: 0.1029 recall@10: 0.1650 recall@20: 0.2449 ] [ndcg@5: 0.0797 ndcg@10: 0.1014 ndcg@20: 0.1246 ] 
2026-05-10 01:10:10,961 - Epoch 87  [recall@5: 0.1032 recall@10: 0.1660 recall@20: 0.2460 ] [ndcg@5: 0.0796 ndcg@10: 0.1015 ndcg@20: 0.1248 ] 
2026-05-10 01:10:21,316 - Epoch 90  [recall@5: 0.1038 recall@10: 0.1663 recall@20: 0.2477 ] [ndcg@5: 0.0804 ndcg@10: 0.1022 ndcg@20: 0.1259 ] 
2026-05-10 01:10:31,752 - Epoch 93  [recall@5: 0.1035 recall@10: 0.1662 recall@20: 0.2487 ] [ndcg@5: 0.0803 ndcg@10: 0.1021 ndcg@20: 0.1261 ] 
2026-05-10 01:10:42,044 - Epoch 96  [recall@5: 0.1047 recall@10: 0.1661 recall@20: 0.2511 ] [ndcg@5: 0.0809 ndcg@10: 0.1022 ndcg@20: 0.1268 ] 
2026-05-10 01:10:52,098 - Epoch 99  [recall@5: 0.1051 recall@10: 0.1666 recall@20: 0.2510 ] [ndcg@5: 0.0813 ndcg@10: 0.1028 ndcg@20: 0.1273 ] 
2026-05-10 01:10:52,953 - [recall@5: 0.1047 recall@10: 0.1661 recall@20: 0.2511 ] [ndcg@5: 0.0809 ndcg@10: 0.1022 ndcg@20: 0.1268 ] 
2026-05-10 01:10:53,927 - [recall@5: 0.1115 recall@10: 0.1710 recall@20: 0.2482 ] [ndcg@5: 0.0938 ndcg@10: 0.1155 ndcg@20: 0.1395 ] 
2026-05-10 01:10:53,948 - Save model parameters to ./checkpoint/lightgcn_agr/lightgcn_agr-digital_music-2026-20260510_010509_autotune_digital_digital_music_s02_keep_rate_0p8.pth
2026-05-10 01:10:53,948 - Save run metadata to ./checkpoint/lightgcn_agr/lightgcn_agr-digital_music-2026-20260510_010509_autotune_digital_digital_music_s02_keep_rate_0p8.json
2026-05-10 01:10:53,949 - Best Epoch 96. Final test result: {'recall': array([0.11150086, 0.17100648, 0.24820045]), 'ndcg': array([0.09378259, 0.11552992, 0.13949456])}.
