2026-05-10 01:11:13,182 - {'optimizer': {'name': 'adam', 'lr': 0.001, 'weight_decay': 0}, 'train': {'epoch': 100, 'batch_size': 4096, 'save_model': True, 'loss': 'pairwise', 'test_step': 3, 'reproducible': True, 'seed': 233, 'patience': 5}, 'test': {'metrics': ['recall', 'ndcg'], 'k': [5, 10, 20], 'batch_size': 1024}, 'data': {'type': 'general_cf', 'name': 'digital_music', 'user_num': 5541, 'item_num': 3568}, 'model': {'name': 'lightgcn_agr', 'embedding_size': 32, 'edge_bias': 0.5, 'keep_rate': 0.9, 'mask_ratio': 0.15, 'recon_weight': 0.2, 're_temperature': 0.2, 'layer_num': 3, 'reg_weight': 5e-06, 'prf_weight': 0.02, 'kd_weight': 0.01, 'kd_temperature': 0.2, 'str_weight': 1.0, 'beta': 5.0, 'sigma': 0.25, 'alpha': 0.1, 'movie': {'layer_num': 3, 'reg_weight': 1e-07, 'kd_weight': 0.01, 'kd_temperature': 0.2, 'prf_weight': 0.02, 'str_weight': 1.2, 'beta': 3.5, 'sigma': 0.3, 'alpha': 0.15, 'keep_rate': 0.8}, 'amazon': {'layer_num': 3, 'reg_weight': 5e-07, 'kd_weight': 0.01, 'kd_temperature': 0.2, 'prf_weight': 0.03, 'str_weight': 1.5, 'beta': 4.0, 'sigma': 0.25, 'alpha': 0.2, 'keep_rate': 0.8}, 'steam': {'layer_num': 3, 'reg_weight': 1e-08, 'kd_weight': 0.001, 'kd_temperature': 0.1, 'prf_weight': 0.01, 'str_weight': 1.0, 'beta': 2.5, 'sigma': 0.2, 'alpha': 0.08, 'keep_rate': 0.8}, 'yelp': {'layer_num': 3, 'reg_weight': 1e-06, 'kd_weight': 0.001, 'kd_temperature': 0.2, 'prf_weight': 0.025, 'str_weight': 1.3, 'beta': 4.0, 'sigma': 0.28, 'alpha': 0.18, 'keep_rate': 0.8}}}
2026-05-10 01:11:20,618 - Epoch 0  [recall@5: 0.0145 recall@10: 0.0262 recall@20: 0.0392 ] [ndcg@5: 0.0122 ndcg@10: 0.0163 ndcg@20: 0.0201 ] 
2026-05-10 01:11:30,295 - Epoch 3  [recall@5: 0.0705 recall@10: 0.1060 recall@20: 0.1570 ] [ndcg@5: 0.0560 ndcg@10: 0.0681 ndcg@20: 0.0833 ] 
2026-05-10 01:11:40,172 - Epoch 6  [recall@5: 0.0776 recall@10: 0.1210 recall@20: 0.1896 ] [ndcg@5: 0.0611 ndcg@10: 0.0764 ndcg@20: 0.0962 ] 
2026-05-10 01:11:50,264 - Epoch 9  [recall@5: 0.0786 recall@10: 0.1224 recall@20: 0.1925 ] [ndcg@5: 0.0608 ndcg@10: 0.0760 ndcg@20: 0.0965 ] 
2026-05-10 01:12:00,399 - Epoch 12  [recall@5: 0.0793 recall@10: 0.1234 recall@20: 0.1959 ] [ndcg@5: 0.0612 ndcg@10: 0.0765 ndcg@20: 0.0975 ] 
2026-05-10 01:12:10,565 - Epoch 15  [recall@5: 0.0794 recall@10: 0.1259 recall@20: 0.2005 ] [ndcg@5: 0.0625 ndcg@10: 0.0788 ndcg@20: 0.1004 ] 
2026-05-10 01:12:20,341 - Epoch 18  [recall@5: 0.0825 recall@10: 0.1309 recall@20: 0.2061 ] [ndcg@5: 0.0642 ndcg@10: 0.0810 ndcg@20: 0.1031 ] 
2026-05-10 01:12:30,009 - Epoch 21  [recall@5: 0.0856 recall@10: 0.1366 recall@20: 0.2104 ] [ndcg@5: 0.0656 ndcg@10: 0.0833 ndcg@20: 0.1050 ] 
2026-05-10 01:12:40,254 - Epoch 24  [recall@5: 0.0889 recall@10: 0.1416 recall@20: 0.2149 ] [ndcg@5: 0.0677 ndcg@10: 0.0861 ndcg@20: 0.1077 ] 
2026-05-10 01:12:50,497 - Epoch 27  [recall@5: 0.0906 recall@10: 0.1440 recall@20: 0.2203 ] [ndcg@5: 0.0690 ndcg@10: 0.0877 ndcg@20: 0.1101 ] 
2026-05-10 01:13:00,758 - Epoch 30  [recall@5: 0.0931 recall@10: 0.1481 recall@20: 0.2251 ] [ndcg@5: 0.0706 ndcg@10: 0.0897 ndcg@20: 0.1123 ] 
2026-05-10 01:13:10,328 - Epoch 33  [recall@5: 0.0937 recall@10: 0.1524 recall@20: 0.2301 ] [ndcg@5: 0.0715 ndcg@10: 0.0918 ndcg@20: 0.1145 ] 
2026-05-10 01:13:20,366 - Epoch 36  [recall@5: 0.0938 recall@10: 0.1535 recall@20: 0.2313 ] [ndcg@5: 0.0719 ndcg@10: 0.0927 ndcg@20: 0.1154 ] 
2026-05-10 01:13:30,750 - Epoch 39  [recall@5: 0.0940 recall@10: 0.1542 recall@20: 0.2340 ] [ndcg@5: 0.0729 ndcg@10: 0.0940 ndcg@20: 0.1173 ] 
2026-05-10 01:13:41,156 - Epoch 42  [recall@5: 0.0965 recall@10: 0.1560 recall@20: 0.2358 ] [ndcg@5: 0.0743 ndcg@10: 0.0951 ndcg@20: 0.1184 ] 
2026-05-10 01:13:51,447 - Epoch 45  [recall@5: 0.0980 recall@10: 0.1610 recall@20: 0.2372 ] [ndcg@5: 0.0757 ndcg@10: 0.0976 ndcg@20: 0.1199 ] 
2026-05-10 01:14:01,506 - Epoch 48  [recall@5: 0.0992 recall@10: 0.1625 recall@20: 0.2391 ] [ndcg@5: 0.0764 ndcg@10: 0.0983 ndcg@20: 0.1207 ] 
2026-05-10 01:14:11,701 - Epoch 51  [recall@5: 0.1004 recall@10: 0.1632 recall@20: 0.2405 ] [ndcg@5: 0.0770 ndcg@10: 0.0987 ndcg@20: 0.1213 ] 
2026-05-10 01:14:22,109 - Epoch 54  [recall@5: 0.1026 recall@10: 0.1653 recall@20: 0.2397 ] [ndcg@5: 0.0784 ndcg@10: 0.1001 ndcg@20: 0.1219 ] 
2026-05-10 01:14:32,449 - Epoch 57  [recall@5: 0.1030 recall@10: 0.1669 recall@20: 0.2418 ] [ndcg@5: 0.0792 ndcg@10: 0.1014 ndcg@20: 0.1233 ] 
2026-05-10 01:14:42,780 - Epoch 60  [recall@5: 0.1040 recall@10: 0.1673 recall@20: 0.2459 ] [ndcg@5: 0.0797 ndcg@10: 0.1018 ndcg@20: 0.1246 ] 
2026-05-10 01:14:52,882 - Epoch 63  [recall@5: 0.1042 recall@10: 0.1673 recall@20: 0.2469 ] [ndcg@5: 0.0802 ndcg@10: 0.1021 ndcg@20: 0.1253 ] 
2026-05-10 01:15:02,991 - Epoch 66  [recall@5: 0.1053 recall@10: 0.1668 recall@20: 0.2491 ] [ndcg@5: 0.0809 ndcg@10: 0.1025 ndcg@20: 0.1263 ] 
2026-05-10 01:15:13,634 - Epoch 69  [recall@5: 0.1059 recall@10: 0.1682 recall@20: 0.2504 ] [ndcg@5: 0.0815 ndcg@10: 0.1035 ndcg@20: 0.1273 ] 
2026-05-10 01:15:23,983 - Epoch 72  [recall@5: 0.1063 recall@10: 0.1685 recall@20: 0.2511 ] [ndcg@5: 0.0817 ndcg@10: 0.1036 ndcg@20: 0.1275 ] 
2026-05-10 01:15:34,393 - Epoch 75  [recall@5: 0.1078 recall@10: 0.1685 recall@20: 0.2518 ] [ndcg@5: 0.0824 ndcg@10: 0.1037 ndcg@20: 0.1280 ] 
2026-05-10 01:15:44,485 - Epoch 78  [recall@5: 0.1095 recall@10: 0.1693 recall@20: 0.2525 ] [ndcg@5: 0.0834 ndcg@10: 0.1043 ndcg@20: 0.1285 ] 
2026-05-10 01:15:54,532 - Epoch 81  [recall@5: 0.1097 recall@10: 0.1697 recall@20: 0.2547 ] [ndcg@5: 0.0841 ndcg@10: 0.1049 ndcg@20: 0.1296 ] 
2026-05-10 01:16:04,975 - Epoch 84  [recall@5: 0.1099 recall@10: 0.1704 recall@20: 0.2559 ] [ndcg@5: 0.0843 ndcg@10: 0.1052 ndcg@20: 0.1300 ] 
2026-05-10 01:16:15,567 - Epoch 87  [recall@5: 0.1089 recall@10: 0.1703 recall@20: 0.2543 ] [ndcg@5: 0.0840 ndcg@10: 0.1052 ndcg@20: 0.1298 ] 
2026-05-10 01:16:26,282 - Epoch 90  [recall@5: 0.1100 recall@10: 0.1712 recall@20: 0.2540 ] [ndcg@5: 0.0843 ndcg@10: 0.1056 ndcg@20: 0.1299 ] 
2026-05-10 01:16:36,263 - Epoch 93  [recall@5: 0.1102 recall@10: 0.1711 recall@20: 0.2536 ] [ndcg@5: 0.0842 ndcg@10: 0.1055 ndcg@20: 0.1297 ] 
2026-05-10 01:16:42,591 - Epoch 96  [recall@5: 0.1123 recall@10: 0.1716 recall@20: 0.2540 ] [ndcg@5: 0.0857 ndcg@10: 0.1065 ndcg@20: 0.1305 ] 
2026-05-10 01:16:48,819 - Epoch 99  [recall@5: 0.1128 recall@10: 0.1720 recall@20: 0.2549 ] [ndcg@5: 0.0860 ndcg@10: 0.1068 ndcg@20: 0.1310 ] 
2026-05-10 01:16:49,664 - [recall@5: 0.1099 recall@10: 0.1704 recall@20: 0.2559 ] [ndcg@5: 0.0843 ndcg@10: 0.1052 ndcg@20: 0.1300 ] 
2026-05-10 01:16:50,605 - [recall@5: 0.1126 recall@10: 0.1719 recall@20: 0.2549 ] [ndcg@5: 0.0952 ndcg@10: 0.1166 ndcg@20: 0.1425 ] 
2026-05-10 01:16:50,625 - Save model parameters to ./checkpoint/lightgcn_agr/lightgcn_agr-digital_music-233-20260510_011107_autotune_digital_digital_music_s02_keep_rate_0p9.pth
2026-05-10 01:16:50,625 - Save run metadata to ./checkpoint/lightgcn_agr/lightgcn_agr-digital_music-233-20260510_011107_autotune_digital_digital_music_s02_keep_rate_0p9.json
2026-05-10 01:16:50,626 - Best Epoch 84. Final test result: {'recall': array([0.11261721, 0.17194161, 0.25486795]), 'ndcg': array([0.09519257, 0.11659012, 0.14246607])}.
