2026-05-10 01:33:02,469 - {'optimizer': {'name': 'adam', 'lr': 0.001, 'weight_decay': 0}, 'train': {'epoch': 100, 'batch_size': 4096, 'save_model': True, 'loss': 'pairwise', 'test_step': 3, 'reproducible': True, 'seed': 2026, 'patience': 5}, 'test': {'metrics': ['recall', 'ndcg'], 'k': [5, 10, 20], 'batch_size': 1024}, 'data': {'type': 'general_cf', 'name': 'digital_music', 'user_num': 5541, 'item_num': 3568}, 'model': {'name': 'lightgcn_agr', 'embedding_size': 32, 'edge_bias': 0.5, 'keep_rate': 0.9, 'mask_ratio': 0.15, 'recon_weight': 0.2, 're_temperature': 0.2, 'layer_num': 3, 'reg_weight': 1e-06, 'prf_weight': 0.05, 'kd_weight': 0.01, 'kd_temperature': 0.2, 'str_weight': 1.0, 'beta': 5.0, 'sigma': 0.25, 'alpha': 0.1, 'movie': {'layer_num': 3, 'reg_weight': 1e-07, 'kd_weight': 0.01, 'kd_temperature': 0.2, 'prf_weight': 0.02, 'str_weight': 1.2, 'beta': 3.5, 'sigma': 0.3, 'alpha': 0.15, 'keep_rate': 0.8}, 'amazon': {'layer_num': 3, 'reg_weight': 5e-07, 'kd_weight': 0.01, 'kd_temperature': 0.2, 'prf_weight': 0.03, 'str_weight': 1.5, 'beta': 4.0, 'sigma': 0.25, 'alpha': 0.2, 'keep_rate': 0.8}, 'steam': {'layer_num': 3, 'reg_weight': 1e-08, 'kd_weight': 0.001, 'kd_temperature': 0.1, 'prf_weight': 0.01, 'str_weight': 1.0, 'beta': 2.5, 'sigma': 0.2, 'alpha': 0.08, 'keep_rate': 0.8}, 'yelp': {'layer_num': 3, 'reg_weight': 1e-06, 'kd_weight': 0.001, 'kd_temperature': 0.2, 'prf_weight': 0.025, 'str_weight': 1.3, 'beta': 4.0, 'sigma': 0.28, 'alpha': 0.18, 'keep_rate': 0.8}}}
2026-05-10 01:33:08,485 - Epoch 0  [recall@5: 0.0198 recall@10: 0.0314 recall@20: 0.0485 ] [ndcg@5: 0.0158 ndcg@10: 0.0199 ndcg@20: 0.0250 ] 
2026-05-10 01:33:15,804 - Epoch 3  [recall@5: 0.0696 recall@10: 0.1074 recall@20: 0.1609 ] [ndcg@5: 0.0546 ndcg@10: 0.0679 ndcg@20: 0.0835 ] 
2026-05-10 01:33:25,560 - Epoch 6  [recall@5: 0.0825 recall@10: 0.1262 recall@20: 0.1926 ] [ndcg@5: 0.0647 ndcg@10: 0.0799 ndcg@20: 0.0994 ] 
2026-05-10 01:33:35,096 - Epoch 9  [recall@5: 0.0852 recall@10: 0.1279 recall@20: 0.1977 ] [ndcg@5: 0.0655 ndcg@10: 0.0802 ndcg@20: 0.1006 ] 
2026-05-10 01:33:45,149 - Epoch 12  [recall@5: 0.0828 recall@10: 0.1276 recall@20: 0.1970 ] [ndcg@5: 0.0645 ndcg@10: 0.0800 ndcg@20: 0.1003 ] 
2026-05-10 01:33:55,186 - Epoch 15  [recall@5: 0.0831 recall@10: 0.1303 recall@20: 0.2004 ] [ndcg@5: 0.0650 ndcg@10: 0.0814 ndcg@20: 0.1019 ] 
2026-05-10 01:34:05,293 - Epoch 18  [recall@5: 0.0853 recall@10: 0.1356 recall@20: 0.2072 ] [ndcg@5: 0.0662 ndcg@10: 0.0838 ndcg@20: 0.1048 ] 
2026-05-10 01:34:15,523 - Epoch 21  [recall@5: 0.0911 recall@10: 0.1400 recall@20: 0.2132 ] [ndcg@5: 0.0699 ndcg@10: 0.0868 ndcg@20: 0.1082 ] 
2026-05-10 01:34:25,302 - Epoch 24  [recall@5: 0.0933 recall@10: 0.1431 recall@20: 0.2195 ] [ndcg@5: 0.0714 ndcg@10: 0.0886 ndcg@20: 0.1109 ] 
2026-05-10 01:34:35,289 - Epoch 27  [recall@5: 0.0956 recall@10: 0.1471 recall@20: 0.2240 ] [ndcg@5: 0.0736 ndcg@10: 0.0913 ndcg@20: 0.1138 ] 
2026-05-10 01:34:45,207 - Epoch 30  [recall@5: 0.0979 recall@10: 0.1506 recall@20: 0.2281 ] [ndcg@5: 0.0751 ndcg@10: 0.0934 ndcg@20: 0.1160 ] 
2026-05-10 01:34:55,254 - Epoch 33  [recall@5: 0.1003 recall@10: 0.1539 recall@20: 0.2323 ] [ndcg@5: 0.0767 ndcg@10: 0.0952 ndcg@20: 0.1180 ] 
2026-05-10 01:35:05,284 - Epoch 36  [recall@5: 0.1020 recall@10: 0.1559 recall@20: 0.2385 ] [ndcg@5: 0.0777 ndcg@10: 0.0965 ndcg@20: 0.1204 ] 
2026-05-10 01:35:14,971 - Epoch 39  [recall@5: 0.1026 recall@10: 0.1579 recall@20: 0.2407 ] [ndcg@5: 0.0785 ndcg@10: 0.0979 ndcg@20: 0.1220 ] 
2026-05-10 01:35:24,731 - Epoch 42  [recall@5: 0.1038 recall@10: 0.1603 recall@20: 0.2428 ] [ndcg@5: 0.0794 ndcg@10: 0.0992 ndcg@20: 0.1234 ] 
2026-05-10 01:35:34,789 - Epoch 45  [recall@5: 0.1062 recall@10: 0.1622 recall@20: 0.2438 ] [ndcg@5: 0.0814 ndcg@10: 0.1011 ndcg@20: 0.1249 ] 
2026-05-10 01:35:44,951 - Epoch 48  [recall@5: 0.1066 recall@10: 0.1634 recall@20: 0.2463 ] [ndcg@5: 0.0817 ndcg@10: 0.1016 ndcg@20: 0.1259 ] 
2026-05-10 01:35:55,043 - Epoch 51  [recall@5: 0.1087 recall@10: 0.1652 recall@20: 0.2481 ] [ndcg@5: 0.0831 ndcg@10: 0.1029 ndcg@20: 0.1271 ] 
2026-05-10 01:36:04,795 - Epoch 54  [recall@5: 0.1096 recall@10: 0.1675 recall@20: 0.2482 ] [ndcg@5: 0.0843 ndcg@10: 0.1046 ndcg@20: 0.1282 ] 
2026-05-10 01:36:14,881 - Epoch 57  [recall@5: 0.1103 recall@10: 0.1677 recall@20: 0.2490 ] [ndcg@5: 0.0844 ndcg@10: 0.1046 ndcg@20: 0.1284 ] 
2026-05-10 01:36:24,985 - Epoch 60  [recall@5: 0.1123 recall@10: 0.1689 recall@20: 0.2507 ] [ndcg@5: 0.0860 ndcg@10: 0.1058 ndcg@20: 0.1298 ] 
2026-05-10 01:36:35,055 - Epoch 63  [recall@5: 0.1127 recall@10: 0.1719 recall@20: 0.2525 ] [ndcg@5: 0.0866 ndcg@10: 0.1072 ndcg@20: 0.1308 ] 
2026-05-10 01:36:45,153 - Epoch 66  [recall@5: 0.1134 recall@10: 0.1737 recall@20: 0.2548 ] [ndcg@5: 0.0873 ndcg@10: 0.1083 ndcg@20: 0.1321 ] 
2026-05-10 01:36:55,106 - Epoch 69  [recall@5: 0.1147 recall@10: 0.1731 recall@20: 0.2545 ] [ndcg@5: 0.0876 ndcg@10: 0.1080 ndcg@20: 0.1319 ] 
2026-05-10 01:37:05,158 - Epoch 72  [recall@5: 0.1142 recall@10: 0.1739 recall@20: 0.2555 ] [ndcg@5: 0.0880 ndcg@10: 0.1088 ndcg@20: 0.1328 ] 
2026-05-10 01:37:15,222 - Epoch 75  [recall@5: 0.1155 recall@10: 0.1742 recall@20: 0.2553 ] [ndcg@5: 0.0890 ndcg@10: 0.1094 ndcg@20: 0.1333 ] 
2026-05-10 01:37:25,340 - Epoch 78  [recall@5: 0.1155 recall@10: 0.1750 recall@20: 0.2568 ] [ndcg@5: 0.0889 ndcg@10: 0.1097 ndcg@20: 0.1338 ] 
2026-05-10 01:37:35,391 - Epoch 81  [recall@5: 0.1156 recall@10: 0.1757 recall@20: 0.2582 ] [ndcg@5: 0.0893 ndcg@10: 0.1102 ndcg@20: 0.1344 ] 
2026-05-10 01:37:45,332 - Epoch 84  [recall@5: 0.1162 recall@10: 0.1752 recall@20: 0.2575 ] [ndcg@5: 0.0899 ndcg@10: 0.1105 ndcg@20: 0.1348 ] 
2026-05-10 01:37:55,745 - Epoch 87  [recall@5: 0.1164 recall@10: 0.1758 recall@20: 0.2592 ] [ndcg@5: 0.0900 ndcg@10: 0.1109 ndcg@20: 0.1354 ] 
2026-05-10 01:38:06,214 - Epoch 90  [recall@5: 0.1160 recall@10: 0.1763 recall@20: 0.2613 ] [ndcg@5: 0.0896 ndcg@10: 0.1107 ndcg@20: 0.1357 ] 
2026-05-10 01:38:16,692 - Epoch 93  [recall@5: 0.1161 recall@10: 0.1783 recall@20: 0.2603 ] [ndcg@5: 0.0899 ndcg@10: 0.1116 ndcg@20: 0.1357 ] 
2026-05-10 01:38:27,210 - Epoch 96  [recall@5: 0.1162 recall@10: 0.1785 recall@20: 0.2597 ] [ndcg@5: 0.0901 ndcg@10: 0.1119 ndcg@20: 0.1357 ] 
2026-05-10 01:38:37,416 - Epoch 99  [recall@5: 0.1174 recall@10: 0.1784 recall@20: 0.2602 ] [ndcg@5: 0.0905 ndcg@10: 0.1121 ndcg@20: 0.1360 ] 
2026-05-10 01:38:38,240 - [recall@5: 0.1160 recall@10: 0.1763 recall@20: 0.2613 ] [ndcg@5: 0.0896 ndcg@10: 0.1107 ndcg@20: 0.1357 ] 
2026-05-10 01:38:39,183 - [recall@5: 0.1202 recall@10: 0.1821 recall@20: 0.2598 ] [ndcg@5: 0.1005 ndcg@10: 0.1228 ndcg@20: 0.1469 ] 
2026-05-10 01:38:39,197 - Save model parameters to ./checkpoint/lightgcn_agr/lightgcn_agr-digital_music-2026-20260510_013256_autotune_digital_digital_music_s04_prf_weight_0p05.pth
2026-05-10 01:38:39,198 - Save run metadata to ./checkpoint/lightgcn_agr/lightgcn_agr-digital_music-2026-20260510_013256_autotune_digital_digital_music_s04_prf_weight_0p05.json
2026-05-10 01:38:39,199 - Best Epoch 90. Final test result: {'recall': array([0.12024763, 0.18210115, 0.25978754]), 'ndcg': array([0.10052598, 0.12275252, 0.14692924])}.
