2026-05-10 12:18:53,994 - {'optimizer': {'name': 'adam', 'lr': 0.001, 'weight_decay': 0}, 'train': {'epoch': 100, 'batch_size': 4096, 'save_model': True, 'loss': 'pairwise', 'test_step': 3, 'reproducible': True, 'seed': 2026, 'patience': 5}, 'test': {'metrics': ['recall', 'ndcg'], 'k': [5, 10, 20], 'batch_size': 1024}, 'data': {'type': 'general_cf', 'name': 'digital_music', 'user_num': 5541, 'item_num': 3568}, 'model': {'name': 'lightgcn_agr', 'embedding_size': 32, 'edge_bias': 0.5, 'keep_rate': 0.8, 'mask_ratio': 0.15, 'recon_weight': 0.2, 're_temperature': 0.2, 'layer_num': 3, 'reg_weight': 5e-06, 'prf_weight': 0.02, 'kd_weight': 0.01, 'kd_temperature': 0.2, 'str_weight': 1.0, 'beta': 5.0, 'sigma': 0.25, 'alpha': 0.1, 'movie': {'layer_num': 3, 'reg_weight': 1e-07, 'kd_weight': 0.01, 'kd_temperature': 0.2, 'prf_weight': 0.02, 'str_weight': 1.2, 'beta': 3.5, 'sigma': 0.3, 'alpha': 0.15, 'keep_rate': 0.8}, 'amazon': {'layer_num': 3, 'reg_weight': 5e-07, 'kd_weight': 0.01, 'kd_temperature': 0.2, 'prf_weight': 0.03, 'str_weight': 1.5, 'beta': 4.0, 'sigma': 0.25, 'alpha': 0.2, 'keep_rate': 0.8}, 'steam': {'layer_num': 3, 'reg_weight': 1e-08, 'kd_weight': 0.001, 'kd_temperature': 0.1, 'prf_weight': 0.01, 'str_weight': 1.0, 'beta': 2.5, 'sigma': 0.2, 'alpha': 0.08, 'keep_rate': 0.8}, 'yelp': {'layer_num': 3, 'reg_weight': 1e-06, 'kd_weight': 0.001, 'kd_temperature': 0.2, 'prf_weight': 0.025, 'str_weight': 1.3, 'beta': 4.0, 'sigma': 0.28, 'alpha': 0.18, 'keep_rate': 0.8}}}
2026-05-10 12:19:02,083 - Epoch 0  [recall@5: 0.0132 recall@10: 0.0230 recall@20: 0.0366 ] [ndcg@5: 0.0108 ndcg@10: 0.0142 ndcg@20: 0.0181 ] 
2026-05-10 12:19:09,872 - Epoch 3  [recall@5: 0.0661 recall@10: 0.1016 recall@20: 0.1490 ] [ndcg@5: 0.0530 ndcg@10: 0.0650 ndcg@20: 0.0790 ] 
2026-05-10 12:19:17,440 - Epoch 6  [recall@5: 0.0756 recall@10: 0.1178 recall@20: 0.1830 ] [ndcg@5: 0.0600 ndcg@10: 0.0747 ndcg@20: 0.0938 ] 
2026-05-10 12:19:25,119 - Epoch 9  [recall@5: 0.0764 recall@10: 0.1205 recall@20: 0.1909 ] [ndcg@5: 0.0603 ndcg@10: 0.0755 ndcg@20: 0.0961 ] 
2026-05-10 12:19:32,742 - Epoch 12  [recall@5: 0.0770 recall@10: 0.1224 recall@20: 0.1930 ] [ndcg@5: 0.0602 ndcg@10: 0.0758 ndcg@20: 0.0963 ] 
2026-05-10 12:19:40,266 - Epoch 15  [recall@5: 0.0782 recall@10: 0.1208 recall@20: 0.1953 ] [ndcg@5: 0.0607 ndcg@10: 0.0756 ndcg@20: 0.0972 ] 
2026-05-10 12:19:47,933 - Epoch 18  [recall@5: 0.0793 recall@10: 0.1271 recall@20: 0.2001 ] [ndcg@5: 0.0619 ndcg@10: 0.0785 ndcg@20: 0.0995 ] 
2026-05-10 12:19:55,461 - Epoch 21  [recall@5: 0.0803 recall@10: 0.1292 recall@20: 0.2038 ] [ndcg@5: 0.0632 ndcg@10: 0.0802 ndcg@20: 0.1019 ] 
2026-05-10 12:20:03,232 - Epoch 24  [recall@5: 0.0831 recall@10: 0.1322 recall@20: 0.2078 ] [ndcg@5: 0.0649 ndcg@10: 0.0820 ndcg@20: 0.1041 ] 
2026-05-10 12:20:10,742 - Epoch 27  [recall@5: 0.0859 recall@10: 0.1352 recall@20: 0.2114 ] [ndcg@5: 0.0667 ndcg@10: 0.0838 ndcg@20: 0.1062 ] 
2026-05-10 12:20:18,350 - Epoch 30  [recall@5: 0.0872 recall@10: 0.1396 recall@20: 0.2166 ] [ndcg@5: 0.0676 ndcg@10: 0.0858 ndcg@20: 0.1083 ] 
2026-05-10 12:20:25,918 - Epoch 33  [recall@5: 0.0895 recall@10: 0.1438 recall@20: 0.2196 ] [ndcg@5: 0.0688 ndcg@10: 0.0876 ndcg@20: 0.1097 ] 
2026-05-10 12:20:33,449 - Epoch 36  [recall@5: 0.0909 recall@10: 0.1472 recall@20: 0.2234 ] [ndcg@5: 0.0697 ndcg@10: 0.0891 ndcg@20: 0.1115 ] 
2026-05-10 12:20:40,214 - Epoch 39  [recall@5: 0.0923 recall@10: 0.1488 recall@20: 0.2243 ] [ndcg@5: 0.0706 ndcg@10: 0.0902 ndcg@20: 0.1124 ] 
2026-05-10 12:20:46,493 - Epoch 42  [recall@5: 0.0938 recall@10: 0.1490 recall@20: 0.2275 ] [ndcg@5: 0.0715 ndcg@10: 0.0906 ndcg@20: 0.1136 ] 
2026-05-10 12:20:52,580 - Epoch 45  [recall@5: 0.0938 recall@10: 0.1518 recall@20: 0.2291 ] [ndcg@5: 0.0719 ndcg@10: 0.0919 ndcg@20: 0.1145 ] 
2026-05-10 12:20:58,911 - Epoch 48  [recall@5: 0.0947 recall@10: 0.1523 recall@20: 0.2300 ] [ndcg@5: 0.0726 ndcg@10: 0.0924 ndcg@20: 0.1152 ] 
2026-05-10 12:21:05,072 - Epoch 51  [recall@5: 0.0960 recall@10: 0.1541 recall@20: 0.2318 ] [ndcg@5: 0.0738 ndcg@10: 0.0938 ndcg@20: 0.1165 ] 
2026-05-10 12:21:11,615 - Epoch 54  [recall@5: 0.0973 recall@10: 0.1547 recall@20: 0.2332 ] [ndcg@5: 0.0745 ndcg@10: 0.0943 ndcg@20: 0.1173 ] 
2026-05-10 12:21:17,715 - Epoch 57  [recall@5: 0.0967 recall@10: 0.1572 recall@20: 0.2341 ] [ndcg@5: 0.0745 ndcg@10: 0.0954 ndcg@20: 0.1179 ] 
2026-05-10 12:21:23,999 - Epoch 60  [recall@5: 0.0975 recall@10: 0.1574 recall@20: 0.2364 ] [ndcg@5: 0.0750 ndcg@10: 0.0957 ndcg@20: 0.1189 ] 
2026-05-10 12:21:30,255 - Epoch 63  [recall@5: 0.0991 recall@10: 0.1601 recall@20: 0.2382 ] [ndcg@5: 0.0758 ndcg@10: 0.0969 ndcg@20: 0.1197 ] 
2026-05-10 12:21:37,946 - Epoch 66  [recall@5: 0.0996 recall@10: 0.1606 recall@20: 0.2385 ] [ndcg@5: 0.0764 ndcg@10: 0.0976 ndcg@20: 0.1205 ] 
2026-05-10 12:21:45,741 - Epoch 69  [recall@5: 0.1004 recall@10: 0.1620 recall@20: 0.2399 ] [ndcg@5: 0.0776 ndcg@10: 0.0990 ndcg@20: 0.1218 ] 
2026-05-10 12:21:53,954 - Epoch 72  [recall@5: 0.1015 recall@10: 0.1621 recall@20: 0.2403 ] [ndcg@5: 0.0781 ndcg@10: 0.0992 ndcg@20: 0.1221 ] 
2026-05-10 12:22:02,208 - Epoch 75  [recall@5: 0.1007 recall@10: 0.1644 recall@20: 0.2417 ] [ndcg@5: 0.0781 ndcg@10: 0.1002 ndcg@20: 0.1228 ] 
2026-05-10 12:22:10,413 - Epoch 78  [recall@5: 0.1017 recall@10: 0.1650 recall@20: 0.2420 ] [ndcg@5: 0.0789 ndcg@10: 0.1008 ndcg@20: 0.1233 ] 
2026-05-10 12:22:18,419 - Epoch 81  [recall@5: 0.1018 recall@10: 0.1655 recall@20: 0.2433 ] [ndcg@5: 0.0790 ndcg@10: 0.1013 ndcg@20: 0.1239 ] 
2026-05-10 12:22:26,430 - Epoch 84  [recall@5: 0.1029 recall@10: 0.1649 recall@20: 0.2453 ] [ndcg@5: 0.0798 ndcg@10: 0.1015 ndcg@20: 0.1248 ] 
2026-05-10 12:22:34,396 - Epoch 87  [recall@5: 0.1033 recall@10: 0.1657 recall@20: 0.2461 ] [ndcg@5: 0.0797 ndcg@10: 0.1015 ndcg@20: 0.1249 ] 
2026-05-10 12:22:42,193 - Epoch 90  [recall@5: 0.1040 recall@10: 0.1666 recall@20: 0.2476 ] [ndcg@5: 0.0804 ndcg@10: 0.1021 ndcg@20: 0.1257 ] 
2026-05-10 12:22:49,943 - Epoch 93  [recall@5: 0.1034 recall@10: 0.1663 recall@20: 0.2487 ] [ndcg@5: 0.0803 ndcg@10: 0.1022 ndcg@20: 0.1262 ] 
2026-05-10 12:22:57,902 - Epoch 96  [recall@5: 0.1045 recall@10: 0.1665 recall@20: 0.2509 ] [ndcg@5: 0.0810 ndcg@10: 0.1025 ndcg@20: 0.1269 ] 
2026-05-10 12:23:06,018 - Epoch 99  [recall@5: 0.1052 recall@10: 0.1664 recall@20: 0.2510 ] [ndcg@5: 0.0813 ndcg@10: 0.1027 ndcg@20: 0.1272 ] 
2026-05-10 12:23:07,166 - [recall@5: 0.1052 recall@10: 0.1664 recall@20: 0.2510 ] [ndcg@5: 0.0813 ndcg@10: 0.1027 ndcg@20: 0.1272 ] 
2026-05-10 12:23:08,326 - [recall@5: 0.1129 recall@10: 0.1707 recall@20: 0.2487 ] [ndcg@5: 0.0949 ndcg@10: 0.1159 ndcg@20: 0.1402 ] 
2026-05-10 12:23:08,342 - Save model parameters to ./checkpoint/lightgcn_agr/lightgcn_agr-digital_music-2026-20260510_121848_autotune_digital_clean_digital_music_s01_reg_weight_5em06.pth
2026-05-10 12:23:08,343 - Save run metadata to ./checkpoint/lightgcn_agr/lightgcn_agr-digital_music-2026-20260510_121848_autotune_digital_clean_digital_music_s01_reg_weight_5em06.json
2026-05-10 12:23:08,344 - Best Epoch 99. Final test result: {'recall': array([0.11291257, 0.1706782 , 0.24871061]), 'ndcg': array([0.0948937 , 0.11591058, 0.14018877])}.
