2026-05-10 00:48:08,613 - {'optimizer': {'name': 'adam', 'lr': 0.001, 'weight_decay': 0}, 'train': {'epoch': 100, 'batch_size': 4096, 'save_model': True, 'loss': 'pairwise', 'test_step': 3, 'reproducible': True, 'seed': 2026, 'patience': 5}, 'test': {'metrics': ['recall', 'ndcg'], 'k': [5, 10, 20], 'batch_size': 1024}, 'data': {'type': 'general_cf', 'name': 'digital_music', 'user_num': 5541, 'item_num': 3568}, 'model': {'name': 'lightgcn_agr', 'embedding_size': 32, 'edge_bias': 0.5, 'keep_rate': 0.8, 'mask_ratio': 0.15, 'recon_weight': 0.2, 're_temperature': 0.2, 'layer_num': 3, 'reg_weight': 5e-06, 'prf_weight': 0.02, 'kd_weight': 0.01, 'kd_temperature': 0.2, 'str_weight': 1.0, 'beta': 5.0, 'sigma': 0.25, 'alpha': 0.1, 'movie': {'layer_num': 3, 'reg_weight': 1e-07, 'kd_weight': 0.01, 'kd_temperature': 0.2, 'prf_weight': 0.02, 'str_weight': 1.2, 'beta': 3.5, 'sigma': 0.3, 'alpha': 0.15, 'keep_rate': 0.8}, 'amazon': {'layer_num': 3, 'reg_weight': 5e-07, 'kd_weight': 0.01, 'kd_temperature': 0.2, 'prf_weight': 0.03, 'str_weight': 1.5, 'beta': 4.0, 'sigma': 0.25, 'alpha': 0.2, 'keep_rate': 0.8}, 'steam': {'layer_num': 3, 'reg_weight': 1e-08, 'kd_weight': 0.001, 'kd_temperature': 0.1, 'prf_weight': 0.01, 'str_weight': 1.0, 'beta': 2.5, 'sigma': 0.2, 'alpha': 0.08, 'keep_rate': 0.8}, 'yelp': {'layer_num': 3, 'reg_weight': 1e-06, 'kd_weight': 0.001, 'kd_temperature': 0.2, 'prf_weight': 0.025, 'str_weight': 1.3, 'beta': 4.0, 'sigma': 0.28, 'alpha': 0.18, 'keep_rate': 0.8}}}
2026-05-10 00:48:15,127 - Epoch 0  [recall@5: 0.0132 recall@10: 0.0230 recall@20: 0.0366 ] [ndcg@5: 0.0108 ndcg@10: 0.0142 ndcg@20: 0.0181 ] 
2026-05-10 00:48:21,305 - Epoch 3  [recall@5: 0.0661 recall@10: 0.1016 recall@20: 0.1490 ] [ndcg@5: 0.0530 ndcg@10: 0.0650 ndcg@20: 0.0790 ] 
2026-05-10 00:48:28,810 - Epoch 6  [recall@5: 0.0756 recall@10: 0.1178 recall@20: 0.1828 ] [ndcg@5: 0.0600 ndcg@10: 0.0747 ndcg@20: 0.0937 ] 
2026-05-10 00:48:38,051 - Epoch 9  [recall@5: 0.0764 recall@10: 0.1205 recall@20: 0.1909 ] [ndcg@5: 0.0603 ndcg@10: 0.0755 ndcg@20: 0.0961 ] 
2026-05-10 00:48:47,606 - Epoch 12  [recall@5: 0.0770 recall@10: 0.1224 recall@20: 0.1929 ] [ndcg@5: 0.0602 ndcg@10: 0.0758 ndcg@20: 0.0963 ] 
2026-05-10 00:48:57,437 - Epoch 15  [recall@5: 0.0782 recall@10: 0.1208 recall@20: 0.1953 ] [ndcg@5: 0.0607 ndcg@10: 0.0755 ndcg@20: 0.0972 ] 
2026-05-10 00:49:07,536 - Epoch 18  [recall@5: 0.0793 recall@10: 0.1271 recall@20: 0.2001 ] [ndcg@5: 0.0619 ndcg@10: 0.0785 ndcg@20: 0.0995 ] 
2026-05-10 00:49:18,039 - Epoch 21  [recall@5: 0.0803 recall@10: 0.1292 recall@20: 0.2036 ] [ndcg@5: 0.0631 ndcg@10: 0.0801 ndcg@20: 0.1018 ] 
2026-05-10 00:49:28,143 - Epoch 24  [recall@5: 0.0830 recall@10: 0.1322 recall@20: 0.2079 ] [ndcg@5: 0.0649 ndcg@10: 0.0820 ndcg@20: 0.1042 ] 
2026-05-10 00:49:38,170 - Epoch 27  [recall@5: 0.0859 recall@10: 0.1352 recall@20: 0.2114 ] [ndcg@5: 0.0668 ndcg@10: 0.0838 ndcg@20: 0.1062 ] 
2026-05-10 00:49:48,235 - Epoch 30  [recall@5: 0.0872 recall@10: 0.1396 recall@20: 0.2166 ] [ndcg@5: 0.0676 ndcg@10: 0.0858 ndcg@20: 0.1083 ] 
2026-05-10 00:49:58,520 - Epoch 33  [recall@5: 0.0896 recall@10: 0.1436 recall@20: 0.2196 ] [ndcg@5: 0.0688 ndcg@10: 0.0875 ndcg@20: 0.1097 ] 
2026-05-10 00:50:08,892 - Epoch 36  [recall@5: 0.0909 recall@10: 0.1472 recall@20: 0.2233 ] [ndcg@5: 0.0697 ndcg@10: 0.0891 ndcg@20: 0.1115 ] 
2026-05-10 00:50:18,951 - Epoch 39  [recall@5: 0.0923 recall@10: 0.1490 recall@20: 0.2243 ] [ndcg@5: 0.0706 ndcg@10: 0.0902 ndcg@20: 0.1124 ] 
2026-05-10 00:50:28,889 - Epoch 42  [recall@5: 0.0938 recall@10: 0.1490 recall@20: 0.2275 ] [ndcg@5: 0.0715 ndcg@10: 0.0906 ndcg@20: 0.1136 ] 
2026-05-10 00:50:38,787 - Epoch 45  [recall@5: 0.0939 recall@10: 0.1520 recall@20: 0.2291 ] [ndcg@5: 0.0718 ndcg@10: 0.0919 ndcg@20: 0.1145 ] 
2026-05-10 00:50:49,170 - Epoch 48  [recall@5: 0.0947 recall@10: 0.1523 recall@20: 0.2300 ] [ndcg@5: 0.0725 ndcg@10: 0.0924 ndcg@20: 0.1152 ] 
2026-05-10 00:50:59,453 - Epoch 51  [recall@5: 0.0958 recall@10: 0.1543 recall@20: 0.2320 ] [ndcg@5: 0.0737 ndcg@10: 0.0938 ndcg@20: 0.1166 ] 
2026-05-10 00:51:09,684 - Epoch 54  [recall@5: 0.0973 recall@10: 0.1547 recall@20: 0.2334 ] [ndcg@5: 0.0745 ndcg@10: 0.0943 ndcg@20: 0.1174 ] 
2026-05-10 00:51:19,395 - Epoch 57  [recall@5: 0.0968 recall@10: 0.1571 recall@20: 0.2342 ] [ndcg@5: 0.0745 ndcg@10: 0.0953 ndcg@20: 0.1179 ] 
2026-05-10 00:51:29,295 - Epoch 60  [recall@5: 0.0975 recall@10: 0.1572 recall@20: 0.2364 ] [ndcg@5: 0.0750 ndcg@10: 0.0956 ndcg@20: 0.1189 ] 
2026-05-10 00:51:39,697 - Epoch 63  [recall@5: 0.0993 recall@10: 0.1599 recall@20: 0.2381 ] [ndcg@5: 0.0758 ndcg@10: 0.0968 ndcg@20: 0.1197 ] 
2026-05-10 00:51:50,057 - Epoch 66  [recall@5: 0.0996 recall@10: 0.1606 recall@20: 0.2387 ] [ndcg@5: 0.0764 ndcg@10: 0.0976 ndcg@20: 0.1205 ] 
2026-05-10 00:52:00,144 - Epoch 69  [recall@5: 0.1004 recall@10: 0.1623 recall@20: 0.2399 ] [ndcg@5: 0.0775 ndcg@10: 0.0990 ndcg@20: 0.1217 ] 
2026-05-10 00:52:10,614 - Epoch 72  [recall@5: 0.1015 recall@10: 0.1623 recall@20: 0.2405 ] [ndcg@5: 0.0782 ndcg@10: 0.0992 ndcg@20: 0.1221 ] 
2026-05-10 00:52:21,118 - Epoch 75  [recall@5: 0.1009 recall@10: 0.1642 recall@20: 0.2415 ] [ndcg@5: 0.0782 ndcg@10: 0.1002 ndcg@20: 0.1228 ] 
2026-05-10 00:52:31,330 - Epoch 78  [recall@5: 0.1017 recall@10: 0.1649 recall@20: 0.2422 ] [ndcg@5: 0.0789 ndcg@10: 0.1008 ndcg@20: 0.1234 ] 
2026-05-10 00:52:41,772 - Epoch 81  [recall@5: 0.1018 recall@10: 0.1655 recall@20: 0.2431 ] [ndcg@5: 0.0790 ndcg@10: 0.1012 ndcg@20: 0.1239 ] 
2026-05-10 00:52:51,980 - Epoch 84  [recall@5: 0.1030 recall@10: 0.1651 recall@20: 0.2455 ] [ndcg@5: 0.0798 ndcg@10: 0.1015 ndcg@20: 0.1248 ] 
2026-05-10 00:53:01,938 - Epoch 87  [recall@5: 0.1032 recall@10: 0.1661 recall@20: 0.2461 ] [ndcg@5: 0.0796 ndcg@10: 0.1016 ndcg@20: 0.1249 ] 
2026-05-10 00:53:12,098 - Epoch 90  [recall@5: 0.1039 recall@10: 0.1663 recall@20: 0.2476 ] [ndcg@5: 0.0805 ndcg@10: 0.1021 ndcg@20: 0.1258 ] 
2026-05-10 00:53:22,363 - Epoch 93  [recall@5: 0.1035 recall@10: 0.1665 recall@20: 0.2489 ] [ndcg@5: 0.0803 ndcg@10: 0.1022 ndcg@20: 0.1261 ] 
2026-05-10 00:53:32,739 - Epoch 96  [recall@5: 0.1046 recall@10: 0.1664 recall@20: 0.2509 ] [ndcg@5: 0.0810 ndcg@10: 0.1025 ndcg@20: 0.1270 ] 
2026-05-10 00:53:42,821 - Epoch 99  [recall@5: 0.1050 recall@10: 0.1665 recall@20: 0.2512 ] [ndcg@5: 0.0812 ndcg@10: 0.1026 ndcg@20: 0.1272 ] 
2026-05-10 00:53:43,674 - [recall@5: 0.1050 recall@10: 0.1665 recall@20: 0.2512 ] [ndcg@5: 0.0812 ndcg@10: 0.1026 ndcg@20: 0.1272 ] 
2026-05-10 00:53:44,602 - [recall@5: 0.1127 recall@10: 0.1707 recall@20: 0.2488 ] [ndcg@5: 0.0949 ndcg@10: 0.1160 ndcg@20: 0.1403 ] 
2026-05-10 00:53:44,624 - Save model parameters to ./checkpoint/lightgcn_agr/lightgcn_agr-digital_music-2026-20260510_004803_autotune_digital_digital_music_s01_reg_weight_5em06.pth
2026-05-10 00:53:44,624 - Save run metadata to ./checkpoint/lightgcn_agr/lightgcn_agr-digital_music-2026-20260510_004803_autotune_digital_digital_music_s01_reg_weight_5em06.json
2026-05-10 00:53:44,625 - Best Epoch 99. Final test result: {'recall': array([0.11268698, 0.17072934, 0.24880085]), 'ndcg': array([0.09485007, 0.11598236, 0.14027875])}.
