2026-05-10 12:28:15,438 - {'optimizer': {'name': 'adam', 'lr': 0.001, 'weight_decay': 0}, 'train': {'epoch': 100, 'batch_size': 4096, 'save_model': True, 'loss': 'pairwise', 'test_step': 3, 'reproducible': True, 'seed': 2026, 'patience': 5}, 'test': {'metrics': ['recall', 'ndcg'], 'k': [5, 10, 20], 'batch_size': 1024}, 'data': {'type': 'general_cf', 'name': 'digital_music', 'user_num': 5541, 'item_num': 3568}, 'model': {'name': 'lightgcn_agr', 'embedding_size': 32, 'edge_bias': 0.5, 'keep_rate': 0.7, 'mask_ratio': 0.15, 'recon_weight': 0.2, 're_temperature': 0.2, 'layer_num': 3, 'reg_weight': 1e-05, 'prf_weight': 0.02, 'kd_weight': 0.01, 'kd_temperature': 0.2, 'str_weight': 1.0, 'beta': 5.0, 'sigma': 0.25, 'alpha': 0.1, 'movie': {'layer_num': 3, 'reg_weight': 1e-07, 'kd_weight': 0.01, 'kd_temperature': 0.2, 'prf_weight': 0.02, 'str_weight': 1.2, 'beta': 3.5, 'sigma': 0.3, 'alpha': 0.15, 'keep_rate': 0.8}, 'amazon': {'layer_num': 3, 'reg_weight': 5e-07, 'kd_weight': 0.01, 'kd_temperature': 0.2, 'prf_weight': 0.03, 'str_weight': 1.5, 'beta': 4.0, 'sigma': 0.25, 'alpha': 0.2, 'keep_rate': 0.8}, 'steam': {'layer_num': 3, 'reg_weight': 1e-08, 'kd_weight': 0.001, 'kd_temperature': 0.1, 'prf_weight': 0.01, 'str_weight': 1.0, 'beta': 2.5, 'sigma': 0.2, 'alpha': 0.08, 'keep_rate': 0.8}, 'yelp': {'layer_num': 3, 'reg_weight': 1e-06, 'kd_weight': 0.001, 'kd_temperature': 0.2, 'prf_weight': 0.025, 'str_weight': 1.3, 'beta': 4.0, 'sigma': 0.28, 'alpha': 0.18, 'keep_rate': 0.8}}}
2026-05-10 12:28:24,170 - Epoch 0  [recall@5: 0.0111 recall@10: 0.0168 recall@20: 0.0299 ] [ndcg@5: 0.0088 ndcg@10: 0.0108 ndcg@20: 0.0146 ] 
2026-05-10 12:28:31,983 - Epoch 3  [recall@5: 0.0616 recall@10: 0.0955 recall@20: 0.1447 ] [ndcg@5: 0.0488 ndcg@10: 0.0604 ndcg@20: 0.0747 ] 
2026-05-10 12:28:39,926 - Epoch 6  [recall@5: 0.0739 recall@10: 0.1151 recall@20: 0.1811 ] [ndcg@5: 0.0584 ndcg@10: 0.0727 ndcg@20: 0.0919 ] 
2026-05-10 12:28:47,735 - Epoch 9  [recall@5: 0.0779 recall@10: 0.1217 recall@20: 0.1895 ] [ndcg@5: 0.0607 ndcg@10: 0.0759 ndcg@20: 0.0955 ] 
2026-05-10 12:28:55,784 - Epoch 12  [recall@5: 0.0757 recall@10: 0.1218 recall@20: 0.1903 ] [ndcg@5: 0.0597 ndcg@10: 0.0757 ndcg@20: 0.0957 ] 
2026-05-10 12:29:03,439 - Epoch 15  [recall@5: 0.0770 recall@10: 0.1205 recall@20: 0.1916 ] [ndcg@5: 0.0599 ndcg@10: 0.0749 ndcg@20: 0.0957 ] 
2026-05-10 12:29:11,024 - Epoch 18  [recall@5: 0.0781 recall@10: 0.1198 recall@20: 0.1941 ] [ndcg@5: 0.0612 ndcg@10: 0.0756 ndcg@20: 0.0972 ] 
2026-05-10 12:29:18,693 - Epoch 21  [recall@5: 0.0795 recall@10: 0.1231 recall@20: 0.1959 ] [ndcg@5: 0.0625 ndcg@10: 0.0775 ndcg@20: 0.0987 ] 
2026-05-10 12:29:26,573 - Epoch 24  [recall@5: 0.0797 recall@10: 0.1255 recall@20: 0.1985 ] [ndcg@5: 0.0630 ndcg@10: 0.0789 ndcg@20: 0.1003 ] 
2026-05-10 12:29:34,205 - Epoch 27  [recall@5: 0.0819 recall@10: 0.1290 recall@20: 0.2021 ] [ndcg@5: 0.0646 ndcg@10: 0.0809 ndcg@20: 0.1022 ] 
2026-05-10 12:29:41,802 - Epoch 30  [recall@5: 0.0829 recall@10: 0.1304 recall@20: 0.2052 ] [ndcg@5: 0.0655 ndcg@10: 0.0819 ndcg@20: 0.1038 ] 
2026-05-10 12:29:49,462 - Epoch 33  [recall@5: 0.0836 recall@10: 0.1317 recall@20: 0.2085 ] [ndcg@5: 0.0656 ndcg@10: 0.0823 ndcg@20: 0.1048 ] 
2026-05-10 12:29:57,033 - Epoch 36  [recall@5: 0.0863 recall@10: 0.1343 recall@20: 0.2108 ] [ndcg@5: 0.0672 ndcg@10: 0.0837 ndcg@20: 0.1063 ] 
2026-05-10 12:30:04,733 - Epoch 39  [recall@5: 0.0870 recall@10: 0.1362 recall@20: 0.2126 ] [ndcg@5: 0.0677 ndcg@10: 0.0847 ndcg@20: 0.1072 ] 
2026-05-10 12:30:12,434 - Epoch 42  [recall@5: 0.0878 recall@10: 0.1388 recall@20: 0.2145 ] [ndcg@5: 0.0684 ndcg@10: 0.0860 ndcg@20: 0.1084 ] 
2026-05-10 12:30:19,973 - Epoch 45  [recall@5: 0.0892 recall@10: 0.1426 recall@20: 0.2178 ] [ndcg@5: 0.0695 ndcg@10: 0.0878 ndcg@20: 0.1100 ] 
2026-05-10 12:30:27,662 - Epoch 48  [recall@5: 0.0911 recall@10: 0.1439 recall@20: 0.2211 ] [ndcg@5: 0.0704 ndcg@10: 0.0885 ndcg@20: 0.1111 ] 
2026-05-10 12:30:35,318 - Epoch 51  [recall@5: 0.0912 recall@10: 0.1456 recall@20: 0.2229 ] [ndcg@5: 0.0706 ndcg@10: 0.0892 ndcg@20: 0.1119 ] 
2026-05-10 12:30:43,195 - Epoch 54  [recall@5: 0.0922 recall@10: 0.1477 recall@20: 0.2248 ] [ndcg@5: 0.0717 ndcg@10: 0.0907 ndcg@20: 0.1133 ] 
2026-05-10 12:30:50,921 - Epoch 57  [recall@5: 0.0936 recall@10: 0.1492 recall@20: 0.2253 ] [ndcg@5: 0.0725 ndcg@10: 0.0916 ndcg@20: 0.1139 ] 
2026-05-10 12:30:58,364 - Epoch 60  [recall@5: 0.0951 recall@10: 0.1507 recall@20: 0.2271 ] [ndcg@5: 0.0731 ndcg@10: 0.0921 ndcg@20: 0.1146 ] 
2026-05-10 12:31:05,853 - Epoch 63  [recall@5: 0.0955 recall@10: 0.1509 recall@20: 0.2303 ] [ndcg@5: 0.0734 ndcg@10: 0.0924 ndcg@20: 0.1156 ] 
2026-05-10 12:31:13,320 - Epoch 66  [recall@5: 0.0957 recall@10: 0.1532 recall@20: 0.2323 ] [ndcg@5: 0.0737 ndcg@10: 0.0935 ndcg@20: 0.1166 ] 
2026-05-10 12:31:21,038 - Epoch 69  [recall@5: 0.0969 recall@10: 0.1543 recall@20: 0.2338 ] [ndcg@5: 0.0745 ndcg@10: 0.0943 ndcg@20: 0.1175 ] 
2026-05-10 12:31:28,972 - Epoch 72  [recall@5: 0.0973 recall@10: 0.1544 recall@20: 0.2336 ] [ndcg@5: 0.0751 ndcg@10: 0.0949 ndcg@20: 0.1180 ] 
2026-05-10 12:31:36,864 - Epoch 75  [recall@5: 0.0976 recall@10: 0.1545 recall@20: 0.2344 ] [ndcg@5: 0.0755 ndcg@10: 0.0952 ndcg@20: 0.1186 ] 
2026-05-10 12:31:44,315 - Epoch 78  [recall@5: 0.0974 recall@10: 0.1555 recall@20: 0.2366 ] [ndcg@5: 0.0756 ndcg@10: 0.0958 ndcg@20: 0.1194 ] 
2026-05-10 12:31:51,737 - Epoch 81  [recall@5: 0.0980 recall@10: 0.1576 recall@20: 0.2379 ] [ndcg@5: 0.0759 ndcg@10: 0.0966 ndcg@20: 0.1200 ] 
2026-05-10 12:31:59,296 - Epoch 84  [recall@5: 0.0997 recall@10: 0.1586 recall@20: 0.2387 ] [ndcg@5: 0.0768 ndcg@10: 0.0973 ndcg@20: 0.1207 ] 
2026-05-10 12:32:06,742 - Epoch 87  [recall@5: 0.1006 recall@10: 0.1578 recall@20: 0.2405 ] [ndcg@5: 0.0774 ndcg@10: 0.0973 ndcg@20: 0.1215 ] 
2026-05-10 12:32:14,108 - Epoch 90  [recall@5: 0.1005 recall@10: 0.1593 recall@20: 0.2422 ] [ndcg@5: 0.0775 ndcg@10: 0.0980 ndcg@20: 0.1221 ] 
2026-05-10 12:32:21,532 - Epoch 93  [recall@5: 0.1017 recall@10: 0.1590 recall@20: 0.2421 ] [ndcg@5: 0.0782 ndcg@10: 0.0983 ndcg@20: 0.1225 ] 
2026-05-10 12:32:29,255 - Epoch 96  [recall@5: 0.1011 recall@10: 0.1590 recall@20: 0.2425 ] [ndcg@5: 0.0780 ndcg@10: 0.0983 ndcg@20: 0.1227 ] 
2026-05-10 12:32:36,747 - Epoch 99  [recall@5: 0.1020 recall@10: 0.1608 recall@20: 0.2432 ] [ndcg@5: 0.0786 ndcg@10: 0.0990 ndcg@20: 0.1231 ] 
2026-05-10 12:32:37,819 - [recall@5: 0.1020 recall@10: 0.1608 recall@20: 0.2432 ] [ndcg@5: 0.0786 ndcg@10: 0.0990 ndcg@20: 0.1231 ] 
2026-05-10 12:32:38,877 - [recall@5: 0.1060 recall@10: 0.1661 recall@20: 0.2433 ] [ndcg@5: 0.0895 ndcg@10: 0.1113 ndcg@20: 0.1352 ] 
2026-05-10 12:32:38,901 - Save model parameters to ./checkpoint/lightgcn_agr/lightgcn_agr-digital_music-2026-20260510_122809_autotune_digital_clean_digital_music_s02_keep_rate_0p7.pth
2026-05-10 12:32:38,902 - Save run metadata to ./checkpoint/lightgcn_agr/lightgcn_agr-digital_music-2026-20260510_122809_autotune_digital_clean_digital_music_s02_keep_rate_0p7.json
2026-05-10 12:32:38,902 - Best Epoch 99. Final test result: {'recall': array([0.10599211, 0.16610301, 0.24326491]), 'ndcg': array([0.08946589, 0.11132956, 0.13524644])}.
