2026-05-10 02:13:59,171 - {'optimizer': {'name': 'adam', 'lr': 0.001, 'weight_decay': 0}, 'train': {'epoch': 100, 'batch_size': 4096, 'save_model': True, 'loss': 'pairwise', 'test_step': 3, 'reproducible': True, 'seed': 2026, 'patience': 5}, 'test': {'metrics': ['recall', 'ndcg'], 'k': [5, 10, 20], 'batch_size': 1024}, 'data': {'type': 'general_cf', 'name': 'digital_music', 'user_num': 5541, 'item_num': 3568}, 'model': {'name': 'lightgcn_agr', 'embedding_size': 32, 'edge_bias': 0.5, 'keep_rate': 0.9, 'mask_ratio': 0.15, 'recon_weight': 0.2, 're_temperature': 0.2, 'layer_num': 3, 'reg_weight': 1e-06, 'prf_weight': 0.1, 'kd_weight': 0.01, 'kd_temperature': 0.2, 'str_weight': 1.0, 'beta': 5.0, 'sigma': 0.25, 'alpha': 0.25, 'movie': {'layer_num': 3, 'reg_weight': 1e-07, 'kd_weight': 0.01, 'kd_temperature': 0.2, 'prf_weight': 0.02, 'str_weight': 1.2, 'beta': 3.5, 'sigma': 0.3, 'alpha': 0.15, 'keep_rate': 0.8}, 'amazon': {'layer_num': 3, 'reg_weight': 5e-07, 'kd_weight': 0.01, 'kd_temperature': 0.2, 'prf_weight': 0.03, 'str_weight': 1.5, 'beta': 4.0, 'sigma': 0.25, 'alpha': 0.2, 'keep_rate': 0.8}, 'steam': {'layer_num': 3, 'reg_weight': 1e-08, 'kd_weight': 0.001, 'kd_temperature': 0.1, 'prf_weight': 0.01, 'str_weight': 1.0, 'beta': 2.5, 'sigma': 0.2, 'alpha': 0.08, 'keep_rate': 0.8}, 'yelp': {'layer_num': 3, 'reg_weight': 1e-06, 'kd_weight': 0.001, 'kd_temperature': 0.2, 'prf_weight': 0.025, 'str_weight': 1.3, 'beta': 4.0, 'sigma': 0.28, 'alpha': 0.18, 'keep_rate': 0.8}}}
2026-05-10 02:14:05,221 - Epoch 0  [recall@5: 0.0194 recall@10: 0.0329 recall@20: 0.0521 ] [ndcg@5: 0.0155 ndcg@10: 0.0204 ndcg@20: 0.0259 ] 
2026-05-10 02:14:12,536 - Epoch 3  [recall@5: 0.0622 recall@10: 0.0918 recall@20: 0.1363 ] [ndcg@5: 0.0477 ndcg@10: 0.0583 ndcg@20: 0.0715 ] 
2026-05-10 02:14:21,898 - Epoch 6  [recall@5: 0.0691 recall@10: 0.1036 recall@20: 0.1484 ] [ndcg@5: 0.0537 ndcg@10: 0.0658 ndcg@20: 0.0790 ] 
2026-05-10 02:14:30,736 - Epoch 9  [recall@5: 0.0736 recall@10: 0.1106 recall@20: 0.1605 ] [ndcg@5: 0.0568 ndcg@10: 0.0699 ndcg@20: 0.0843 ] 
2026-05-10 02:14:39,680 - Epoch 12  [recall@5: 0.0780 recall@10: 0.1169 recall@20: 0.1709 ] [ndcg@5: 0.0597 ndcg@10: 0.0733 ndcg@20: 0.0890 ] 
2026-05-10 02:14:48,778 - Epoch 15  [recall@5: 0.0798 recall@10: 0.1202 recall@20: 0.1794 ] [ndcg@5: 0.0606 ndcg@10: 0.0748 ndcg@20: 0.0920 ] 
2026-05-10 02:14:58,108 - Epoch 18  [recall@5: 0.0790 recall@10: 0.1214 recall@20: 0.1826 ] [ndcg@5: 0.0599 ndcg@10: 0.0748 ndcg@20: 0.0925 ] 
2026-05-10 02:15:07,383 - Epoch 21  [recall@5: 0.0777 recall@10: 0.1216 recall@20: 0.1855 ] [ndcg@5: 0.0584 ndcg@10: 0.0737 ndcg@20: 0.0923 ] 
2026-05-10 02:15:16,487 - Epoch 24  [recall@5: 0.0766 recall@10: 0.1207 recall@20: 0.1823 ] [ndcg@5: 0.0582 ndcg@10: 0.0736 ndcg@20: 0.0916 ] 
2026-05-10 02:15:25,845 - Epoch 27  [recall@5: 0.0778 recall@10: 0.1211 recall@20: 0.1815 ] [ndcg@5: 0.0585 ndcg@10: 0.0736 ndcg@20: 0.0913 ] 
2026-05-10 02:15:35,445 - Epoch 30  [recall@5: 0.0788 recall@10: 0.1247 recall@20: 0.1851 ] [ndcg@5: 0.0601 ndcg@10: 0.0761 ndcg@20: 0.0937 ] 
2026-05-10 02:15:45,139 - Epoch 33  [recall@5: 0.0810 recall@10: 0.1279 recall@20: 0.1896 ] [ndcg@5: 0.0619 ndcg@10: 0.0783 ndcg@20: 0.0964 ] 
2026-05-10 02:15:54,824 - Epoch 36  [recall@5: 0.0862 recall@10: 0.1312 recall@20: 0.1966 ] [ndcg@5: 0.0652 ndcg@10: 0.0809 ndcg@20: 0.1000 ] 
2026-05-10 02:16:04,254 - Epoch 39  [recall@5: 0.0890 recall@10: 0.1351 recall@20: 0.2019 ] [ndcg@5: 0.0677 ndcg@10: 0.0838 ndcg@20: 0.1034 ] 
2026-05-10 02:16:14,017 - Epoch 42  [recall@5: 0.0923 recall@10: 0.1405 recall@20: 0.2080 ] [ndcg@5: 0.0702 ndcg@10: 0.0871 ndcg@20: 0.1069 ] 
2026-05-10 02:16:23,973 - Epoch 45  [recall@5: 0.0948 recall@10: 0.1435 recall@20: 0.2131 ] [ndcg@5: 0.0721 ndcg@10: 0.0892 ndcg@20: 0.1098 ] 
2026-05-10 02:16:33,693 - Epoch 48  [recall@5: 0.0961 recall@10: 0.1469 recall@20: 0.2192 ] [ndcg@5: 0.0737 ndcg@10: 0.0914 ndcg@20: 0.1128 ] 
2026-05-10 02:16:43,433 - Epoch 51  [recall@5: 0.0986 recall@10: 0.1502 recall@20: 0.2262 ] [ndcg@5: 0.0754 ndcg@10: 0.0933 ndcg@20: 0.1156 ] 
2026-05-10 02:16:52,952 - Epoch 54  [recall@5: 0.1014 recall@10: 0.1535 recall@20: 0.2287 ] [ndcg@5: 0.0772 ndcg@10: 0.0954 ndcg@20: 0.1175 ] 
2026-05-10 02:17:02,241 - Epoch 57  [recall@5: 0.1030 recall@10: 0.1567 recall@20: 0.2334 ] [ndcg@5: 0.0787 ndcg@10: 0.0975 ndcg@20: 0.1199 ] 
2026-05-10 02:17:11,955 - Epoch 60  [recall@5: 0.1047 recall@10: 0.1600 recall@20: 0.2386 ] [ndcg@5: 0.0803 ndcg@10: 0.0998 ndcg@20: 0.1227 ] 
2026-05-10 02:17:21,690 - Epoch 63  [recall@5: 0.1057 recall@10: 0.1626 recall@20: 0.2410 ] [ndcg@5: 0.0814 ndcg@10: 0.1014 ndcg@20: 0.1243 ] 
2026-05-10 02:17:31,497 - Epoch 66  [recall@5: 0.1077 recall@10: 0.1657 recall@20: 0.2458 ] [ndcg@5: 0.0828 ndcg@10: 0.1031 ndcg@20: 0.1265 ] 
2026-05-10 02:17:40,892 - Epoch 69  [recall@5: 0.1088 recall@10: 0.1673 recall@20: 0.2476 ] [ndcg@5: 0.0839 ndcg@10: 0.1043 ndcg@20: 0.1277 ] 
2026-05-10 02:17:50,434 - Epoch 72  [recall@5: 0.1099 recall@10: 0.1679 recall@20: 0.2511 ] [ndcg@5: 0.0849 ndcg@10: 0.1051 ndcg@20: 0.1293 ] 
2026-05-10 02:18:00,076 - Epoch 75  [recall@5: 0.1122 recall@10: 0.1708 recall@20: 0.2545 ] [ndcg@5: 0.0860 ndcg@10: 0.1063 ndcg@20: 0.1306 ] 
2026-05-10 02:18:09,803 - Epoch 78  [recall@5: 0.1115 recall@10: 0.1710 recall@20: 0.2570 ] [ndcg@5: 0.0854 ndcg@10: 0.1061 ndcg@20: 0.1310 ] 
2026-05-10 02:18:19,574 - Epoch 81  [recall@5: 0.1130 recall@10: 0.1737 recall@20: 0.2587 ] [ndcg@5: 0.0867 ndcg@10: 0.1078 ndcg@20: 0.1324 ] 
2026-05-10 02:18:29,029 - Epoch 84  [recall@5: 0.1135 recall@10: 0.1752 recall@20: 0.2597 ] [ndcg@5: 0.0872 ndcg@10: 0.1086 ndcg@20: 0.1331 ] 
2026-05-10 02:18:38,322 - Epoch 87  [recall@5: 0.1136 recall@10: 0.1781 recall@20: 0.2619 ] [ndcg@5: 0.0876 ndcg@10: 0.1097 ndcg@20: 0.1341 ] 
2026-05-10 02:18:48,208 - Epoch 90  [recall@5: 0.1154 recall@10: 0.1783 recall@20: 0.2628 ] [ndcg@5: 0.0887 ndcg@10: 0.1103 ndcg@20: 0.1350 ] 
2026-05-10 02:18:57,967 - Epoch 93  [recall@5: 0.1152 recall@10: 0.1793 recall@20: 0.2621 ] [ndcg@5: 0.0886 ndcg@10: 0.1109 ndcg@20: 0.1350 ] 
2026-05-10 02:19:07,667 - Epoch 96  [recall@5: 0.1165 recall@10: 0.1798 recall@20: 0.2632 ] [ndcg@5: 0.0895 ndcg@10: 0.1114 ndcg@20: 0.1357 ] 
2026-05-10 02:19:17,169 - Epoch 99  [recall@5: 0.1179 recall@10: 0.1794 recall@20: 0.2642 ] [ndcg@5: 0.0906 ndcg@10: 0.1118 ndcg@20: 0.1365 ] 
2026-05-10 02:19:18,101 - [recall@5: 0.1179 recall@10: 0.1794 recall@20: 0.2642 ] [ndcg@5: 0.0906 ndcg@10: 0.1118 ndcg@20: 0.1365 ] 
2026-05-10 02:19:19,019 - [recall@5: 0.1215 recall@10: 0.1863 recall@20: 0.2624 ] [ndcg@5: 0.1017 ndcg@10: 0.1254 ndcg@20: 0.1488 ] 
2026-05-10 02:19:19,032 - Save model parameters to ./checkpoint/lightgcn_agr/lightgcn_agr-digital_music-2026-20260510_021354_autotune_digital_digital_music_s06_alpha_0p25.pth
2026-05-10 02:19:19,033 - Save run metadata to ./checkpoint/lightgcn_agr/lightgcn_agr-digital_music-2026-20260510_021354_autotune_digital_digital_music_s06_alpha_0p25.json
2026-05-10 02:19:19,035 - Best Epoch 99. Final test result: {'recall': array([0.12153621, 0.1862905 , 0.26236314]), 'ndcg': array([0.10168513, 0.12535545, 0.1488439 ])}.
