2026-05-10 01:33:08,248 - {'optimizer': {'name': 'adam', 'lr': 0.001, 'weight_decay': 0}, 'train': {'epoch': 100, 'batch_size': 4096, 'save_model': True, 'loss': 'pairwise', 'test_step': 3, 'reproducible': True, 'seed': 233, 'patience': 5}, 'test': {'metrics': ['recall', 'ndcg'], 'k': [5, 10, 20], 'batch_size': 1024}, 'data': {'type': 'general_cf', 'name': 'digital_music', 'user_num': 5541, 'item_num': 3568}, 'model': {'name': 'lightgcn_agr', 'embedding_size': 32, 'edge_bias': 0.5, 'keep_rate': 0.9, 'mask_ratio': 0.15, 'recon_weight': 0.2, 're_temperature': 0.2, 'layer_num': 3, 'reg_weight': 5e-06, 'prf_weight': 0.05, 'kd_weight': 0.01, 'kd_temperature': 0.2, 'str_weight': 1.0, 'beta': 5.0, 'sigma': 0.25, 'alpha': 0.1, 'movie': {'layer_num': 3, 'reg_weight': 1e-07, 'kd_weight': 0.01, 'kd_temperature': 0.2, 'prf_weight': 0.02, 'str_weight': 1.2, 'beta': 3.5, 'sigma': 0.3, 'alpha': 0.15, 'keep_rate': 0.8}, 'amazon': {'layer_num': 3, 'reg_weight': 5e-07, 'kd_weight': 0.01, 'kd_temperature': 0.2, 'prf_weight': 0.03, 'str_weight': 1.5, 'beta': 4.0, 'sigma': 0.25, 'alpha': 0.2, 'keep_rate': 0.8}, 'steam': {'layer_num': 3, 'reg_weight': 1e-08, 'kd_weight': 0.001, 'kd_temperature': 0.1, 'prf_weight': 0.01, 'str_weight': 1.0, 'beta': 2.5, 'sigma': 0.2, 'alpha': 0.08, 'keep_rate': 0.8}, 'yelp': {'layer_num': 3, 'reg_weight': 1e-06, 'kd_weight': 0.001, 'kd_temperature': 0.2, 'prf_weight': 0.025, 'str_weight': 1.3, 'beta': 4.0, 'sigma': 0.28, 'alpha': 0.18, 'keep_rate': 0.8}}}
2026-05-10 01:33:15,588 - Epoch 0  [recall@5: 0.0198 recall@10: 0.0314 recall@20: 0.0485 ] [ndcg@5: 0.0158 ndcg@10: 0.0199 ndcg@20: 0.0250 ] 
2026-05-10 01:33:25,219 - Epoch 3  [recall@5: 0.0697 recall@10: 0.1076 recall@20: 0.1609 ] [ndcg@5: 0.0547 ndcg@10: 0.0680 ndcg@20: 0.0836 ] 
2026-05-10 01:33:34,955 - Epoch 6  [recall@5: 0.0825 recall@10: 0.1260 recall@20: 0.1926 ] [ndcg@5: 0.0647 ndcg@10: 0.0798 ndcg@20: 0.0993 ] 
2026-05-10 01:33:45,027 - Epoch 9  [recall@5: 0.0854 recall@10: 0.1281 recall@20: 0.1978 ] [ndcg@5: 0.0655 ndcg@10: 0.0803 ndcg@20: 0.1006 ] 
2026-05-10 01:33:55,067 - Epoch 12  [recall@5: 0.0828 recall@10: 0.1277 recall@20: 0.1971 ] [ndcg@5: 0.0644 ndcg@10: 0.0800 ndcg@20: 0.1002 ] 
2026-05-10 01:34:05,173 - Epoch 15  [recall@5: 0.0831 recall@10: 0.1305 recall@20: 0.2005 ] [ndcg@5: 0.0652 ndcg@10: 0.0816 ndcg@20: 0.1021 ] 
2026-05-10 01:34:15,440 - Epoch 18  [recall@5: 0.0853 recall@10: 0.1357 recall@20: 0.2071 ] [ndcg@5: 0.0662 ndcg@10: 0.0838 ndcg@20: 0.1047 ] 
2026-05-10 01:34:25,018 - Epoch 21  [recall@5: 0.0909 recall@10: 0.1400 recall@20: 0.2132 ] [ndcg@5: 0.0698 ndcg@10: 0.0867 ndcg@20: 0.1082 ] 
2026-05-10 01:34:35,174 - Epoch 24  [recall@5: 0.0933 recall@10: 0.1432 recall@20: 0.2195 ] [ndcg@5: 0.0714 ndcg@10: 0.0886 ndcg@20: 0.1109 ] 
2026-05-10 01:34:45,068 - Epoch 27  [recall@5: 0.0956 recall@10: 0.1471 recall@20: 0.2242 ] [ndcg@5: 0.0736 ndcg@10: 0.0913 ndcg@20: 0.1138 ] 
2026-05-10 01:34:55,141 - Epoch 30  [recall@5: 0.0979 recall@10: 0.1505 recall@20: 0.2284 ] [ndcg@5: 0.0751 ndcg@10: 0.0933 ndcg@20: 0.1160 ] 
2026-05-10 01:35:05,162 - Epoch 33  [recall@5: 0.1007 recall@10: 0.1539 recall@20: 0.2322 ] [ndcg@5: 0.0768 ndcg@10: 0.0952 ndcg@20: 0.1180 ] 
2026-05-10 01:35:14,770 - Epoch 36  [recall@5: 0.1020 recall@10: 0.1562 recall@20: 0.2380 ] [ndcg@5: 0.0776 ndcg@10: 0.0965 ndcg@20: 0.1202 ] 
2026-05-10 01:35:24,641 - Epoch 39  [recall@5: 0.1024 recall@10: 0.1578 recall@20: 0.2406 ] [ndcg@5: 0.0786 ndcg@10: 0.0980 ndcg@20: 0.1221 ] 
2026-05-10 01:35:34,668 - Epoch 42  [recall@5: 0.1038 recall@10: 0.1605 recall@20: 0.2429 ] [ndcg@5: 0.0795 ndcg@10: 0.0993 ndcg@20: 0.1234 ] 
2026-05-10 01:35:44,812 - Epoch 45  [recall@5: 0.1063 recall@10: 0.1620 recall@20: 0.2438 ] [ndcg@5: 0.0815 ndcg@10: 0.1010 ndcg@20: 0.1249 ] 
2026-05-10 01:35:54,931 - Epoch 48  [recall@5: 0.1065 recall@10: 0.1634 recall@20: 0.2466 ] [ndcg@5: 0.0818 ndcg@10: 0.1017 ndcg@20: 0.1260 ] 
2026-05-10 01:36:04,591 - Epoch 51  [recall@5: 0.1086 recall@10: 0.1651 recall@20: 0.2481 ] [ndcg@5: 0.0830 ndcg@10: 0.1028 ndcg@20: 0.1271 ] 
2026-05-10 01:36:14,769 - Epoch 54  [recall@5: 0.1096 recall@10: 0.1676 recall@20: 0.2479 ] [ndcg@5: 0.0844 ndcg@10: 0.1046 ndcg@20: 0.1282 ] 
2026-05-10 01:36:24,877 - Epoch 57  [recall@5: 0.1103 recall@10: 0.1679 recall@20: 0.2491 ] [ndcg@5: 0.0844 ndcg@10: 0.1047 ndcg@20: 0.1285 ] 
2026-05-10 01:36:34,910 - Epoch 60  [recall@5: 0.1122 recall@10: 0.1686 recall@20: 0.2509 ] [ndcg@5: 0.0860 ndcg@10: 0.1057 ndcg@20: 0.1299 ] 
2026-05-10 01:36:45,017 - Epoch 63  [recall@5: 0.1125 recall@10: 0.1717 recall@20: 0.2524 ] [ndcg@5: 0.0865 ndcg@10: 0.1072 ndcg@20: 0.1308 ] 
2026-05-10 01:36:54,822 - Epoch 66  [recall@5: 0.1134 recall@10: 0.1733 recall@20: 0.2551 ] [ndcg@5: 0.0873 ndcg@10: 0.1082 ndcg@20: 0.1322 ] 
2026-05-10 01:37:05,057 - Epoch 69  [recall@5: 0.1144 recall@10: 0.1732 recall@20: 0.2548 ] [ndcg@5: 0.0876 ndcg@10: 0.1080 ndcg@20: 0.1320 ] 
2026-05-10 01:37:15,090 - Epoch 72  [recall@5: 0.1144 recall@10: 0.1738 recall@20: 0.2552 ] [ndcg@5: 0.0881 ndcg@10: 0.1088 ndcg@20: 0.1327 ] 
2026-05-10 01:37:25,231 - Epoch 75  [recall@5: 0.1152 recall@10: 0.1740 recall@20: 0.2552 ] [ndcg@5: 0.0888 ndcg@10: 0.1093 ndcg@20: 0.1332 ] 
2026-05-10 01:37:35,316 - Epoch 78  [recall@5: 0.1155 recall@10: 0.1751 recall@20: 0.2567 ] [ndcg@5: 0.0888 ndcg@10: 0.1096 ndcg@20: 0.1336 ] 
2026-05-10 01:37:45,209 - Epoch 81  [recall@5: 0.1156 recall@10: 0.1762 recall@20: 0.2584 ] [ndcg@5: 0.0892 ndcg@10: 0.1103 ndcg@20: 0.1344 ] 
2026-05-10 01:37:55,762 - Epoch 84  [recall@5: 0.1159 recall@10: 0.1752 recall@20: 0.2574 ] [ndcg@5: 0.0897 ndcg@10: 0.1105 ndcg@20: 0.1348 ] 
2026-05-10 01:38:06,201 - Epoch 87  [recall@5: 0.1163 recall@10: 0.1756 recall@20: 0.2591 ] [ndcg@5: 0.0900 ndcg@10: 0.1107 ndcg@20: 0.1353 ] 
2026-05-10 01:38:16,672 - Epoch 90  [recall@5: 0.1156 recall@10: 0.1764 recall@20: 0.2616 ] [ndcg@5: 0.0895 ndcg@10: 0.1108 ndcg@20: 0.1358 ] 
2026-05-10 01:38:27,235 - Epoch 93  [recall@5: 0.1157 recall@10: 0.1783 recall@20: 0.2599 ] [ndcg@5: 0.0898 ndcg@10: 0.1116 ndcg@20: 0.1356 ] 
2026-05-10 01:38:37,321 - Epoch 96  [recall@5: 0.1159 recall@10: 0.1784 recall@20: 0.2601 ] [ndcg@5: 0.0899 ndcg@10: 0.1118 ndcg@20: 0.1357 ] 
2026-05-10 01:38:43,729 - Epoch 99  [recall@5: 0.1171 recall@10: 0.1791 recall@20: 0.2596 ] [ndcg@5: 0.0904 ndcg@10: 0.1123 ndcg@20: 0.1358 ] 
2026-05-10 01:38:44,497 - [recall@5: 0.1156 recall@10: 0.1764 recall@20: 0.2616 ] [ndcg@5: 0.0895 ndcg@10: 0.1108 ndcg@20: 0.1358 ] 
2026-05-10 01:38:45,266 - [recall@5: 0.1201 recall@10: 0.1821 recall@20: 0.2597 ] [ndcg@5: 0.1005 ndcg@10: 0.1228 ndcg@20: 0.1469 ] 
2026-05-10 01:38:45,278 - Save model parameters to ./checkpoint/lightgcn_agr/lightgcn_agr-digital_music-233-20260510_013303_autotune_digital_digital_music_s04_prf_weight_0p05.pth
2026-05-10 01:38:45,278 - Save run metadata to ./checkpoint/lightgcn_agr/lightgcn_agr-digital_music-233-20260510_013303_autotune_digital_digital_music_s04_prf_weight_0p05.json
2026-05-10 01:38:45,279 - Best Epoch 90. Final test result: {'recall': array([0.12011228, 0.18214842, 0.25969594]), 'ndcg': array([0.10049801, 0.12278611, 0.14690454])}.
