2026-05-10 00:26:59,621 - {'optimizer': {'name': 'adam', 'lr': 0.001, 'weight_decay': 0}, 'train': {'epoch': 100, 'batch_size': 4096, 'save_model': True, 'loss': 'pairwise', 'test_step': 3, 'reproducible': True, 'seed': 2026, 'patience': 5}, 'test': {'metrics': ['recall', 'ndcg'], 'k': [5, 10, 20], 'batch_size': 1024}, 'data': {'type': 'general_cf', 'name': 'digital_music', 'user_num': 5541, 'item_num': 3568}, 'model': {'name': 'lightgcn_agr', 'embedding_size': 32, 'edge_bias': 0.5, 'keep_rate': 0.8, 'mask_ratio': 0.15, 'recon_weight': 0.2, 're_temperature': 0.2, 'layer_num': 3, 'reg_weight': 1e-07, 'prf_weight': 0.02, 'kd_weight': 0.01, 'kd_temperature': 0.2, 'str_weight': 1.0, 'beta': 5.0, 'sigma': 0.25, 'alpha': 0.1, 'movie': {'layer_num': 3, 'reg_weight': 1e-07, 'kd_weight': 0.01, 'kd_temperature': 0.2, 'prf_weight': 0.02, 'str_weight': 1.2, 'beta': 3.5, 'sigma': 0.3, 'alpha': 0.15, 'keep_rate': 0.8}, 'amazon': {'layer_num': 3, 'reg_weight': 5e-07, 'kd_weight': 0.01, 'kd_temperature': 0.2, 'prf_weight': 0.03, 'str_weight': 1.5, 'beta': 4.0, 'sigma': 0.25, 'alpha': 0.2, 'keep_rate': 0.8}, 'steam': {'layer_num': 3, 'reg_weight': 1e-08, 'kd_weight': 0.001, 'kd_temperature': 0.1, 'prf_weight': 0.01, 'str_weight': 1.0, 'beta': 2.5, 'sigma': 0.2, 'alpha': 0.08, 'keep_rate': 0.8}, 'yelp': {'layer_num': 3, 'reg_weight': 1e-06, 'kd_weight': 0.001, 'kd_temperature': 0.2, 'prf_weight': 0.025, 'str_weight': 1.3, 'beta': 4.0, 'sigma': 0.28, 'alpha': 0.18, 'keep_rate': 0.8}}}
2026-05-10 00:27:06,415 - Epoch 0  [recall@5: 0.0132 recall@10: 0.0230 recall@20: 0.0366 ] [ndcg@5: 0.0108 ndcg@10: 0.0142 ndcg@20: 0.0181 ] 
2026-05-10 00:27:12,588 - Epoch 3  [recall@5: 0.0661 recall@10: 0.1016 recall@20: 0.1491 ] [ndcg@5: 0.0529 ndcg@10: 0.0649 ndcg@20: 0.0790 ] 
2026-05-10 00:27:18,880 - Epoch 6  [recall@5: 0.0756 recall@10: 0.1179 recall@20: 0.1829 ] [ndcg@5: 0.0601 ndcg@10: 0.0747 ndcg@20: 0.0937 ] 
2026-05-10 00:27:25,126 - Epoch 9  [recall@5: 0.0766 recall@10: 0.1203 recall@20: 0.1905 ] [ndcg@5: 0.0604 ndcg@10: 0.0754 ndcg@20: 0.0960 ] 
2026-05-10 00:27:33,073 - Epoch 12  [recall@5: 0.0770 recall@10: 0.1222 recall@20: 0.1929 ] [ndcg@5: 0.0602 ndcg@10: 0.0758 ndcg@20: 0.0963 ] 
2026-05-10 00:27:42,107 - Epoch 15  [recall@5: 0.0782 recall@10: 0.1208 recall@20: 0.1951 ] [ndcg@5: 0.0607 ndcg@10: 0.0755 ndcg@20: 0.0971 ] 
2026-05-10 00:27:51,321 - Epoch 18  [recall@5: 0.0793 recall@10: 0.1270 recall@20: 0.2001 ] [ndcg@5: 0.0619 ndcg@10: 0.0784 ndcg@20: 0.0995 ] 
2026-05-10 00:28:00,826 - Epoch 21  [recall@5: 0.0804 recall@10: 0.1292 recall@20: 0.2040 ] [ndcg@5: 0.0632 ndcg@10: 0.0802 ndcg@20: 0.1020 ] 
2026-05-10 00:28:10,415 - Epoch 24  [recall@5: 0.0831 recall@10: 0.1324 recall@20: 0.2078 ] [ndcg@5: 0.0650 ndcg@10: 0.0821 ndcg@20: 0.1042 ] 
2026-05-10 00:28:19,672 - Epoch 27  [recall@5: 0.0859 recall@10: 0.1349 recall@20: 0.2116 ] [ndcg@5: 0.0667 ndcg@10: 0.0837 ndcg@20: 0.1062 ] 
2026-05-10 00:28:28,963 - Epoch 30  [recall@5: 0.0872 recall@10: 0.1396 recall@20: 0.2164 ] [ndcg@5: 0.0676 ndcg@10: 0.0858 ndcg@20: 0.1083 ] 
2026-05-10 00:28:38,558 - Epoch 33  [recall@5: 0.0895 recall@10: 0.1436 recall@20: 0.2196 ] [ndcg@5: 0.0688 ndcg@10: 0.0876 ndcg@20: 0.1098 ] 
2026-05-10 00:28:47,862 - Epoch 36  [recall@5: 0.0909 recall@10: 0.1470 recall@20: 0.2233 ] [ndcg@5: 0.0697 ndcg@10: 0.0890 ndcg@20: 0.1115 ] 
2026-05-10 00:28:57,246 - Epoch 39  [recall@5: 0.0923 recall@10: 0.1490 recall@20: 0.2242 ] [ndcg@5: 0.0706 ndcg@10: 0.0902 ndcg@20: 0.1124 ] 
2026-05-10 00:29:06,607 - Epoch 42  [recall@5: 0.0938 recall@10: 0.1490 recall@20: 0.2275 ] [ndcg@5: 0.0715 ndcg@10: 0.0906 ndcg@20: 0.1137 ] 
2026-05-10 00:29:15,915 - Epoch 45  [recall@5: 0.0939 recall@10: 0.1518 recall@20: 0.2290 ] [ndcg@5: 0.0719 ndcg@10: 0.0919 ndcg@20: 0.1145 ] 
2026-05-10 00:29:25,267 - Epoch 48  [recall@5: 0.0947 recall@10: 0.1525 recall@20: 0.2300 ] [ndcg@5: 0.0726 ndcg@10: 0.0925 ndcg@20: 0.1152 ] 
2026-05-10 00:29:34,300 - Epoch 51  [recall@5: 0.0962 recall@10: 0.1545 recall@20: 0.2318 ] [ndcg@5: 0.0739 ndcg@10: 0.0939 ndcg@20: 0.1166 ] 
2026-05-10 00:29:43,734 - Epoch 54  [recall@5: 0.0973 recall@10: 0.1547 recall@20: 0.2332 ] [ndcg@5: 0.0745 ndcg@10: 0.0943 ndcg@20: 0.1173 ] 
2026-05-10 00:29:53,111 - Epoch 57  [recall@5: 0.0967 recall@10: 0.1570 recall@20: 0.2340 ] [ndcg@5: 0.0745 ndcg@10: 0.0953 ndcg@20: 0.1179 ] 
2026-05-10 00:30:02,197 - Epoch 60  [recall@5: 0.0974 recall@10: 0.1573 recall@20: 0.2363 ] [ndcg@5: 0.0750 ndcg@10: 0.0957 ndcg@20: 0.1189 ] 
2026-05-10 00:30:11,481 - Epoch 63  [recall@5: 0.0991 recall@10: 0.1599 recall@20: 0.2381 ] [ndcg@5: 0.0758 ndcg@10: 0.0968 ndcg@20: 0.1197 ] 
2026-05-10 00:30:20,593 - Epoch 66  [recall@5: 0.0996 recall@10: 0.1606 recall@20: 0.2385 ] [ndcg@5: 0.0764 ndcg@10: 0.0976 ndcg@20: 0.1205 ] 
2026-05-10 00:30:30,048 - Epoch 69  [recall@5: 0.1002 recall@10: 0.1623 recall@20: 0.2396 ] [ndcg@5: 0.0775 ndcg@10: 0.0990 ndcg@20: 0.1217 ] 
2026-05-10 00:30:39,278 - Epoch 72  [recall@5: 0.1015 recall@10: 0.1618 recall@20: 0.2405 ] [ndcg@5: 0.0782 ndcg@10: 0.0991 ndcg@20: 0.1222 ] 
2026-05-10 00:30:48,522 - Epoch 75  [recall@5: 0.1009 recall@10: 0.1646 recall@20: 0.2418 ] [ndcg@5: 0.0782 ndcg@10: 0.1003 ndcg@20: 0.1229 ] 
2026-05-10 00:30:57,763 - Epoch 78  [recall@5: 0.1018 recall@10: 0.1654 recall@20: 0.2421 ] [ndcg@5: 0.0790 ndcg@10: 0.1010 ndcg@20: 0.1234 ] 
2026-05-10 00:31:07,084 - Epoch 81  [recall@5: 0.1018 recall@10: 0.1655 recall@20: 0.2434 ] [ndcg@5: 0.0790 ndcg@10: 0.1013 ndcg@20: 0.1240 ] 
2026-05-10 00:31:16,590 - Epoch 84  [recall@5: 0.1029 recall@10: 0.1652 recall@20: 0.2454 ] [ndcg@5: 0.0797 ndcg@10: 0.1015 ndcg@20: 0.1248 ] 
2026-05-10 00:31:25,935 - Epoch 87  [recall@5: 0.1032 recall@10: 0.1661 recall@20: 0.2462 ] [ndcg@5: 0.0796 ndcg@10: 0.1016 ndcg@20: 0.1249 ] 
2026-05-10 00:31:35,080 - Epoch 90  [recall@5: 0.1037 recall@10: 0.1666 recall@20: 0.2474 ] [ndcg@5: 0.0803 ndcg@10: 0.1022 ndcg@20: 0.1257 ] 
2026-05-10 00:31:44,415 - Epoch 93  [recall@5: 0.1035 recall@10: 0.1661 recall@20: 0.2488 ] [ndcg@5: 0.0804 ndcg@10: 0.1021 ndcg@20: 0.1262 ] 
2026-05-10 00:31:53,566 - Epoch 96  [recall@5: 0.1045 recall@10: 0.1662 recall@20: 0.2512 ] [ndcg@5: 0.0810 ndcg@10: 0.1024 ndcg@20: 0.1270 ] 
2026-05-10 00:32:02,917 - Epoch 99  [recall@5: 0.1053 recall@10: 0.1662 recall@20: 0.2511 ] [ndcg@5: 0.0813 ndcg@10: 0.1026 ndcg@20: 0.1272 ] 
2026-05-10 00:32:03,806 - [recall@5: 0.1045 recall@10: 0.1662 recall@20: 0.2512 ] [ndcg@5: 0.0810 ndcg@10: 0.1024 ndcg@20: 0.1270 ] 
2026-05-10 00:32:04,751 - [recall@5: 0.1110 recall@10: 0.1708 recall@20: 0.2483 ] [ndcg@5: 0.0936 ndcg@10: 0.1155 ndcg@20: 0.1395 ] 
2026-05-10 00:32:04,772 - Save model parameters to ./checkpoint/lightgcn_agr/lightgcn_agr-digital_music-2026-20260510_002654_autotune_digital_digital_music_s01_reg_weight_1em07.pth
2026-05-10 00:32:04,772 - Save run metadata to ./checkpoint/lightgcn_agr/lightgcn_agr-digital_music-2026-20260510_002654_autotune_digital_digital_music_s01_reg_weight_1em07.json
2026-05-10 00:32:04,773 - Best Epoch 96. Final test result: {'recall': array([0.11098952, 0.17083102, 0.24826061]), 'ndcg': array([0.09355991, 0.11547183, 0.13950745])}.
