2026-05-09 23:58:31,213 - {'optimizer': {'name': 'adam', 'lr': 0.001, 'weight_decay': 0}, 'train': {'epoch': 200, 'batch_size': 4096, 'save_model': True, 'loss': 'pairwise', 'test_step': 3, 'reproducible': True, 'seed': 2025, 'patience': 5}, 'test': {'metrics': ['recall', 'ndcg'], 'k': [5, 10, 20], 'batch_size': 1024}, 'data': {'type': 'general_cf', 'name': 'digital_music', 'user_num': 5541, 'item_num': 3568}, 'model': {'name': 'lightgcn_agr', 'embedding_size': 32, 'edge_bias': 0.5, 'keep_rate': 0.8, 'mask_ratio': 0.15, 'recon_weight': 0.2, 're_temperature': 0.2, 'layer_num': 3, 'reg_weight': 5e-07, 'prf_weight': 0.02, 'kd_weight': 0.01, 'kd_temperature': 0.2, 'str_weight': 0, 'beta': 0, 'sigma': 0.25, 'alpha': 0.1, 'movie': {'layer_num': 3, 'reg_weight': 1e-07, 'kd_weight': 0.01, 'kd_temperature': 0.2, 'prf_weight': 0.02, 'str_weight': 1.2, 'beta': 3.5, 'sigma': 0.3, 'alpha': 0.15, 'keep_rate': 0.8}, 'amazon': {'layer_num': 3, 'reg_weight': 5e-07, 'kd_weight': 0.01, 'kd_temperature': 0.2, 'prf_weight': 0.03, 'str_weight': 1.5, 'beta': 4.0, 'sigma': 0.25, 'alpha': 0.2, 'keep_rate': 0.8}, 'steam': {'layer_num': 3, 'reg_weight': 1e-08, 'kd_weight': 0.001, 'kd_temperature': 0.1, 'prf_weight': 0.01, 'str_weight': 1.0, 'beta': 2.5, 'sigma': 0.2, 'alpha': 0.08, 'keep_rate': 0.8}, 'yelp': {'layer_num': 3, 'reg_weight': 1e-06, 'kd_weight': 0.001, 'kd_temperature': 0.2, 'prf_weight': 0.025, 'str_weight': 1.3, 'beta': 4.0, 'sigma': 0.28, 'alpha': 0.18, 'keep_rate': 0.8}}}
2026-05-09 23:58:38,307 - Epoch 0  [recall@5: 0.0173 recall@10: 0.0305 recall@20: 0.0479 ] [ndcg@5: 0.0134 ndcg@10: 0.0180 ndcg@20: 0.0231 ] 
2026-05-09 23:58:44,244 - Epoch 3  [recall@5: 0.0564 recall@10: 0.0929 recall@20: 0.1526 ] [ndcg@5: 0.0447 ndcg@10: 0.0572 ndcg@20: 0.0746 ] 
2026-05-09 23:58:50,454 - Epoch 6  [recall@5: 0.0561 recall@10: 0.0938 recall@20: 0.1534 ] [ndcg@5: 0.0442 ndcg@10: 0.0574 ndcg@20: 0.0747 ] 
2026-05-09 23:58:56,568 - Epoch 9  [recall@5: 0.0572 recall@10: 0.0944 recall@20: 0.1552 ] [ndcg@5: 0.0444 ndcg@10: 0.0572 ndcg@20: 0.0748 ] 
2026-05-09 23:59:02,468 - Epoch 12  [recall@5: 0.0587 recall@10: 0.0975 recall@20: 0.1584 ] [ndcg@5: 0.0456 ndcg@10: 0.0590 ndcg@20: 0.0766 ] 
2026-05-09 23:59:08,361 - Epoch 15  [recall@5: 0.0602 recall@10: 0.0987 recall@20: 0.1603 ] [ndcg@5: 0.0468 ndcg@10: 0.0600 ndcg@20: 0.0779 ] 
2026-05-09 23:59:14,526 - Epoch 18  [recall@5: 0.0617 recall@10: 0.1014 recall@20: 0.1630 ] [ndcg@5: 0.0481 ndcg@10: 0.0616 ndcg@20: 0.0794 ] 
2026-05-09 23:59:20,790 - Epoch 21  [recall@5: 0.0621 recall@10: 0.1025 recall@20: 0.1671 ] [ndcg@5: 0.0485 ndcg@10: 0.0623 ndcg@20: 0.0809 ] 
2026-05-09 23:59:27,196 - Epoch 24  [recall@5: 0.0630 recall@10: 0.1047 recall@20: 0.1692 ] [ndcg@5: 0.0491 ndcg@10: 0.0632 ndcg@20: 0.0817 ] 
2026-05-09 23:59:33,357 - Epoch 27  [recall@5: 0.0639 recall@10: 0.1060 recall@20: 0.1711 ] [ndcg@5: 0.0497 ndcg@10: 0.0640 ndcg@20: 0.0827 ] 
2026-05-09 23:59:39,448 - Epoch 30  [recall@5: 0.0647 recall@10: 0.1067 recall@20: 0.1759 ] [ndcg@5: 0.0501 ndcg@10: 0.0644 ndcg@20: 0.0843 ] 
2026-05-09 23:59:46,118 - Epoch 33  [recall@5: 0.0663 recall@10: 0.1086 recall@20: 0.1778 ] [ndcg@5: 0.0510 ndcg@10: 0.0655 ndcg@20: 0.0854 ] 
2026-05-09 23:59:52,355 - Epoch 36  [recall@5: 0.0659 recall@10: 0.1094 recall@20: 0.1799 ] [ndcg@5: 0.0513 ndcg@10: 0.0663 ndcg@20: 0.0867 ] 
2026-05-09 23:59:59,031 - Epoch 39  [recall@5: 0.0675 recall@10: 0.1106 recall@20: 0.1822 ] [ndcg@5: 0.0520 ndcg@10: 0.0668 ndcg@20: 0.0875 ] 
2026-05-10 00:00:05,456 - Epoch 42  [recall@5: 0.0683 recall@10: 0.1124 recall@20: 0.1845 ] [ndcg@5: 0.0526 ndcg@10: 0.0679 ndcg@20: 0.0886 ] 
2026-05-10 00:00:11,854 - Epoch 45  [recall@5: 0.0693 recall@10: 0.1140 recall@20: 0.1858 ] [ndcg@5: 0.0536 ndcg@10: 0.0689 ndcg@20: 0.0896 ] 
2026-05-10 00:00:18,291 - Epoch 48  [recall@5: 0.0694 recall@10: 0.1158 recall@20: 0.1870 ] [ndcg@5: 0.0539 ndcg@10: 0.0698 ndcg@20: 0.0904 ] 
2026-05-10 00:00:24,625 - Epoch 51  [recall@5: 0.0703 recall@10: 0.1171 recall@20: 0.1891 ] [ndcg@5: 0.0543 ndcg@10: 0.0704 ndcg@20: 0.0912 ] 
2026-05-10 00:00:30,753 - Epoch 54  [recall@5: 0.0706 recall@10: 0.1170 recall@20: 0.1901 ] [ndcg@5: 0.0550 ndcg@10: 0.0711 ndcg@20: 0.0923 ] 
2026-05-10 00:00:36,700 - Epoch 57  [recall@5: 0.0713 recall@10: 0.1182 recall@20: 0.1908 ] [ndcg@5: 0.0556 ndcg@10: 0.0718 ndcg@20: 0.0929 ] 
2026-05-10 00:00:42,665 - Epoch 60  [recall@5: 0.0722 recall@10: 0.1194 recall@20: 0.1930 ] [ndcg@5: 0.0558 ndcg@10: 0.0721 ndcg@20: 0.0935 ] 
2026-05-10 00:00:48,589 - Epoch 63  [recall@5: 0.0738 recall@10: 0.1199 recall@20: 0.1953 ] [ndcg@5: 0.0571 ndcg@10: 0.0728 ndcg@20: 0.0947 ] 
2026-05-10 00:00:54,533 - Epoch 66  [recall@5: 0.0734 recall@10: 0.1222 recall@20: 0.1953 ] [ndcg@5: 0.0573 ndcg@10: 0.0741 ndcg@20: 0.0956 ] 
2026-05-10 00:01:00,644 - Epoch 69  [recall@5: 0.0743 recall@10: 0.1250 recall@20: 0.1959 ] [ndcg@5: 0.0577 ndcg@10: 0.0750 ndcg@20: 0.0959 ] 
2026-05-10 00:01:06,609 - Epoch 72  [recall@5: 0.0749 recall@10: 0.1269 recall@20: 0.1975 ] [ndcg@5: 0.0578 ndcg@10: 0.0757 ndcg@20: 0.0964 ] 
2026-05-10 00:01:12,579 - Epoch 75  [recall@5: 0.0751 recall@10: 0.1277 recall@20: 0.2003 ] [ndcg@5: 0.0582 ndcg@10: 0.0763 ndcg@20: 0.0975 ] 
2026-05-10 00:01:18,582 - Epoch 78  [recall@5: 0.0759 recall@10: 0.1285 recall@20: 0.1999 ] [ndcg@5: 0.0591 ndcg@10: 0.0772 ndcg@20: 0.0982 ] 
2026-05-10 00:01:24,590 - Epoch 81  [recall@5: 0.0766 recall@10: 0.1303 recall@20: 0.2000 ] [ndcg@5: 0.0593 ndcg@10: 0.0777 ndcg@20: 0.0983 ] 
2026-05-10 00:01:30,615 - Epoch 84  [recall@5: 0.0773 recall@10: 0.1308 recall@20: 0.2013 ] [ndcg@5: 0.0599 ndcg@10: 0.0783 ndcg@20: 0.0990 ] 
2026-05-10 00:01:36,604 - Epoch 87  [recall@5: 0.0780 recall@10: 0.1320 recall@20: 0.2028 ] [ndcg@5: 0.0604 ndcg@10: 0.0792 ndcg@20: 0.1000 ] 
2026-05-10 00:01:42,576 - Epoch 90  [recall@5: 0.0790 recall@10: 0.1340 recall@20: 0.2054 ] [ndcg@5: 0.0614 ndcg@10: 0.0803 ndcg@20: 0.1012 ] 
2026-05-10 00:01:48,497 - Epoch 93  [recall@5: 0.0793 recall@10: 0.1340 recall@20: 0.2059 ] [ndcg@5: 0.0618 ndcg@10: 0.0806 ndcg@20: 0.1017 ] 
2026-05-10 00:01:54,462 - Epoch 96  [recall@5: 0.0802 recall@10: 0.1339 recall@20: 0.2076 ] [ndcg@5: 0.0623 ndcg@10: 0.0808 ndcg@20: 0.1023 ] 
2026-05-10 00:02:00,499 - Epoch 99  [recall@5: 0.0811 recall@10: 0.1351 recall@20: 0.2087 ] [ndcg@5: 0.0631 ndcg@10: 0.0818 ndcg@20: 0.1033 ] 
2026-05-10 00:02:06,710 - Epoch 102  [recall@5: 0.0814 recall@10: 0.1352 recall@20: 0.2101 ] [ndcg@5: 0.0633 ndcg@10: 0.0819 ndcg@20: 0.1038 ] 
2026-05-10 00:02:12,696 - Epoch 105  [recall@5: 0.0827 recall@10: 0.1367 recall@20: 0.2117 ] [ndcg@5: 0.0638 ndcg@10: 0.0826 ndcg@20: 0.1044 ] 
2026-05-10 00:02:18,681 - Epoch 108  [recall@5: 0.0828 recall@10: 0.1363 recall@20: 0.2139 ] [ndcg@5: 0.0639 ndcg@10: 0.0825 ndcg@20: 0.1050 ] 
2026-05-10 00:02:24,596 - Epoch 111  [recall@5: 0.0835 recall@10: 0.1361 recall@20: 0.2140 ] [ndcg@5: 0.0643 ndcg@10: 0.0827 ndcg@20: 0.1053 ] 
2026-05-10 00:02:30,637 - Epoch 114  [recall@5: 0.0839 recall@10: 0.1371 recall@20: 0.2147 ] [ndcg@5: 0.0647 ndcg@10: 0.0834 ndcg@20: 0.1060 ] 
2026-05-10 00:02:36,567 - Epoch 117  [recall@5: 0.0849 recall@10: 0.1393 recall@20: 0.2140 ] [ndcg@5: 0.0655 ndcg@10: 0.0846 ndcg@20: 0.1064 ] 
2026-05-10 00:02:42,454 - Epoch 120  [recall@5: 0.0864 recall@10: 0.1392 recall@20: 0.2138 ] [ndcg@5: 0.0661 ndcg@10: 0.0846 ndcg@20: 0.1065 ] 
2026-05-10 00:02:48,372 - Epoch 123  [recall@5: 0.0863 recall@10: 0.1389 recall@20: 0.2164 ] [ndcg@5: 0.0665 ndcg@10: 0.0849 ndcg@20: 0.1075 ] 
2026-05-10 00:02:54,602 - Epoch 126  [recall@5: 0.0870 recall@10: 0.1399 recall@20: 0.2169 ] [ndcg@5: 0.0668 ndcg@10: 0.0853 ndcg@20: 0.1077 ] 
2026-05-10 00:03:00,722 - Epoch 129  [recall@5: 0.0870 recall@10: 0.1430 recall@20: 0.2181 ] [ndcg@5: 0.0668 ndcg@10: 0.0864 ndcg@20: 0.1083 ] 
2026-05-10 00:03:06,806 - Epoch 132  [recall@5: 0.0881 recall@10: 0.1435 recall@20: 0.2183 ] [ndcg@5: 0.0673 ndcg@10: 0.0867 ndcg@20: 0.1086 ] 
2026-05-10 00:03:13,067 - Epoch 135  [recall@5: 0.0878 recall@10: 0.1439 recall@20: 0.2195 ] [ndcg@5: 0.0678 ndcg@10: 0.0874 ndcg@20: 0.1094 ] 
2026-05-10 00:03:19,284 - Epoch 138  [recall@5: 0.0891 recall@10: 0.1445 recall@20: 0.2223 ] [ndcg@5: 0.0687 ndcg@10: 0.0879 ndcg@20: 0.1107 ] 
2026-05-10 00:03:25,344 - Epoch 141  [recall@5: 0.0896 recall@10: 0.1454 recall@20: 0.2221 ] [ndcg@5: 0.0691 ndcg@10: 0.0885 ndcg@20: 0.1109 ] 
2026-05-10 00:03:31,617 - Epoch 144  [recall@5: 0.0904 recall@10: 0.1464 recall@20: 0.2225 ] [ndcg@5: 0.0697 ndcg@10: 0.0892 ndcg@20: 0.1114 ] 
2026-05-10 00:03:37,697 - Epoch 147  [recall@5: 0.0905 recall@10: 0.1461 recall@20: 0.2237 ] [ndcg@5: 0.0700 ndcg@10: 0.0894 ndcg@20: 0.1120 ] 
2026-05-10 00:03:43,741 - Epoch 150  [recall@5: 0.0927 recall@10: 0.1459 recall@20: 0.2245 ] [ndcg@5: 0.0712 ndcg@10: 0.0896 ndcg@20: 0.1124 ] 
2026-05-10 00:03:49,900 - Epoch 153  [recall@5: 0.0916 recall@10: 0.1470 recall@20: 0.2244 ] [ndcg@5: 0.0712 ndcg@10: 0.0904 ndcg@20: 0.1130 ] 
2026-05-10 00:03:56,162 - Epoch 156  [recall@5: 0.0917 recall@10: 0.1470 recall@20: 0.2262 ] [ndcg@5: 0.0716 ndcg@10: 0.0908 ndcg@20: 0.1139 ] 
2026-05-10 00:04:02,919 - Epoch 159  [recall@5: 0.0923 recall@10: 0.1480 recall@20: 0.2269 ] [ndcg@5: 0.0720 ndcg@10: 0.0914 ndcg@20: 0.1144 ] 
2026-05-10 00:04:09,480 - Epoch 162  [recall@5: 0.0943 recall@10: 0.1495 recall@20: 0.2291 ] [ndcg@5: 0.0729 ndcg@10: 0.0920 ndcg@20: 0.1152 ] 
2026-05-10 00:04:15,741 - Epoch 165  [recall@5: 0.0947 recall@10: 0.1496 recall@20: 0.2290 ] [ndcg@5: 0.0735 ndcg@10: 0.0925 ndcg@20: 0.1156 ] 
2026-05-10 00:04:21,984 - Epoch 168  [recall@5: 0.0952 recall@10: 0.1511 recall@20: 0.2299 ] [ndcg@5: 0.0740 ndcg@10: 0.0934 ndcg@20: 0.1164 ] 
2026-05-10 00:04:28,289 - Epoch 171  [recall@5: 0.0951 recall@10: 0.1516 recall@20: 0.2318 ] [ndcg@5: 0.0742 ndcg@10: 0.0936 ndcg@20: 0.1170 ] 
2026-05-10 00:04:34,782 - Epoch 174  [recall@5: 0.0967 recall@10: 0.1523 recall@20: 0.2317 ] [ndcg@5: 0.0751 ndcg@10: 0.0940 ndcg@20: 0.1173 ] 
2026-05-10 00:04:41,111 - Epoch 177  [recall@5: 0.0977 recall@10: 0.1526 recall@20: 0.2330 ] [ndcg@5: 0.0756 ndcg@10: 0.0944 ndcg@20: 0.1178 ] 
2026-05-10 00:04:47,470 - Epoch 180  [recall@5: 0.0985 recall@10: 0.1532 recall@20: 0.2326 ] [ndcg@5: 0.0759 ndcg@10: 0.0947 ndcg@20: 0.1179 ] 
2026-05-10 00:04:53,731 - Epoch 183  [recall@5: 0.0993 recall@10: 0.1541 recall@20: 0.2341 ] [ndcg@5: 0.0767 ndcg@10: 0.0955 ndcg@20: 0.1188 ] 
2026-05-10 00:04:59,978 - Epoch 186  [recall@5: 0.0986 recall@10: 0.1548 recall@20: 0.2355 ] [ndcg@5: 0.0762 ndcg@10: 0.0956 ndcg@20: 0.1192 ] 
2026-05-10 00:05:06,396 - Epoch 189  [recall@5: 0.0997 recall@10: 0.1558 recall@20: 0.2360 ] [ndcg@5: 0.0770 ndcg@10: 0.0963 ndcg@20: 0.1197 ] 
2026-05-10 00:05:12,603 - Epoch 192  [recall@5: 0.1002 recall@10: 0.1544 recall@20: 0.2371 ] [ndcg@5: 0.0775 ndcg@10: 0.0961 ndcg@20: 0.1202 ] 
2026-05-10 00:05:18,755 - Epoch 195  [recall@5: 0.1003 recall@10: 0.1562 recall@20: 0.2380 ] [ndcg@5: 0.0777 ndcg@10: 0.0968 ndcg@20: 0.1205 ] 
2026-05-10 00:05:24,982 - Epoch 198  [recall@5: 0.1009 recall@10: 0.1554 recall@20: 0.2369 ] [ndcg@5: 0.0779 ndcg@10: 0.0966 ndcg@20: 0.1203 ] 
2026-05-10 00:05:27,547 - [recall@5: 0.1003 recall@10: 0.1562 recall@20: 0.2380 ] [ndcg@5: 0.0777 ndcg@10: 0.0968 ndcg@20: 0.1205 ] 
2026-05-10 00:05:28,441 - [recall@5: 0.1024 recall@10: 0.1571 recall@20: 0.2369 ] [ndcg@5: 0.0847 ndcg@10: 0.1045 ndcg@20: 0.1292 ] 
2026-05-10 00:05:28,456 - Save model parameters to ./checkpoint/lightgcn_agr/lightgcn_agr-digital_music-2025-20260509_235823.pth
2026-05-10 00:05:28,457 - Save run metadata to ./checkpoint/lightgcn_agr/lightgcn_agr-digital_music-2025-20260509_235823.json
2026-05-10 00:05:28,458 - Best Epoch 195. Final test result: {'recall': array([0.10237788, 0.15713722, 0.23687559]), 'ndcg': array([0.08466948, 0.10449004, 0.12920603])}.
