2026-04-24 23:53:29,914 - {'optimizer': {'name': 'adam', 'lr': 0.001, 'weight_decay': 0}, 'train': {'epoch': 3000, 'batch_size': 4096, 'save_model': True, 'loss': 'pairwise', 'test_step': 3, 'reproducible': True, 'seed': 2025, 'patience': 5}, 'test': {'metrics': ['recall', 'ndcg'], 'k': [5, 10, 20], 'batch_size': 1024}, 'data': {'type': 'general_cf', 'name': 'digital_music', 'user_num': 5541, 'item_num': 3568}, 'model': {'name': 'lightgcn_agr', 'embedding_size': 32, 'edge_bias': 0.5, 'keep_rate': 0.8, 'mask_ratio': 0.15, 'recon_weight': 0.2, 're_temperature': 0.2, 'layer_num': 3, 'reg_weight': 1e-07, 'prf_weight': 0.02, 'kd_weight': 0.01, 'kd_temperature': 0.2, 'str_weight': 1.0, 'beta': 5.0, 'sigma': 0.25, 'alpha': 0.1, 'amazon': {'layer_num': 3, 'reg_weight': 1e-07, 'kd_weight': 0.01, 'kd_temperature': 0.2, 'prf_weight': 0.02, 'str_weight': 1.2, 'beta': 3.5, 'sigma': 0.3, 'alpha': 0.15, 'keep_rate': 0.8}, 'yelp': {'layer_num': 3, 'reg_weight': 1e-07, 'kd_weight': 0.01, 'kd_temperature': 0.2, 'prf_weight': 0.03, 'str_weight': 1.5, 'beta': 4.0, 'sigma': 0.25, 'alpha': 0.2, 'keep_rate': 0.8}, 'steam': {'layer_num': 3, 'reg_weight': 1e-08, 'kd_weight': 0.001, 'kd_temperature': 0.1, 'prf_weight': 0.01, 'str_weight': 1.0, 'beta': 2.5, 'sigma': 0.2, 'alpha': 0.08, 'keep_rate': 0.8}, 'digital_music': {'layer_num': 3, 'reg_weight': 1e-06, 'kd_weight': 0.001, 'kd_temperature': 0.2, 'prf_weight': 0.025, 'str_weight': 1.3, 'beta': 4.0, 'sigma': 0.28, 'alpha': 0.18, 'keep_rate': 0.8}}}
2026-04-24 23:53:38,922 - Epoch 0  [recall@5: 0.0139 recall@10: 0.0215 recall@20: 0.0364 ] [ndcg@5: 0.0113 ndcg@10: 0.0139 ndcg@20: 0.0183 ] 
2026-04-24 23:53:47,372 - Epoch 3  [recall@5: 0.0637 recall@10: 0.0990 recall@20: 0.1478 ] [ndcg@5: 0.0501 ndcg@10: 0.0624 ndcg@20: 0.0768 ] 
2026-04-24 23:53:55,715 - Epoch 6  [recall@5: 0.0768 recall@10: 0.1198 recall@20: 0.1853 ] [ndcg@5: 0.0607 ndcg@10: 0.0755 ndcg@20: 0.0946 ] 
2026-04-24 23:54:03,996 - Epoch 9  [recall@5: 0.0800 recall@10: 0.1261 recall@20: 0.1939 ] [ndcg@5: 0.0625 ndcg@10: 0.0786 ndcg@20: 0.0983 ] 
2026-04-24 23:54:12,123 - Epoch 12  [recall@5: 0.0793 recall@10: 0.1223 recall@20: 0.1920 ] [ndcg@5: 0.0619 ndcg@10: 0.0770 ndcg@20: 0.0973 ] 
2026-04-24 23:54:20,094 - Epoch 15  [recall@5: 0.0777 recall@10: 0.1231 recall@20: 0.1959 ] [ndcg@5: 0.0610 ndcg@10: 0.0767 ndcg@20: 0.0978 ] 
2026-04-24 23:54:28,112 - Epoch 18  [recall@5: 0.0785 recall@10: 0.1258 recall@20: 0.1988 ] [ndcg@5: 0.0620 ndcg@10: 0.0784 ndcg@20: 0.0997 ] 
2026-04-24 23:54:36,215 - Epoch 21  [recall@5: 0.0821 recall@10: 0.1295 recall@20: 0.2030 ] [ndcg@5: 0.0642 ndcg@10: 0.0806 ndcg@20: 0.1020 ] 
2026-04-24 23:54:44,589 - Epoch 24  [recall@5: 0.0844 recall@10: 0.1317 recall@20: 0.2081 ] [ndcg@5: 0.0659 ndcg@10: 0.0823 ndcg@20: 0.1045 ] 
2026-04-24 23:54:53,265 - Epoch 27  [recall@5: 0.0876 recall@10: 0.1351 recall@20: 0.2128 ] [ndcg@5: 0.0678 ndcg@10: 0.0843 ndcg@20: 0.1069 ] 
2026-04-24 23:55:01,579 - Epoch 30  [recall@5: 0.0895 recall@10: 0.1401 recall@20: 0.2175 ] [ndcg@5: 0.0693 ndcg@10: 0.0867 ndcg@20: 0.1095 ] 
2026-04-24 23:55:09,910 - Epoch 33  [recall@5: 0.0911 recall@10: 0.1445 recall@20: 0.2197 ] [ndcg@5: 0.0704 ndcg@10: 0.0888 ndcg@20: 0.1110 ] 
2026-04-24 23:55:18,100 - Epoch 36  [recall@5: 0.0924 recall@10: 0.1461 recall@20: 0.2220 ] [ndcg@5: 0.0711 ndcg@10: 0.0898 ndcg@20: 0.1123 ] 
2026-04-24 23:55:26,201 - Epoch 39  [recall@5: 0.0926 recall@10: 0.1480 recall@20: 0.2272 ] [ndcg@5: 0.0717 ndcg@10: 0.0910 ndcg@20: 0.1142 ] 
2026-04-24 23:55:34,301 - Epoch 42  [recall@5: 0.0943 recall@10: 0.1502 recall@20: 0.2293 ] [ndcg@5: 0.0726 ndcg@10: 0.0920 ndcg@20: 0.1153 ] 
2026-04-24 23:55:42,468 - Epoch 45  [recall@5: 0.0943 recall@10: 0.1517 recall@20: 0.2322 ] [ndcg@5: 0.0732 ndcg@10: 0.0932 ndcg@20: 0.1167 ] 
2026-04-24 23:55:50,443 - Epoch 48  [recall@5: 0.0966 recall@10: 0.1531 recall@20: 0.2341 ] [ndcg@5: 0.0744 ndcg@10: 0.0941 ndcg@20: 0.1176 ] 
2026-04-24 23:55:58,568 - Epoch 51  [recall@5: 0.0983 recall@10: 0.1569 recall@20: 0.2355 ] [ndcg@5: 0.0757 ndcg@10: 0.0959 ndcg@20: 0.1188 ] 
2026-04-24 23:56:06,753 - Epoch 54  [recall@5: 0.0999 recall@10: 0.1583 recall@20: 0.2379 ] [ndcg@5: 0.0766 ndcg@10: 0.0969 ndcg@20: 0.1201 ] 
2026-04-24 23:56:14,705 - Epoch 57  [recall@5: 0.0998 recall@10: 0.1598 recall@20: 0.2398 ] [ndcg@5: 0.0771 ndcg@10: 0.0979 ndcg@20: 0.1212 ] 
2026-04-24 23:56:22,850 - Epoch 60  [recall@5: 0.1006 recall@10: 0.1603 recall@20: 0.2425 ] [ndcg@5: 0.0777 ndcg@10: 0.0985 ndcg@20: 0.1224 ] 
2026-04-24 23:56:31,003 - Epoch 63  [recall@5: 0.1010 recall@10: 0.1623 recall@20: 0.2439 ] [ndcg@5: 0.0781 ndcg@10: 0.0995 ndcg@20: 0.1232 ] 
2026-04-24 23:56:38,964 - Epoch 66  [recall@5: 0.1021 recall@10: 0.1625 recall@20: 0.2465 ] [ndcg@5: 0.0788 ndcg@10: 0.0999 ndcg@20: 0.1243 ] 
2026-04-24 23:56:47,179 - Epoch 69  [recall@5: 0.1018 recall@10: 0.1633 recall@20: 0.2487 ] [ndcg@5: 0.0791 ndcg@10: 0.1006 ndcg@20: 0.1254 ] 
2026-04-24 23:56:55,517 - Epoch 72  [recall@5: 0.1029 recall@10: 0.1633 recall@20: 0.2495 ] [ndcg@5: 0.0796 ndcg@10: 0.1007 ndcg@20: 0.1258 ] 
2026-04-24 23:57:03,639 - Epoch 75  [recall@5: 0.1043 recall@10: 0.1646 recall@20: 0.2491 ] [ndcg@5: 0.0807 ndcg@10: 0.1019 ndcg@20: 0.1264 ] 
2026-04-24 23:57:12,008 - Epoch 78  [recall@5: 0.1048 recall@10: 0.1668 recall@20: 0.2500 ] [ndcg@5: 0.0809 ndcg@10: 0.1026 ndcg@20: 0.1268 ] 
2026-04-24 23:57:20,454 - Epoch 81  [recall@5: 0.1051 recall@10: 0.1674 recall@20: 0.2523 ] [ndcg@5: 0.0812 ndcg@10: 0.1030 ndcg@20: 0.1277 ] 
2026-04-24 23:57:28,898 - Epoch 84  [recall@5: 0.1058 recall@10: 0.1680 recall@20: 0.2536 ] [ndcg@5: 0.0822 ndcg@10: 0.1041 ndcg@20: 0.1288 ] 
2026-04-24 23:57:37,026 - Epoch 87  [recall@5: 0.1071 recall@10: 0.1685 recall@20: 0.2547 ] [ndcg@5: 0.0828 ndcg@10: 0.1044 ndcg@20: 0.1294 ] 
2026-04-24 23:57:45,037 - Epoch 90  [recall@5: 0.1073 recall@10: 0.1689 recall@20: 0.2558 ] [ndcg@5: 0.0830 ndcg@10: 0.1047 ndcg@20: 0.1299 ] 
2026-04-24 23:57:53,208 - Epoch 93  [recall@5: 0.1077 recall@10: 0.1687 recall@20: 0.2570 ] [ndcg@5: 0.0835 ndcg@10: 0.1049 ndcg@20: 0.1305 ] 
2026-04-24 23:58:01,271 - Epoch 96  [recall@5: 0.1078 recall@10: 0.1690 recall@20: 0.2569 ] [ndcg@5: 0.0835 ndcg@10: 0.1051 ndcg@20: 0.1306 ] 
2026-04-24 23:58:09,407 - Epoch 99  [recall@5: 0.1096 recall@10: 0.1697 recall@20: 0.2578 ] [ndcg@5: 0.0847 ndcg@10: 0.1057 ndcg@20: 0.1313 ] 
2026-04-24 23:58:17,389 - Epoch 102  [recall@5: 0.1087 recall@10: 0.1697 recall@20: 0.2575 ] [ndcg@5: 0.0840 ndcg@10: 0.1054 ndcg@20: 0.1309 ] 
2026-04-24 23:58:25,762 - Epoch 105  [recall@5: 0.1091 recall@10: 0.1703 recall@20: 0.2577 ] [ndcg@5: 0.0845 ndcg@10: 0.1060 ndcg@20: 0.1314 ] 
2026-04-24 23:58:34,125 - Epoch 108  [recall@5: 0.1097 recall@10: 0.1709 recall@20: 0.2575 ] [ndcg@5: 0.0848 ndcg@10: 0.1062 ndcg@20: 0.1315 ] 
2026-04-24 23:58:42,434 - Epoch 111  [recall@5: 0.1112 recall@10: 0.1707 recall@20: 0.2579 ] [ndcg@5: 0.0855 ndcg@10: 0.1063 ndcg@20: 0.1318 ] 
2026-04-24 23:58:50,580 - Epoch 114  [recall@5: 0.1112 recall@10: 0.1723 recall@20: 0.2585 ] [ndcg@5: 0.0857 ndcg@10: 0.1070 ndcg@20: 0.1322 ] 
2026-04-24 23:58:58,052 - Epoch 117  [recall@5: 0.1111 recall@10: 0.1728 recall@20: 0.2583 ] [ndcg@5: 0.0857 ndcg@10: 0.1073 ndcg@20: 0.1323 ] 
2026-04-24 23:59:05,749 - Epoch 120  [recall@5: 0.1104 recall@10: 0.1746 recall@20: 0.2581 ] [ndcg@5: 0.0858 ndcg@10: 0.1082 ndcg@20: 0.1326 ] 
2026-04-24 23:59:13,041 - Epoch 123  [recall@5: 0.1104 recall@10: 0.1756 recall@20: 0.2585 ] [ndcg@5: 0.0859 ndcg@10: 0.1087 ndcg@20: 0.1329 ] 
2026-04-24 23:59:20,172 - Epoch 126  [recall@5: 0.1108 recall@10: 0.1761 recall@20: 0.2592 ] [ndcg@5: 0.0861 ndcg@10: 0.1090 ndcg@20: 0.1331 ] 
2026-04-24 23:59:27,500 - Epoch 129  [recall@5: 0.1112 recall@10: 0.1769 recall@20: 0.2602 ] [ndcg@5: 0.0864 ndcg@10: 0.1093 ndcg@20: 0.1336 ] 
2026-04-24 23:59:34,653 - Epoch 132  [recall@5: 0.1124 recall@10: 0.1779 recall@20: 0.2608 ] [ndcg@5: 0.0867 ndcg@10: 0.1094 ndcg@20: 0.1336 ] 
2026-04-24 23:59:41,931 - Epoch 135  [recall@5: 0.1124 recall@10: 0.1779 recall@20: 0.2609 ] [ndcg@5: 0.0868 ndcg@10: 0.1096 ndcg@20: 0.1338 ] 
2026-04-24 23:59:49,458 - Epoch 138  [recall@5: 0.1129 recall@10: 0.1770 recall@20: 0.2606 ] [ndcg@5: 0.0872 ndcg@10: 0.1096 ndcg@20: 0.1340 ] 
2026-04-24 23:59:56,971 - Epoch 141  [recall@5: 0.1127 recall@10: 0.1770 recall@20: 0.2597 ] [ndcg@5: 0.0871 ndcg@10: 0.1096 ndcg@20: 0.1339 ] 
2026-04-25 00:00:04,132 - Epoch 144  [recall@5: 0.1128 recall@10: 0.1773 recall@20: 0.2590 ] [ndcg@5: 0.0872 ndcg@10: 0.1097 ndcg@20: 0.1337 ] 
2026-04-25 00:00:11,167 - Epoch 147  [recall@5: 0.1131 recall@10: 0.1778 recall@20: 0.2599 ] [ndcg@5: 0.0874 ndcg@10: 0.1099 ndcg@20: 0.1341 ] 
2026-04-25 00:00:18,138 - Epoch 150  [recall@5: 0.1120 recall@10: 0.1792 recall@20: 0.2597 ] [ndcg@5: 0.0872 ndcg@10: 0.1105 ndcg@20: 0.1342 ] 
2026-04-25 00:00:19,134 - [recall@5: 0.1124 recall@10: 0.1779 recall@20: 0.2609 ] [ndcg@5: 0.0868 ndcg@10: 0.1096 ndcg@20: 0.1338 ] 
2026-04-25 00:00:20,158 - [recall@5: 0.1193 recall@10: 0.1798 recall@20: 0.2598 ] [ndcg@5: 0.0996 ndcg@10: 0.1215 ndcg@20: 0.1464 ] 
2026-04-25 00:00:20,171 - Save model parameters to ./checkpoint/lightgcn_agr/lightgcn_agr-digital_music-2025.pth
2026-04-25 00:00:20,172 - Best Epoch 135. Final test result: {'recall': array([0.11927935, 0.17975506, 0.25980226]), 'ndcg': array([0.09964821, 0.12152215, 0.14643779])}.
