2026-05-10 00:32:39,606 - {'optimizer': {'name': 'adam', 'lr': 0.001, 'weight_decay': 0}, 'train': {'epoch': 100, 'batch_size': 4096, 'save_model': True, 'loss': 'pairwise', 'test_step': 3, 'reproducible': True, 'seed': 233, 'patience': 5}, 'test': {'metrics': ['recall', 'ndcg'], 'k': [5, 10, 20], 'batch_size': 1024}, 'data': {'type': 'general_cf', 'name': 'digital_music', 'user_num': 5541, 'item_num': 3568}, 'model': {'name': 'lightgcn_agr', 'embedding_size': 32, 'edge_bias': 0.5, 'keep_rate': 0.8, 'mask_ratio': 0.15, 'recon_weight': 0.2, 're_temperature': 0.2, 'layer_num': 3, 'reg_weight': 5e-07, 'prf_weight': 0.02, 'kd_weight': 0.01, 'kd_temperature': 0.2, 'str_weight': 1.0, 'beta': 5.0, 'sigma': 0.25, 'alpha': 0.1, 'movie': {'layer_num': 3, 'reg_weight': 1e-07, 'kd_weight': 0.01, 'kd_temperature': 0.2, 'prf_weight': 0.02, 'str_weight': 1.2, 'beta': 3.5, 'sigma': 0.3, 'alpha': 0.15, 'keep_rate': 0.8}, 'amazon': {'layer_num': 3, 'reg_weight': 5e-07, 'kd_weight': 0.01, 'kd_temperature': 0.2, 'prf_weight': 0.03, 'str_weight': 1.5, 'beta': 4.0, 'sigma': 0.25, 'alpha': 0.2, 'keep_rate': 0.8}, 'steam': {'layer_num': 3, 'reg_weight': 1e-08, 'kd_weight': 0.001, 'kd_temperature': 0.1, 'prf_weight': 0.01, 'str_weight': 1.0, 'beta': 2.5, 'sigma': 0.2, 'alpha': 0.08, 'keep_rate': 0.8}, 'yelp': {'layer_num': 3, 'reg_weight': 1e-06, 'kd_weight': 0.001, 'kd_temperature': 0.2, 'prf_weight': 0.025, 'str_weight': 1.3, 'beta': 4.0, 'sigma': 0.28, 'alpha': 0.18, 'keep_rate': 0.8}}}
2026-05-10 00:32:47,039 - Epoch 0  [recall@5: 0.0132 recall@10: 0.0230 recall@20: 0.0366 ] [ndcg@5: 0.0108 ndcg@10: 0.0142 ndcg@20: 0.0181 ] 
2026-05-10 00:32:56,267 - Epoch 3  [recall@5: 0.0661 recall@10: 0.1016 recall@20: 0.1491 ] [ndcg@5: 0.0529 ndcg@10: 0.0650 ndcg@20: 0.0790 ] 
2026-05-10 00:33:05,461 - Epoch 6  [recall@5: 0.0756 recall@10: 0.1179 recall@20: 0.1830 ] [ndcg@5: 0.0601 ndcg@10: 0.0747 ndcg@20: 0.0938 ] 
2026-05-10 00:33:14,937 - Epoch 9  [recall@5: 0.0764 recall@10: 0.1205 recall@20: 0.1905 ] [ndcg@5: 0.0603 ndcg@10: 0.0755 ndcg@20: 0.0960 ] 
2026-05-10 00:33:23,928 - Epoch 12  [recall@5: 0.0770 recall@10: 0.1222 recall@20: 0.1929 ] [ndcg@5: 0.0602 ndcg@10: 0.0758 ndcg@20: 0.0963 ] 
2026-05-10 00:33:33,172 - Epoch 15  [recall@5: 0.0782 recall@10: 0.1208 recall@20: 0.1953 ] [ndcg@5: 0.0607 ndcg@10: 0.0756 ndcg@20: 0.0972 ] 
2026-05-10 00:33:42,432 - Epoch 18  [recall@5: 0.0793 recall@10: 0.1270 recall@20: 0.2000 ] [ndcg@5: 0.0619 ndcg@10: 0.0784 ndcg@20: 0.0995 ] 
2026-05-10 00:33:51,586 - Epoch 21  [recall@5: 0.0804 recall@10: 0.1292 recall@20: 0.2040 ] [ndcg@5: 0.0632 ndcg@10: 0.0802 ndcg@20: 0.1020 ] 
2026-05-10 00:34:01,050 - Epoch 24  [recall@5: 0.0831 recall@10: 0.1324 recall@20: 0.2078 ] [ndcg@5: 0.0649 ndcg@10: 0.0821 ndcg@20: 0.1042 ] 
2026-05-10 00:34:10,084 - Epoch 27  [recall@5: 0.0859 recall@10: 0.1350 recall@20: 0.2116 ] [ndcg@5: 0.0667 ndcg@10: 0.0837 ndcg@20: 0.1062 ] 
2026-05-10 00:34:19,154 - Epoch 30  [recall@5: 0.0873 recall@10: 0.1396 recall@20: 0.2164 ] [ndcg@5: 0.0677 ndcg@10: 0.0859 ndcg@20: 0.1083 ] 
2026-05-10 00:34:28,343 - Epoch 33  [recall@5: 0.0895 recall@10: 0.1438 recall@20: 0.2197 ] [ndcg@5: 0.0688 ndcg@10: 0.0877 ndcg@20: 0.1098 ] 
2026-05-10 00:34:37,597 - Epoch 36  [recall@5: 0.0909 recall@10: 0.1470 recall@20: 0.2233 ] [ndcg@5: 0.0697 ndcg@10: 0.0891 ndcg@20: 0.1115 ] 
2026-05-10 00:34:47,042 - Epoch 39  [recall@5: 0.0925 recall@10: 0.1490 recall@20: 0.2242 ] [ndcg@5: 0.0706 ndcg@10: 0.0902 ndcg@20: 0.1124 ] 
2026-05-10 00:34:56,110 - Epoch 42  [recall@5: 0.0938 recall@10: 0.1490 recall@20: 0.2275 ] [ndcg@5: 0.0714 ndcg@10: 0.0905 ndcg@20: 0.1136 ] 
2026-05-10 00:35:05,262 - Epoch 45  [recall@5: 0.0939 recall@10: 0.1518 recall@20: 0.2290 ] [ndcg@5: 0.0719 ndcg@10: 0.0919 ndcg@20: 0.1145 ] 
2026-05-10 00:35:14,457 - Epoch 48  [recall@5: 0.0948 recall@10: 0.1524 recall@20: 0.2300 ] [ndcg@5: 0.0726 ndcg@10: 0.0924 ndcg@20: 0.1152 ] 
2026-05-10 00:35:23,656 - Epoch 51  [recall@5: 0.0962 recall@10: 0.1545 recall@20: 0.2315 ] [ndcg@5: 0.0739 ndcg@10: 0.0939 ndcg@20: 0.1165 ] 
2026-05-10 00:35:33,064 - Epoch 54  [recall@5: 0.0972 recall@10: 0.1547 recall@20: 0.2332 ] [ndcg@5: 0.0745 ndcg@10: 0.0943 ndcg@20: 0.1173 ] 
2026-05-10 00:35:42,004 - Epoch 57  [recall@5: 0.0968 recall@10: 0.1571 recall@20: 0.2341 ] [ndcg@5: 0.0745 ndcg@10: 0.0953 ndcg@20: 0.1180 ] 
2026-05-10 00:35:51,202 - Epoch 60  [recall@5: 0.0974 recall@10: 0.1573 recall@20: 0.2366 ] [ndcg@5: 0.0750 ndcg@10: 0.0957 ndcg@20: 0.1189 ] 
2026-05-10 00:36:00,293 - Epoch 63  [recall@5: 0.0991 recall@10: 0.1599 recall@20: 0.2381 ] [ndcg@5: 0.0758 ndcg@10: 0.0968 ndcg@20: 0.1197 ] 
2026-05-10 00:36:09,671 - Epoch 66  [recall@5: 0.0996 recall@10: 0.1606 recall@20: 0.2387 ] [ndcg@5: 0.0764 ndcg@10: 0.0976 ndcg@20: 0.1205 ] 
2026-05-10 00:36:19,012 - Epoch 69  [recall@5: 0.1002 recall@10: 0.1618 recall@20: 0.2399 ] [ndcg@5: 0.0775 ndcg@10: 0.0989 ndcg@20: 0.1217 ] 
2026-05-10 00:36:28,053 - Epoch 72  [recall@5: 0.1014 recall@10: 0.1618 recall@20: 0.2406 ] [ndcg@5: 0.0782 ndcg@10: 0.0991 ndcg@20: 0.1222 ] 
2026-05-10 00:36:37,451 - Epoch 75  [recall@5: 0.1008 recall@10: 0.1645 recall@20: 0.2417 ] [ndcg@5: 0.0782 ndcg@10: 0.1003 ndcg@20: 0.1229 ] 
2026-05-10 00:36:46,699 - Epoch 78  [recall@5: 0.1017 recall@10: 0.1654 recall@20: 0.2422 ] [ndcg@5: 0.0789 ndcg@10: 0.1009 ndcg@20: 0.1234 ] 
2026-05-10 00:36:56,345 - Epoch 81  [recall@5: 0.1018 recall@10: 0.1653 recall@20: 0.2434 ] [ndcg@5: 0.0790 ndcg@10: 0.1012 ndcg@20: 0.1239 ] 
2026-05-10 00:37:05,998 - Epoch 84  [recall@5: 0.1029 recall@10: 0.1650 recall@20: 0.2453 ] [ndcg@5: 0.0798 ndcg@10: 0.1015 ndcg@20: 0.1248 ] 
2026-05-10 00:37:15,191 - Epoch 87  [recall@5: 0.1031 recall@10: 0.1659 recall@20: 0.2461 ] [ndcg@5: 0.0796 ndcg@10: 0.1015 ndcg@20: 0.1249 ] 
2026-05-10 00:37:22,486 - Epoch 90  [recall@5: 0.1036 recall@10: 0.1666 recall@20: 0.2477 ] [ndcg@5: 0.0803 ndcg@10: 0.1022 ndcg@20: 0.1258 ] 
2026-05-10 00:37:28,762 - Epoch 93  [recall@5: 0.1036 recall@10: 0.1666 recall@20: 0.2487 ] [ndcg@5: 0.0804 ndcg@10: 0.1023 ndcg@20: 0.1262 ] 
2026-05-10 00:37:36,952 - Epoch 96  [recall@5: 0.1045 recall@10: 0.1664 recall@20: 0.2512 ] [ndcg@5: 0.0809 ndcg@10: 0.1024 ndcg@20: 0.1269 ] 
2026-05-10 00:37:46,542 - Epoch 99  [recall@5: 0.1050 recall@10: 0.1664 recall@20: 0.2510 ] [ndcg@5: 0.0812 ndcg@10: 0.1027 ndcg@20: 0.1272 ] 
2026-05-10 00:37:47,468 - [recall@5: 0.1045 recall@10: 0.1664 recall@20: 0.2512 ] [ndcg@5: 0.0809 ndcg@10: 0.1024 ndcg@20: 0.1269 ] 
2026-05-10 00:37:48,407 - [recall@5: 0.1112 recall@10: 0.1708 recall@20: 0.2484 ] [ndcg@5: 0.0936 ndcg@10: 0.1155 ndcg@20: 0.1395 ] 
2026-05-10 00:37:48,427 - Save model parameters to ./checkpoint/lightgcn_agr/lightgcn_agr-digital_music-233-20260510_003234_autotune_digital_digital_music_s01_reg_weight_5em07.pth
2026-05-10 00:37:48,427 - Save run metadata to ./checkpoint/lightgcn_agr/lightgcn_agr-digital_music-233-20260510_003234_autotune_digital_digital_music_s01_reg_weight_5em07.json
2026-05-10 00:37:48,428 - Best Epoch 96. Final test result: {'recall': array([0.11116999, 0.1707859 , 0.24835085]), 'ndcg': array([0.09362822, 0.11545457, 0.13953151])}.
