2026-05-10 01:38:55,432 - {'optimizer': {'name': 'adam', 'lr': 0.001, 'weight_decay': 0}, 'train': {'epoch': 100, 'batch_size': 4096, 'save_model': True, 'loss': 'pairwise', 'test_step': 3, 'reproducible': True, 'seed': 2026, 'patience': 5}, 'test': {'metrics': ['recall', 'ndcg'], 'k': [5, 10, 20], 'batch_size': 1024}, 'data': {'type': 'general_cf', 'name': 'digital_music', 'user_num': 5541, 'item_num': 3568}, 'model': {'name': 'lightgcn_agr', 'embedding_size': 32, 'edge_bias': 0.5, 'keep_rate': 0.9, 'mask_ratio': 0.15, 'recon_weight': 0.2, 're_temperature': 0.2, 'layer_num': 3, 'reg_weight': 1e-06, 'prf_weight': 0.08, 'kd_weight': 0.01, 'kd_temperature': 0.2, 'str_weight': 1.0, 'beta': 5.0, 'sigma': 0.25, 'alpha': 0.1, 'movie': {'layer_num': 3, 'reg_weight': 1e-07, 'kd_weight': 0.01, 'kd_temperature': 0.2, 'prf_weight': 0.02, 'str_weight': 1.2, 'beta': 3.5, 'sigma': 0.3, 'alpha': 0.15, 'keep_rate': 0.8}, 'amazon': {'layer_num': 3, 'reg_weight': 5e-07, 'kd_weight': 0.01, 'kd_temperature': 0.2, 'prf_weight': 0.03, 'str_weight': 1.5, 'beta': 4.0, 'sigma': 0.25, 'alpha': 0.2, 'keep_rate': 0.8}, 'steam': {'layer_num': 3, 'reg_weight': 1e-08, 'kd_weight': 0.001, 'kd_temperature': 0.1, 'prf_weight': 0.01, 'str_weight': 1.0, 'beta': 2.5, 'sigma': 0.2, 'alpha': 0.08, 'keep_rate': 0.8}, 'yelp': {'layer_num': 3, 'reg_weight': 1e-06, 'kd_weight': 0.001, 'kd_temperature': 0.2, 'prf_weight': 0.025, 'str_weight': 1.3, 'beta': 4.0, 'sigma': 0.28, 'alpha': 0.18, 'keep_rate': 0.8}}}
2026-05-10 01:39:01,357 - Epoch 0  [recall@5: 0.0200 recall@10: 0.0328 recall@20: 0.0510 ] [ndcg@5: 0.0161 ndcg@10: 0.0206 ndcg@20: 0.0260 ] 
2026-05-10 01:39:08,586 - Epoch 3  [recall@5: 0.0688 recall@10: 0.1038 recall@20: 0.1525 ] [ndcg@5: 0.0523 ndcg@10: 0.0648 ndcg@20: 0.0789 ] 
2026-05-10 01:39:17,336 - Epoch 6  [recall@5: 0.0798 recall@10: 0.1218 recall@20: 0.1845 ] [ndcg@5: 0.0610 ndcg@10: 0.0757 ndcg@20: 0.0940 ] 
2026-05-10 01:39:26,003 - Epoch 9  [recall@5: 0.0844 recall@10: 0.1275 recall@20: 0.1931 ] [ndcg@5: 0.0645 ndcg@10: 0.0795 ndcg@20: 0.0988 ] 
2026-05-10 01:39:34,831 - Epoch 12  [recall@5: 0.0833 recall@10: 0.1272 recall@20: 0.1912 ] [ndcg@5: 0.0645 ndcg@10: 0.0797 ndcg@20: 0.0984 ] 
2026-05-10 01:39:43,689 - Epoch 15  [recall@5: 0.0824 recall@10: 0.1282 recall@20: 0.1938 ] [ndcg@5: 0.0639 ndcg@10: 0.0799 ndcg@20: 0.0992 ] 
2026-05-10 01:39:52,728 - Epoch 18  [recall@5: 0.0835 recall@10: 0.1337 recall@20: 0.1998 ] [ndcg@5: 0.0653 ndcg@10: 0.0830 ndcg@20: 0.1024 ] 
2026-05-10 01:40:01,569 - Epoch 21  [recall@5: 0.0896 recall@10: 0.1376 recall@20: 0.2062 ] [ndcg@5: 0.0690 ndcg@10: 0.0857 ndcg@20: 0.1058 ] 
2026-05-10 01:40:10,631 - Epoch 24  [recall@5: 0.0929 recall@10: 0.1420 recall@20: 0.2127 ] [ndcg@5: 0.0712 ndcg@10: 0.0881 ndcg@20: 0.1089 ] 
2026-05-10 01:40:19,945 - Epoch 27  [recall@5: 0.0957 recall@10: 0.1462 recall@20: 0.2195 ] [ndcg@5: 0.0732 ndcg@10: 0.0909 ndcg@20: 0.1123 ] 
2026-05-10 01:40:29,317 - Epoch 30  [recall@5: 0.0987 recall@10: 0.1489 recall@20: 0.2256 ] [ndcg@5: 0.0756 ndcg@10: 0.0930 ndcg@20: 0.1155 ] 
2026-05-10 01:40:39,059 - Epoch 33  [recall@5: 0.1007 recall@10: 0.1541 recall@20: 0.2305 ] [ndcg@5: 0.0769 ndcg@10: 0.0954 ndcg@20: 0.1178 ] 
2026-05-10 01:40:48,738 - Epoch 36  [recall@5: 0.1014 recall@10: 0.1556 recall@20: 0.2349 ] [ndcg@5: 0.0779 ndcg@10: 0.0970 ndcg@20: 0.1201 ] 
2026-05-10 01:40:58,387 - Epoch 39  [recall@5: 0.1029 recall@10: 0.1582 recall@20: 0.2401 ] [ndcg@5: 0.0789 ndcg@10: 0.0984 ndcg@20: 0.1223 ] 
2026-05-10 01:41:08,503 - Epoch 42  [recall@5: 0.1041 recall@10: 0.1604 recall@20: 0.2425 ] [ndcg@5: 0.0800 ndcg@10: 0.0997 ndcg@20: 0.1238 ] 
2026-05-10 01:41:18,598 - Epoch 45  [recall@5: 0.1044 recall@10: 0.1617 recall@20: 0.2445 ] [ndcg@5: 0.0804 ndcg@10: 0.1007 ndcg@20: 0.1249 ] 
2026-05-10 01:41:28,731 - Epoch 48  [recall@5: 0.1067 recall@10: 0.1629 recall@20: 0.2465 ] [ndcg@5: 0.0821 ndcg@10: 0.1019 ndcg@20: 0.1264 ] 
2026-05-10 01:41:38,843 - Epoch 51  [recall@5: 0.1079 recall@10: 0.1654 recall@20: 0.2500 ] [ndcg@5: 0.0830 ndcg@10: 0.1033 ndcg@20: 0.1280 ] 
2026-05-10 01:41:48,521 - Epoch 54  [recall@5: 0.1085 recall@10: 0.1682 recall@20: 0.2510 ] [ndcg@5: 0.0839 ndcg@10: 0.1049 ndcg@20: 0.1290 ] 
2026-05-10 01:41:58,560 - Epoch 57  [recall@5: 0.1100 recall@10: 0.1704 recall@20: 0.2521 ] [ndcg@5: 0.0845 ndcg@10: 0.1058 ndcg@20: 0.1297 ] 
2026-05-10 01:42:08,630 - Epoch 60  [recall@5: 0.1100 recall@10: 0.1715 recall@20: 0.2532 ] [ndcg@5: 0.0849 ndcg@10: 0.1066 ndcg@20: 0.1306 ] 
2026-05-10 01:42:18,721 - Epoch 63  [recall@5: 0.1121 recall@10: 0.1733 recall@20: 0.2556 ] [ndcg@5: 0.0859 ndcg@10: 0.1076 ndcg@20: 0.1317 ] 
2026-05-10 01:42:28,774 - Epoch 66  [recall@5: 0.1119 recall@10: 0.1735 recall@20: 0.2555 ] [ndcg@5: 0.0867 ndcg@10: 0.1085 ndcg@20: 0.1326 ] 
2026-05-10 01:42:38,518 - Epoch 69  [recall@5: 0.1131 recall@10: 0.1739 recall@20: 0.2584 ] [ndcg@5: 0.0875 ndcg@10: 0.1090 ndcg@20: 0.1338 ] 
2026-05-10 01:42:48,547 - Epoch 72  [recall@5: 0.1130 recall@10: 0.1760 recall@20: 0.2601 ] [ndcg@5: 0.0871 ndcg@10: 0.1094 ndcg@20: 0.1340 ] 
2026-05-10 01:42:58,575 - Epoch 75  [recall@5: 0.1141 recall@10: 0.1766 recall@20: 0.2608 ] [ndcg@5: 0.0881 ndcg@10: 0.1102 ndcg@20: 0.1347 ] 
2026-05-10 01:43:08,649 - Epoch 78  [recall@5: 0.1146 recall@10: 0.1776 recall@20: 0.2611 ] [ndcg@5: 0.0882 ndcg@10: 0.1105 ndcg@20: 0.1348 ] 
2026-05-10 01:43:18,774 - Epoch 81  [recall@5: 0.1141 recall@10: 0.1792 recall@20: 0.2615 ] [ndcg@5: 0.0884 ndcg@10: 0.1115 ndcg@20: 0.1355 ] 
2026-05-10 01:43:28,675 - Epoch 84  [recall@5: 0.1154 recall@10: 0.1805 recall@20: 0.2633 ] [ndcg@5: 0.0892 ndcg@10: 0.1121 ndcg@20: 0.1362 ] 
2026-05-10 01:43:38,753 - Epoch 87  [recall@5: 0.1166 recall@10: 0.1795 recall@20: 0.2662 ] [ndcg@5: 0.0897 ndcg@10: 0.1118 ndcg@20: 0.1369 ] 
2026-05-10 01:43:48,919 - Epoch 90  [recall@5: 0.1164 recall@10: 0.1800 recall@20: 0.2653 ] [ndcg@5: 0.0895 ndcg@10: 0.1119 ndcg@20: 0.1367 ] 
2026-05-10 01:43:58,968 - Epoch 93  [recall@5: 0.1175 recall@10: 0.1789 recall@20: 0.2654 ] [ndcg@5: 0.0901 ndcg@10: 0.1117 ndcg@20: 0.1370 ] 
2026-05-10 01:44:08,961 - Epoch 96  [recall@5: 0.1184 recall@10: 0.1810 recall@20: 0.2663 ] [ndcg@5: 0.0908 ndcg@10: 0.1128 ndcg@20: 0.1377 ] 
2026-05-10 01:44:18,732 - Epoch 99  [recall@5: 0.1177 recall@10: 0.1812 recall@20: 0.2650 ] [ndcg@5: 0.0906 ndcg@10: 0.1129 ndcg@20: 0.1375 ] 
2026-05-10 01:44:19,580 - [recall@5: 0.1184 recall@10: 0.1810 recall@20: 0.2663 ] [ndcg@5: 0.0908 ndcg@10: 0.1128 ndcg@20: 0.1377 ] 
2026-05-10 01:44:20,532 - [recall@5: 0.1228 recall@10: 0.1839 recall@20: 0.2627 ] [ndcg@5: 0.1037 ndcg@10: 0.1259 ndcg@20: 0.1503 ] 
2026-05-10 01:44:20,543 - Save model parameters to ./checkpoint/lightgcn_agr/lightgcn_agr-digital_music-2026-20260510_013850_autotune_digital_digital_music_s04_prf_weight_0p08.pth
2026-05-10 01:44:20,543 - Save run metadata to ./checkpoint/lightgcn_agr/lightgcn_agr-digital_music-2026-20260510_013850_autotune_digital_digital_music_s04_prf_weight_0p08.json
2026-05-10 01:44:20,545 - Best Epoch 96. Final test result: {'recall': array([0.12280491, 0.18386482, 0.26272952]), 'ndcg': array([0.10370312, 0.12587592, 0.15031701])}.
