2026-05-10 12:09:13,019 - {'optimizer': {'name': 'adam', 'lr': 0.001, 'weight_decay': 0}, 'train': {'epoch': 100, 'batch_size': 4096, 'save_model': True, 'loss': 'pairwise', 'test_step': 3, 'reproducible': True, 'seed': 2026, 'patience': 5}, 'test': {'metrics': ['recall', 'ndcg'], 'k': [5, 10, 20], 'batch_size': 1024}, 'data': {'type': 'general_cf', 'name': 'digital_music', 'user_num': 5541, 'item_num': 3568}, 'model': {'name': 'lightgcn_agr', 'embedding_size': 32, 'edge_bias': 0.5, 'keep_rate': 0.8, 'mask_ratio': 0.15, 'recon_weight': 0.2, 're_temperature': 0.2, 'layer_num': 3, 'reg_weight': 1e-06, 'prf_weight': 0.02, 'kd_weight': 0.01, 'kd_temperature': 0.2, 'str_weight': 1.0, 'beta': 5.0, 'sigma': 0.25, 'alpha': 0.1, 'movie': {'layer_num': 3, 'reg_weight': 1e-07, 'kd_weight': 0.01, 'kd_temperature': 0.2, 'prf_weight': 0.02, 'str_weight': 1.2, 'beta': 3.5, 'sigma': 0.3, 'alpha': 0.15, 'keep_rate': 0.8}, 'amazon': {'layer_num': 3, 'reg_weight': 5e-07, 'kd_weight': 0.01, 'kd_temperature': 0.2, 'prf_weight': 0.03, 'str_weight': 1.5, 'beta': 4.0, 'sigma': 0.25, 'alpha': 0.2, 'keep_rate': 0.8}, 'steam': {'layer_num': 3, 'reg_weight': 1e-08, 'kd_weight': 0.001, 'kd_temperature': 0.1, 'prf_weight': 0.01, 'str_weight': 1.0, 'beta': 2.5, 'sigma': 0.2, 'alpha': 0.08, 'keep_rate': 0.8}, 'yelp': {'layer_num': 3, 'reg_weight': 1e-06, 'kd_weight': 0.001, 'kd_temperature': 0.2, 'prf_weight': 0.025, 'str_weight': 1.3, 'beta': 4.0, 'sigma': 0.28, 'alpha': 0.18, 'keep_rate': 0.8}}}
2026-05-10 12:09:21,232 - Epoch 0  [recall@5: 0.0132 recall@10: 0.0230 recall@20: 0.0366 ] [ndcg@5: 0.0108 ndcg@10: 0.0142 ndcg@20: 0.0181 ] 
2026-05-10 12:09:29,329 - Epoch 3  [recall@5: 0.0661 recall@10: 0.1016 recall@20: 0.1490 ] [ndcg@5: 0.0529 ndcg@10: 0.0649 ndcg@20: 0.0790 ] 
2026-05-10 12:09:39,105 - Epoch 6  [recall@5: 0.0756 recall@10: 0.1178 recall@20: 0.1831 ] [ndcg@5: 0.0601 ndcg@10: 0.0747 ndcg@20: 0.0938 ] 
2026-05-10 12:09:46,868 - Epoch 9  [recall@5: 0.0764 recall@10: 0.1203 recall@20: 0.1905 ] [ndcg@5: 0.0603 ndcg@10: 0.0754 ndcg@20: 0.0960 ] 
2026-05-10 12:09:54,518 - Epoch 12  [recall@5: 0.0770 recall@10: 0.1222 recall@20: 0.1929 ] [ndcg@5: 0.0602 ndcg@10: 0.0758 ndcg@20: 0.0963 ] 
2026-05-10 12:10:02,249 - Epoch 15  [recall@5: 0.0782 recall@10: 0.1208 recall@20: 0.1953 ] [ndcg@5: 0.0607 ndcg@10: 0.0755 ndcg@20: 0.0972 ] 
2026-05-10 12:10:09,953 - Epoch 18  [recall@5: 0.0793 recall@10: 0.1270 recall@20: 0.2001 ] [ndcg@5: 0.0619 ndcg@10: 0.0784 ndcg@20: 0.0995 ] 
2026-05-10 12:10:17,671 - Epoch 21  [recall@5: 0.0804 recall@10: 0.1292 recall@20: 0.2039 ] [ndcg@5: 0.0632 ndcg@10: 0.0802 ndcg@20: 0.1020 ] 
2026-05-10 12:10:25,591 - Epoch 24  [recall@5: 0.0832 recall@10: 0.1324 recall@20: 0.2078 ] [ndcg@5: 0.0649 ndcg@10: 0.0820 ndcg@20: 0.1041 ] 
2026-05-10 12:10:33,507 - Epoch 27  [recall@5: 0.0859 recall@10: 0.1351 recall@20: 0.2114 ] [ndcg@5: 0.0667 ndcg@10: 0.0837 ndcg@20: 0.1062 ] 
2026-05-10 12:10:41,324 - Epoch 30  [recall@5: 0.0872 recall@10: 0.1396 recall@20: 0.2166 ] [ndcg@5: 0.0676 ndcg@10: 0.0858 ndcg@20: 0.1083 ] 
2026-05-10 12:10:49,149 - Epoch 33  [recall@5: 0.0895 recall@10: 0.1438 recall@20: 0.2196 ] [ndcg@5: 0.0688 ndcg@10: 0.0876 ndcg@20: 0.1097 ] 
2026-05-10 12:10:57,156 - Epoch 36  [recall@5: 0.0909 recall@10: 0.1470 recall@20: 0.2233 ] [ndcg@5: 0.0698 ndcg@10: 0.0892 ndcg@20: 0.1115 ] 
2026-05-10 12:11:05,111 - Epoch 39  [recall@5: 0.0925 recall@10: 0.1490 recall@20: 0.2243 ] [ndcg@5: 0.0706 ndcg@10: 0.0902 ndcg@20: 0.1124 ] 
2026-05-10 12:11:12,864 - Epoch 42  [recall@5: 0.0939 recall@10: 0.1491 recall@20: 0.2275 ] [ndcg@5: 0.0715 ndcg@10: 0.0906 ndcg@20: 0.1136 ] 
2026-05-10 12:11:20,329 - Epoch 45  [recall@5: 0.0938 recall@10: 0.1520 recall@20: 0.2290 ] [ndcg@5: 0.0719 ndcg@10: 0.0919 ndcg@20: 0.1145 ] 
2026-05-10 12:11:27,930 - Epoch 48  [recall@5: 0.0948 recall@10: 0.1523 recall@20: 0.2300 ] [ndcg@5: 0.0726 ndcg@10: 0.0924 ndcg@20: 0.1152 ] 
2026-05-10 12:11:35,677 - Epoch 51  [recall@5: 0.0959 recall@10: 0.1541 recall@20: 0.2317 ] [ndcg@5: 0.0738 ndcg@10: 0.0938 ndcg@20: 0.1165 ] 
2026-05-10 12:11:43,387 - Epoch 54  [recall@5: 0.0973 recall@10: 0.1547 recall@20: 0.2332 ] [ndcg@5: 0.0745 ndcg@10: 0.0942 ndcg@20: 0.1173 ] 
2026-05-10 12:11:51,187 - Epoch 57  [recall@5: 0.0967 recall@10: 0.1571 recall@20: 0.2340 ] [ndcg@5: 0.0745 ndcg@10: 0.0953 ndcg@20: 0.1179 ] 
2026-05-10 12:11:58,793 - Epoch 60  [recall@5: 0.0975 recall@10: 0.1573 recall@20: 0.2363 ] [ndcg@5: 0.0750 ndcg@10: 0.0956 ndcg@20: 0.1189 ] 
2026-05-10 12:12:06,531 - Epoch 63  [recall@5: 0.0992 recall@10: 0.1599 recall@20: 0.2379 ] [ndcg@5: 0.0758 ndcg@10: 0.0968 ndcg@20: 0.1197 ] 
2026-05-10 12:12:14,324 - Epoch 66  [recall@5: 0.0998 recall@10: 0.1606 recall@20: 0.2387 ] [ndcg@5: 0.0765 ndcg@10: 0.0976 ndcg@20: 0.1205 ] 
2026-05-10 12:12:22,304 - Epoch 69  [recall@5: 0.1004 recall@10: 0.1621 recall@20: 0.2400 ] [ndcg@5: 0.0775 ndcg@10: 0.0989 ndcg@20: 0.1217 ] 
2026-05-10 12:12:30,151 - Epoch 72  [recall@5: 0.1015 recall@10: 0.1617 recall@20: 0.2404 ] [ndcg@5: 0.0782 ndcg@10: 0.0990 ndcg@20: 0.1221 ] 
2026-05-10 12:12:38,200 - Epoch 75  [recall@5: 0.1009 recall@10: 0.1643 recall@20: 0.2413 ] [ndcg@5: 0.0782 ndcg@10: 0.1002 ndcg@20: 0.1227 ] 
2026-05-10 12:12:46,056 - Epoch 78  [recall@5: 0.1017 recall@10: 0.1651 recall@20: 0.2421 ] [ndcg@5: 0.0789 ndcg@10: 0.1009 ndcg@20: 0.1233 ] 
2026-05-10 12:12:54,120 - Epoch 81  [recall@5: 0.1018 recall@10: 0.1652 recall@20: 0.2437 ] [ndcg@5: 0.0790 ndcg@10: 0.1012 ndcg@20: 0.1240 ] 
2026-05-10 12:13:02,273 - Epoch 84  [recall@5: 0.1029 recall@10: 0.1650 recall@20: 0.2451 ] [ndcg@5: 0.0797 ndcg@10: 0.1014 ndcg@20: 0.1247 ] 
2026-05-10 12:13:10,117 - Epoch 87  [recall@5: 0.1032 recall@10: 0.1661 recall@20: 0.2461 ] [ndcg@5: 0.0796 ndcg@10: 0.1016 ndcg@20: 0.1249 ] 
2026-05-10 12:13:17,869 - Epoch 90  [recall@5: 0.1038 recall@10: 0.1666 recall@20: 0.2474 ] [ndcg@5: 0.0804 ndcg@10: 0.1022 ndcg@20: 0.1257 ] 
2026-05-10 12:13:26,035 - Epoch 93  [recall@5: 0.1033 recall@10: 0.1664 recall@20: 0.2488 ] [ndcg@5: 0.0803 ndcg@10: 0.1022 ndcg@20: 0.1262 ] 
2026-05-10 12:13:33,726 - Epoch 96  [recall@5: 0.1045 recall@10: 0.1664 recall@20: 0.2511 ] [ndcg@5: 0.0809 ndcg@10: 0.1024 ndcg@20: 0.1270 ] 
2026-05-10 12:13:41,628 - Epoch 99  [recall@5: 0.1050 recall@10: 0.1667 recall@20: 0.2510 ] [ndcg@5: 0.0812 ndcg@10: 0.1027 ndcg@20: 0.1271 ] 
2026-05-10 12:13:42,702 - [recall@5: 0.1045 recall@10: 0.1664 recall@20: 0.2511 ] [ndcg@5: 0.0809 ndcg@10: 0.1024 ndcg@20: 0.1270 ] 
2026-05-10 12:13:43,778 - [recall@5: 0.1112 recall@10: 0.1707 recall@20: 0.2483 ] [ndcg@5: 0.0937 ndcg@10: 0.1154 ndcg@20: 0.1396 ] 
2026-05-10 12:13:43,804 - Save model parameters to ./checkpoint/lightgcn_agr/lightgcn_agr-digital_music-2026-20260510_120907_autotune_digital_clean_digital_music_s01_reg_weight_1em06.pth
2026-05-10 12:13:43,804 - Save run metadata to ./checkpoint/lightgcn_agr/lightgcn_agr-digital_music-2026-20260510_120907_autotune_digital_clean_digital_music_s01_reg_weight_1em06.json
2026-05-10 12:13:43,806 - Best Epoch 96. Final test result: {'recall': array([0.11116999, 0.17065054, 0.24832077]), 'ndcg': array([0.09369231, 0.11544244, 0.13957224])}.
