2026-05-09 15:39:21,939 - {'optimizer': {'name': 'adam', 'lr': 0.001, 'weight_decay': 0}, 'train': {'epoch': 200, 'batch_size': 2048, 'save_model': True, 'loss': 'pairwise', 'test_step': 3, 'reproducible': True, 'seed': 2025, 'patience': 5}, 'test': {'metrics': ['recall', 'ndcg'], 'k': [5, 10, 20], 'batch_size': 1024}, 'data': {'type': 'general_cf', 'name': 'digital_music', 'user_num': 5541, 'item_num': 3568}, 'model': {'name': 'lightgcn_agr', 'embedding_size': 32, 'edge_bias': 0.5, 'keep_rate': 0.8, 'mask_ratio': 0.15, 'recon_weight': 0.2, 're_temperature': 0.2, 'layer_num': 3, 'reg_weight': 1e-07, 'prf_weight': 0.02, 'kd_weight': 0.01, 'kd_temperature': 0.2, 'str_weight': 1.0, 'beta': 5.0, 'sigma': 0.25, 'alpha': 0.1, 'movie': {'layer_num': 3, 'reg_weight': 1e-07, 'kd_weight': 0.01, 'kd_temperature': 0.2, 'prf_weight': 0.02, 'str_weight': 1.2, 'beta': 3.5, 'sigma': 0.3, 'alpha': 0.15, 'keep_rate': 0.8}, 'amazon': {'layer_num': 3, 'reg_weight': 1e-07, 'kd_weight': 0.01, 'kd_temperature': 0.2, 'prf_weight': 0.03, 'str_weight': 1.5, 'beta': 4.0, 'sigma': 0.25, 'alpha': 0.2, 'keep_rate': 0.8}, 'steam': {'layer_num': 3, 'reg_weight': 1e-08, 'kd_weight': 0.001, 'kd_temperature': 0.1, 'prf_weight': 0.01, 'str_weight': 1.0, 'beta': 2.5, 'sigma': 0.2, 'alpha': 0.08, 'keep_rate': 0.8}, 'yelp': {'layer_num': 3, 'reg_weight': 1e-06, 'kd_weight': 0.001, 'kd_temperature': 0.2, 'prf_weight': 0.025, 'str_weight': 1.3, 'beta': 4.0, 'sigma': 0.28, 'alpha': 0.18, 'keep_rate': 0.8}}}
2026-05-09 15:39:29,240 - Epoch 0  [recall@5: 0.0299 recall@10: 0.0474 recall@20: 0.0736 ] [ndcg@5: 0.0234 ndcg@10: 0.0293 ndcg@20: 0.0369 ] 
2026-05-09 15:39:36,494 - Epoch 3  [recall@5: 0.0774 recall@10: 0.1232 recall@20: 0.1889 ] [ndcg@5: 0.0612 ndcg@10: 0.0771 ndcg@20: 0.0963 ] 
2026-05-09 15:39:43,609 - Epoch 6  [recall@5: 0.0788 recall@10: 0.1264 recall@20: 0.1946 ] [ndcg@5: 0.0610 ndcg@10: 0.0778 ndcg@20: 0.0975 ] 
2026-05-09 15:39:50,743 - Epoch 9  [recall@5: 0.0805 recall@10: 0.1298 recall@20: 0.1968 ] [ndcg@5: 0.0621 ndcg@10: 0.0792 ndcg@20: 0.0989 ] 
2026-05-09 15:39:58,020 - Epoch 12  [recall@5: 0.0858 recall@10: 0.1341 recall@20: 0.2086 ] [ndcg@5: 0.0662 ndcg@10: 0.0829 ndcg@20: 0.1048 ] 
2026-05-09 15:40:05,159 - Epoch 15  [recall@5: 0.0894 recall@10: 0.1389 recall@20: 0.2198 ] [ndcg@5: 0.0690 ndcg@10: 0.0862 ndcg@20: 0.1098 ] 
2026-05-09 15:40:12,407 - Epoch 18  [recall@5: 0.0906 recall@10: 0.1443 recall@20: 0.2269 ] [ndcg@5: 0.0701 ndcg@10: 0.0888 ndcg@20: 0.1130 ] 
2026-05-09 15:40:19,532 - Epoch 21  [recall@5: 0.0942 recall@10: 0.1497 recall@20: 0.2331 ] [ndcg@5: 0.0729 ndcg@10: 0.0921 ndcg@20: 0.1164 ] 
2026-05-09 15:40:26,830 - Epoch 24  [recall@5: 0.0955 recall@10: 0.1554 recall@20: 0.2367 ] [ndcg@5: 0.0747 ndcg@10: 0.0953 ndcg@20: 0.1191 ] 
2026-05-09 15:40:33,974 - Epoch 27  [recall@5: 0.0973 recall@10: 0.1568 recall@20: 0.2411 ] [ndcg@5: 0.0760 ndcg@10: 0.0967 ndcg@20: 0.1213 ] 
2026-05-09 15:40:41,109 - Epoch 30  [recall@5: 0.1001 recall@10: 0.1611 recall@20: 0.2427 ] [ndcg@5: 0.0773 ndcg@10: 0.0985 ndcg@20: 0.1225 ] 
2026-05-09 15:40:48,312 - Epoch 33  [recall@5: 0.1018 recall@10: 0.1650 recall@20: 0.2440 ] [ndcg@5: 0.0790 ndcg@10: 0.1009 ndcg@20: 0.1241 ] 
2026-05-09 15:40:55,490 - Epoch 36  [recall@5: 0.1036 recall@10: 0.1656 recall@20: 0.2472 ] [ndcg@5: 0.0804 ndcg@10: 0.1019 ndcg@20: 0.1257 ] 
2026-05-09 15:41:02,807 - Epoch 39  [recall@5: 0.1057 recall@10: 0.1662 recall@20: 0.2501 ] [ndcg@5: 0.0819 ndcg@10: 0.1029 ndcg@20: 0.1275 ] 
2026-05-09 15:41:09,970 - Epoch 42  [recall@5: 0.1055 recall@10: 0.1672 recall@20: 0.2521 ] [ndcg@5: 0.0821 ndcg@10: 0.1036 ndcg@20: 0.1286 ] 
2026-05-09 15:41:17,145 - Epoch 45  [recall@5: 0.1068 recall@10: 0.1679 recall@20: 0.2522 ] [ndcg@5: 0.0831 ndcg@10: 0.1044 ndcg@20: 0.1291 ] 
2026-05-09 15:41:24,366 - Epoch 48  [recall@5: 0.1100 recall@10: 0.1692 recall@20: 0.2532 ] [ndcg@5: 0.0849 ndcg@10: 0.1056 ndcg@20: 0.1301 ] 
2026-05-09 15:41:31,808 - Epoch 51  [recall@5: 0.1095 recall@10: 0.1705 recall@20: 0.2553 ] [ndcg@5: 0.0847 ndcg@10: 0.1060 ndcg@20: 0.1307 ] 
2026-05-09 15:41:39,167 - Epoch 54  [recall@5: 0.1095 recall@10: 0.1719 recall@20: 0.2568 ] [ndcg@5: 0.0851 ndcg@10: 0.1070 ndcg@20: 0.1318 ] 
2026-05-09 15:41:46,364 - Epoch 57  [recall@5: 0.1111 recall@10: 0.1726 recall@20: 0.2570 ] [ndcg@5: 0.0857 ndcg@10: 0.1073 ndcg@20: 0.1319 ] 
2026-05-09 15:41:53,644 - Epoch 60  [recall@5: 0.1116 recall@10: 0.1736 recall@20: 0.2568 ] [ndcg@5: 0.0865 ndcg@10: 0.1083 ndcg@20: 0.1326 ] 
2026-05-09 15:42:00,782 - Epoch 63  [recall@5: 0.1117 recall@10: 0.1727 recall@20: 0.2573 ] [ndcg@5: 0.0868 ndcg@10: 0.1085 ndcg@20: 0.1331 ] 
2026-05-09 15:42:07,985 - Epoch 66  [recall@5: 0.1118 recall@10: 0.1724 recall@20: 0.2578 ] [ndcg@5: 0.0870 ndcg@10: 0.1083 ndcg@20: 0.1332 ] 
2026-05-09 15:42:15,313 - Epoch 69  [recall@5: 0.1123 recall@10: 0.1731 recall@20: 0.2580 ] [ndcg@5: 0.0878 ndcg@10: 0.1091 ndcg@20: 0.1339 ] 
2026-05-09 15:42:22,495 - Epoch 72  [recall@5: 0.1116 recall@10: 0.1727 recall@20: 0.2589 ] [ndcg@5: 0.0874 ndcg@10: 0.1089 ndcg@20: 0.1340 ] 
2026-05-09 15:42:29,685 - Epoch 75  [recall@5: 0.1121 recall@10: 0.1740 recall@20: 0.2582 ] [ndcg@5: 0.0877 ndcg@10: 0.1094 ndcg@20: 0.1340 ] 
2026-05-09 15:42:37,165 - Epoch 78  [recall@5: 0.1122 recall@10: 0.1744 recall@20: 0.2601 ] [ndcg@5: 0.0878 ndcg@10: 0.1097 ndcg@20: 0.1346 ] 
2026-05-09 15:42:45,791 - Epoch 81  [recall@5: 0.1130 recall@10: 0.1740 recall@20: 0.2603 ] [ndcg@5: 0.0882 ndcg@10: 0.1096 ndcg@20: 0.1347 ] 
2026-05-09 15:42:53,763 - Epoch 84  [recall@5: 0.1131 recall@10: 0.1745 recall@20: 0.2596 ] [ndcg@5: 0.0880 ndcg@10: 0.1096 ndcg@20: 0.1345 ] 
2026-05-09 15:43:01,674 - Epoch 87  [recall@5: 0.1133 recall@10: 0.1743 recall@20: 0.2605 ] [ndcg@5: 0.0886 ndcg@10: 0.1101 ndcg@20: 0.1352 ] 
2026-05-09 15:43:09,161 - Epoch 90  [recall@5: 0.1135 recall@10: 0.1741 recall@20: 0.2611 ] [ndcg@5: 0.0889 ndcg@10: 0.1102 ndcg@20: 0.1356 ] 
2026-05-09 15:43:16,708 - Epoch 93  [recall@5: 0.1132 recall@10: 0.1744 recall@20: 0.2607 ] [ndcg@5: 0.0889 ndcg@10: 0.1105 ndcg@20: 0.1356 ] 
2026-05-09 15:43:24,212 - Epoch 96  [recall@5: 0.1138 recall@10: 0.1737 recall@20: 0.2600 ] [ndcg@5: 0.0891 ndcg@10: 0.1102 ndcg@20: 0.1354 ] 
2026-05-09 15:43:31,528 - Epoch 99  [recall@5: 0.1144 recall@10: 0.1731 recall@20: 0.2593 ] [ndcg@5: 0.0895 ndcg@10: 0.1101 ndcg@20: 0.1353 ] 
2026-05-09 15:43:38,782 - Epoch 102  [recall@5: 0.1141 recall@10: 0.1740 recall@20: 0.2577 ] [ndcg@5: 0.0896 ndcg@10: 0.1104 ndcg@20: 0.1351 ] 
2026-05-09 15:43:46,070 - Epoch 105  [recall@5: 0.1152 recall@10: 0.1739 recall@20: 0.2596 ] [ndcg@5: 0.0899 ndcg@10: 0.1105 ndcg@20: 0.1356 ] 
2026-05-09 15:43:46,835 - [recall@5: 0.1135 recall@10: 0.1741 recall@20: 0.2611 ] [ndcg@5: 0.0889 ndcg@10: 0.1102 ndcg@20: 0.1356 ] 
2026-05-09 15:43:47,614 - [recall@5: 0.1162 recall@10: 0.1784 recall@20: 0.2585 ] [ndcg@5: 0.0993 ndcg@10: 0.1217 ndcg@20: 0.1465 ] 
2026-05-09 15:43:47,637 - Save model parameters to ./checkpoint/lightgcn_agr/lightgcn_agr-digital_music-2025-20260509_153916.pth
2026-05-09 15:43:47,637 - Save run metadata to ./checkpoint/lightgcn_agr/lightgcn_agr-digital_music-2025-20260509_153916.json
2026-05-09 15:43:47,638 - Best Epoch 90. Final test result: {'recall': array([0.11619216, 0.1783503 , 0.25853421]), 'ndcg': array([0.0993141 , 0.1216839 , 0.14651029])}.
