2026-05-10 02:08:14,119 - {'optimizer': {'name': 'adam', 'lr': 0.001, 'weight_decay': 0}, 'train': {'epoch': 100, 'batch_size': 4096, 'save_model': True, 'loss': 'pairwise', 'test_step': 3, 'reproducible': True, 'seed': 233, 'patience': 5}, 'test': {'metrics': ['recall', 'ndcg'], 'k': [5, 10, 20], 'batch_size': 1024}, 'data': {'type': 'general_cf', 'name': 'digital_music', 'user_num': 5541, 'item_num': 3568}, 'model': {'name': 'lightgcn_agr', 'embedding_size': 32, 'edge_bias': 0.5, 'keep_rate': 0.9, 'mask_ratio': 0.15, 'recon_weight': 0.2, 're_temperature': 0.2, 'layer_num': 3, 'reg_weight': 5e-06, 'prf_weight': 0.1, 'kd_weight': 0.01, 'kd_temperature': 0.2, 'str_weight': 1.0, 'beta': 5.0, 'sigma': 0.25, 'alpha': 0.2, 'movie': {'layer_num': 3, 'reg_weight': 1e-07, 'kd_weight': 0.01, 'kd_temperature': 0.2, 'prf_weight': 0.02, 'str_weight': 1.2, 'beta': 3.5, 'sigma': 0.3, 'alpha': 0.15, 'keep_rate': 0.8}, 'amazon': {'layer_num': 3, 'reg_weight': 5e-07, 'kd_weight': 0.01, 'kd_temperature': 0.2, 'prf_weight': 0.03, 'str_weight': 1.5, 'beta': 4.0, 'sigma': 0.25, 'alpha': 0.2, 'keep_rate': 0.8}, 'steam': {'layer_num': 3, 'reg_weight': 1e-08, 'kd_weight': 0.001, 'kd_temperature': 0.1, 'prf_weight': 0.01, 'str_weight': 1.0, 'beta': 2.5, 'sigma': 0.2, 'alpha': 0.08, 'keep_rate': 0.8}, 'yelp': {'layer_num': 3, 'reg_weight': 1e-06, 'kd_weight': 0.001, 'kd_temperature': 0.2, 'prf_weight': 0.025, 'str_weight': 1.3, 'beta': 4.0, 'sigma': 0.28, 'alpha': 0.18, 'keep_rate': 0.8}}}
2026-05-10 02:08:21,490 - Epoch 0  [recall@5: 0.0198 recall@10: 0.0324 recall@20: 0.0525 ] [ndcg@5: 0.0157 ndcg@10: 0.0203 ndcg@20: 0.0261 ] 
2026-05-10 02:08:31,161 - Epoch 3  [recall@5: 0.0635 recall@10: 0.0925 recall@20: 0.1381 ] [ndcg@5: 0.0485 ndcg@10: 0.0590 ndcg@20: 0.0725 ] 
2026-05-10 02:08:40,994 - Epoch 6  [recall@5: 0.0695 recall@10: 0.1075 recall@20: 0.1534 ] [ndcg@5: 0.0541 ndcg@10: 0.0675 ndcg@20: 0.0810 ] 
2026-05-10 02:08:51,159 - Epoch 9  [recall@5: 0.0738 recall@10: 0.1135 recall@20: 0.1702 ] [ndcg@5: 0.0569 ndcg@10: 0.0710 ndcg@20: 0.0874 ] 
2026-05-10 02:09:01,401 - Epoch 12  [recall@5: 0.0777 recall@10: 0.1201 recall@20: 0.1765 ] [ndcg@5: 0.0591 ndcg@10: 0.0738 ndcg@20: 0.0903 ] 
2026-05-10 02:09:11,491 - Epoch 15  [recall@5: 0.0788 recall@10: 0.1207 recall@20: 0.1810 ] [ndcg@5: 0.0594 ndcg@10: 0.0740 ndcg@20: 0.0916 ] 
2026-05-10 02:09:21,508 - Epoch 18  [recall@5: 0.0770 recall@10: 0.1209 recall@20: 0.1823 ] [ndcg@5: 0.0587 ndcg@10: 0.0741 ndcg@20: 0.0921 ] 
2026-05-10 02:09:31,143 - Epoch 21  [recall@5: 0.0769 recall@10: 0.1190 recall@20: 0.1808 ] [ndcg@5: 0.0587 ndcg@10: 0.0734 ndcg@20: 0.0916 ] 
2026-05-10 02:09:41,110 - Epoch 24  [recall@5: 0.0793 recall@10: 0.1208 recall@20: 0.1819 ] [ndcg@5: 0.0604 ndcg@10: 0.0748 ndcg@20: 0.0929 ] 
2026-05-10 02:09:51,291 - Epoch 27  [recall@5: 0.0812 recall@10: 0.1263 recall@20: 0.1886 ] [ndcg@5: 0.0616 ndcg@10: 0.0774 ndcg@20: 0.0957 ] 
2026-05-10 02:10:01,411 - Epoch 30  [recall@5: 0.0858 recall@10: 0.1302 recall@20: 0.1957 ] [ndcg@5: 0.0647 ndcg@10: 0.0803 ndcg@20: 0.0993 ] 
2026-05-10 02:10:11,602 - Epoch 33  [recall@5: 0.0897 recall@10: 0.1357 recall@20: 0.2020 ] [ndcg@5: 0.0679 ndcg@10: 0.0840 ndcg@20: 0.1034 ] 
2026-05-10 02:10:21,360 - Epoch 36  [recall@5: 0.0924 recall@10: 0.1389 recall@20: 0.2092 ] [ndcg@5: 0.0706 ndcg@10: 0.0867 ndcg@20: 0.1073 ] 
2026-05-10 02:10:31,420 - Epoch 39  [recall@5: 0.0958 recall@10: 0.1436 recall@20: 0.2166 ] [ndcg@5: 0.0728 ndcg@10: 0.0893 ndcg@20: 0.1107 ] 
2026-05-10 02:10:41,472 - Epoch 42  [recall@5: 0.0982 recall@10: 0.1481 recall@20: 0.2205 ] [ndcg@5: 0.0744 ndcg@10: 0.0918 ndcg@20: 0.1131 ] 
2026-05-10 02:10:51,519 - Epoch 45  [recall@5: 0.0981 recall@10: 0.1505 recall@20: 0.2254 ] [ndcg@5: 0.0750 ndcg@10: 0.0932 ndcg@20: 0.1153 ] 
2026-05-10 02:11:01,532 - Epoch 48  [recall@5: 0.1003 recall@10: 0.1542 recall@20: 0.2299 ] [ndcg@5: 0.0769 ndcg@10: 0.0955 ndcg@20: 0.1178 ] 
2026-05-10 02:11:11,169 - Epoch 51  [recall@5: 0.1024 recall@10: 0.1573 recall@20: 0.2352 ] [ndcg@5: 0.0784 ndcg@10: 0.0975 ndcg@20: 0.1204 ] 
2026-05-10 02:11:21,186 - Epoch 54  [recall@5: 0.1048 recall@10: 0.1602 recall@20: 0.2387 ] [ndcg@5: 0.0804 ndcg@10: 0.0996 ndcg@20: 0.1226 ] 
2026-05-10 02:11:31,329 - Epoch 57  [recall@5: 0.1065 recall@10: 0.1628 recall@20: 0.2435 ] [ndcg@5: 0.0817 ndcg@10: 0.1014 ndcg@20: 0.1249 ] 
2026-05-10 02:11:41,427 - Epoch 60  [recall@5: 0.1071 recall@10: 0.1649 recall@20: 0.2468 ] [ndcg@5: 0.0830 ndcg@10: 0.1031 ndcg@20: 0.1270 ] 
2026-05-10 02:11:51,515 - Epoch 63  [recall@5: 0.1092 recall@10: 0.1669 recall@20: 0.2473 ] [ndcg@5: 0.0842 ndcg@10: 0.1044 ndcg@20: 0.1279 ] 
2026-05-10 02:12:01,172 - Epoch 66  [recall@5: 0.1103 recall@10: 0.1683 recall@20: 0.2520 ] [ndcg@5: 0.0852 ndcg@10: 0.1055 ndcg@20: 0.1299 ] 
2026-05-10 02:12:11,474 - Epoch 69  [recall@5: 0.1109 recall@10: 0.1695 recall@20: 0.2544 ] [ndcg@5: 0.0857 ndcg@10: 0.1062 ndcg@20: 0.1309 ] 
2026-05-10 02:12:21,740 - Epoch 72  [recall@5: 0.1121 recall@10: 0.1718 recall@20: 0.2577 ] [ndcg@5: 0.0866 ndcg@10: 0.1074 ndcg@20: 0.1323 ] 
2026-05-10 02:12:31,719 - Epoch 75  [recall@5: 0.1127 recall@10: 0.1724 recall@20: 0.2594 ] [ndcg@5: 0.0871 ndcg@10: 0.1079 ndcg@20: 0.1331 ] 
2026-05-10 02:12:41,942 - Epoch 78  [recall@5: 0.1133 recall@10: 0.1732 recall@20: 0.2588 ] [ndcg@5: 0.0874 ndcg@10: 0.1083 ndcg@20: 0.1332 ] 
2026-05-10 02:12:51,646 - Epoch 81  [recall@5: 0.1143 recall@10: 0.1762 recall@20: 0.2610 ] [ndcg@5: 0.0881 ndcg@10: 0.1097 ndcg@20: 0.1344 ] 
2026-05-10 02:13:01,728 - Epoch 84  [recall@5: 0.1157 recall@10: 0.1778 recall@20: 0.2620 ] [ndcg@5: 0.0894 ndcg@10: 0.1109 ndcg@20: 0.1354 ] 
2026-05-10 02:13:11,804 - Epoch 87  [recall@5: 0.1159 recall@10: 0.1802 recall@20: 0.2627 ] [ndcg@5: 0.0895 ndcg@10: 0.1117 ndcg@20: 0.1359 ] 
2026-05-10 02:13:21,975 - Epoch 90  [recall@5: 0.1170 recall@10: 0.1794 recall@20: 0.2632 ] [ndcg@5: 0.0902 ndcg@10: 0.1117 ndcg@20: 0.1364 ] 
2026-05-10 02:13:32,010 - Epoch 93  [recall@5: 0.1176 recall@10: 0.1795 recall@20: 0.2633 ] [ndcg@5: 0.0905 ndcg@10: 0.1119 ndcg@20: 0.1364 ] 
2026-05-10 02:13:41,659 - Epoch 96  [recall@5: 0.1179 recall@10: 0.1798 recall@20: 0.2643 ] [ndcg@5: 0.0911 ndcg@10: 0.1124 ndcg@20: 0.1371 ] 
2026-05-10 02:13:48,082 - Epoch 99  [recall@5: 0.1194 recall@10: 0.1796 recall@20: 0.2654 ] [ndcg@5: 0.0920 ndcg@10: 0.1129 ndcg@20: 0.1379 ] 
2026-05-10 02:13:48,877 - [recall@5: 0.1194 recall@10: 0.1796 recall@20: 0.2654 ] [ndcg@5: 0.0920 ndcg@10: 0.1129 ndcg@20: 0.1379 ] 
2026-05-10 02:13:49,629 - [recall@5: 0.1230 recall@10: 0.1855 recall@20: 0.2639 ] [ndcg@5: 0.1037 ndcg@10: 0.1265 ndcg@20: 0.1507 ] 
2026-05-10 02:13:49,641 - Save model parameters to ./checkpoint/lightgcn_agr/lightgcn_agr-digital_music-233-20260510_020808_autotune_digital_digital_music_s06_alpha_0p2.pth
2026-05-10 02:13:49,642 - Save run metadata to ./checkpoint/lightgcn_agr/lightgcn_agr-digital_music-233-20260510_020808_autotune_digital_digital_music_s06_alpha_0p2.json
2026-05-10 02:13:49,642 - Best Epoch 99. Final test result: {'recall': array([0.12298138, 0.18551524, 0.26385648]), 'ndcg': array([0.10374706, 0.12648225, 0.15072831])}.
