2026-05-10 01:27:49,023 - {'optimizer': {'name': 'adam', 'lr': 0.001, 'weight_decay': 0}, 'train': {'epoch': 100, 'batch_size': 4096, 'save_model': True, 'loss': 'pairwise', 'test_step': 3, 'reproducible': True, 'seed': 233, 'patience': 5}, 'test': {'metrics': ['recall', 'ndcg'], 'k': [5, 10, 20], 'batch_size': 1024}, 'data': {'type': 'general_cf', 'name': 'digital_music', 'user_num': 5541, 'item_num': 3568}, 'model': {'name': 'lightgcn_agr', 'embedding_size': 32, 'edge_bias': 0.5, 'keep_rate': 0.9, 'mask_ratio': 0.15, 'recon_weight': 0.2, 're_temperature': 0.2, 'layer_num': 3, 'reg_weight': 5e-06, 'prf_weight': 0.02, 'kd_weight': 0.01, 'kd_temperature': 0.2, 'str_weight': 1.0, 'beta': 10.0, 'sigma': 0.25, 'alpha': 0.1, 'movie': {'layer_num': 3, 'reg_weight': 1e-07, 'kd_weight': 0.01, 'kd_temperature': 0.2, 'prf_weight': 0.02, 'str_weight': 1.2, 'beta': 3.5, 'sigma': 0.3, 'alpha': 0.15, 'keep_rate': 0.8}, 'amazon': {'layer_num': 3, 'reg_weight': 5e-07, 'kd_weight': 0.01, 'kd_temperature': 0.2, 'prf_weight': 0.03, 'str_weight': 1.5, 'beta': 4.0, 'sigma': 0.25, 'alpha': 0.2, 'keep_rate': 0.8}, 'steam': {'layer_num': 3, 'reg_weight': 1e-08, 'kd_weight': 0.001, 'kd_temperature': 0.1, 'prf_weight': 0.01, 'str_weight': 1.0, 'beta': 2.5, 'sigma': 0.2, 'alpha': 0.08, 'keep_rate': 0.8}, 'yelp': {'layer_num': 3, 'reg_weight': 1e-06, 'kd_weight': 0.001, 'kd_temperature': 0.2, 'prf_weight': 0.025, 'str_weight': 1.3, 'beta': 4.0, 'sigma': 0.28, 'alpha': 0.18, 'keep_rate': 0.8}}}
2026-05-10 01:27:56,398 - Epoch 0  [recall@5: 0.0138 recall@10: 0.0231 recall@20: 0.0347 ] [ndcg@5: 0.0112 ndcg@10: 0.0144 ndcg@20: 0.0178 ] 
2026-05-10 01:28:06,213 - Epoch 3  [recall@5: 0.0668 recall@10: 0.1029 recall@20: 0.1485 ] [ndcg@5: 0.0529 ndcg@10: 0.0656 ndcg@20: 0.0789 ] 
2026-05-10 01:28:16,144 - Epoch 6  [recall@5: 0.0812 recall@10: 0.1271 recall@20: 0.1937 ] [ndcg@5: 0.0655 ndcg@10: 0.0814 ndcg@20: 0.1008 ] 
2026-05-10 01:28:26,627 - Epoch 9  [recall@5: 0.0849 recall@10: 0.1325 recall@20: 0.2070 ] [ndcg@5: 0.0661 ndcg@10: 0.0830 ndcg@20: 0.1045 ] 
2026-05-10 01:28:37,059 - Epoch 12  [recall@5: 0.0847 recall@10: 0.1312 recall@20: 0.2059 ] [ndcg@5: 0.0659 ndcg@10: 0.0824 ndcg@20: 0.1040 ] 
2026-05-10 01:28:47,409 - Epoch 15  [recall@5: 0.0865 recall@10: 0.1336 recall@20: 0.2092 ] [ndcg@5: 0.0675 ndcg@10: 0.0840 ndcg@20: 0.1060 ] 
2026-05-10 01:28:57,520 - Epoch 18  [recall@5: 0.0895 recall@10: 0.1404 recall@20: 0.2143 ] [ndcg@5: 0.0689 ndcg@10: 0.0866 ndcg@20: 0.1082 ] 
2026-05-10 01:29:07,558 - Epoch 21  [recall@5: 0.0913 recall@10: 0.1445 recall@20: 0.2199 ] [ndcg@5: 0.0703 ndcg@10: 0.0889 ndcg@20: 0.1110 ] 
2026-05-10 01:29:17,870 - Epoch 24  [recall@5: 0.0955 recall@10: 0.1482 recall@20: 0.2260 ] [ndcg@5: 0.0726 ndcg@10: 0.0908 ndcg@20: 0.1136 ] 
2026-05-10 01:29:28,385 - Epoch 27  [recall@5: 0.0958 recall@10: 0.1534 recall@20: 0.2307 ] [ndcg@5: 0.0733 ndcg@10: 0.0933 ndcg@20: 0.1158 ] 
2026-05-10 01:29:38,851 - Epoch 30  [recall@5: 0.0986 recall@10: 0.1543 recall@20: 0.2347 ] [ndcg@5: 0.0747 ndcg@10: 0.0940 ndcg@20: 0.1175 ] 
2026-05-10 01:29:48,798 - Epoch 33  [recall@5: 0.0992 recall@10: 0.1565 recall@20: 0.2343 ] [ndcg@5: 0.0761 ndcg@10: 0.0960 ndcg@20: 0.1188 ] 
2026-05-10 01:29:58,813 - Epoch 36  [recall@5: 0.1008 recall@10: 0.1586 recall@20: 0.2389 ] [ndcg@5: 0.0772 ndcg@10: 0.0974 ndcg@20: 0.1208 ] 
2026-05-10 01:30:09,449 - Epoch 39  [recall@5: 0.1006 recall@10: 0.1622 recall@20: 0.2415 ] [ndcg@5: 0.0776 ndcg@10: 0.0993 ndcg@20: 0.1222 ] 
2026-05-10 01:30:19,851 - Epoch 42  [recall@5: 0.1019 recall@10: 0.1628 recall@20: 0.2421 ] [ndcg@5: 0.0788 ndcg@10: 0.1002 ndcg@20: 0.1233 ] 
2026-05-10 01:30:30,230 - Epoch 45  [recall@5: 0.1032 recall@10: 0.1620 recall@20: 0.2442 ] [ndcg@5: 0.0793 ndcg@10: 0.1000 ndcg@20: 0.1239 ] 
2026-05-10 01:30:40,278 - Epoch 48  [recall@5: 0.1046 recall@10: 0.1639 recall@20: 0.2456 ] [ndcg@5: 0.0803 ndcg@10: 0.1013 ndcg@20: 0.1250 ] 
2026-05-10 01:30:50,399 - Epoch 51  [recall@5: 0.1068 recall@10: 0.1662 recall@20: 0.2474 ] [ndcg@5: 0.0821 ndcg@10: 0.1029 ndcg@20: 0.1265 ] 
2026-05-10 01:31:00,798 - Epoch 54  [recall@5: 0.1078 recall@10: 0.1668 recall@20: 0.2485 ] [ndcg@5: 0.0828 ndcg@10: 0.1034 ndcg@20: 0.1272 ] 
2026-05-10 01:31:11,202 - Epoch 57  [recall@5: 0.1090 recall@10: 0.1678 recall@20: 0.2495 ] [ndcg@5: 0.0839 ndcg@10: 0.1045 ndcg@20: 0.1283 ] 
2026-05-10 01:31:21,559 - Epoch 60  [recall@5: 0.1101 recall@10: 0.1684 recall@20: 0.2511 ] [ndcg@5: 0.0845 ndcg@10: 0.1050 ndcg@20: 0.1289 ] 
2026-05-10 01:31:31,674 - Epoch 63  [recall@5: 0.1112 recall@10: 0.1705 recall@20: 0.2531 ] [ndcg@5: 0.0852 ndcg@10: 0.1058 ndcg@20: 0.1298 ] 
2026-05-10 01:31:42,086 - Epoch 66  [recall@5: 0.1118 recall@10: 0.1706 recall@20: 0.2529 ] [ndcg@5: 0.0859 ndcg@10: 0.1067 ndcg@20: 0.1305 ] 
2026-05-10 01:31:52,285 - Epoch 69  [recall@5: 0.1126 recall@10: 0.1699 recall@20: 0.2533 ] [ndcg@5: 0.0866 ndcg@10: 0.1067 ndcg@20: 0.1311 ] 
2026-05-10 01:32:02,422 - Epoch 72  [recall@5: 0.1123 recall@10: 0.1699 recall@20: 0.2533 ] [ndcg@5: 0.0865 ndcg@10: 0.1068 ndcg@20: 0.1311 ] 
2026-05-10 01:32:12,546 - Epoch 75  [recall@5: 0.1129 recall@10: 0.1711 recall@20: 0.2560 ] [ndcg@5: 0.0871 ndcg@10: 0.1075 ndcg@20: 0.1322 ] 
2026-05-10 01:32:22,941 - Epoch 78  [recall@5: 0.1134 recall@10: 0.1721 recall@20: 0.2558 ] [ndcg@5: 0.0872 ndcg@10: 0.1079 ndcg@20: 0.1323 ] 
2026-05-10 01:32:33,497 - Epoch 81  [recall@5: 0.1143 recall@10: 0.1731 recall@20: 0.2558 ] [ndcg@5: 0.0873 ndcg@10: 0.1080 ndcg@20: 0.1321 ] 
2026-05-10 01:32:43,667 - Epoch 84  [recall@5: 0.1143 recall@10: 0.1725 recall@20: 0.2553 ] [ndcg@5: 0.0878 ndcg@10: 0.1084 ndcg@20: 0.1326 ] 
2026-05-10 01:32:53,764 - Epoch 87  [recall@5: 0.1151 recall@10: 0.1730 recall@20: 0.2550 ] [ndcg@5: 0.0883 ndcg@10: 0.1088 ndcg@20: 0.1328 ] 
2026-05-10 01:33:00,276 - Epoch 90  [recall@5: 0.1163 recall@10: 0.1743 recall@20: 0.2550 ] [ndcg@5: 0.0891 ndcg@10: 0.1094 ndcg@20: 0.1331 ] 
2026-05-10 01:33:01,051 - [recall@5: 0.1129 recall@10: 0.1711 recall@20: 0.2560 ] [ndcg@5: 0.0871 ndcg@10: 0.1075 ndcg@20: 0.1322 ] 
2026-05-10 01:33:01,841 - [recall@5: 0.1151 recall@10: 0.1745 recall@20: 0.2562 ] [ndcg@5: 0.0971 ndcg@10: 0.1188 ndcg@20: 0.1442 ] 
2026-05-10 01:33:01,851 - Save model parameters to ./checkpoint/lightgcn_agr/lightgcn_agr-digital_music-233-20260510_012743_autotune_digital_digital_music_s03_beta_10p0.pth
2026-05-10 01:33:01,852 - Save run metadata to ./checkpoint/lightgcn_agr/lightgcn_agr-digital_music-233-20260510_012743_autotune_digital_digital_music_s03_beta_10p0.json
2026-05-10 01:33:01,853 - Best Epoch 75. Final test result: {'recall': array([0.11506481, 0.17449657, 0.25615949]), 'ndcg': array([0.09713374, 0.11878353, 0.14419297])}.
