2026-05-09 13:46:29,277 - {'optimizer': {'name': 'adam', 'lr': 0.001, 'weight_decay': 0}, 'train': {'epoch': 200, 'batch_size': 4096, 'save_model': True, 'loss': 'pairwise', 'test_step': 3, 'reproducible': True, 'seed': 2025, 'patience': 5}, 'test': {'metrics': ['recall', 'ndcg'], 'k': [5, 10, 20], 'batch_size': 1024}, 'data': {'type': 'general_cf', 'name': 'industrial', 'user_num': 11041, 'item_num': 5334}, 'model': {'name': 'lightgcn_agr', 'embedding_size': 32, 'edge_bias': 0.5, 'keep_rate': 0.8, 'mask_ratio': 0.15, 'recon_weight': 0.2, 're_temperature': 0.2, 'layer_num': 3, 'reg_weight': 1e-07, 'prf_weight': 0.02, 'kd_weight': 0.01, 'kd_temperature': 0.2, 'str_weight': 1.0, 'beta': 5.0, 'sigma': 0.25, 'alpha': 0.1, 'movie': {'layer_num': 3, 'reg_weight': 1e-07, 'kd_weight': 0.01, 'kd_temperature': 0.2, 'prf_weight': 0.02, 'str_weight': 1.2, 'beta': 3.5, 'sigma': 0.3, 'alpha': 0.15, 'keep_rate': 0.8}, 'amazon': {'layer_num': 3, 'reg_weight': 1e-07, 'kd_weight': 0.01, 'kd_temperature': 0.2, 'prf_weight': 0.03, 'str_weight': 1.5, 'beta': 4.0, 'sigma': 0.25, 'alpha': 0.2, 'keep_rate': 0.8}, 'steam': {'layer_num': 3, 'reg_weight': 1e-08, 'kd_weight': 0.001, 'kd_temperature': 0.1, 'prf_weight': 0.01, 'str_weight': 1.0, 'beta': 2.5, 'sigma': 0.2, 'alpha': 0.08, 'keep_rate': 0.8}, 'yelp': {'layer_num': 3, 'reg_weight': 1e-06, 'kd_weight': 0.001, 'kd_temperature': 0.2, 'prf_weight': 0.025, 'str_weight': 1.3, 'beta': 4.0, 'sigma': 0.28, 'alpha': 0.18, 'keep_rate': 0.8}}}
2026-05-09 13:46:37,648 - Epoch 0  [recall@5: 0.0345 recall@10: 0.0427 recall@20: 0.0532 ] [ndcg@5: 0.0288 ndcg@10: 0.0316 ndcg@20: 0.0344 ] 
2026-05-09 13:46:47,689 - Epoch 3  [recall@5: 0.0724 recall@10: 0.0946 recall@20: 0.1239 ] [ndcg@5: 0.0557 ndcg@10: 0.0632 ndcg@20: 0.0711 ] 
2026-05-09 13:46:58,545 - Epoch 6  [recall@5: 0.0785 recall@10: 0.1060 recall@20: 0.1413 ] [ndcg@5: 0.0599 ndcg@10: 0.0692 ndcg@20: 0.0787 ] 
2026-05-09 13:47:09,778 - Epoch 9  [recall@5: 0.0814 recall@10: 0.1105 recall@20: 0.1468 ] [ndcg@5: 0.0624 ndcg@10: 0.0722 ndcg@20: 0.0819 ] 
2026-05-09 13:47:21,733 - Epoch 12  [recall@5: 0.0835 recall@10: 0.1124 recall@20: 0.1514 ] [ndcg@5: 0.0639 ndcg@10: 0.0737 ndcg@20: 0.0841 ] 
2026-05-09 13:47:33,622 - Epoch 15  [recall@5: 0.0857 recall@10: 0.1154 recall@20: 0.1521 ] [ndcg@5: 0.0653 ndcg@10: 0.0753 ndcg@20: 0.0851 ] 
2026-05-09 13:47:45,394 - Epoch 18  [recall@5: 0.0872 recall@10: 0.1164 recall@20: 0.1535 ] [ndcg@5: 0.0665 ndcg@10: 0.0763 ndcg@20: 0.0864 ] 
2026-05-09 13:47:56,855 - Epoch 21  [recall@5: 0.0870 recall@10: 0.1179 recall@20: 0.1537 ] [ndcg@5: 0.0667 ndcg@10: 0.0771 ndcg@20: 0.0868 ] 
2026-05-09 13:48:08,214 - Epoch 24  [recall@5: 0.0879 recall@10: 0.1182 recall@20: 0.1557 ] [ndcg@5: 0.0671 ndcg@10: 0.0773 ndcg@20: 0.0874 ] 
2026-05-09 13:48:19,986 - Epoch 27  [recall@5: 0.0878 recall@10: 0.1184 recall@20: 0.1574 ] [ndcg@5: 0.0672 ndcg@10: 0.0775 ndcg@20: 0.0879 ] 
2026-05-09 13:48:31,797 - Epoch 30  [recall@5: 0.0885 recall@10: 0.1196 recall@20: 0.1569 ] [ndcg@5: 0.0676 ndcg@10: 0.0780 ndcg@20: 0.0881 ] 
2026-05-09 13:48:43,413 - Epoch 33  [recall@5: 0.0894 recall@10: 0.1204 recall@20: 0.1572 ] [ndcg@5: 0.0679 ndcg@10: 0.0783 ndcg@20: 0.0882 ] 
2026-05-09 13:48:54,757 - Epoch 36  [recall@5: 0.0895 recall@10: 0.1203 recall@20: 0.1567 ] [ndcg@5: 0.0680 ndcg@10: 0.0784 ndcg@20: 0.0882 ] 
2026-05-09 13:49:06,002 - Epoch 39  [recall@5: 0.0898 recall@10: 0.1209 recall@20: 0.1553 ] [ndcg@5: 0.0681 ndcg@10: 0.0786 ndcg@20: 0.0879 ] 
2026-05-09 13:49:15,522 - Epoch 42  [recall@5: 0.0899 recall@10: 0.1215 recall@20: 0.1564 ] [ndcg@5: 0.0681 ndcg@10: 0.0788 ndcg@20: 0.0882 ] 
2026-05-09 13:49:17,316 - [recall@5: 0.0878 recall@10: 0.1184 recall@20: 0.1574 ] [ndcg@5: 0.0672 ndcg@10: 0.0775 ndcg@20: 0.0879 ] 
2026-05-09 13:49:18,957 - [recall@5: 0.0897 recall@10: 0.1190 recall@20: 0.1574 ] [ndcg@5: 0.0730 ndcg@10: 0.0837 ndcg@20: 0.0948 ] 
2026-05-09 13:49:18,972 - Save model parameters to ./checkpoint/lightgcn_agr/lightgcn_agr-industrial-2025-20260509_134623.pth
2026-05-09 13:49:18,972 - Save run metadata to ./checkpoint/lightgcn_agr/lightgcn_agr-industrial-2025-20260509_134623.json
2026-05-09 13:49:18,974 - Best Epoch 27. Final test result: {'recall': array([0.08971456, 0.11895216, 0.15739236]), 'ndcg': array([0.07295121, 0.08371207, 0.09481978])}.
