2026-05-09 15:50:52,333 - {'optimizer': {'name': 'adam', 'lr': 0.001, 'weight_decay': 0}, 'train': {'epoch': 200, 'batch_size': 4096, 'save_model': True, 'loss': 'pairwise', 'test_step': 3, 'reproducible': True, 'seed': 2025, 'patience': 3}, 'test': {'metrics': ['recall', 'ndcg'], 'k': [5, 10, 20], 'batch_size': 1024}, 'data': {'type': 'general_cf', 'name': 'luxury', 'user_num': 3819, 'item_num': 1581}, 'model': {'name': 'lightgcn_agr', 'embedding_size': 32, 'edge_bias': 0.5, 'keep_rate': 0.8, 'mask_ratio': 0.15, 'recon_weight': 0.2, 're_temperature': 0.2, 'layer_num': 3, 'reg_weight': 1e-06, 'prf_weight': 0.02, 'kd_weight': 0.01, 'kd_temperature': 0.2, 'str_weight': 1.0, 'beta': 7.5, 'sigma': 0.25, 'alpha': 0.1, 'movie': {'layer_num': 3, 'reg_weight': 1e-07, 'kd_weight': 0.01, 'kd_temperature': 0.2, 'prf_weight': 0.02, 'str_weight': 1.2, 'beta': 3.5, 'sigma': 0.3, 'alpha': 0.15, 'keep_rate': 0.8}, 'amazon': {'layer_num': 3, 'reg_weight': 1e-07, 'kd_weight': 0.01, 'kd_temperature': 0.2, 'prf_weight': 0.03, 'str_weight': 1.5, 'beta': 4.0, 'sigma': 0.25, 'alpha': 0.2, 'keep_rate': 0.8}, 'steam': {'layer_num': 3, 'reg_weight': 1e-08, 'kd_weight': 0.001, 'kd_temperature': 0.1, 'prf_weight': 0.01, 'str_weight': 1.0, 'beta': 2.5, 'sigma': 0.2, 'alpha': 0.08, 'keep_rate': 0.8}, 'yelp': {'layer_num': 3, 'reg_weight': 1e-06, 'kd_weight': 0.001, 'kd_temperature': 0.2, 'prf_weight': 0.025, 'str_weight': 1.3, 'beta': 4.0, 'sigma': 0.28, 'alpha': 0.18, 'keep_rate': 0.8}}}
2026-05-09 15:50:58,866 - Epoch 0  [recall@5: 0.0316 recall@10: 0.0491 recall@20: 0.0711 ] [ndcg@5: 0.0237 ndcg@10: 0.0299 ndcg@20: 0.0361 ] 
2026-05-09 15:51:02,371 - Epoch 3  [recall@5: 0.1806 recall@10: 0.2023 recall@20: 0.2300 ] [ndcg@5: 0.1407 ndcg@10: 0.1478 ndcg@20: 0.1552 ] 
2026-05-09 15:51:05,754 - Epoch 6  [recall@5: 0.2153 recall@10: 0.2467 recall@20: 0.2954 ] [ndcg@5: 0.1682 ndcg@10: 0.1785 ndcg@20: 0.1916 ] 
2026-05-09 15:51:09,411 - Epoch 9  [recall@5: 0.2321 recall@10: 0.2690 recall@20: 0.3225 ] [ndcg@5: 0.1820 ndcg@10: 0.1940 ndcg@20: 0.2085 ] 
2026-05-09 15:51:12,899 - Epoch 12  [recall@5: 0.2392 recall@10: 0.2767 recall@20: 0.3427 ] [ndcg@5: 0.1883 ndcg@10: 0.2006 ndcg@20: 0.2183 ] 
2026-05-09 15:51:16,345 - Epoch 15  [recall@5: 0.2423 recall@10: 0.2826 recall@20: 0.3518 ] [ndcg@5: 0.1927 ndcg@10: 0.2060 ndcg@20: 0.2246 ] 
2026-05-09 15:51:19,736 - Epoch 18  [recall@5: 0.2450 recall@10: 0.2922 recall@20: 0.3562 ] [ndcg@5: 0.1960 ndcg@10: 0.2116 ndcg@20: 0.2289 ] 
2026-05-09 15:51:23,020 - Epoch 21  [recall@5: 0.2468 recall@10: 0.2972 recall@20: 0.3583 ] [ndcg@5: 0.1983 ndcg@10: 0.2151 ndcg@20: 0.2317 ] 
2026-05-09 15:51:26,578 - Epoch 24  [recall@5: 0.2498 recall@10: 0.2988 recall@20: 0.3620 ] [ndcg@5: 0.2001 ndcg@10: 0.2164 ndcg@20: 0.2334 ] 
2026-05-09 15:51:30,237 - Epoch 27  [recall@5: 0.2536 recall@10: 0.3032 recall@20: 0.3658 ] [ndcg@5: 0.2028 ndcg@10: 0.2193 ndcg@20: 0.2362 ] 
2026-05-09 15:51:33,449 - Epoch 30  [recall@5: 0.2565 recall@10: 0.3068 recall@20: 0.3677 ] [ndcg@5: 0.2048 ndcg@10: 0.2215 ndcg@20: 0.2379 ] 
2026-05-09 15:51:36,815 - Epoch 33  [recall@5: 0.2590 recall@10: 0.3098 recall@20: 0.3710 ] [ndcg@5: 0.2073 ndcg@10: 0.2242 ndcg@20: 0.2408 ] 
2026-05-09 15:51:40,259 - Epoch 36  [recall@5: 0.2620 recall@10: 0.3125 recall@20: 0.3736 ] [ndcg@5: 0.2098 ndcg@10: 0.2266 ndcg@20: 0.2432 ] 
2026-05-09 15:51:43,761 - Epoch 39  [recall@5: 0.2651 recall@10: 0.3164 recall@20: 0.3756 ] [ndcg@5: 0.2122 ndcg@10: 0.2294 ndcg@20: 0.2455 ] 
2026-05-09 15:51:47,294 - Epoch 42  [recall@5: 0.2668 recall@10: 0.3175 recall@20: 0.3755 ] [ndcg@5: 0.2138 ndcg@10: 0.2308 ndcg@20: 0.2467 ] 
2026-05-09 15:51:50,306 - Epoch 45  [recall@5: 0.2689 recall@10: 0.3195 recall@20: 0.3772 ] [ndcg@5: 0.2152 ndcg@10: 0.2323 ndcg@20: 0.2481 ] 
2026-05-09 15:51:53,787 - Epoch 48  [recall@5: 0.2709 recall@10: 0.3224 recall@20: 0.3781 ] [ndcg@5: 0.2166 ndcg@10: 0.2340 ndcg@20: 0.2493 ] 
2026-05-09 15:51:57,451 - Epoch 51  [recall@5: 0.2737 recall@10: 0.3239 recall@20: 0.3804 ] [ndcg@5: 0.2179 ndcg@10: 0.2349 ndcg@20: 0.2504 ] 
2026-05-09 15:52:00,825 - Epoch 54  [recall@5: 0.2760 recall@10: 0.3252 recall@20: 0.3812 ] [ndcg@5: 0.2193 ndcg@10: 0.2360 ndcg@20: 0.2514 ] 
2026-05-09 15:52:04,167 - Epoch 57  [recall@5: 0.2782 recall@10: 0.3265 recall@20: 0.3822 ] [ndcg@5: 0.2204 ndcg@10: 0.2367 ndcg@20: 0.2521 ] 
2026-05-09 15:52:07,405 - Epoch 60  [recall@5: 0.2786 recall@10: 0.3279 recall@20: 0.3831 ] [ndcg@5: 0.2209 ndcg@10: 0.2375 ndcg@20: 0.2528 ] 
2026-05-09 15:52:11,039 - Epoch 63  [recall@5: 0.2780 recall@10: 0.3297 recall@20: 0.3849 ] [ndcg@5: 0.2208 ndcg@10: 0.2383 ndcg@20: 0.2535 ] 
2026-05-09 15:52:14,587 - Epoch 66  [recall@5: 0.2795 recall@10: 0.3299 recall@20: 0.3861 ] [ndcg@5: 0.2217 ndcg@10: 0.2387 ndcg@20: 0.2542 ] 
2026-05-09 15:52:17,726 - Epoch 69  [recall@5: 0.2805 recall@10: 0.3307 recall@20: 0.3860 ] [ndcg@5: 0.2223 ndcg@10: 0.2393 ndcg@20: 0.2547 ] 
2026-05-09 15:52:21,256 - Epoch 72  [recall@5: 0.2810 recall@10: 0.3325 recall@20: 0.3863 ] [ndcg@5: 0.2228 ndcg@10: 0.2402 ndcg@20: 0.2551 ] 
2026-05-09 15:52:24,831 - Epoch 75  [recall@5: 0.2835 recall@10: 0.3334 recall@20: 0.3875 ] [ndcg@5: 0.2240 ndcg@10: 0.2407 ndcg@20: 0.2557 ] 
2026-05-09 15:52:28,622 - Epoch 78  [recall@5: 0.2845 recall@10: 0.3330 recall@20: 0.3876 ] [ndcg@5: 0.2246 ndcg@10: 0.2408 ndcg@20: 0.2560 ] 
2026-05-09 15:52:32,364 - Epoch 81  [recall@5: 0.2847 recall@10: 0.3325 recall@20: 0.3875 ] [ndcg@5: 0.2249 ndcg@10: 0.2409 ndcg@20: 0.2563 ] 
2026-05-09 15:52:35,405 - Epoch 84  [recall@5: 0.2868 recall@10: 0.3329 recall@20: 0.3887 ] [ndcg@5: 0.2265 ndcg@10: 0.2420 ndcg@20: 0.2575 ] 
2026-05-09 15:52:38,999 - Epoch 87  [recall@5: 0.2870 recall@10: 0.3345 recall@20: 0.3883 ] [ndcg@5: 0.2270 ndcg@10: 0.2430 ndcg@20: 0.2579 ] 
2026-05-09 15:52:42,498 - Epoch 90  [recall@5: 0.2873 recall@10: 0.3353 recall@20: 0.3883 ] [ndcg@5: 0.2270 ndcg@10: 0.2431 ndcg@20: 0.2578 ] 
2026-05-09 15:52:45,846 - Epoch 93  [recall@5: 0.2876 recall@10: 0.3351 recall@20: 0.3896 ] [ndcg@5: 0.2273 ndcg@10: 0.2432 ndcg@20: 0.2583 ] 
2026-05-09 15:52:49,411 - Epoch 96  [recall@5: 0.2887 recall@10: 0.3357 recall@20: 0.3893 ] [ndcg@5: 0.2279 ndcg@10: 0.2435 ndcg@20: 0.2583 ] 
2026-05-09 15:52:52,556 - Epoch 99  [recall@5: 0.2898 recall@10: 0.3350 recall@20: 0.3889 ] [ndcg@5: 0.2288 ndcg@10: 0.2440 ndcg@20: 0.2588 ] 
2026-05-09 15:52:56,147 - Epoch 102  [recall@5: 0.2911 recall@10: 0.3364 recall@20: 0.3882 ] [ndcg@5: 0.2291 ndcg@10: 0.2442 ndcg@20: 0.2585 ] 
2026-05-09 15:52:56,788 - [recall@5: 0.2876 recall@10: 0.3351 recall@20: 0.3896 ] [ndcg@5: 0.2273 ndcg@10: 0.2432 ndcg@20: 0.2583 ] 
2026-05-09 15:52:57,421 - [recall@5: 0.3071 recall@10: 0.3445 recall@20: 0.3996 ] [ndcg@5: 0.2540 ndcg@10: 0.2669 ndcg@20: 0.2824 ] 
2026-05-09 15:52:57,438 - Save model parameters to ./checkpoint/lightgcn_agr/lightgcn_agr-luxury-2025-20260509_155046.pth
2026-05-09 15:52:57,438 - Save run metadata to ./checkpoint/lightgcn_agr/lightgcn_agr-luxury-2025-20260509_155046.json
2026-05-09 15:52:57,441 - Best Epoch 93. Final test result: {'recall': array([0.30710359, 0.34451444, 0.39955844]), 'ndcg': array([0.25397475, 0.26694704, 0.28241587])}.
