2026-05-09 13:14:20,540 - {'optimizer': {'name': 'adam', 'lr': 0.001, 'weight_decay': 0}, 'train': {'epoch': 200, 'batch_size': 4096, 'save_model': True, 'loss': 'pairwise', 'test_step': 3, 'reproducible': True, 'seed': 2025, 'patience': 5}, 'test': {'metrics': ['recall', 'ndcg'], 'k': [5, 10, 20], 'batch_size': 1024}, 'data': {'type': 'general_cf', 'name': 'luxury', 'user_num': 3819, 'item_num': 1581}, 'model': {'name': 'lightgcn_agr', 'embedding_size': 32, 'edge_bias': 0.5, 'keep_rate': 0.8, 'mask_ratio': 0.15, 'recon_weight': 0.2, 're_temperature': 0.2, 'layer_num': 3, 'reg_weight': 1e-07, 'prf_weight': 0.02, 'kd_weight': 0.01, 'kd_temperature': 0.2, 'str_weight': 1.0, 'beta': 5.0, 'sigma': 0.25, 'alpha': 0.1, 'digital_music': {'layer_num': 3, 'reg_weight': 1e-07, 'kd_weight': 0.01, 'kd_temperature': 0.2, 'prf_weight': 0.02, 'str_weight': 1.2, 'beta': 3.5, 'sigma': 0.3, 'alpha': 0.15, 'keep_rate': 0.8}, 'luxury': {'layer_num': 3, 'reg_weight': 1e-07, 'kd_weight': 0.01, 'kd_temperature': 0.2, 'prf_weight': 0.03, 'str_weight': 1.5, 'beta': 4.0, 'sigma': 0.25, 'alpha': 0.2, 'keep_rate': 0.8}, 'steam': {'layer_num': 3, 'reg_weight': 1e-08, 'kd_weight': 0.001, 'kd_temperature': 0.1, 'prf_weight': 0.01, 'str_weight': 1.0, 'beta': 2.5, 'sigma': 0.2, 'alpha': 0.08, 'keep_rate': 0.8}, 'industrial': {'layer_num': 3, 'reg_weight': 1e-06, 'kd_weight': 0.001, 'kd_temperature': 0.2, 'prf_weight': 0.025, 'str_weight': 1.3, 'beta': 4.0, 'sigma': 0.28, 'alpha': 0.18, 'keep_rate': 0.8}}}
2026-05-09 13:14:25,907 - Epoch 0  [recall@5: 0.0333 recall@10: 0.0527 recall@20: 0.0742 ] [ndcg@5: 0.0249 ndcg@10: 0.0320 ndcg@20: 0.0380 ] 
2026-05-09 13:14:28,602 - Epoch 3  [recall@5: 0.1808 recall@10: 0.2028 recall@20: 0.2355 ] [ndcg@5: 0.1404 ndcg@10: 0.1477 ndcg@20: 0.1564 ] 
2026-05-09 13:14:31,435 - Epoch 6  [recall@5: 0.2184 recall@10: 0.2460 recall@20: 0.3034 ] [ndcg@5: 0.1706 ndcg@10: 0.1797 ndcg@20: 0.1950 ] 
2026-05-09 13:14:34,778 - Epoch 9  [recall@5: 0.2296 recall@10: 0.2637 recall@20: 0.3303 ] [ndcg@5: 0.1817 ndcg@10: 0.1929 ndcg@20: 0.2106 ] 
2026-05-09 13:14:38,390 - Epoch 12  [recall@5: 0.2367 recall@10: 0.2732 recall@20: 0.3436 ] [ndcg@5: 0.1872 ndcg@10: 0.1994 ndcg@20: 0.2182 ] 
2026-05-09 13:14:41,485 - Epoch 15  [recall@5: 0.2424 recall@10: 0.2775 recall@20: 0.3541 ] [ndcg@5: 0.1921 ndcg@10: 0.2038 ndcg@20: 0.2243 ] 
2026-05-09 13:14:44,441 - Epoch 18  [recall@5: 0.2460 recall@10: 0.2832 recall@20: 0.3598 ] [ndcg@5: 0.1967 ndcg@10: 0.2091 ndcg@20: 0.2296 ] 
2026-05-09 13:14:47,609 - Epoch 21  [recall@5: 0.2494 recall@10: 0.2929 recall@20: 0.3640 ] [ndcg@5: 0.1996 ndcg@10: 0.2139 ndcg@20: 0.2329 ] 
2026-05-09 13:14:50,496 - Epoch 24  [recall@5: 0.2550 recall@10: 0.2974 recall@20: 0.3664 ] [ndcg@5: 0.2025 ndcg@10: 0.2166 ndcg@20: 0.2350 ] 
2026-05-09 13:14:53,520 - Epoch 27  [recall@5: 0.2562 recall@10: 0.3014 recall@20: 0.3659 ] [ndcg@5: 0.2039 ndcg@10: 0.2189 ndcg@20: 0.2362 ] 
2026-05-09 13:14:56,529 - Epoch 30  [recall@5: 0.2585 recall@10: 0.3037 recall@20: 0.3658 ] [ndcg@5: 0.2056 ndcg@10: 0.2207 ndcg@20: 0.2374 ] 
2026-05-09 13:14:59,554 - Epoch 33  [recall@5: 0.2613 recall@10: 0.3068 recall@20: 0.3702 ] [ndcg@5: 0.2080 ndcg@10: 0.2232 ndcg@20: 0.2402 ] 
2026-05-09 13:15:02,513 - Epoch 36  [recall@5: 0.2635 recall@10: 0.3106 recall@20: 0.3719 ] [ndcg@5: 0.2095 ndcg@10: 0.2253 ndcg@20: 0.2418 ] 
2026-05-09 13:15:05,458 - Epoch 39  [recall@5: 0.2667 recall@10: 0.3127 recall@20: 0.3741 ] [ndcg@5: 0.2119 ndcg@10: 0.2273 ndcg@20: 0.2439 ] 
2026-05-09 13:15:08,344 - Epoch 42  [recall@5: 0.2685 recall@10: 0.3161 recall@20: 0.3749 ] [ndcg@5: 0.2131 ndcg@10: 0.2291 ndcg@20: 0.2451 ] 
2026-05-09 13:15:11,179 - Epoch 45  [recall@5: 0.2709 recall@10: 0.3198 recall@20: 0.3736 ] [ndcg@5: 0.2144 ndcg@10: 0.2309 ndcg@20: 0.2456 ] 
2026-05-09 13:15:14,104 - Epoch 48  [recall@5: 0.2721 recall@10: 0.3228 recall@20: 0.3764 ] [ndcg@5: 0.2158 ndcg@10: 0.2330 ndcg@20: 0.2476 ] 
2026-05-09 13:15:17,161 - Epoch 51  [recall@5: 0.2748 recall@10: 0.3259 recall@20: 0.3779 ] [ndcg@5: 0.2177 ndcg@10: 0.2351 ndcg@20: 0.2494 ] 
2026-05-09 13:15:20,079 - Epoch 54  [recall@5: 0.2778 recall@10: 0.3277 recall@20: 0.3790 ] [ndcg@5: 0.2198 ndcg@10: 0.2368 ndcg@20: 0.2509 ] 
2026-05-09 13:15:23,122 - Epoch 57  [recall@5: 0.2809 recall@10: 0.3314 recall@20: 0.3807 ] [ndcg@5: 0.2212 ndcg@10: 0.2384 ndcg@20: 0.2518 ] 
2026-05-09 13:15:26,160 - Epoch 60  [recall@5: 0.2833 recall@10: 0.3318 recall@20: 0.3830 ] [ndcg@5: 0.2225 ndcg@10: 0.2390 ndcg@20: 0.2530 ] 
2026-05-09 13:15:29,305 - Epoch 63  [recall@5: 0.2837 recall@10: 0.3343 recall@20: 0.3851 ] [ndcg@5: 0.2229 ndcg@10: 0.2402 ndcg@20: 0.2539 ] 
2026-05-09 13:15:32,365 - Epoch 66  [recall@5: 0.2858 recall@10: 0.3354 recall@20: 0.3864 ] [ndcg@5: 0.2240 ndcg@10: 0.2408 ndcg@20: 0.2547 ] 
2026-05-09 13:15:35,305 - Epoch 69  [recall@5: 0.2863 recall@10: 0.3352 recall@20: 0.3892 ] [ndcg@5: 0.2251 ndcg@10: 0.2417 ndcg@20: 0.2564 ] 
2026-05-09 13:15:38,210 - Epoch 72  [recall@5: 0.2874 recall@10: 0.3348 recall@20: 0.3896 ] [ndcg@5: 0.2260 ndcg@10: 0.2422 ndcg@20: 0.2572 ] 
2026-05-09 13:15:41,214 - Epoch 75  [recall@5: 0.2889 recall@10: 0.3347 recall@20: 0.3900 ] [ndcg@5: 0.2270 ndcg@10: 0.2427 ndcg@20: 0.2580 ] 
2026-05-09 13:15:44,157 - Epoch 78  [recall@5: 0.2894 recall@10: 0.3348 recall@20: 0.3901 ] [ndcg@5: 0.2272 ndcg@10: 0.2427 ndcg@20: 0.2580 ] 
2026-05-09 13:15:47,068 - Epoch 81  [recall@5: 0.2891 recall@10: 0.3361 recall@20: 0.3905 ] [ndcg@5: 0.2277 ndcg@10: 0.2437 ndcg@20: 0.2589 ] 
2026-05-09 13:15:49,875 - Epoch 84  [recall@5: 0.2897 recall@10: 0.3374 recall@20: 0.3912 ] [ndcg@5: 0.2278 ndcg@10: 0.2440 ndcg@20: 0.2590 ] 
2026-05-09 13:15:52,727 - Epoch 87  [recall@5: 0.2908 recall@10: 0.3392 recall@20: 0.3920 ] [ndcg@5: 0.2288 ndcg@10: 0.2452 ndcg@20: 0.2599 ] 
2026-05-09 13:15:55,522 - Epoch 90  [recall@5: 0.2919 recall@10: 0.3394 recall@20: 0.3937 ] [ndcg@5: 0.2299 ndcg@10: 0.2460 ndcg@20: 0.2610 ] 
2026-05-09 13:15:58,360 - Epoch 93  [recall@5: 0.2921 recall@10: 0.3414 recall@20: 0.3945 ] [ndcg@5: 0.2304 ndcg@10: 0.2471 ndcg@20: 0.2618 ] 
2026-05-09 13:16:01,121 - Epoch 96  [recall@5: 0.2933 recall@10: 0.3430 recall@20: 0.3953 ] [ndcg@5: 0.2310 ndcg@10: 0.2478 ndcg@20: 0.2622 ] 
2026-05-09 13:16:04,010 - Epoch 99  [recall@5: 0.2932 recall@10: 0.3442 recall@20: 0.3964 ] [ndcg@5: 0.2312 ndcg@10: 0.2485 ndcg@20: 0.2628 ] 
2026-05-09 13:16:06,904 - Epoch 102  [recall@5: 0.2937 recall@10: 0.3450 recall@20: 0.3960 ] [ndcg@5: 0.2316 ndcg@10: 0.2490 ndcg@20: 0.2630 ] 
2026-05-09 13:16:09,737 - Epoch 105  [recall@5: 0.2938 recall@10: 0.3455 recall@20: 0.3962 ] [ndcg@5: 0.2320 ndcg@10: 0.2495 ndcg@20: 0.2634 ] 
2026-05-09 13:16:12,528 - Epoch 108  [recall@5: 0.2941 recall@10: 0.3454 recall@20: 0.3960 ] [ndcg@5: 0.2323 ndcg@10: 0.2497 ndcg@20: 0.2636 ] 
2026-05-09 13:16:15,627 - Epoch 111  [recall@5: 0.2935 recall@10: 0.3462 recall@20: 0.3950 ] [ndcg@5: 0.2321 ndcg@10: 0.2500 ndcg@20: 0.2634 ] 
2026-05-09 13:16:18,803 - Epoch 114  [recall@5: 0.2939 recall@10: 0.3457 recall@20: 0.3950 ] [ndcg@5: 0.2322 ndcg@10: 0.2499 ndcg@20: 0.2635 ] 
2026-05-09 13:16:19,515 - [recall@5: 0.2932 recall@10: 0.3442 recall@20: 0.3964 ] [ndcg@5: 0.2312 ndcg@10: 0.2485 ndcg@20: 0.2628 ] 
2026-05-09 13:16:20,257 - [recall@5: 0.3070 recall@10: 0.3540 recall@20: 0.4081 ] [ndcg@5: 0.2551 ndcg@10: 0.2713 ndcg@20: 0.2866 ] 
2026-05-09 13:16:20,271 - Save model parameters to ./checkpoint/lightgcn_agr/lightgcn_agr-luxury-2025-20260509_131414.pth
2026-05-09 13:16:20,272 - Save run metadata to ./checkpoint/lightgcn_agr/lightgcn_agr-luxury-2025-20260509_131414.json
2026-05-09 13:16:20,273 - Best Epoch 99. Final test result: {'recall': array([0.30704654, 0.35397901, 0.40809716]), 'ndcg': array([0.25508226, 0.2712677 , 0.28663094])}.
