2026-05-09 15:34:01,640 - {'optimizer': {'name': 'adam', 'lr': 0.001, 'weight_decay': 0}, 'train': {'epoch': 200, 'batch_size': 2048, 'save_model': True, 'loss': 'pairwise', 'test_step': 3, 'reproducible': True, 'seed': 2025, 'patience': 5}, 'test': {'metrics': ['recall', 'ndcg'], 'k': [5, 10, 20], 'batch_size': 1024}, 'data': {'type': 'general_cf', 'name': 'luxury', 'user_num': 3819, 'item_num': 1581}, 'model': {'name': 'lightgcn_agr', 'embedding_size': 32, 'edge_bias': 0.5, 'keep_rate': 0.8, 'mask_ratio': 0.15, 'recon_weight': 0.2, 're_temperature': 0.2, 'layer_num': 3, 'reg_weight': 1e-07, 'prf_weight': 0.02, 'kd_weight': 0.01, 'kd_temperature': 0.2, 'str_weight': 1.0, 'beta': 5.0, 'sigma': 0.25, 'alpha': 0.1, 'movie': {'layer_num': 3, 'reg_weight': 1e-07, 'kd_weight': 0.01, 'kd_temperature': 0.2, 'prf_weight': 0.02, 'str_weight': 1.2, 'beta': 3.5, 'sigma': 0.3, 'alpha': 0.15, 'keep_rate': 0.8}, 'amazon': {'layer_num': 3, 'reg_weight': 1e-07, 'kd_weight': 0.01, 'kd_temperature': 0.2, 'prf_weight': 0.03, 'str_weight': 1.5, 'beta': 4.0, 'sigma': 0.25, 'alpha': 0.2, 'keep_rate': 0.8}, 'steam': {'layer_num': 3, 'reg_weight': 1e-08, 'kd_weight': 0.001, 'kd_temperature': 0.1, 'prf_weight': 0.01, 'str_weight': 1.0, 'beta': 2.5, 'sigma': 0.2, 'alpha': 0.08, 'keep_rate': 0.8}, 'yelp': {'layer_num': 3, 'reg_weight': 1e-06, 'kd_weight': 0.001, 'kd_temperature': 0.2, 'prf_weight': 0.025, 'str_weight': 1.3, 'beta': 4.0, 'sigma': 0.28, 'alpha': 0.18, 'keep_rate': 0.8}}}
2026-05-09 15:34:08,402 - Epoch 0  [recall@5: 0.1204 recall@10: 0.1403 recall@20: 0.1611 ] [ndcg@5: 0.0930 ndcg@10: 0.1001 ndcg@20: 0.1058 ] 
2026-05-09 15:34:11,859 - Epoch 3  [recall@5: 0.2158 recall@10: 0.2471 recall@20: 0.2987 ] [ndcg@5: 0.1687 ndcg@10: 0.1788 ndcg@20: 0.1926 ] 
2026-05-09 15:34:15,716 - Epoch 6  [recall@5: 0.2378 recall@10: 0.2766 recall@20: 0.3356 ] [ndcg@5: 0.1863 ndcg@10: 0.1991 ndcg@20: 0.2151 ] 
2026-05-09 15:34:19,183 - Epoch 9  [recall@5: 0.2444 recall@10: 0.2907 recall@20: 0.3497 ] [ndcg@5: 0.1944 ndcg@10: 0.2095 ndcg@20: 0.2255 ] 
2026-05-09 15:34:22,589 - Epoch 12  [recall@5: 0.2490 recall@10: 0.2944 recall@20: 0.3558 ] [ndcg@5: 0.1980 ndcg@10: 0.2130 ndcg@20: 0.2297 ] 
2026-05-09 15:34:26,082 - Epoch 15  [recall@5: 0.2561 recall@10: 0.2993 recall@20: 0.3627 ] [ndcg@5: 0.2041 ndcg@10: 0.2186 ndcg@20: 0.2357 ] 
2026-05-09 15:34:29,552 - Epoch 18  [recall@5: 0.2617 recall@10: 0.3078 recall@20: 0.3672 ] [ndcg@5: 0.2085 ndcg@10: 0.2240 ndcg@20: 0.2401 ] 
2026-05-09 15:34:32,892 - Epoch 21  [recall@5: 0.2672 recall@10: 0.3145 recall@20: 0.3704 ] [ndcg@5: 0.2123 ndcg@10: 0.2283 ndcg@20: 0.2434 ] 
2026-05-09 15:34:36,530 - Epoch 24  [recall@5: 0.2720 recall@10: 0.3195 recall@20: 0.3748 ] [ndcg@5: 0.2154 ndcg@10: 0.2315 ndcg@20: 0.2465 ] 
2026-05-09 15:34:40,406 - Epoch 27  [recall@5: 0.2753 recall@10: 0.3228 recall@20: 0.3771 ] [ndcg@5: 0.2182 ndcg@10: 0.2343 ndcg@20: 0.2492 ] 
2026-05-09 15:34:44,304 - Epoch 30  [recall@5: 0.2773 recall@10: 0.3254 recall@20: 0.3777 ] [ndcg@5: 0.2198 ndcg@10: 0.2362 ndcg@20: 0.2506 ] 
2026-05-09 15:34:47,989 - Epoch 33  [recall@5: 0.2808 recall@10: 0.3308 recall@20: 0.3801 ] [ndcg@5: 0.2214 ndcg@10: 0.2383 ndcg@20: 0.2519 ] 
2026-05-09 15:34:51,577 - Epoch 36  [recall@5: 0.2826 recall@10: 0.3340 recall@20: 0.3821 ] [ndcg@5: 0.2226 ndcg@10: 0.2400 ndcg@20: 0.2532 ] 
2026-05-09 15:34:55,083 - Epoch 39  [recall@5: 0.2845 recall@10: 0.3345 recall@20: 0.3848 ] [ndcg@5: 0.2242 ndcg@10: 0.2412 ndcg@20: 0.2550 ] 
2026-05-09 15:34:58,606 - Epoch 42  [recall@5: 0.2878 recall@10: 0.3350 recall@20: 0.3857 ] [ndcg@5: 0.2254 ndcg@10: 0.2414 ndcg@20: 0.2553 ] 
2026-05-09 15:35:01,997 - Epoch 45  [recall@5: 0.2890 recall@10: 0.3367 recall@20: 0.3887 ] [ndcg@5: 0.2261 ndcg@10: 0.2423 ndcg@20: 0.2565 ] 
2026-05-09 15:35:05,414 - Epoch 48  [recall@5: 0.2894 recall@10: 0.3382 recall@20: 0.3895 ] [ndcg@5: 0.2266 ndcg@10: 0.2431 ndcg@20: 0.2572 ] 
2026-05-09 15:35:08,790 - Epoch 51  [recall@5: 0.2917 recall@10: 0.3379 recall@20: 0.3900 ] [ndcg@5: 0.2287 ndcg@10: 0.2443 ndcg@20: 0.2587 ] 
2026-05-09 15:35:12,298 - Epoch 54  [recall@5: 0.2928 recall@10: 0.3381 recall@20: 0.3892 ] [ndcg@5: 0.2299 ndcg@10: 0.2452 ndcg@20: 0.2593 ] 
2026-05-09 15:35:15,954 - Epoch 57  [recall@5: 0.2934 recall@10: 0.3380 recall@20: 0.3903 ] [ndcg@5: 0.2304 ndcg@10: 0.2455 ndcg@20: 0.2599 ] 
2026-05-09 15:35:19,426 - Epoch 60  [recall@5: 0.2943 recall@10: 0.3388 recall@20: 0.3917 ] [ndcg@5: 0.2308 ndcg@10: 0.2458 ndcg@20: 0.2603 ] 
2026-05-09 15:35:22,885 - Epoch 63  [recall@5: 0.2944 recall@10: 0.3390 recall@20: 0.3910 ] [ndcg@5: 0.2307 ndcg@10: 0.2458 ndcg@20: 0.2600 ] 
2026-05-09 15:35:26,277 - Epoch 66  [recall@5: 0.2949 recall@10: 0.3382 recall@20: 0.3919 ] [ndcg@5: 0.2308 ndcg@10: 0.2455 ndcg@20: 0.2602 ] 
2026-05-09 15:35:29,796 - Epoch 69  [recall@5: 0.2945 recall@10: 0.3379 recall@20: 0.3913 ] [ndcg@5: 0.2307 ndcg@10: 0.2455 ndcg@20: 0.2601 ] 
2026-05-09 15:35:33,165 - Epoch 72  [recall@5: 0.2959 recall@10: 0.3374 recall@20: 0.3919 ] [ndcg@5: 0.2309 ndcg@10: 0.2450 ndcg@20: 0.2599 ] 
2026-05-09 15:35:36,647 - Epoch 75  [recall@5: 0.2962 recall@10: 0.3382 recall@20: 0.3919 ] [ndcg@5: 0.2309 ndcg@10: 0.2452 ndcg@20: 0.2599 ] 
2026-05-09 15:35:40,145 - Epoch 78  [recall@5: 0.2973 recall@10: 0.3380 recall@20: 0.3928 ] [ndcg@5: 0.2313 ndcg@10: 0.2450 ndcg@20: 0.2600 ] 
2026-05-09 15:35:43,364 - Epoch 81  [recall@5: 0.2983 recall@10: 0.3391 recall@20: 0.3916 ] [ndcg@5: 0.2320 ndcg@10: 0.2456 ndcg@20: 0.2600 ] 
2026-05-09 15:35:46,779 - Epoch 84  [recall@5: 0.2986 recall@10: 0.3390 recall@20: 0.3903 ] [ndcg@5: 0.2317 ndcg@10: 0.2452 ndcg@20: 0.2593 ] 
2026-05-09 15:35:50,258 - Epoch 87  [recall@5: 0.2991 recall@10: 0.3392 recall@20: 0.3889 ] [ndcg@5: 0.2320 ndcg@10: 0.2455 ndcg@20: 0.2591 ] 
2026-05-09 15:35:53,809 - Epoch 90  [recall@5: 0.2983 recall@10: 0.3382 recall@20: 0.3892 ] [ndcg@5: 0.2318 ndcg@10: 0.2452 ndcg@20: 0.2593 ] 
2026-05-09 15:35:57,280 - Epoch 93  [recall@5: 0.2988 recall@10: 0.3400 recall@20: 0.3890 ] [ndcg@5: 0.2325 ndcg@10: 0.2463 ndcg@20: 0.2598 ] 
2026-05-09 15:35:57,783 - [recall@5: 0.2973 recall@10: 0.3380 recall@20: 0.3928 ] [ndcg@5: 0.2313 ndcg@10: 0.2450 ndcg@20: 0.2600 ] 
2026-05-09 15:35:58,303 - [recall@5: 0.3066 recall@10: 0.3482 recall@20: 0.4006 ] [ndcg@5: 0.2539 ndcg@10: 0.2683 ndcg@20: 0.2832 ] 
2026-05-09 15:35:58,339 - Save model parameters to ./checkpoint/lightgcn_agr/lightgcn_agr-luxury-2025-20260509_153353.pth
2026-05-09 15:35:58,339 - Save run metadata to ./checkpoint/lightgcn_agr/lightgcn_agr-luxury-2025-20260509_153353.json
2026-05-09 15:35:58,345 - Best Epoch 78. Final test result: {'recall': array([0.30662431, 0.34823012, 0.40056661]), 'ndcg': array([0.2538613 , 0.26830929, 0.28320436])}.
