2026-05-09 15:57:17,159 - {'optimizer': {'name': 'adam', 'lr': 0.001, 'weight_decay': 0}, 'train': {'epoch': 200, 'batch_size': 4096, 'save_model': True, 'loss': 'pairwise', 'test_step': 3, 'reproducible': True, 'seed': 2025, 'patience': 3}, 'test': {'metrics': ['recall', 'ndcg'], 'k': [5, 10, 20], 'batch_size': 1024}, 'data': {'type': 'general_cf', 'name': 'luxury', 'user_num': 3819, 'item_num': 1581}, 'model': {'name': 'lightgcn_agr', 'embedding_size': 32, 'edge_bias': 0.5, 'keep_rate': 0.7, 'mask_ratio': 0.15, 'recon_weight': 0.2, 're_temperature': 0.2, 'layer_num': 3, 'reg_weight': 5e-06, 'prf_weight': 0.02, 'kd_weight': 0.01, 'kd_temperature': 0.2, 'str_weight': 1.0, 'beta': 7.5, 'sigma': 0.25, 'alpha': 0.1, 'movie': {'layer_num': 3, 'reg_weight': 1e-07, 'kd_weight': 0.01, 'kd_temperature': 0.2, 'prf_weight': 0.02, 'str_weight': 1.2, 'beta': 3.5, 'sigma': 0.3, 'alpha': 0.15, 'keep_rate': 0.8}, 'amazon': {'layer_num': 3, 'reg_weight': 1e-07, 'kd_weight': 0.01, 'kd_temperature': 0.2, 'prf_weight': 0.03, 'str_weight': 1.5, 'beta': 4.0, 'sigma': 0.25, 'alpha': 0.2, 'keep_rate': 0.8}, 'steam': {'layer_num': 3, 'reg_weight': 1e-08, 'kd_weight': 0.001, 'kd_temperature': 0.1, 'prf_weight': 0.01, 'str_weight': 1.0, 'beta': 2.5, 'sigma': 0.2, 'alpha': 0.08, 'keep_rate': 0.8}, 'yelp': {'layer_num': 3, 'reg_weight': 1e-06, 'kd_weight': 0.001, 'kd_temperature': 0.2, 'prf_weight': 0.025, 'str_weight': 1.3, 'beta': 4.0, 'sigma': 0.28, 'alpha': 0.18, 'keep_rate': 0.8}}}
2026-05-09 15:57:22,898 - Epoch 0  [recall@5: 0.0291 recall@10: 0.0435 recall@20: 0.0650 ] [ndcg@5: 0.0206 ndcg@10: 0.0257 ndcg@20: 0.0318 ] 
2026-05-09 15:57:26,214 - Epoch 3  [recall@5: 0.1724 recall@10: 0.1929 recall@20: 0.2199 ] [ndcg@5: 0.1351 ndcg@10: 0.1418 ndcg@20: 0.1490 ] 
2026-05-09 15:57:29,281 - Epoch 6  [recall@5: 0.2069 recall@10: 0.2362 recall@20: 0.2851 ] [ndcg@5: 0.1623 ndcg@10: 0.1719 ndcg@20: 0.1850 ] 
2026-05-09 15:57:32,737 - Epoch 9  [recall@5: 0.2268 recall@10: 0.2619 recall@20: 0.3144 ] [ndcg@5: 0.1771 ndcg@10: 0.1885 ndcg@20: 0.2027 ] 
2026-05-09 15:57:36,255 - Epoch 12  [recall@5: 0.2351 recall@10: 0.2706 recall@20: 0.3343 ] [ndcg@5: 0.1845 ndcg@10: 0.1962 ndcg@20: 0.2134 ] 
2026-05-09 15:57:39,327 - Epoch 15  [recall@5: 0.2406 recall@10: 0.2784 recall@20: 0.3453 ] [ndcg@5: 0.1901 ndcg@10: 0.2025 ndcg@20: 0.2206 ] 
2026-05-09 15:57:42,677 - Epoch 18  [recall@5: 0.2452 recall@10: 0.2879 recall@20: 0.3518 ] [ndcg@5: 0.1945 ndcg@10: 0.2085 ndcg@20: 0.2257 ] 
2026-05-09 15:57:46,266 - Epoch 21  [recall@5: 0.2469 recall@10: 0.2923 recall@20: 0.3553 ] [ndcg@5: 0.1972 ndcg@10: 0.2122 ndcg@20: 0.2293 ] 
2026-05-09 15:57:49,638 - Epoch 24  [recall@5: 0.2479 recall@10: 0.2945 recall@20: 0.3619 ] [ndcg@5: 0.1980 ndcg@10: 0.2135 ndcg@20: 0.2317 ] 
2026-05-09 15:57:52,936 - Epoch 27  [recall@5: 0.2510 recall@10: 0.2979 recall@20: 0.3637 ] [ndcg@5: 0.2001 ndcg@10: 0.2157 ndcg@20: 0.2335 ] 
2026-05-09 15:57:55,835 - Epoch 30  [recall@5: 0.2515 recall@10: 0.3019 recall@20: 0.3651 ] [ndcg@5: 0.2016 ndcg@10: 0.2184 ndcg@20: 0.2355 ] 
2026-05-09 15:57:59,450 - Epoch 33  [recall@5: 0.2543 recall@10: 0.3047 recall@20: 0.3668 ] [ndcg@5: 0.2037 ndcg@10: 0.2205 ndcg@20: 0.2374 ] 
2026-05-09 15:58:02,932 - Epoch 36  [recall@5: 0.2575 recall@10: 0.3067 recall@20: 0.3699 ] [ndcg@5: 0.2060 ndcg@10: 0.2224 ndcg@20: 0.2395 ] 
2026-05-09 15:58:06,283 - Epoch 39  [recall@5: 0.2602 recall@10: 0.3095 recall@20: 0.3711 ] [ndcg@5: 0.2076 ndcg@10: 0.2241 ndcg@20: 0.2408 ] 
2026-05-09 15:58:09,583 - Epoch 42  [recall@5: 0.2626 recall@10: 0.3124 recall@20: 0.3714 ] [ndcg@5: 0.2094 ndcg@10: 0.2261 ndcg@20: 0.2421 ] 
2026-05-09 15:58:12,632 - Epoch 45  [recall@5: 0.2643 recall@10: 0.3145 recall@20: 0.3736 ] [ndcg@5: 0.2111 ndcg@10: 0.2280 ndcg@20: 0.2440 ] 
2026-05-09 15:58:16,001 - Epoch 48  [recall@5: 0.2676 recall@10: 0.3164 recall@20: 0.3770 ] [ndcg@5: 0.2135 ndcg@10: 0.2300 ndcg@20: 0.2463 ] 
2026-05-09 15:58:19,318 - Epoch 51  [recall@5: 0.2700 recall@10: 0.3173 recall@20: 0.3784 ] [ndcg@5: 0.2150 ndcg@10: 0.2310 ndcg@20: 0.2476 ] 
2026-05-09 15:58:22,412 - Epoch 54  [recall@5: 0.2719 recall@10: 0.3182 recall@20: 0.3785 ] [ndcg@5: 0.2161 ndcg@10: 0.2319 ndcg@20: 0.2482 ] 
2026-05-09 15:58:25,679 - Epoch 57  [recall@5: 0.2744 recall@10: 0.3203 recall@20: 0.3787 ] [ndcg@5: 0.2175 ndcg@10: 0.2331 ndcg@20: 0.2490 ] 
2026-05-09 15:58:28,914 - Epoch 60  [recall@5: 0.2768 recall@10: 0.3227 recall@20: 0.3800 ] [ndcg@5: 0.2193 ndcg@10: 0.2348 ndcg@20: 0.2504 ] 
2026-05-09 15:58:32,315 - Epoch 63  [recall@5: 0.2771 recall@10: 0.3243 recall@20: 0.3809 ] [ndcg@5: 0.2196 ndcg@10: 0.2355 ndcg@20: 0.2510 ] 
2026-05-09 15:58:35,782 - Epoch 66  [recall@5: 0.2786 recall@10: 0.3257 recall@20: 0.3806 ] [ndcg@5: 0.2203 ndcg@10: 0.2362 ndcg@20: 0.2513 ] 
2026-05-09 15:58:38,809 - Epoch 69  [recall@5: 0.2797 recall@10: 0.3274 recall@20: 0.3821 ] [ndcg@5: 0.2210 ndcg@10: 0.2371 ndcg@20: 0.2521 ] 
2026-05-09 15:58:42,377 - Epoch 72  [recall@5: 0.2800 recall@10: 0.3277 recall@20: 0.3829 ] [ndcg@5: 0.2216 ndcg@10: 0.2378 ndcg@20: 0.2530 ] 
2026-05-09 15:58:46,084 - Epoch 75  [recall@5: 0.2815 recall@10: 0.3294 recall@20: 0.3829 ] [ndcg@5: 0.2223 ndcg@10: 0.2385 ndcg@20: 0.2532 ] 
2026-05-09 15:58:49,469 - Epoch 78  [recall@5: 0.2814 recall@10: 0.3296 recall@20: 0.3849 ] [ndcg@5: 0.2226 ndcg@10: 0.2390 ndcg@20: 0.2542 ] 
2026-05-09 15:58:52,920 - Epoch 81  [recall@5: 0.2827 recall@10: 0.3304 recall@20: 0.3860 ] [ndcg@5: 0.2235 ndcg@10: 0.2396 ndcg@20: 0.2549 ] 
2026-05-09 15:58:56,042 - Epoch 84  [recall@5: 0.2827 recall@10: 0.3311 recall@20: 0.3861 ] [ndcg@5: 0.2237 ndcg@10: 0.2400 ndcg@20: 0.2552 ] 
2026-05-09 15:58:59,667 - Epoch 87  [recall@5: 0.2830 recall@10: 0.3315 recall@20: 0.3864 ] [ndcg@5: 0.2241 ndcg@10: 0.2404 ndcg@20: 0.2556 ] 
2026-05-09 15:59:03,128 - Epoch 90  [recall@5: 0.2840 recall@10: 0.3324 recall@20: 0.3873 ] [ndcg@5: 0.2251 ndcg@10: 0.2414 ndcg@20: 0.2566 ] 
2026-05-09 15:59:06,344 - Epoch 93  [recall@5: 0.2843 recall@10: 0.3330 recall@20: 0.3871 ] [ndcg@5: 0.2253 ndcg@10: 0.2416 ndcg@20: 0.2566 ] 
2026-05-09 15:59:09,803 - Epoch 96  [recall@5: 0.2837 recall@10: 0.3324 recall@20: 0.3872 ] [ndcg@5: 0.2247 ndcg@10: 0.2411 ndcg@20: 0.2562 ] 
2026-05-09 15:59:13,184 - Epoch 99  [recall@5: 0.2840 recall@10: 0.3321 recall@20: 0.3878 ] [ndcg@5: 0.2247 ndcg@10: 0.2408 ndcg@20: 0.2563 ] 
2026-05-09 15:59:16,704 - Epoch 102  [recall@5: 0.2854 recall@10: 0.3330 recall@20: 0.3899 ] [ndcg@5: 0.2256 ndcg@10: 0.2415 ndcg@20: 0.2572 ] 
2026-05-09 15:59:20,121 - Epoch 105  [recall@5: 0.2873 recall@10: 0.3332 recall@20: 0.3891 ] [ndcg@5: 0.2265 ndcg@10: 0.2417 ndcg@20: 0.2572 ] 
2026-05-09 15:59:23,200 - Epoch 108  [recall@5: 0.2867 recall@10: 0.3334 recall@20: 0.3899 ] [ndcg@5: 0.2262 ndcg@10: 0.2419 ndcg@20: 0.2575 ] 
2026-05-09 15:59:26,827 - Epoch 111  [recall@5: 0.2874 recall@10: 0.3344 recall@20: 0.3887 ] [ndcg@5: 0.2265 ndcg@10: 0.2422 ndcg@20: 0.2572 ] 
2026-05-09 15:59:27,361 - [recall@5: 0.2854 recall@10: 0.3330 recall@20: 0.3899 ] [ndcg@5: 0.2256 ndcg@10: 0.2415 ndcg@20: 0.2572 ] 
2026-05-09 15:59:27,982 - [recall@5: 0.3032 recall@10: 0.3443 recall@20: 0.3971 ] [ndcg@5: 0.2518 ndcg@10: 0.2659 ndcg@20: 0.2808 ] 
2026-05-09 15:59:28,007 - Save model parameters to ./checkpoint/lightgcn_agr/lightgcn_agr-luxury-2025-20260509_155712.pth
2026-05-09 15:59:28,007 - Save run metadata to ./checkpoint/lightgcn_agr/lightgcn_agr-luxury-2025-20260509_155712.json
2026-05-09 15:59:28,009 - Best Epoch 102. Final test result: {'recall': array([0.30318677, 0.3442992 , 0.39712948]), 'ndcg': array([0.25177192, 0.26593682, 0.28077935])}.
