2026-05-09 13:38:53,949 - {'optimizer': {'name': 'adam', 'lr': 0.001, 'weight_decay': 0}, 'train': {'epoch': 200, 'batch_size': 4096, 'save_model': True, 'loss': 'pairwise', 'test_step': 3, 'reproducible': True, 'seed': 2025, 'patience': 5}, 'test': {'metrics': ['recall', 'ndcg'], 'k': [5, 10, 20], 'batch_size': 1024}, 'data': {'type': 'general_cf', 'name': 'luxury', 'user_num': 3819, 'item_num': 1581}, 'model': {'name': 'lightgcn_agr', 'embedding_size': 32, 'edge_bias': 0.5, 'keep_rate': 0.8, 'mask_ratio': 0.15, 'recon_weight': 0.2, 're_temperature': 0.2, 'layer_num': 3, 'reg_weight': 1e-07, 'prf_weight': 0.02, 'kd_weight': 0.01, 'kd_temperature': 0.2, 'str_weight': 1.0, 'beta': 5.0, 'sigma': 0.25, 'alpha': 0.1, 'digital_music': {'layer_num': 3, 'reg_weight': 1e-07, 'kd_weight': 0.01, 'kd_temperature': 0.2, 'prf_weight': 0.02, 'str_weight': 1.2, 'beta': 3.5, 'sigma': 0.3, 'alpha': 0.15, 'keep_rate': 0.8}, 'amazon': {'layer_num': 3, 'reg_weight': 1e-07, 'kd_weight': 0.01, 'kd_temperature': 0.2, 'prf_weight': 0.03, 'str_weight': 1.5, 'beta': 4.0, 'sigma': 0.25, 'alpha': 0.2, 'keep_rate': 0.8}, 'steam': {'layer_num': 3, 'reg_weight': 1e-08, 'kd_weight': 0.001, 'kd_temperature': 0.1, 'prf_weight': 0.01, 'str_weight': 1.0, 'beta': 2.5, 'sigma': 0.2, 'alpha': 0.08, 'keep_rate': 0.8}, 'industrial': {'layer_num': 3, 'reg_weight': 1e-06, 'kd_weight': 0.001, 'kd_temperature': 0.2, 'prf_weight': 0.025, 'str_weight': 1.3, 'beta': 4.0, 'sigma': 0.28, 'alpha': 0.18, 'keep_rate': 0.8}}}
2026-05-09 13:38:58,791 - Epoch 0  [recall@5: 0.0336 recall@10: 0.0511 recall@20: 0.0732 ] [ndcg@5: 0.0252 ndcg@10: 0.0316 ndcg@20: 0.0379 ] 
2026-05-09 13:39:01,093 - Epoch 3  [recall@5: 0.1816 recall@10: 0.2018 recall@20: 0.2302 ] [ndcg@5: 0.1417 ndcg@10: 0.1482 ndcg@20: 0.1558 ] 
2026-05-09 13:39:03,378 - Epoch 6  [recall@5: 0.2169 recall@10: 0.2501 recall@20: 0.2988 ] [ndcg@5: 0.1704 ndcg@10: 0.1812 ndcg@20: 0.1942 ] 
2026-05-09 13:39:05,754 - Epoch 9  [recall@5: 0.2323 recall@10: 0.2718 recall@20: 0.3268 ] [ndcg@5: 0.1825 ndcg@10: 0.1953 ndcg@20: 0.2101 ] 
2026-05-09 13:39:08,126 - Epoch 12  [recall@5: 0.2370 recall@10: 0.2775 recall@20: 0.3425 ] [ndcg@5: 0.1881 ndcg@10: 0.2014 ndcg@20: 0.2189 ] 
2026-05-09 13:39:10,484 - Epoch 15  [recall@5: 0.2396 recall@10: 0.2851 recall@20: 0.3501 ] [ndcg@5: 0.1910 ndcg@10: 0.2061 ndcg@20: 0.2235 ] 
2026-05-09 13:39:12,743 - Epoch 18  [recall@5: 0.2414 recall@10: 0.2894 recall@20: 0.3535 ] [ndcg@5: 0.1938 ndcg@10: 0.2098 ndcg@20: 0.2271 ] 
2026-05-09 13:39:15,146 - Epoch 21  [recall@5: 0.2431 recall@10: 0.2932 recall@20: 0.3558 ] [ndcg@5: 0.1959 ndcg@10: 0.2126 ndcg@20: 0.2295 ] 
2026-05-09 13:39:17,371 - Epoch 24  [recall@5: 0.2465 recall@10: 0.2964 recall@20: 0.3575 ] [ndcg@5: 0.1987 ndcg@10: 0.2153 ndcg@20: 0.2319 ] 
2026-05-09 13:39:19,630 - Epoch 27  [recall@5: 0.2507 recall@10: 0.3010 recall@20: 0.3598 ] [ndcg@5: 0.2010 ndcg@10: 0.2177 ndcg@20: 0.2336 ] 
2026-05-09 13:39:21,941 - Epoch 30  [recall@5: 0.2549 recall@10: 0.3039 recall@20: 0.3622 ] [ndcg@5: 0.2037 ndcg@10: 0.2200 ndcg@20: 0.2358 ] 
2026-05-09 13:39:24,165 - Epoch 33  [recall@5: 0.2575 recall@10: 0.3087 recall@20: 0.3639 ] [ndcg@5: 0.2063 ndcg@10: 0.2233 ndcg@20: 0.2383 ] 
2026-05-09 13:39:26,477 - Epoch 36  [recall@5: 0.2612 recall@10: 0.3114 recall@20: 0.3649 ] [ndcg@5: 0.2086 ndcg@10: 0.2252 ndcg@20: 0.2399 ] 
2026-05-09 13:39:28,730 - Epoch 39  [recall@5: 0.2636 recall@10: 0.3123 recall@20: 0.3680 ] [ndcg@5: 0.2106 ndcg@10: 0.2269 ndcg@20: 0.2421 ] 
2026-05-09 13:39:30,958 - Epoch 42  [recall@5: 0.2664 recall@10: 0.3153 recall@20: 0.3722 ] [ndcg@5: 0.2125 ndcg@10: 0.2289 ndcg@20: 0.2444 ] 
2026-05-09 13:39:33,195 - Epoch 45  [recall@5: 0.2683 recall@10: 0.3191 recall@20: 0.3746 ] [ndcg@5: 0.2142 ndcg@10: 0.2312 ndcg@20: 0.2463 ] 
2026-05-09 13:39:35,634 - Epoch 48  [recall@5: 0.2708 recall@10: 0.3208 recall@20: 0.3769 ] [ndcg@5: 0.2156 ndcg@10: 0.2324 ndcg@20: 0.2476 ] 
2026-05-09 13:39:37,889 - Epoch 51  [recall@5: 0.2722 recall@10: 0.3237 recall@20: 0.3775 ] [ndcg@5: 0.2168 ndcg@10: 0.2340 ndcg@20: 0.2487 ] 
2026-05-09 13:39:40,179 - Epoch 54  [recall@5: 0.2746 recall@10: 0.3243 recall@20: 0.3806 ] [ndcg@5: 0.2182 ndcg@10: 0.2349 ndcg@20: 0.2503 ] 
2026-05-09 13:39:42,474 - Epoch 57  [recall@5: 0.2771 recall@10: 0.3268 recall@20: 0.3811 ] [ndcg@5: 0.2195 ndcg@10: 0.2362 ndcg@20: 0.2511 ] 
2026-05-09 13:39:44,660 - Epoch 60  [recall@5: 0.2788 recall@10: 0.3272 recall@20: 0.3807 ] [ndcg@5: 0.2202 ndcg@10: 0.2365 ndcg@20: 0.2513 ] 
2026-05-09 13:39:46,931 - Epoch 63  [recall@5: 0.2800 recall@10: 0.3292 recall@20: 0.3842 ] [ndcg@5: 0.2210 ndcg@10: 0.2376 ndcg@20: 0.2526 ] 
2026-05-09 13:39:49,203 - Epoch 66  [recall@5: 0.2797 recall@10: 0.3291 recall@20: 0.3856 ] [ndcg@5: 0.2209 ndcg@10: 0.2376 ndcg@20: 0.2532 ] 
2026-05-09 13:39:51,477 - Epoch 69  [recall@5: 0.2816 recall@10: 0.3305 recall@20: 0.3854 ] [ndcg@5: 0.2218 ndcg@10: 0.2383 ndcg@20: 0.2534 ] 
2026-05-09 13:39:53,673 - Epoch 72  [recall@5: 0.2839 recall@10: 0.3320 recall@20: 0.3874 ] [ndcg@5: 0.2231 ndcg@10: 0.2393 ndcg@20: 0.2545 ] 
2026-05-09 13:39:55,898 - Epoch 75  [recall@5: 0.2840 recall@10: 0.3336 recall@20: 0.3879 ] [ndcg@5: 0.2235 ndcg@10: 0.2403 ndcg@20: 0.2552 ] 
2026-05-09 13:39:58,282 - Epoch 78  [recall@5: 0.2847 recall@10: 0.3344 recall@20: 0.3874 ] [ndcg@5: 0.2243 ndcg@10: 0.2411 ndcg@20: 0.2557 ] 
2026-05-09 13:40:00,618 - Epoch 81  [recall@5: 0.2845 recall@10: 0.3338 recall@20: 0.3889 ] [ndcg@5: 0.2248 ndcg@10: 0.2416 ndcg@20: 0.2567 ] 
2026-05-09 13:40:02,910 - Epoch 84  [recall@5: 0.2855 recall@10: 0.3356 recall@20: 0.3904 ] [ndcg@5: 0.2253 ndcg@10: 0.2423 ndcg@20: 0.2573 ] 
2026-05-09 13:40:05,209 - Epoch 87  [recall@5: 0.2841 recall@10: 0.3341 recall@20: 0.3908 ] [ndcg@5: 0.2247 ndcg@10: 0.2417 ndcg@20: 0.2573 ] 
2026-05-09 13:40:07,435 - Epoch 90  [recall@5: 0.2848 recall@10: 0.3353 recall@20: 0.3896 ] [ndcg@5: 0.2249 ndcg@10: 0.2420 ndcg@20: 0.2570 ] 
2026-05-09 13:40:09,629 - Epoch 93  [recall@5: 0.2855 recall@10: 0.3348 recall@20: 0.3902 ] [ndcg@5: 0.2257 ndcg@10: 0.2424 ndcg@20: 0.2577 ] 
2026-05-09 13:40:11,869 - Epoch 96  [recall@5: 0.2865 recall@10: 0.3356 recall@20: 0.3908 ] [ndcg@5: 0.2268 ndcg@10: 0.2434 ndcg@20: 0.2586 ] 
2026-05-09 13:40:14,169 - Epoch 99  [recall@5: 0.2879 recall@10: 0.3365 recall@20: 0.3915 ] [ndcg@5: 0.2272 ndcg@10: 0.2436 ndcg@20: 0.2587 ] 
2026-05-09 13:40:16,524 - Epoch 102  [recall@5: 0.2891 recall@10: 0.3364 recall@20: 0.3907 ] [ndcg@5: 0.2280 ndcg@10: 0.2440 ndcg@20: 0.2590 ] 
2026-05-09 13:40:18,786 - Epoch 105  [recall@5: 0.2895 recall@10: 0.3370 recall@20: 0.3910 ] [ndcg@5: 0.2287 ndcg@10: 0.2446 ndcg@20: 0.2596 ] 
2026-05-09 13:40:21,021 - Epoch 108  [recall@5: 0.2901 recall@10: 0.3369 recall@20: 0.3904 ] [ndcg@5: 0.2291 ndcg@10: 0.2449 ndcg@20: 0.2596 ] 
2026-05-09 13:40:23,369 - Epoch 111  [recall@5: 0.2899 recall@10: 0.3367 recall@20: 0.3904 ] [ndcg@5: 0.2290 ndcg@10: 0.2448 ndcg@20: 0.2595 ] 
2026-05-09 13:40:25,856 - Epoch 114  [recall@5: 0.2901 recall@10: 0.3370 recall@20: 0.3902 ] [ndcg@5: 0.2289 ndcg@10: 0.2447 ndcg@20: 0.2593 ] 
2026-05-09 13:40:26,415 - [recall@5: 0.2879 recall@10: 0.3365 recall@20: 0.3915 ] [ndcg@5: 0.2272 ndcg@10: 0.2436 ndcg@20: 0.2587 ] 
2026-05-09 13:40:26,949 - [recall@5: 0.3055 recall@10: 0.3438 recall@20: 0.4012 ] [ndcg@5: 0.2533 ndcg@10: 0.2665 ndcg@20: 0.2826 ] 
2026-05-09 13:40:26,970 - Save model parameters to ./checkpoint/lightgcn_agr/lightgcn_agr-luxury-2025-20260509_133848.pth
2026-05-09 13:40:26,970 - Save run metadata to ./checkpoint/lightgcn_agr/lightgcn_agr-luxury-2025-20260509_133848.json
2026-05-09 13:40:26,971 - Best Epoch 99. Final test result: {'recall': array([0.3055434 , 0.34383364, 0.40124882]), 'ndcg': array([0.2533065 , 0.26650559, 0.28261943])}.
