2026-05-10 00:20:45,582 - {'optimizer': {'name': 'adam', 'lr': 0.001, 'weight_decay': 0}, 'train': {'epoch': 200, 'batch_size': 4096, 'save_model': True, 'loss': 'pairwise', 'test_step': 3, 'reproducible': True, 'seed': 2025, 'patience': 5}, 'test': {'metrics': ['recall', 'ndcg'], 'k': [5, 10, 20], 'batch_size': 1024}, 'data': {'type': 'general_cf', 'name': 'digital_music', 'user_num': 5541, 'item_num': 3568}, 'model': {'name': 'lightgcn', 'keep_rate': 0.8, 'embedding_size': 32, 'layer_num': 2, 'reg_weight': 1e-06, 'amazon': {'layer_num': 3, 'reg_weight': 1e-06}, 'yelp': {'layer_num': 3, 'reg_weight': 1e-06}, 'steam': {'layer_num': 2, 'reg_weight': 1e-06}, 'digital_music': {'layer_num': 3, 'reg_weight': 1e-06}}}
2026-05-10 00:20:52,698 - Epoch 0  [recall@5: 0.0118 recall@10: 0.0189 recall@20: 0.0308 ] [ndcg@5: 0.0094 ndcg@10: 0.0118 ndcg@20: 0.0152 ] 
2026-05-10 00:20:57,295 - Epoch 3  [recall@5: 0.0485 recall@10: 0.0769 recall@20: 0.1224 ] [ndcg@5: 0.0367 ndcg@10: 0.0466 ndcg@20: 0.0600 ] 
2026-05-10 00:21:01,009 - Epoch 6  [recall@5: 0.0511 recall@10: 0.0826 recall@20: 0.1341 ] [ndcg@5: 0.0378 ndcg@10: 0.0489 ndcg@20: 0.0640 ] 
2026-05-10 00:21:04,563 - Epoch 9  [recall@5: 0.0522 recall@10: 0.0875 recall@20: 0.1373 ] [ndcg@5: 0.0391 ndcg@10: 0.0513 ndcg@20: 0.0660 ] 
2026-05-10 00:21:08,267 - Epoch 12  [recall@5: 0.0554 recall@10: 0.0919 recall@20: 0.1430 ] [ndcg@5: 0.0414 ndcg@10: 0.0540 ndcg@20: 0.0689 ] 
2026-05-10 00:21:11,727 - Epoch 15  [recall@5: 0.0592 recall@10: 0.0943 recall@20: 0.1517 ] [ndcg@5: 0.0443 ndcg@10: 0.0562 ndcg@20: 0.0729 ] 
2026-05-10 00:21:15,666 - Epoch 18  [recall@5: 0.0625 recall@10: 0.0981 recall@20: 0.1577 ] [ndcg@5: 0.0468 ndcg@10: 0.0590 ndcg@20: 0.0762 ] 
2026-05-10 00:21:19,258 - Epoch 21  [recall@5: 0.0632 recall@10: 0.1022 recall@20: 0.1629 ] [ndcg@5: 0.0480 ndcg@10: 0.0614 ndcg@20: 0.0790 ] 
2026-05-10 00:21:22,868 - Epoch 24  [recall@5: 0.0635 recall@10: 0.1055 recall@20: 0.1667 ] [ndcg@5: 0.0486 ndcg@10: 0.0631 ndcg@20: 0.0808 ] 
2026-05-10 00:21:26,352 - Epoch 27  [recall@5: 0.0653 recall@10: 0.1081 recall@20: 0.1702 ] [ndcg@5: 0.0498 ndcg@10: 0.0646 ndcg@20: 0.0826 ] 
2026-05-10 00:21:30,031 - Epoch 30  [recall@5: 0.0662 recall@10: 0.1107 recall@20: 0.1744 ] [ndcg@5: 0.0506 ndcg@10: 0.0659 ndcg@20: 0.0844 ] 
2026-05-10 00:21:33,633 - Epoch 33  [recall@5: 0.0679 recall@10: 0.1109 recall@20: 0.1783 ] [ndcg@5: 0.0515 ndcg@10: 0.0663 ndcg@20: 0.0858 ] 
2026-05-10 00:21:37,383 - Epoch 36  [recall@5: 0.0693 recall@10: 0.1133 recall@20: 0.1803 ] [ndcg@5: 0.0529 ndcg@10: 0.0681 ndcg@20: 0.0875 ] 
2026-05-10 00:21:41,017 - Epoch 39  [recall@5: 0.0697 recall@10: 0.1156 recall@20: 0.1831 ] [ndcg@5: 0.0538 ndcg@10: 0.0696 ndcg@20: 0.0891 ] 
2026-05-10 00:21:44,651 - Epoch 42  [recall@5: 0.0701 recall@10: 0.1179 recall@20: 0.1853 ] [ndcg@5: 0.0539 ndcg@10: 0.0706 ndcg@20: 0.0901 ] 
2026-05-10 00:21:48,200 - Epoch 45  [recall@5: 0.0716 recall@10: 0.1191 recall@20: 0.1910 ] [ndcg@5: 0.0550 ndcg@10: 0.0716 ndcg@20: 0.0924 ] 
2026-05-10 00:21:51,745 - Epoch 48  [recall@5: 0.0731 recall@10: 0.1212 recall@20: 0.1935 ] [ndcg@5: 0.0564 ndcg@10: 0.0731 ndcg@20: 0.0941 ] 
2026-05-10 00:21:54,880 - Epoch 51  [recall@5: 0.0744 recall@10: 0.1235 recall@20: 0.1944 ] [ndcg@5: 0.0574 ndcg@10: 0.0744 ndcg@20: 0.0950 ] 
2026-05-10 00:21:58,943 - Epoch 54  [recall@5: 0.0752 recall@10: 0.1250 recall@20: 0.1971 ] [ndcg@5: 0.0581 ndcg@10: 0.0755 ndcg@20: 0.0963 ] 
2026-05-10 00:22:01,842 - Epoch 57  [recall@5: 0.0755 recall@10: 0.1276 recall@20: 0.1994 ] [ndcg@5: 0.0586 ndcg@10: 0.0766 ndcg@20: 0.0975 ] 
2026-05-10 00:22:04,664 - Epoch 60  [recall@5: 0.0763 recall@10: 0.1297 recall@20: 0.2004 ] [ndcg@5: 0.0593 ndcg@10: 0.0780 ndcg@20: 0.0985 ] 
2026-05-10 00:22:07,510 - Epoch 63  [recall@5: 0.0773 recall@10: 0.1307 recall@20: 0.1995 ] [ndcg@5: 0.0599 ndcg@10: 0.0786 ndcg@20: 0.0986 ] 
2026-05-10 00:22:10,358 - Epoch 66  [recall@5: 0.0794 recall@10: 0.1320 recall@20: 0.2023 ] [ndcg@5: 0.0613 ndcg@10: 0.0796 ndcg@20: 0.1000 ] 
2026-05-10 00:22:13,326 - Epoch 69  [recall@5: 0.0808 recall@10: 0.1333 recall@20: 0.2035 ] [ndcg@5: 0.0622 ndcg@10: 0.0806 ndcg@20: 0.1008 ] 
2026-05-10 00:22:16,224 - Epoch 72  [recall@5: 0.0817 recall@10: 0.1335 recall@20: 0.2039 ] [ndcg@5: 0.0630 ndcg@10: 0.0811 ndcg@20: 0.1015 ] 
2026-05-10 00:22:19,027 - Epoch 75  [recall@5: 0.0819 recall@10: 0.1356 recall@20: 0.2059 ] [ndcg@5: 0.0631 ndcg@10: 0.0820 ndcg@20: 0.1023 ] 
2026-05-10 00:22:21,835 - Epoch 78  [recall@5: 0.0832 recall@10: 0.1356 recall@20: 0.2076 ] [ndcg@5: 0.0641 ndcg@10: 0.0825 ndcg@20: 0.1034 ] 
2026-05-10 00:22:24,811 - Epoch 81  [recall@5: 0.0840 recall@10: 0.1361 recall@20: 0.2091 ] [ndcg@5: 0.0650 ndcg@10: 0.0832 ndcg@20: 0.1044 ] 
2026-05-10 00:22:27,927 - Epoch 84  [recall@5: 0.0844 recall@10: 0.1371 recall@20: 0.2106 ] [ndcg@5: 0.0654 ndcg@10: 0.0838 ndcg@20: 0.1051 ] 
2026-05-10 00:22:30,719 - Epoch 87  [recall@5: 0.0856 recall@10: 0.1383 recall@20: 0.2130 ] [ndcg@5: 0.0663 ndcg@10: 0.0847 ndcg@20: 0.1064 ] 
2026-05-10 00:22:33,571 - Epoch 90  [recall@5: 0.0865 recall@10: 0.1410 recall@20: 0.2131 ] [ndcg@5: 0.0666 ndcg@10: 0.0854 ndcg@20: 0.1064 ] 
2026-05-10 00:22:36,459 - Epoch 93  [recall@5: 0.0882 recall@10: 0.1413 recall@20: 0.2150 ] [ndcg@5: 0.0673 ndcg@10: 0.0855 ndcg@20: 0.1070 ] 
2026-05-10 00:22:39,286 - Epoch 96  [recall@5: 0.0885 recall@10: 0.1413 recall@20: 0.2167 ] [ndcg@5: 0.0677 ndcg@10: 0.0858 ndcg@20: 0.1078 ] 
2026-05-10 00:22:42,347 - Epoch 99  [recall@5: 0.0887 recall@10: 0.1430 recall@20: 0.2172 ] [ndcg@5: 0.0679 ndcg@10: 0.0864 ndcg@20: 0.1082 ] 
2026-05-10 00:22:45,209 - Epoch 102  [recall@5: 0.0884 recall@10: 0.1437 recall@20: 0.2171 ] [ndcg@5: 0.0679 ndcg@10: 0.0869 ndcg@20: 0.1084 ] 
2026-05-10 00:22:48,105 - Epoch 105  [recall@5: 0.0886 recall@10: 0.1429 recall@20: 0.2179 ] [ndcg@5: 0.0680 ndcg@10: 0.0868 ndcg@20: 0.1088 ] 
2026-05-10 00:22:50,957 - Epoch 108  [recall@5: 0.0895 recall@10: 0.1435 recall@20: 0.2184 ] [ndcg@5: 0.0684 ndcg@10: 0.0870 ndcg@20: 0.1089 ] 
2026-05-10 00:22:53,818 - Epoch 111  [recall@5: 0.0906 recall@10: 0.1435 recall@20: 0.2181 ] [ndcg@5: 0.0689 ndcg@10: 0.0870 ndcg@20: 0.1089 ] 
2026-05-10 00:22:56,724 - Epoch 114  [recall@5: 0.0907 recall@10: 0.1437 recall@20: 0.2198 ] [ndcg@5: 0.0689 ndcg@10: 0.0871 ndcg@20: 0.1095 ] 
2026-05-10 00:22:59,746 - Epoch 117  [recall@5: 0.0910 recall@10: 0.1449 recall@20: 0.2212 ] [ndcg@5: 0.0690 ndcg@10: 0.0874 ndcg@20: 0.1099 ] 
2026-05-10 00:23:02,801 - Epoch 120  [recall@5: 0.0926 recall@10: 0.1459 recall@20: 0.2221 ] [ndcg@5: 0.0703 ndcg@10: 0.0884 ndcg@20: 0.1109 ] 
2026-05-10 00:23:05,726 - Epoch 123  [recall@5: 0.0924 recall@10: 0.1482 recall@20: 0.2222 ] [ndcg@5: 0.0707 ndcg@10: 0.0896 ndcg@20: 0.1114 ] 
2026-05-10 00:23:08,758 - Epoch 126  [recall@5: 0.0928 recall@10: 0.1478 recall@20: 0.2232 ] [ndcg@5: 0.0709 ndcg@10: 0.0895 ndcg@20: 0.1117 ] 
2026-05-10 00:23:11,813 - Epoch 129  [recall@5: 0.0939 recall@10: 0.1488 recall@20: 0.2236 ] [ndcg@5: 0.0715 ndcg@10: 0.0901 ndcg@20: 0.1122 ] 
2026-05-10 00:23:14,717 - Epoch 132  [recall@5: 0.0940 recall@10: 0.1494 recall@20: 0.2238 ] [ndcg@5: 0.0718 ndcg@10: 0.0906 ndcg@20: 0.1126 ] 
2026-05-10 00:23:17,580 - Epoch 135  [recall@5: 0.0942 recall@10: 0.1494 recall@20: 0.2241 ] [ndcg@5: 0.0722 ndcg@10: 0.0910 ndcg@20: 0.1132 ] 
2026-05-10 00:23:20,439 - Epoch 138  [recall@5: 0.0943 recall@10: 0.1508 recall@20: 0.2248 ] [ndcg@5: 0.0722 ndcg@10: 0.0916 ndcg@20: 0.1135 ] 
2026-05-10 00:23:23,279 - Epoch 141  [recall@5: 0.0946 recall@10: 0.1509 recall@20: 0.2260 ] [ndcg@5: 0.0722 ndcg@10: 0.0915 ndcg@20: 0.1136 ] 
2026-05-10 00:23:26,253 - Epoch 144  [recall@5: 0.0956 recall@10: 0.1517 recall@20: 0.2262 ] [ndcg@5: 0.0729 ndcg@10: 0.0922 ndcg@20: 0.1141 ] 
2026-05-10 00:23:29,142 - Epoch 147  [recall@5: 0.0959 recall@10: 0.1519 recall@20: 0.2268 ] [ndcg@5: 0.0731 ndcg@10: 0.0924 ndcg@20: 0.1143 ] 
2026-05-10 00:23:32,012 - Epoch 150  [recall@5: 0.0961 recall@10: 0.1528 recall@20: 0.2277 ] [ndcg@5: 0.0733 ndcg@10: 0.0930 ndcg@20: 0.1149 ] 
2026-05-10 00:23:34,826 - Epoch 153  [recall@5: 0.0967 recall@10: 0.1538 recall@20: 0.2277 ] [ndcg@5: 0.0738 ndcg@10: 0.0935 ndcg@20: 0.1151 ] 
2026-05-10 00:23:37,693 - Epoch 156  [recall@5: 0.0966 recall@10: 0.1527 recall@20: 0.2279 ] [ndcg@5: 0.0737 ndcg@10: 0.0931 ndcg@20: 0.1152 ] 
2026-05-10 00:23:40,674 - Epoch 159  [recall@5: 0.0972 recall@10: 0.1529 recall@20: 0.2291 ] [ndcg@5: 0.0737 ndcg@10: 0.0931 ndcg@20: 0.1154 ] 
2026-05-10 00:23:43,489 - Epoch 162  [recall@5: 0.0978 recall@10: 0.1534 recall@20: 0.2300 ] [ndcg@5: 0.0743 ndcg@10: 0.0937 ndcg@20: 0.1161 ] 
2026-05-10 00:23:46,371 - Epoch 165  [recall@5: 0.0988 recall@10: 0.1537 recall@20: 0.2322 ] [ndcg@5: 0.0749 ndcg@10: 0.0940 ndcg@20: 0.1169 ] 
2026-05-10 00:23:49,250 - Epoch 168  [recall@5: 0.0985 recall@10: 0.1541 recall@20: 0.2311 ] [ndcg@5: 0.0750 ndcg@10: 0.0944 ndcg@20: 0.1169 ] 
2026-05-10 00:23:52,101 - Epoch 171  [recall@5: 0.0991 recall@10: 0.1547 recall@20: 0.2300 ] [ndcg@5: 0.0751 ndcg@10: 0.0945 ndcg@20: 0.1165 ] 
2026-05-10 00:23:55,061 - Epoch 174  [recall@5: 0.0995 recall@10: 0.1550 recall@20: 0.2288 ] [ndcg@5: 0.0755 ndcg@10: 0.0947 ndcg@20: 0.1164 ] 
2026-05-10 00:23:58,030 - Epoch 177  [recall@5: 0.0992 recall@10: 0.1561 recall@20: 0.2330 ] [ndcg@5: 0.0754 ndcg@10: 0.0950 ndcg@20: 0.1174 ] 
2026-05-10 00:24:00,954 - Epoch 180  [recall@5: 0.0998 recall@10: 0.1567 recall@20: 0.2334 ] [ndcg@5: 0.0757 ndcg@10: 0.0954 ndcg@20: 0.1177 ] 
2026-05-10 00:24:03,778 - Epoch 183  [recall@5: 0.1005 recall@10: 0.1567 recall@20: 0.2330 ] [ndcg@5: 0.0760 ndcg@10: 0.0954 ndcg@20: 0.1176 ] 
2026-05-10 00:24:06,589 - Epoch 186  [recall@5: 0.0998 recall@10: 0.1567 recall@20: 0.2346 ] [ndcg@5: 0.0755 ndcg@10: 0.0952 ndcg@20: 0.1178 ] 
2026-05-10 00:24:09,577 - Epoch 189  [recall@5: 0.1014 recall@10: 0.1573 recall@20: 0.2348 ] [ndcg@5: 0.0764 ndcg@10: 0.0958 ndcg@20: 0.1183 ] 
2026-05-10 00:24:12,420 - Epoch 192  [recall@5: 0.1017 recall@10: 0.1566 recall@20: 0.2357 ] [ndcg@5: 0.0766 ndcg@10: 0.0956 ndcg@20: 0.1186 ] 
2026-05-10 00:24:15,310 - Epoch 195  [recall@5: 0.1015 recall@10: 0.1564 recall@20: 0.2361 ] [ndcg@5: 0.0771 ndcg@10: 0.0959 ndcg@20: 0.1191 ] 
2026-05-10 00:24:18,138 - Epoch 198  [recall@5: 0.1017 recall@10: 0.1564 recall@20: 0.2360 ] [ndcg@5: 0.0769 ndcg@10: 0.0957 ndcg@20: 0.1189 ] 
2026-05-10 00:24:19,593 - [recall@5: 0.1015 recall@10: 0.1564 recall@20: 0.2361 ] [ndcg@5: 0.0771 ndcg@10: 0.0959 ndcg@20: 0.1191 ] 
2026-05-10 00:24:20,449 - [recall@5: 0.1026 recall@10: 0.1614 recall@20: 0.2373 ] [ndcg@5: 0.0853 ndcg@10: 0.1066 ndcg@20: 0.1304 ] 
2026-05-10 00:24:20,456 - Save model parameters to ./checkpoint/lightgcn/lightgcn-digital_music-2025-20260510_002037.pth
2026-05-10 00:24:20,457 - Save run metadata to ./checkpoint/lightgcn/lightgcn-digital_music-2025-20260510_002037.json
2026-05-10 00:24:20,458 - Best Epoch 195. Final test result: {'recall': array([0.10256533, 0.16140249, 0.23732769]), 'ndcg': array([0.08526305, 0.10659305, 0.13036169])}.
