2026-03-13 00:00:07,788 - {'optimizer': {'name': 'adam', 'lr': 0.001, 'weight_decay': 0}, 'train': {'epoch': 3000, 'batch_size': 4096, 'save_model': True, 'loss': 'pairwise', 'test_step': 3, 'reproducible': True, 'seed': 2025, 'patience': 5}, 'test': {'metrics': ['recall', 'ndcg'], 'k': [5, 10, 20], 'batch_size': 1024}, 'data': {'type': 'general_cf', 'name': 'digital_music', 'user_num': 5541, 'item_num': 3568}, 'model': {'name': 'lightgcn', 'keep_rate': 0.8, 'embedding_size': 32, 'layer_num': 2, 'reg_weight': 1e-06, 'amazon': {'layer_num': 3, 'reg_weight': 1e-06}, 'yelp': {'layer_num': 3, 'reg_weight': 1e-06}, 'steam': {'layer_num': 2, 'reg_weight': 1e-06}, 'movie': {'layer_num': 3, 'reg_weight': 1e-06}}}
2026-03-13 00:00:13,635 - Epoch 0  [recall@5: 0.0035 recall@10: 0.0073 recall@20: 0.0133 ] [ndcg@5: 0.0026 ndcg@10: 0.0040 ndcg@20: 0.0058 ] 
2026-03-13 00:00:16,693 - Epoch 3  [recall@5: 0.0454 recall@10: 0.0696 recall@20: 0.1087 ] [ndcg@5: 0.0344 ndcg@10: 0.0426 ndcg@20: 0.0541 ] 
2026-03-13 00:00:19,926 - Epoch 6  [recall@5: 0.0548 recall@10: 0.0853 recall@20: 0.1341 ] [ndcg@5: 0.0406 ndcg@10: 0.0512 ndcg@20: 0.0656 ] 
2026-03-13 00:00:23,023 - Epoch 9  [recall@5: 0.0558 recall@10: 0.0877 recall@20: 0.1422 ] [ndcg@5: 0.0411 ndcg@10: 0.0523 ndcg@20: 0.0683 ] 
2026-03-13 00:00:26,364 - Epoch 12  [recall@5: 0.0582 recall@10: 0.0935 recall@20: 0.1454 ] [ndcg@5: 0.0431 ndcg@10: 0.0551 ndcg@20: 0.0704 ] 
2026-03-13 00:00:29,536 - Epoch 15  [recall@5: 0.0602 recall@10: 0.0961 recall@20: 0.1521 ] [ndcg@5: 0.0451 ndcg@10: 0.0575 ndcg@20: 0.0738 ] 
2026-03-13 00:00:32,606 - Epoch 18  [recall@5: 0.0642 recall@10: 0.1016 recall@20: 0.1589 ] [ndcg@5: 0.0484 ndcg@10: 0.0613 ndcg@20: 0.0779 ] 
2026-03-13 00:00:35,821 - Epoch 21  [recall@5: 0.0654 recall@10: 0.1043 recall@20: 0.1646 ] [ndcg@5: 0.0494 ndcg@10: 0.0628 ndcg@20: 0.0803 ] 
2026-03-13 00:00:39,109 - Epoch 24  [recall@5: 0.0673 recall@10: 0.1066 recall@20: 0.1685 ] [ndcg@5: 0.0507 ndcg@10: 0.0642 ndcg@20: 0.0821 ] 
2026-03-13 00:00:41,925 - Epoch 27  [recall@5: 0.0675 recall@10: 0.1116 recall@20: 0.1716 ] [ndcg@5: 0.0513 ndcg@10: 0.0665 ndcg@20: 0.0839 ] 
2026-03-13 00:00:45,117 - Epoch 30  [recall@5: 0.0705 recall@10: 0.1144 recall@20: 0.1757 ] [ndcg@5: 0.0533 ndcg@10: 0.0683 ndcg@20: 0.0861 ] 
2026-03-13 00:00:48,364 - Epoch 33  [recall@5: 0.0709 recall@10: 0.1163 recall@20: 0.1805 ] [ndcg@5: 0.0539 ndcg@10: 0.0694 ndcg@20: 0.0879 ] 
2026-03-13 00:00:51,512 - Epoch 36  [recall@5: 0.0726 recall@10: 0.1171 recall@20: 0.1827 ] [ndcg@5: 0.0553 ndcg@10: 0.0707 ndcg@20: 0.0896 ] 
2026-03-13 00:00:54,661 - Epoch 39  [recall@5: 0.0739 recall@10: 0.1187 recall@20: 0.1859 ] [ndcg@5: 0.0565 ndcg@10: 0.0720 ndcg@20: 0.0914 ] 
2026-03-13 00:00:58,068 - Epoch 42  [recall@5: 0.0729 recall@10: 0.1212 recall@20: 0.1897 ] [ndcg@5: 0.0560 ndcg@10: 0.0728 ndcg@20: 0.0925 ] 
2026-03-13 00:01:01,433 - Epoch 45  [recall@5: 0.0741 recall@10: 0.1222 recall@20: 0.1921 ] [ndcg@5: 0.0575 ndcg@10: 0.0743 ndcg@20: 0.0945 ] 
2026-03-13 00:01:04,838 - Epoch 48  [recall@5: 0.0757 recall@10: 0.1233 recall@20: 0.1941 ] [ndcg@5: 0.0586 ndcg@10: 0.0754 ndcg@20: 0.0958 ] 
2026-03-13 00:01:08,037 - Epoch 51  [recall@5: 0.0766 recall@10: 0.1246 recall@20: 0.1970 ] [ndcg@5: 0.0593 ndcg@10: 0.0762 ndcg@20: 0.0970 ] 
2026-03-13 00:01:11,223 - Epoch 54  [recall@5: 0.0780 recall@10: 0.1256 recall@20: 0.1999 ] [ndcg@5: 0.0602 ndcg@10: 0.0770 ndcg@20: 0.0983 ] 
2026-03-13 00:01:14,272 - Epoch 57  [recall@5: 0.0778 recall@10: 0.1278 recall@20: 0.2014 ] [ndcg@5: 0.0601 ndcg@10: 0.0777 ndcg@20: 0.0989 ] 
2026-03-13 00:01:17,455 - Epoch 60  [recall@5: 0.0793 recall@10: 0.1301 recall@20: 0.2033 ] [ndcg@5: 0.0609 ndcg@10: 0.0787 ndcg@20: 0.0998 ] 
2026-03-13 00:01:20,692 - Epoch 63  [recall@5: 0.0804 recall@10: 0.1313 recall@20: 0.2043 ] [ndcg@5: 0.0614 ndcg@10: 0.0792 ndcg@20: 0.1003 ] 
2026-03-13 00:01:23,943 - Epoch 66  [recall@5: 0.0820 recall@10: 0.1329 recall@20: 0.2035 ] [ndcg@5: 0.0622 ndcg@10: 0.0800 ndcg@20: 0.1005 ] 
2026-03-13 00:01:26,892 - Epoch 69  [recall@5: 0.0829 recall@10: 0.1342 recall@20: 0.2048 ] [ndcg@5: 0.0630 ndcg@10: 0.0809 ndcg@20: 0.1014 ] 
2026-03-13 00:01:30,056 - Epoch 72  [recall@5: 0.0824 recall@10: 0.1357 recall@20: 0.2055 ] [ndcg@5: 0.0634 ndcg@10: 0.0819 ndcg@20: 0.1022 ] 
2026-03-13 00:01:33,314 - Epoch 75  [recall@5: 0.0833 recall@10: 0.1382 recall@20: 0.2068 ] [ndcg@5: 0.0644 ndcg@10: 0.0835 ndcg@20: 0.1034 ] 
2026-03-13 00:01:36,595 - Epoch 78  [recall@5: 0.0841 recall@10: 0.1375 recall@20: 0.2080 ] [ndcg@5: 0.0651 ndcg@10: 0.0837 ndcg@20: 0.1042 ] 
2026-03-13 00:01:39,669 - Epoch 81  [recall@5: 0.0843 recall@10: 0.1377 recall@20: 0.2097 ] [ndcg@5: 0.0653 ndcg@10: 0.0839 ndcg@20: 0.1049 ] 
2026-03-13 00:01:42,729 - Epoch 84  [recall@5: 0.0860 recall@10: 0.1394 recall@20: 0.2094 ] [ndcg@5: 0.0665 ndcg@10: 0.0850 ndcg@20: 0.1054 ] 
2026-03-13 00:01:45,819 - Epoch 87  [recall@5: 0.0851 recall@10: 0.1396 recall@20: 0.2112 ] [ndcg@5: 0.0656 ndcg@10: 0.0847 ndcg@20: 0.1055 ] 
2026-03-13 00:01:49,099 - Epoch 90  [recall@5: 0.0856 recall@10: 0.1400 recall@20: 0.2130 ] [ndcg@5: 0.0661 ndcg@10: 0.0851 ndcg@20: 0.1063 ] 
2026-03-13 00:01:52,196 - Epoch 93  [recall@5: 0.0876 recall@10: 0.1397 recall@20: 0.2126 ] [ndcg@5: 0.0672 ndcg@10: 0.0853 ndcg@20: 0.1066 ] 
2026-03-13 00:01:55,432 - Epoch 96  [recall@5: 0.0887 recall@10: 0.1403 recall@20: 0.2150 ] [ndcg@5: 0.0677 ndcg@10: 0.0856 ndcg@20: 0.1074 ] 
2026-03-13 00:01:58,550 - Epoch 99  [recall@5: 0.0885 recall@10: 0.1411 recall@20: 0.2151 ] [ndcg@5: 0.0675 ndcg@10: 0.0858 ndcg@20: 0.1074 ] 
2026-03-13 00:02:01,669 - Epoch 102  [recall@5: 0.0897 recall@10: 0.1426 recall@20: 0.2154 ] [ndcg@5: 0.0683 ndcg@10: 0.0865 ndcg@20: 0.1079 ] 
2026-03-13 00:02:05,028 - Epoch 105  [recall@5: 0.0899 recall@10: 0.1409 recall@20: 0.2158 ] [ndcg@5: 0.0688 ndcg@10: 0.0865 ndcg@20: 0.1085 ] 
2026-03-13 00:02:08,319 - Epoch 108  [recall@5: 0.0908 recall@10: 0.1410 recall@20: 0.2178 ] [ndcg@5: 0.0693 ndcg@10: 0.0867 ndcg@20: 0.1091 ] 
2026-03-13 00:02:11,511 - Epoch 111  [recall@5: 0.0909 recall@10: 0.1438 recall@20: 0.2182 ] [ndcg@5: 0.0694 ndcg@10: 0.0876 ndcg@20: 0.1094 ] 
2026-03-13 00:02:14,640 - Epoch 114  [recall@5: 0.0918 recall@10: 0.1447 recall@20: 0.2181 ] [ndcg@5: 0.0700 ndcg@10: 0.0882 ndcg@20: 0.1098 ] 
2026-03-13 00:02:17,718 - Epoch 117  [recall@5: 0.0911 recall@10: 0.1445 recall@20: 0.2203 ] [ndcg@5: 0.0697 ndcg@10: 0.0882 ndcg@20: 0.1104 ] 
2026-03-13 00:02:21,026 - Epoch 120  [recall@5: 0.0911 recall@10: 0.1465 recall@20: 0.2192 ] [ndcg@5: 0.0698 ndcg@10: 0.0888 ndcg@20: 0.1102 ] 
2026-03-13 00:02:24,194 - Epoch 123  [recall@5: 0.0915 recall@10: 0.1469 recall@20: 0.2196 ] [ndcg@5: 0.0703 ndcg@10: 0.0893 ndcg@20: 0.1107 ] 
2026-03-13 00:02:27,398 - Epoch 126  [recall@5: 0.0921 recall@10: 0.1478 recall@20: 0.2198 ] [ndcg@5: 0.0707 ndcg@10: 0.0898 ndcg@20: 0.1110 ] 
2026-03-13 00:02:30,548 - Epoch 129  [recall@5: 0.0915 recall@10: 0.1486 recall@20: 0.2212 ] [ndcg@5: 0.0708 ndcg@10: 0.0905 ndcg@20: 0.1118 ] 
2026-03-13 00:02:33,723 - Epoch 132  [recall@5: 0.0927 recall@10: 0.1481 recall@20: 0.2212 ] [ndcg@5: 0.0714 ndcg@10: 0.0906 ndcg@20: 0.1121 ] 
2026-03-13 00:02:36,945 - Epoch 135  [recall@5: 0.0944 recall@10: 0.1478 recall@20: 0.2215 ] [ndcg@5: 0.0723 ndcg@10: 0.0909 ndcg@20: 0.1126 ] 
2026-03-13 00:02:40,112 - Epoch 138  [recall@5: 0.0939 recall@10: 0.1497 recall@20: 0.2227 ] [ndcg@5: 0.0727 ndcg@10: 0.0921 ndcg@20: 0.1135 ] 
2026-03-13 00:02:43,229 - Epoch 141  [recall@5: 0.0952 recall@10: 0.1495 recall@20: 0.2230 ] [ndcg@5: 0.0730 ndcg@10: 0.0918 ndcg@20: 0.1135 ] 
2026-03-13 00:02:46,395 - Epoch 144  [recall@5: 0.0964 recall@10: 0.1510 recall@20: 0.2247 ] [ndcg@5: 0.0736 ndcg@10: 0.0924 ndcg@20: 0.1141 ] 
2026-03-13 00:02:49,580 - Epoch 147  [recall@5: 0.0982 recall@10: 0.1511 recall@20: 0.2267 ] [ndcg@5: 0.0746 ndcg@10: 0.0929 ndcg@20: 0.1150 ] 
2026-03-13 00:02:52,767 - Epoch 150  [recall@5: 0.0987 recall@10: 0.1513 recall@20: 0.2276 ] [ndcg@5: 0.0746 ndcg@10: 0.0929 ndcg@20: 0.1152 ] 
2026-03-13 00:02:55,954 - Epoch 153  [recall@5: 0.0969 recall@10: 0.1511 recall@20: 0.2280 ] [ndcg@5: 0.0743 ndcg@10: 0.0933 ndcg@20: 0.1157 ] 
2026-03-13 00:02:59,084 - Epoch 156  [recall@5: 0.0971 recall@10: 0.1519 recall@20: 0.2291 ] [ndcg@5: 0.0742 ndcg@10: 0.0932 ndcg@20: 0.1157 ] 
2026-03-13 00:03:02,159 - Epoch 159  [recall@5: 0.0974 recall@10: 0.1526 recall@20: 0.2276 ] [ndcg@5: 0.0744 ndcg@10: 0.0936 ndcg@20: 0.1155 ] 
2026-03-13 00:03:05,386 - Epoch 162  [recall@5: 0.0995 recall@10: 0.1529 recall@20: 0.2291 ] [ndcg@5: 0.0758 ndcg@10: 0.0944 ndcg@20: 0.1165 ] 
2026-03-13 00:03:08,606 - Epoch 165  [recall@5: 0.0992 recall@10: 0.1532 recall@20: 0.2302 ] [ndcg@5: 0.0761 ndcg@10: 0.0949 ndcg@20: 0.1174 ] 
2026-03-13 00:03:11,775 - Epoch 168  [recall@5: 0.0984 recall@10: 0.1520 recall@20: 0.2298 ] [ndcg@5: 0.0753 ndcg@10: 0.0939 ndcg@20: 0.1166 ] 
2026-03-13 00:03:14,975 - Epoch 171  [recall@5: 0.0980 recall@10: 0.1546 recall@20: 0.2296 ] [ndcg@5: 0.0755 ndcg@10: 0.0950 ndcg@20: 0.1169 ] 
2026-03-13 00:03:18,136 - Epoch 174  [recall@5: 0.0990 recall@10: 0.1533 recall@20: 0.2302 ] [ndcg@5: 0.0753 ndcg@10: 0.0942 ndcg@20: 0.1167 ] 
2026-03-13 00:03:21,356 - Epoch 177  [recall@5: 0.0991 recall@10: 0.1528 recall@20: 0.2311 ] [ndcg@5: 0.0753 ndcg@10: 0.0939 ndcg@20: 0.1168 ] 
2026-03-13 00:03:24,726 - Epoch 180  [recall@5: 0.0997 recall@10: 0.1532 recall@20: 0.2322 ] [ndcg@5: 0.0759 ndcg@10: 0.0943 ndcg@20: 0.1174 ] 
2026-03-13 00:03:27,999 - Epoch 183  [recall@5: 0.0996 recall@10: 0.1532 recall@20: 0.2330 ] [ndcg@5: 0.0755 ndcg@10: 0.0939 ndcg@20: 0.1171 ] 
2026-03-13 00:03:31,138 - Epoch 186  [recall@5: 0.1005 recall@10: 0.1554 recall@20: 0.2336 ] [ndcg@5: 0.0762 ndcg@10: 0.0949 ndcg@20: 0.1177 ] 
2026-03-13 00:03:34,315 - Epoch 189  [recall@5: 0.1003 recall@10: 0.1552 recall@20: 0.2338 ] [ndcg@5: 0.0763 ndcg@10: 0.0951 ndcg@20: 0.1180 ] 
2026-03-13 00:03:37,467 - Epoch 192  [recall@5: 0.1007 recall@10: 0.1553 recall@20: 0.2336 ] [ndcg@5: 0.0765 ndcg@10: 0.0952 ndcg@20: 0.1180 ] 
2026-03-13 00:03:40,654 - Epoch 195  [recall@5: 0.1009 recall@10: 0.1556 recall@20: 0.2334 ] [ndcg@5: 0.0767 ndcg@10: 0.0954 ndcg@20: 0.1181 ] 
2026-03-13 00:03:44,003 - Epoch 198  [recall@5: 0.1006 recall@10: 0.1557 recall@20: 0.2328 ] [ndcg@5: 0.0767 ndcg@10: 0.0955 ndcg@20: 0.1180 ] 
2026-03-13 00:03:47,265 - Epoch 201  [recall@5: 0.1011 recall@10: 0.1549 recall@20: 0.2332 ] [ndcg@5: 0.0766 ndcg@10: 0.0951 ndcg@20: 0.1179 ] 
2026-03-13 00:03:50,511 - Epoch 204  [recall@5: 0.1018 recall@10: 0.1560 recall@20: 0.2335 ] [ndcg@5: 0.0772 ndcg@10: 0.0959 ndcg@20: 0.1185 ] 
2026-03-13 00:03:51,371 - [recall@5: 0.1003 recall@10: 0.1552 recall@20: 0.2338 ] [ndcg@5: 0.0763 ndcg@10: 0.0951 ndcg@20: 0.1180 ] 
2026-03-13 00:03:52,519 - [recall@5: 0.1018 recall@10: 0.1594 recall@20: 0.2355 ] [ndcg@5: 0.0851 ndcg@10: 0.1063 ndcg@20: 0.1299 ] 
2026-03-13 00:03:52,527 - Save model parameters to ./checkpoint/lightgcn/lightgcn-digital_music-2025.pth
2026-03-13 00:03:52,528 - Best Epoch 189. Final test result: {'recall': array([0.10182573, 0.15936825, 0.23548202]), 'ndcg': array([0.08509365, 0.10633176, 0.12993005])}.
