2026-04-24 23:52:54,960 - {'optimizer': {'name': 'adam', 'lr': 0.001, 'weight_decay': 0}, 'train': {'epoch': 3000, 'batch_size': 4096, 'save_model': True, 'loss': 'pairwise', 'test_step': 3, 'reproducible': True, 'seed': 2025, 'patience': 5}, 'test': {'metrics': ['recall', 'ndcg'], 'k': [5, 10, 20], 'batch_size': 1024}, 'data': {'type': 'general_cf', 'name': 'digital_music', 'user_num': 5541, 'item_num': 3568}, 'model': {'name': 'lightgcn', 'keep_rate': 0.8, 'embedding_size': 32, 'layer_num': 2, 'reg_weight': 1e-06, 'amazon': {'layer_num': 3, 'reg_weight': 1e-06}, 'yelp': {'layer_num': 3, 'reg_weight': 1e-06}, 'steam': {'layer_num': 2, 'reg_weight': 1e-06}, 'digital_music': {'layer_num': 3, 'reg_weight': 1e-06}}}
2026-04-24 23:53:00,060 - Epoch 0  [recall@5: 0.0118 recall@10: 0.0189 recall@20: 0.0308 ] [ndcg@5: 0.0094 ndcg@10: 0.0118 ndcg@20: 0.0152 ] 
2026-04-24 23:53:02,864 - Epoch 3  [recall@5: 0.0485 recall@10: 0.0769 recall@20: 0.1224 ] [ndcg@5: 0.0367 ndcg@10: 0.0466 ndcg@20: 0.0600 ] 
2026-04-24 23:53:05,868 - Epoch 6  [recall@5: 0.0511 recall@10: 0.0826 recall@20: 0.1341 ] [ndcg@5: 0.0378 ndcg@10: 0.0489 ndcg@20: 0.0640 ] 
2026-04-24 23:53:08,853 - Epoch 9  [recall@5: 0.0522 recall@10: 0.0875 recall@20: 0.1373 ] [ndcg@5: 0.0391 ndcg@10: 0.0513 ndcg@20: 0.0660 ] 
2026-04-24 23:53:11,748 - Epoch 12  [recall@5: 0.0554 recall@10: 0.0919 recall@20: 0.1430 ] [ndcg@5: 0.0414 ndcg@10: 0.0540 ndcg@20: 0.0689 ] 
2026-04-24 23:53:14,698 - Epoch 15  [recall@5: 0.0592 recall@10: 0.0943 recall@20: 0.1517 ] [ndcg@5: 0.0443 ndcg@10: 0.0562 ndcg@20: 0.0729 ] 
2026-04-24 23:53:17,545 - Epoch 18  [recall@5: 0.0625 recall@10: 0.0981 recall@20: 0.1577 ] [ndcg@5: 0.0468 ndcg@10: 0.0590 ndcg@20: 0.0762 ] 
2026-04-24 23:53:20,486 - Epoch 21  [recall@5: 0.0632 recall@10: 0.1022 recall@20: 0.1629 ] [ndcg@5: 0.0480 ndcg@10: 0.0614 ndcg@20: 0.0790 ] 
2026-04-24 23:53:23,580 - Epoch 24  [recall@5: 0.0635 recall@10: 0.1055 recall@20: 0.1667 ] [ndcg@5: 0.0486 ndcg@10: 0.0631 ndcg@20: 0.0808 ] 
2026-04-24 23:53:27,183 - Epoch 27  [recall@5: 0.0653 recall@10: 0.1081 recall@20: 0.1702 ] [ndcg@5: 0.0498 ndcg@10: 0.0646 ndcg@20: 0.0826 ] 
2026-04-24 23:53:32,150 - Epoch 30  [recall@5: 0.0662 recall@10: 0.1107 recall@20: 0.1744 ] [ndcg@5: 0.0506 ndcg@10: 0.0659 ndcg@20: 0.0844 ] 
2026-04-24 23:53:36,638 - Epoch 33  [recall@5: 0.0679 recall@10: 0.1109 recall@20: 0.1783 ] [ndcg@5: 0.0515 ndcg@10: 0.0663 ndcg@20: 0.0858 ] 
2026-04-24 23:53:41,274 - Epoch 36  [recall@5: 0.0693 recall@10: 0.1133 recall@20: 0.1803 ] [ndcg@5: 0.0529 ndcg@10: 0.0681 ndcg@20: 0.0875 ] 
2026-04-24 23:53:46,014 - Epoch 39  [recall@5: 0.0697 recall@10: 0.1156 recall@20: 0.1831 ] [ndcg@5: 0.0538 ndcg@10: 0.0696 ndcg@20: 0.0891 ] 
2026-04-24 23:53:50,365 - Epoch 42  [recall@5: 0.0701 recall@10: 0.1179 recall@20: 0.1853 ] [ndcg@5: 0.0539 ndcg@10: 0.0706 ndcg@20: 0.0901 ] 
2026-04-24 23:53:54,862 - Epoch 45  [recall@5: 0.0716 recall@10: 0.1191 recall@20: 0.1910 ] [ndcg@5: 0.0550 ndcg@10: 0.0716 ndcg@20: 0.0924 ] 
2026-04-24 23:53:59,232 - Epoch 48  [recall@5: 0.0731 recall@10: 0.1212 recall@20: 0.1935 ] [ndcg@5: 0.0564 ndcg@10: 0.0731 ndcg@20: 0.0941 ] 
2026-04-24 23:54:03,799 - Epoch 51  [recall@5: 0.0744 recall@10: 0.1235 recall@20: 0.1944 ] [ndcg@5: 0.0574 ndcg@10: 0.0744 ndcg@20: 0.0950 ] 
2026-04-24 23:54:08,407 - Epoch 54  [recall@5: 0.0752 recall@10: 0.1250 recall@20: 0.1971 ] [ndcg@5: 0.0581 ndcg@10: 0.0755 ndcg@20: 0.0963 ] 
2026-04-24 23:54:12,727 - Epoch 57  [recall@5: 0.0755 recall@10: 0.1276 recall@20: 0.1994 ] [ndcg@5: 0.0586 ndcg@10: 0.0766 ndcg@20: 0.0975 ] 
2026-04-24 23:54:17,228 - Epoch 60  [recall@5: 0.0763 recall@10: 0.1297 recall@20: 0.2004 ] [ndcg@5: 0.0593 ndcg@10: 0.0780 ndcg@20: 0.0985 ] 
2026-04-24 23:54:21,570 - Epoch 63  [recall@5: 0.0773 recall@10: 0.1307 recall@20: 0.1995 ] [ndcg@5: 0.0599 ndcg@10: 0.0786 ndcg@20: 0.0986 ] 
2026-04-24 23:54:25,946 - Epoch 66  [recall@5: 0.0794 recall@10: 0.1320 recall@20: 0.2023 ] [ndcg@5: 0.0613 ndcg@10: 0.0796 ndcg@20: 0.1000 ] 
2026-04-24 23:54:30,564 - Epoch 69  [recall@5: 0.0808 recall@10: 0.1333 recall@20: 0.2035 ] [ndcg@5: 0.0622 ndcg@10: 0.0806 ndcg@20: 0.1008 ] 
2026-04-24 23:54:35,038 - Epoch 72  [recall@5: 0.0817 recall@10: 0.1335 recall@20: 0.2039 ] [ndcg@5: 0.0630 ndcg@10: 0.0811 ndcg@20: 0.1015 ] 
2026-04-24 23:54:39,459 - Epoch 75  [recall@5: 0.0819 recall@10: 0.1356 recall@20: 0.2059 ] [ndcg@5: 0.0631 ndcg@10: 0.0820 ndcg@20: 0.1023 ] 
2026-04-24 23:54:43,894 - Epoch 78  [recall@5: 0.0832 recall@10: 0.1356 recall@20: 0.2076 ] [ndcg@5: 0.0641 ndcg@10: 0.0825 ndcg@20: 0.1034 ] 
2026-04-24 23:54:48,488 - Epoch 81  [recall@5: 0.0840 recall@10: 0.1361 recall@20: 0.2091 ] [ndcg@5: 0.0650 ndcg@10: 0.0832 ndcg@20: 0.1044 ] 
2026-04-24 23:54:53,142 - Epoch 84  [recall@5: 0.0844 recall@10: 0.1371 recall@20: 0.2106 ] [ndcg@5: 0.0654 ndcg@10: 0.0838 ndcg@20: 0.1051 ] 
2026-04-24 23:54:57,776 - Epoch 87  [recall@5: 0.0856 recall@10: 0.1383 recall@20: 0.2130 ] [ndcg@5: 0.0663 ndcg@10: 0.0847 ndcg@20: 0.1064 ] 
2026-04-24 23:55:02,138 - Epoch 90  [recall@5: 0.0865 recall@10: 0.1410 recall@20: 0.2131 ] [ndcg@5: 0.0666 ndcg@10: 0.0854 ndcg@20: 0.1064 ] 
2026-04-24 23:55:06,578 - Epoch 93  [recall@5: 0.0882 recall@10: 0.1413 recall@20: 0.2150 ] [ndcg@5: 0.0673 ndcg@10: 0.0855 ndcg@20: 0.1070 ] 
2026-04-24 23:55:11,150 - Epoch 96  [recall@5: 0.0885 recall@10: 0.1413 recall@20: 0.2167 ] [ndcg@5: 0.0677 ndcg@10: 0.0858 ndcg@20: 0.1078 ] 
2026-04-24 23:55:15,704 - Epoch 99  [recall@5: 0.0887 recall@10: 0.1430 recall@20: 0.2172 ] [ndcg@5: 0.0679 ndcg@10: 0.0864 ndcg@20: 0.1082 ] 
2026-04-24 23:55:20,074 - Epoch 102  [recall@5: 0.0884 recall@10: 0.1437 recall@20: 0.2171 ] [ndcg@5: 0.0679 ndcg@10: 0.0869 ndcg@20: 0.1084 ] 
2026-04-24 23:55:24,516 - Epoch 105  [recall@5: 0.0886 recall@10: 0.1429 recall@20: 0.2179 ] [ndcg@5: 0.0680 ndcg@10: 0.0868 ndcg@20: 0.1088 ] 
2026-04-24 23:55:28,964 - Epoch 108  [recall@5: 0.0895 recall@10: 0.1435 recall@20: 0.2184 ] [ndcg@5: 0.0684 ndcg@10: 0.0870 ndcg@20: 0.1089 ] 
2026-04-24 23:55:33,361 - Epoch 111  [recall@5: 0.0906 recall@10: 0.1435 recall@20: 0.2181 ] [ndcg@5: 0.0689 ndcg@10: 0.0870 ndcg@20: 0.1089 ] 
2026-04-24 23:55:37,940 - Epoch 114  [recall@5: 0.0907 recall@10: 0.1437 recall@20: 0.2198 ] [ndcg@5: 0.0689 ndcg@10: 0.0871 ndcg@20: 0.1095 ] 
2026-04-24 23:55:42,430 - Epoch 117  [recall@5: 0.0910 recall@10: 0.1449 recall@20: 0.2212 ] [ndcg@5: 0.0690 ndcg@10: 0.0874 ndcg@20: 0.1099 ] 
2026-04-24 23:55:46,793 - Epoch 120  [recall@5: 0.0926 recall@10: 0.1459 recall@20: 0.2221 ] [ndcg@5: 0.0703 ndcg@10: 0.0884 ndcg@20: 0.1109 ] 
2026-04-24 23:55:51,176 - Epoch 123  [recall@5: 0.0924 recall@10: 0.1482 recall@20: 0.2222 ] [ndcg@5: 0.0707 ndcg@10: 0.0896 ndcg@20: 0.1114 ] 
2026-04-24 23:55:55,679 - Epoch 126  [recall@5: 0.0928 recall@10: 0.1478 recall@20: 0.2232 ] [ndcg@5: 0.0709 ndcg@10: 0.0895 ndcg@20: 0.1117 ] 
2026-04-24 23:56:00,177 - Epoch 129  [recall@5: 0.0939 recall@10: 0.1488 recall@20: 0.2236 ] [ndcg@5: 0.0715 ndcg@10: 0.0901 ndcg@20: 0.1122 ] 
2026-04-24 23:56:04,556 - Epoch 132  [recall@5: 0.0940 recall@10: 0.1494 recall@20: 0.2238 ] [ndcg@5: 0.0718 ndcg@10: 0.0906 ndcg@20: 0.1126 ] 
2026-04-24 23:56:08,941 - Epoch 135  [recall@5: 0.0942 recall@10: 0.1494 recall@20: 0.2241 ] [ndcg@5: 0.0722 ndcg@10: 0.0910 ndcg@20: 0.1132 ] 
2026-04-24 23:56:13,364 - Epoch 138  [recall@5: 0.0943 recall@10: 0.1508 recall@20: 0.2248 ] [ndcg@5: 0.0722 ndcg@10: 0.0916 ndcg@20: 0.1135 ] 
2026-04-24 23:56:17,688 - Epoch 141  [recall@5: 0.0946 recall@10: 0.1509 recall@20: 0.2260 ] [ndcg@5: 0.0722 ndcg@10: 0.0915 ndcg@20: 0.1136 ] 
2026-04-24 23:56:22,264 - Epoch 144  [recall@5: 0.0956 recall@10: 0.1517 recall@20: 0.2262 ] [ndcg@5: 0.0729 ndcg@10: 0.0922 ndcg@20: 0.1141 ] 
2026-04-24 23:56:26,620 - Epoch 147  [recall@5: 0.0959 recall@10: 0.1519 recall@20: 0.2268 ] [ndcg@5: 0.0731 ndcg@10: 0.0924 ndcg@20: 0.1143 ] 
2026-04-24 23:56:31,034 - Epoch 150  [recall@5: 0.0961 recall@10: 0.1528 recall@20: 0.2277 ] [ndcg@5: 0.0733 ndcg@10: 0.0930 ndcg@20: 0.1149 ] 
2026-04-24 23:56:35,495 - Epoch 153  [recall@5: 0.0967 recall@10: 0.1538 recall@20: 0.2277 ] [ndcg@5: 0.0738 ndcg@10: 0.0935 ndcg@20: 0.1151 ] 
2026-04-24 23:56:39,825 - Epoch 156  [recall@5: 0.0966 recall@10: 0.1527 recall@20: 0.2279 ] [ndcg@5: 0.0737 ndcg@10: 0.0931 ndcg@20: 0.1152 ] 
2026-04-24 23:56:44,369 - Epoch 159  [recall@5: 0.0972 recall@10: 0.1529 recall@20: 0.2291 ] [ndcg@5: 0.0737 ndcg@10: 0.0931 ndcg@20: 0.1154 ] 
2026-04-24 23:56:48,831 - Epoch 162  [recall@5: 0.0978 recall@10: 0.1534 recall@20: 0.2300 ] [ndcg@5: 0.0743 ndcg@10: 0.0937 ndcg@20: 0.1161 ] 
2026-04-24 23:56:53,352 - Epoch 165  [recall@5: 0.0988 recall@10: 0.1537 recall@20: 0.2322 ] [ndcg@5: 0.0749 ndcg@10: 0.0940 ndcg@20: 0.1169 ] 
2026-04-24 23:56:57,907 - Epoch 168  [recall@5: 0.0985 recall@10: 0.1541 recall@20: 0.2311 ] [ndcg@5: 0.0750 ndcg@10: 0.0944 ndcg@20: 0.1169 ] 
2026-04-24 23:57:02,214 - Epoch 171  [recall@5: 0.0991 recall@10: 0.1547 recall@20: 0.2300 ] [ndcg@5: 0.0751 ndcg@10: 0.0945 ndcg@20: 0.1165 ] 
2026-04-24 23:57:06,768 - Epoch 174  [recall@5: 0.0995 recall@10: 0.1550 recall@20: 0.2288 ] [ndcg@5: 0.0755 ndcg@10: 0.0947 ndcg@20: 0.1164 ] 
2026-04-24 23:57:11,497 - Epoch 177  [recall@5: 0.0992 recall@10: 0.1561 recall@20: 0.2330 ] [ndcg@5: 0.0754 ndcg@10: 0.0950 ndcg@20: 0.1174 ] 
2026-04-24 23:57:16,229 - Epoch 180  [recall@5: 0.0998 recall@10: 0.1567 recall@20: 0.2334 ] [ndcg@5: 0.0757 ndcg@10: 0.0954 ndcg@20: 0.1177 ] 
2026-04-24 23:57:20,696 - Epoch 183  [recall@5: 0.1005 recall@10: 0.1567 recall@20: 0.2330 ] [ndcg@5: 0.0760 ndcg@10: 0.0954 ndcg@20: 0.1176 ] 
2026-04-24 23:57:25,187 - Epoch 186  [recall@5: 0.0998 recall@10: 0.1567 recall@20: 0.2346 ] [ndcg@5: 0.0755 ndcg@10: 0.0952 ndcg@20: 0.1178 ] 
2026-04-24 23:57:29,802 - Epoch 189  [recall@5: 0.1014 recall@10: 0.1573 recall@20: 0.2348 ] [ndcg@5: 0.0764 ndcg@10: 0.0958 ndcg@20: 0.1183 ] 
2026-04-24 23:57:34,250 - Epoch 192  [recall@5: 0.1017 recall@10: 0.1566 recall@20: 0.2357 ] [ndcg@5: 0.0766 ndcg@10: 0.0956 ndcg@20: 0.1186 ] 
2026-04-24 23:57:38,663 - Epoch 195  [recall@5: 0.1015 recall@10: 0.1564 recall@20: 0.2361 ] [ndcg@5: 0.0771 ndcg@10: 0.0959 ndcg@20: 0.1191 ] 
2026-04-24 23:57:43,083 - Epoch 198  [recall@5: 0.1017 recall@10: 0.1564 recall@20: 0.2360 ] [ndcg@5: 0.0769 ndcg@10: 0.0957 ndcg@20: 0.1189 ] 
2026-04-24 23:57:47,459 - Epoch 201  [recall@5: 0.1023 recall@10: 0.1566 recall@20: 0.2364 ] [ndcg@5: 0.0771 ndcg@10: 0.0958 ndcg@20: 0.1190 ] 
2026-04-24 23:57:52,100 - Epoch 204  [recall@5: 0.1026 recall@10: 0.1580 recall@20: 0.2367 ] [ndcg@5: 0.0775 ndcg@10: 0.0965 ndcg@20: 0.1195 ] 
2026-04-24 23:57:56,437 - Epoch 207  [recall@5: 0.1031 recall@10: 0.1594 recall@20: 0.2373 ] [ndcg@5: 0.0781 ndcg@10: 0.0972 ndcg@20: 0.1199 ] 
2026-04-24 23:58:00,946 - Epoch 210  [recall@5: 0.1030 recall@10: 0.1593 recall@20: 0.2367 ] [ndcg@5: 0.0779 ndcg@10: 0.0972 ndcg@20: 0.1198 ] 
2026-04-24 23:58:05,201 - Epoch 213  [recall@5: 0.1027 recall@10: 0.1589 recall@20: 0.2374 ] [ndcg@5: 0.0777 ndcg@10: 0.0971 ndcg@20: 0.1200 ] 
2026-04-24 23:58:09,608 - Epoch 216  [recall@5: 0.1028 recall@10: 0.1600 recall@20: 0.2377 ] [ndcg@5: 0.0777 ndcg@10: 0.0975 ndcg@20: 0.1201 ] 
2026-04-24 23:58:14,273 - Epoch 219  [recall@5: 0.1036 recall@10: 0.1591 recall@20: 0.2392 ] [ndcg@5: 0.0779 ndcg@10: 0.0970 ndcg@20: 0.1203 ] 
2026-04-24 23:58:18,629 - Epoch 222  [recall@5: 0.1042 recall@10: 0.1586 recall@20: 0.2392 ] [ndcg@5: 0.0782 ndcg@10: 0.0970 ndcg@20: 0.1204 ] 
2026-04-24 23:58:23,298 - Epoch 225  [recall@5: 0.1038 recall@10: 0.1594 recall@20: 0.2398 ] [ndcg@5: 0.0786 ndcg@10: 0.0978 ndcg@20: 0.1212 ] 
2026-04-24 23:58:27,830 - Epoch 228  [recall@5: 0.1048 recall@10: 0.1589 recall@20: 0.2379 ] [ndcg@5: 0.0791 ndcg@10: 0.0976 ndcg@20: 0.1206 ] 
2026-04-24 23:58:32,536 - Epoch 231  [recall@5: 0.1040 recall@10: 0.1584 recall@20: 0.2389 ] [ndcg@5: 0.0787 ndcg@10: 0.0974 ndcg@20: 0.1208 ] 
2026-04-24 23:58:37,313 - Epoch 234  [recall@5: 0.1031 recall@10: 0.1592 recall@20: 0.2389 ] [ndcg@5: 0.0787 ndcg@10: 0.0981 ndcg@20: 0.1213 ] 
2026-04-24 23:58:41,888 - Epoch 237  [recall@5: 0.1034 recall@10: 0.1601 recall@20: 0.2395 ] [ndcg@5: 0.0787 ndcg@10: 0.0982 ndcg@20: 0.1213 ] 
2026-04-24 23:58:46,313 - Epoch 240  [recall@5: 0.1033 recall@10: 0.1597 recall@20: 0.2396 ] [ndcg@5: 0.0788 ndcg@10: 0.0982 ndcg@20: 0.1215 ] 
2026-04-24 23:58:47,436 - [recall@5: 0.1038 recall@10: 0.1594 recall@20: 0.2398 ] [ndcg@5: 0.0786 ndcg@10: 0.0978 ndcg@20: 0.1212 ] 
2026-04-24 23:58:48,542 - [recall@5: 0.1011 recall@10: 0.1649 recall@20: 0.2414 ] [ndcg@5: 0.0857 ndcg@10: 0.1087 ndcg@20: 0.1327 ] 
2026-04-24 23:58:48,548 - Save model parameters to ./checkpoint/lightgcn/lightgcn-digital_music-2025.pth
2026-04-24 23:58:48,550 - Best Epoch 225. Final test result: {'recall': array([0.10106592, 0.16485317, 0.24138061]), 'ndcg': array([0.08565117, 0.10874148, 0.13269371])}.
