2026-04-24 03:47:31,101 - {'optimizer': {'name': 'adam', 'lr': 0.001, 'weight_decay': 0}, 'train': {'epoch': 3000, 'batch_size': 4096, 'save_model': True, 'loss': 'pairwise', 'test_step': 3, 'reproducible': True, 'seed': 2025, 'patience': 5}, 'test': {'metrics': ['recall', 'ndcg'], 'k': [5, 10, 20], 'batch_size': 1024}, 'data': {'type': 'general_cf', 'name': 'game', 'user_num': 55223, 'item_num': 17408}, 'model': {'name': 'lightgcn', 'keep_rate': 0.8, 'embedding_size': 32, 'layer_num': 2, 'reg_weight': 1e-06, 'amazon': {'layer_num': 3, 'reg_weight': 1e-06}, 'yelp': {'layer_num': 3, 'reg_weight': 1e-06}, 'steam': {'layer_num': 2, 'reg_weight': 1e-06}, 'movie': {'layer_num': 3, 'reg_weight': 1e-06}}}
2026-04-24 03:48:03,241 - Epoch 0  [recall@5: 0.0238 recall@10: 0.0379 recall@20: 0.0605 ] [ndcg@5: 0.0173 ndcg@10: 0.0223 ndcg@20: 0.0286 ] 
2026-04-24 03:48:47,075 - Epoch 3  [recall@5: 0.0295 recall@10: 0.0472 recall@20: 0.0748 ] [ndcg@5: 0.0218 ndcg@10: 0.0280 ndcg@20: 0.0358 ] 
2026-04-24 03:49:31,551 - Epoch 6  [recall@5: 0.0333 recall@10: 0.0547 recall@20: 0.0861 ] [ndcg@5: 0.0245 ndcg@10: 0.0319 ndcg@20: 0.0407 ] 
2026-04-24 03:50:17,818 - Epoch 9  [recall@5: 0.0360 recall@10: 0.0577 recall@20: 0.0922 ] [ndcg@5: 0.0262 ndcg@10: 0.0338 ndcg@20: 0.0435 ] 
2026-04-24 03:51:01,517 - Epoch 12  [recall@5: 0.0374 recall@10: 0.0605 recall@20: 0.0961 ] [ndcg@5: 0.0271 ndcg@10: 0.0351 ndcg@20: 0.0451 ] 
2026-04-24 03:51:47,548 - Epoch 15  [recall@5: 0.0390 recall@10: 0.0628 recall@20: 0.0990 ] [ndcg@5: 0.0281 ndcg@10: 0.0363 ndcg@20: 0.0465 ] 
2026-04-24 03:52:32,142 - Epoch 18  [recall@5: 0.0395 recall@10: 0.0644 recall@20: 0.1012 ] [ndcg@5: 0.0284 ndcg@10: 0.0371 ndcg@20: 0.0474 ] 
2026-04-24 03:53:15,685 - Epoch 21  [recall@5: 0.0405 recall@10: 0.0657 recall@20: 0.1027 ] [ndcg@5: 0.0290 ndcg@10: 0.0378 ndcg@20: 0.0482 ] 
2026-04-24 03:54:00,601 - Epoch 24  [recall@5: 0.0408 recall@10: 0.0670 recall@20: 0.1047 ] [ndcg@5: 0.0294 ndcg@10: 0.0385 ndcg@20: 0.0490 ] 
2026-04-24 03:54:46,448 - Epoch 27  [recall@5: 0.0418 recall@10: 0.0679 recall@20: 0.1069 ] [ndcg@5: 0.0302 ndcg@10: 0.0393 ndcg@20: 0.0502 ] 
2026-04-24 03:55:24,014 - Epoch 30  [recall@5: 0.0424 recall@10: 0.0694 recall@20: 0.1083 ] [ndcg@5: 0.0306 ndcg@10: 0.0400 ndcg@20: 0.0509 ] 
2026-04-24 03:56:08,313 - Epoch 33  [recall@5: 0.0431 recall@10: 0.0705 recall@20: 0.1101 ] [ndcg@5: 0.0311 ndcg@10: 0.0407 ndcg@20: 0.0518 ] 
2026-04-24 03:56:50,568 - Epoch 36  [recall@5: 0.0441 recall@10: 0.0714 recall@20: 0.1115 ] [ndcg@5: 0.0319 ndcg@10: 0.0414 ndcg@20: 0.0527 ] 
2026-04-24 03:57:33,166 - Epoch 39  [recall@5: 0.0443 recall@10: 0.0723 recall@20: 0.1132 ] [ndcg@5: 0.0321 ndcg@10: 0.0418 ndcg@20: 0.0533 ] 
2026-04-24 03:58:19,259 - Epoch 42  [recall@5: 0.0450 recall@10: 0.0732 recall@20: 0.1142 ] [ndcg@5: 0.0324 ndcg@10: 0.0423 ndcg@20: 0.0538 ] 
2026-04-24 03:59:06,010 - Epoch 45  [recall@5: 0.0457 recall@10: 0.0735 recall@20: 0.1156 ] [ndcg@5: 0.0329 ndcg@10: 0.0425 ndcg@20: 0.0544 ] 
2026-04-24 03:59:49,594 - Epoch 48  [recall@5: 0.0457 recall@10: 0.0741 recall@20: 0.1159 ] [ndcg@5: 0.0331 ndcg@10: 0.0430 ndcg@20: 0.0547 ] 
2026-04-24 04:00:32,929 - Epoch 51  [recall@5: 0.0467 recall@10: 0.0748 recall@20: 0.1171 ] [ndcg@5: 0.0337 ndcg@10: 0.0435 ndcg@20: 0.0554 ] 
2026-04-24 04:01:18,144 - Epoch 54  [recall@5: 0.0473 recall@10: 0.0757 recall@20: 0.1175 ] [ndcg@5: 0.0340 ndcg@10: 0.0439 ndcg@20: 0.0557 ] 
2026-04-24 04:02:03,350 - Epoch 57  [recall@5: 0.0477 recall@10: 0.0767 recall@20: 0.1183 ] [ndcg@5: 0.0344 ndcg@10: 0.0445 ndcg@20: 0.0562 ] 
2026-04-24 04:02:48,194 - Epoch 60  [recall@5: 0.0481 recall@10: 0.0772 recall@20: 0.1195 ] [ndcg@5: 0.0347 ndcg@10: 0.0448 ndcg@20: 0.0567 ] 
2026-04-24 04:03:33,104 - Epoch 63  [recall@5: 0.0482 recall@10: 0.0776 recall@20: 0.1201 ] [ndcg@5: 0.0350 ndcg@10: 0.0452 ndcg@20: 0.0572 ] 
2026-04-24 04:04:17,683 - Epoch 66  [recall@5: 0.0489 recall@10: 0.0781 recall@20: 0.1209 ] [ndcg@5: 0.0353 ndcg@10: 0.0455 ndcg@20: 0.0575 ] 
2026-04-24 04:05:03,828 - Epoch 69  [recall@5: 0.0488 recall@10: 0.0781 recall@20: 0.1213 ] [ndcg@5: 0.0353 ndcg@10: 0.0454 ndcg@20: 0.0576 ] 
2026-04-24 04:05:48,757 - Epoch 72  [recall@5: 0.0487 recall@10: 0.0783 recall@20: 0.1218 ] [ndcg@5: 0.0353 ndcg@10: 0.0455 ndcg@20: 0.0578 ] 
2026-04-24 04:06:32,291 - Epoch 75  [recall@5: 0.0490 recall@10: 0.0791 recall@20: 0.1220 ] [ndcg@5: 0.0354 ndcg@10: 0.0459 ndcg@20: 0.0580 ] 
2026-04-24 04:07:19,238 - Epoch 78  [recall@5: 0.0494 recall@10: 0.0790 recall@20: 0.1225 ] [ndcg@5: 0.0356 ndcg@10: 0.0460 ndcg@20: 0.0582 ] 
2026-04-24 04:08:02,274 - Epoch 81  [recall@5: 0.0495 recall@10: 0.0793 recall@20: 0.1227 ] [ndcg@5: 0.0358 ndcg@10: 0.0462 ndcg@20: 0.0584 ] 
2026-04-24 04:08:44,565 - Epoch 84  [recall@5: 0.0495 recall@10: 0.0797 recall@20: 0.1229 ] [ndcg@5: 0.0359 ndcg@10: 0.0464 ndcg@20: 0.0586 ] 
2026-04-24 04:09:18,631 - Epoch 87  [recall@5: 0.0493 recall@10: 0.0800 recall@20: 0.1233 ] [ndcg@5: 0.0357 ndcg@10: 0.0464 ndcg@20: 0.0586 ] 
2026-04-24 04:09:53,420 - Epoch 90  [recall@5: 0.0494 recall@10: 0.0802 recall@20: 0.1238 ] [ndcg@5: 0.0358 ndcg@10: 0.0466 ndcg@20: 0.0588 ] 
2026-04-24 04:10:26,636 - Epoch 93  [recall@5: 0.0501 recall@10: 0.0802 recall@20: 0.1238 ] [ndcg@5: 0.0361 ndcg@10: 0.0466 ndcg@20: 0.0589 ] 
2026-04-24 04:11:00,737 - Epoch 96  [recall@5: 0.0496 recall@10: 0.0804 recall@20: 0.1240 ] [ndcg@5: 0.0360 ndcg@10: 0.0467 ndcg@20: 0.0590 ] 
2026-04-24 04:11:35,469 - Epoch 99  [recall@5: 0.0501 recall@10: 0.0809 recall@20: 0.1243 ] [ndcg@5: 0.0363 ndcg@10: 0.0470 ndcg@20: 0.0593 ] 
2026-04-24 04:12:10,544 - Epoch 102  [recall@5: 0.0497 recall@10: 0.0810 recall@20: 0.1247 ] [ndcg@5: 0.0361 ndcg@10: 0.0471 ndcg@20: 0.0594 ] 
2026-04-24 04:12:45,886 - Epoch 105  [recall@5: 0.0496 recall@10: 0.0804 recall@20: 0.1248 ] [ndcg@5: 0.0361 ndcg@10: 0.0469 ndcg@20: 0.0594 ] 
2026-04-24 04:13:20,496 - Epoch 108  [recall@5: 0.0498 recall@10: 0.0809 recall@20: 0.1247 ] [ndcg@5: 0.0363 ndcg@10: 0.0471 ndcg@20: 0.0594 ] 
2026-04-24 04:13:54,888 - Epoch 111  [recall@5: 0.0503 recall@10: 0.0817 recall@20: 0.1253 ] [ndcg@5: 0.0366 ndcg@10: 0.0475 ndcg@20: 0.0598 ] 
2026-04-24 04:14:30,461 - Epoch 114  [recall@5: 0.0504 recall@10: 0.0813 recall@20: 0.1258 ] [ndcg@5: 0.0366 ndcg@10: 0.0474 ndcg@20: 0.0599 ] 
2026-04-24 04:15:04,662 - Epoch 117  [recall@5: 0.0499 recall@10: 0.0812 recall@20: 0.1256 ] [ndcg@5: 0.0363 ndcg@10: 0.0472 ndcg@20: 0.0597 ] 
2026-04-24 04:15:38,431 - Epoch 120  [recall@5: 0.0506 recall@10: 0.0818 recall@20: 0.1263 ] [ndcg@5: 0.0366 ndcg@10: 0.0475 ndcg@20: 0.0601 ] 
2026-04-24 04:16:13,717 - Epoch 123  [recall@5: 0.0511 recall@10: 0.0818 recall@20: 0.1260 ] [ndcg@5: 0.0369 ndcg@10: 0.0476 ndcg@20: 0.0601 ] 
2026-04-24 04:16:47,806 - Epoch 126  [recall@5: 0.0512 recall@10: 0.0820 recall@20: 0.1265 ] [ndcg@5: 0.0370 ndcg@10: 0.0477 ndcg@20: 0.0603 ] 
2026-04-24 04:17:21,538 - Epoch 129  [recall@5: 0.0508 recall@10: 0.0818 recall@20: 0.1265 ] [ndcg@5: 0.0369 ndcg@10: 0.0477 ndcg@20: 0.0603 ] 
2026-04-24 04:18:01,938 - Epoch 132  [recall@5: 0.0510 recall@10: 0.0821 recall@20: 0.1265 ] [ndcg@5: 0.0371 ndcg@10: 0.0480 ndcg@20: 0.0604 ] 
2026-04-24 04:18:46,266 - Epoch 135  [recall@5: 0.0511 recall@10: 0.0820 recall@20: 0.1269 ] [ndcg@5: 0.0372 ndcg@10: 0.0479 ndcg@20: 0.0605 ] 
2026-04-24 04:19:28,746 - Epoch 138  [recall@5: 0.0512 recall@10: 0.0825 recall@20: 0.1273 ] [ndcg@5: 0.0373 ndcg@10: 0.0482 ndcg@20: 0.0607 ] 
2026-04-24 04:20:11,108 - Epoch 141  [recall@5: 0.0515 recall@10: 0.0826 recall@20: 0.1271 ] [ndcg@5: 0.0373 ndcg@10: 0.0481 ndcg@20: 0.0607 ] 
2026-04-24 04:20:55,327 - Epoch 144  [recall@5: 0.0511 recall@10: 0.0825 recall@20: 0.1269 ] [ndcg@5: 0.0372 ndcg@10: 0.0482 ndcg@20: 0.0607 ] 
2026-04-24 04:21:37,460 - Epoch 147  [recall@5: 0.0514 recall@10: 0.0824 recall@20: 0.1270 ] [ndcg@5: 0.0374 ndcg@10: 0.0482 ndcg@20: 0.0608 ] 
2026-04-24 04:22:22,587 - Epoch 150  [recall@5: 0.0510 recall@10: 0.0823 recall@20: 0.1275 ] [ndcg@5: 0.0372 ndcg@10: 0.0481 ndcg@20: 0.0608 ] 
2026-04-24 04:23:07,952 - Epoch 153  [recall@5: 0.0510 recall@10: 0.0820 recall@20: 0.1271 ] [ndcg@5: 0.0373 ndcg@10: 0.0481 ndcg@20: 0.0608 ] 
2026-04-24 04:23:51,069 - Epoch 156  [recall@5: 0.0508 recall@10: 0.0824 recall@20: 0.1268 ] [ndcg@5: 0.0372 ndcg@10: 0.0482 ndcg@20: 0.0607 ] 
2026-04-24 04:24:34,653 - Epoch 159  [recall@5: 0.0509 recall@10: 0.0825 recall@20: 0.1273 ] [ndcg@5: 0.0371 ndcg@10: 0.0481 ndcg@20: 0.0607 ] 
2026-04-24 04:25:17,578 - Epoch 162  [recall@5: 0.0510 recall@10: 0.0828 recall@20: 0.1270 ] [ndcg@5: 0.0371 ndcg@10: 0.0481 ndcg@20: 0.0606 ] 
2026-04-24 04:26:00,911 - Epoch 165  [recall@5: 0.0512 recall@10: 0.0827 recall@20: 0.1273 ] [ndcg@5: 0.0373 ndcg@10: 0.0482 ndcg@20: 0.0608 ] 
2026-04-24 04:26:19,560 - [recall@5: 0.0510 recall@10: 0.0823 recall@20: 0.1275 ] [ndcg@5: 0.0372 ndcg@10: 0.0481 ndcg@20: 0.0608 ] 
2026-04-24 04:26:38,358 - [recall@5: 0.0511 recall@10: 0.0838 recall@20: 0.1291 ] [ndcg@5: 0.0401 ndcg@10: 0.0523 ndcg@20: 0.0660 ] 
2026-04-24 04:26:38,382 - Save model parameters to ./checkpoint/lightgcn/lightgcn-game-2025.pth
2026-04-24 04:26:38,385 - Best Epoch 150. Final test result: {'recall': array([0.05113589, 0.0838392 , 0.12912348]), 'ndcg': array([0.04008277, 0.05232977, 0.06598597])}.
