2026-05-09 13:35:48,291 - {'optimizer': {'name': 'adam', 'lr': 0.001, 'weight_decay': 0}, 'train': {'epoch': 200, 'batch_size': 4096, 'save_model': True, 'loss': 'pairwise', 'test_step': 3, 'reproducible': True, 'seed': 2025, 'patience': 5}, 'test': {'metrics': ['recall', 'ndcg'], 'k': [5, 10, 20], 'batch_size': 1024}, 'data': {'type': 'general_cf', 'name': 'industrial', 'user_num': 11041, 'item_num': 5334}, 'model': {'name': 'lightgcn', 'keep_rate': 0.8, 'embedding_size': 32, 'layer_num': 2, 'reg_weight': 1e-06, 'amazon': {'layer_num': 3, 'reg_weight': 1e-06}, 'yelp': {'layer_num': 3, 'reg_weight': 1e-06}, 'steam': {'layer_num': 2, 'reg_weight': 1e-06}, 'digital_music': {'layer_num': 3, 'reg_weight': 1e-06}}}
2026-05-09 13:36:00,411 - Epoch 0  [recall@5: 0.0186 recall@10: 0.0229 recall@20: 0.0290 ] [ndcg@5: 0.0149 ndcg@10: 0.0163 ndcg@20: 0.0179 ] 
2026-05-09 13:36:06,282 - Epoch 3  [recall@5: 0.0539 recall@10: 0.0656 recall@20: 0.0810 ] [ndcg@5: 0.0431 ndcg@10: 0.0471 ndcg@20: 0.0513 ] 
2026-05-09 13:36:11,493 - Epoch 6  [recall@5: 0.0654 recall@10: 0.0850 recall@20: 0.1078 ] [ndcg@5: 0.0512 ndcg@10: 0.0579 ndcg@20: 0.0640 ] 
2026-05-09 13:36:16,530 - Epoch 9  [recall@5: 0.0698 recall@10: 0.0916 recall@20: 0.1183 ] [ndcg@5: 0.0542 ndcg@10: 0.0617 ndcg@20: 0.0688 ] 
2026-05-09 13:36:21,552 - Epoch 12  [recall@5: 0.0731 recall@10: 0.0956 recall@20: 0.1240 ] [ndcg@5: 0.0561 ndcg@10: 0.0639 ndcg@20: 0.0715 ] 
2026-05-09 13:36:26,199 - Epoch 15  [recall@5: 0.0744 recall@10: 0.0980 recall@20: 0.1273 ] [ndcg@5: 0.0573 ndcg@10: 0.0654 ndcg@20: 0.0733 ] 
2026-05-09 13:36:31,281 - Epoch 18  [recall@5: 0.0763 recall@10: 0.0998 recall@20: 0.1303 ] [ndcg@5: 0.0589 ndcg@10: 0.0669 ndcg@20: 0.0751 ] 
2026-05-09 13:36:36,186 - Epoch 21  [recall@5: 0.0768 recall@10: 0.1010 recall@20: 0.1320 ] [ndcg@5: 0.0591 ndcg@10: 0.0673 ndcg@20: 0.0757 ] 
2026-05-09 13:36:41,011 - Epoch 24  [recall@5: 0.0771 recall@10: 0.1021 recall@20: 0.1329 ] [ndcg@5: 0.0594 ndcg@10: 0.0679 ndcg@20: 0.0762 ] 
2026-05-09 13:36:46,279 - Epoch 27  [recall@5: 0.0777 recall@10: 0.1026 recall@20: 0.1321 ] [ndcg@5: 0.0596 ndcg@10: 0.0681 ndcg@20: 0.0761 ] 
2026-05-09 13:36:51,410 - Epoch 30  [recall@5: 0.0786 recall@10: 0.1036 recall@20: 0.1333 ] [ndcg@5: 0.0602 ndcg@10: 0.0687 ndcg@20: 0.0767 ] 
2026-05-09 13:36:56,185 - Epoch 33  [recall@5: 0.0789 recall@10: 0.1034 recall@20: 0.1340 ] [ndcg@5: 0.0602 ndcg@10: 0.0686 ndcg@20: 0.0768 ] 
2026-05-09 13:37:01,128 - Epoch 36  [recall@5: 0.0792 recall@10: 0.1036 recall@20: 0.1339 ] [ndcg@5: 0.0604 ndcg@10: 0.0687 ndcg@20: 0.0768 ] 
2026-05-09 13:37:05,834 - Epoch 39  [recall@5: 0.0793 recall@10: 0.1037 recall@20: 0.1338 ] [ndcg@5: 0.0606 ndcg@10: 0.0688 ndcg@20: 0.0770 ] 
2026-05-09 13:37:10,696 - Epoch 42  [recall@5: 0.0794 recall@10: 0.1039 recall@20: 0.1339 ] [ndcg@5: 0.0606 ndcg@10: 0.0690 ndcg@20: 0.0771 ] 
2026-05-09 13:37:15,585 - Epoch 45  [recall@5: 0.0792 recall@10: 0.1036 recall@20: 0.1339 ] [ndcg@5: 0.0607 ndcg@10: 0.0690 ndcg@20: 0.0772 ] 
2026-05-09 13:37:20,421 - Epoch 48  [recall@5: 0.0793 recall@10: 0.1038 recall@20: 0.1341 ] [ndcg@5: 0.0608 ndcg@10: 0.0692 ndcg@20: 0.0774 ] 
2026-05-09 13:37:25,245 - Epoch 51  [recall@5: 0.0796 recall@10: 0.1041 recall@20: 0.1347 ] [ndcg@5: 0.0608 ndcg@10: 0.0692 ndcg@20: 0.0774 ] 
2026-05-09 13:37:30,120 - Epoch 54  [recall@5: 0.0795 recall@10: 0.1036 recall@20: 0.1344 ] [ndcg@5: 0.0605 ndcg@10: 0.0688 ndcg@20: 0.0771 ] 
2026-05-09 13:37:34,831 - Epoch 57  [recall@5: 0.0797 recall@10: 0.1038 recall@20: 0.1344 ] [ndcg@5: 0.0607 ndcg@10: 0.0690 ndcg@20: 0.0772 ] 
2026-05-09 13:37:39,638 - Epoch 60  [recall@5: 0.0788 recall@10: 0.1037 recall@20: 0.1347 ] [ndcg@5: 0.0604 ndcg@10: 0.0689 ndcg@20: 0.0773 ] 
2026-05-09 13:37:44,655 - Epoch 63  [recall@5: 0.0789 recall@10: 0.1037 recall@20: 0.1347 ] [ndcg@5: 0.0604 ndcg@10: 0.0690 ndcg@20: 0.0773 ] 
2026-05-09 13:37:49,248 - Epoch 66  [recall@5: 0.0788 recall@10: 0.1034 recall@20: 0.1349 ] [ndcg@5: 0.0606 ndcg@10: 0.0690 ndcg@20: 0.0776 ] 
2026-05-09 13:37:54,184 - Epoch 69  [recall@5: 0.0787 recall@10: 0.1035 recall@20: 0.1345 ] [ndcg@5: 0.0605 ndcg@10: 0.0690 ndcg@20: 0.0774 ] 
2026-05-09 13:37:58,909 - Epoch 72  [recall@5: 0.0797 recall@10: 0.1035 recall@20: 0.1348 ] [ndcg@5: 0.0607 ndcg@10: 0.0688 ndcg@20: 0.0773 ] 
2026-05-09 13:38:03,500 - Epoch 75  [recall@5: 0.0796 recall@10: 0.1044 recall@20: 0.1342 ] [ndcg@5: 0.0607 ndcg@10: 0.0691 ndcg@20: 0.0772 ] 
2026-05-09 13:38:08,331 - Epoch 78  [recall@5: 0.0794 recall@10: 0.1043 recall@20: 0.1339 ] [ndcg@5: 0.0606 ndcg@10: 0.0690 ndcg@20: 0.0770 ] 
2026-05-09 13:38:13,047 - Epoch 81  [recall@5: 0.0794 recall@10: 0.1044 recall@20: 0.1341 ] [ndcg@5: 0.0606 ndcg@10: 0.0691 ndcg@20: 0.0772 ] 
2026-05-09 13:38:15,155 - [recall@5: 0.0788 recall@10: 0.1034 recall@20: 0.1349 ] [ndcg@5: 0.0606 ndcg@10: 0.0690 ndcg@20: 0.0776 ] 
2026-05-09 13:38:17,344 - [recall@5: 0.0807 recall@10: 0.1064 recall@20: 0.1359 ] [ndcg@5: 0.0670 ndcg@10: 0.0765 ndcg@20: 0.0851 ] 
2026-05-09 13:38:17,355 - Save model parameters to ./checkpoint/lightgcn/lightgcn-industrial-2025-20260509_133541.pth
2026-05-09 13:38:17,356 - Save run metadata to ./checkpoint/lightgcn/lightgcn-industrial-2025-20260509_133541.json
2026-05-09 13:38:17,357 - Best Epoch 66. Final test result: {'recall': array([0.08066809, 0.10642964, 0.1359139 ]), 'ndcg': array([0.06700927, 0.07648781, 0.08506013])}.
