2026-05-09 13:13:27,078 - {'optimizer': {'name': 'adam', 'lr': 0.001, 'weight_decay': 0}, 'train': {'epoch': 200, 'batch_size': 4096, 'save_model': True, 'loss': 'pairwise', 'test_step': 3, 'reproducible': True, 'seed': 2025, 'patience': 5}, 'test': {'metrics': ['recall', 'ndcg'], 'k': [5, 10, 20], 'batch_size': 1024}, 'data': {'type': 'general_cf', 'name': 'luxury', 'user_num': 3819, 'item_num': 1581}, 'model': {'name': 'lightgcn', 'keep_rate': 0.8, 'embedding_size': 32, 'layer_num': 2, 'reg_weight': 1e-06, 'amazon': {'layer_num': 3, 'reg_weight': 1e-06}, 'yelp': {'layer_num': 3, 'reg_weight': 1e-06}, 'steam': {'layer_num': 2, 'reg_weight': 1e-06}, 'digital_music': {'layer_num': 3, 'reg_weight': 1e-06}}}
2026-05-09 13:13:33,685 - Epoch 0  [recall@5: 0.0171 recall@10: 0.0323 recall@20: 0.0469 ] [ndcg@5: 0.0118 ndcg@10: 0.0171 ndcg@20: 0.0213 ] 
2026-05-09 13:13:35,088 - Epoch 3  [recall@5: 0.1653 recall@10: 0.1744 recall@20: 0.1915 ] [ndcg@5: 0.1279 ndcg@10: 0.1310 ndcg@20: 0.1353 ] 
2026-05-09 13:13:36,582 - Epoch 6  [recall@5: 0.2036 recall@10: 0.2276 recall@20: 0.2584 ] [ndcg@5: 0.1569 ndcg@10: 0.1648 ndcg@20: 0.1731 ] 
2026-05-09 13:13:38,126 - Epoch 9  [recall@5: 0.2332 recall@10: 0.2664 recall@20: 0.2938 ] [ndcg@5: 0.1813 ndcg@10: 0.1923 ndcg@20: 0.1998 ] 
2026-05-09 13:13:39,794 - Epoch 12  [recall@5: 0.2443 recall@10: 0.2819 recall@20: 0.3180 ] [ndcg@5: 0.1901 ndcg@10: 0.2028 ndcg@20: 0.2126 ] 
2026-05-09 13:13:41,166 - Epoch 15  [recall@5: 0.2506 recall@10: 0.2882 recall@20: 0.3305 ] [ndcg@5: 0.1960 ndcg@10: 0.2085 ndcg@20: 0.2201 ] 
2026-05-09 13:13:42,483 - Epoch 18  [recall@5: 0.2529 recall@10: 0.2944 recall@20: 0.3373 ] [ndcg@5: 0.1979 ndcg@10: 0.2116 ndcg@20: 0.2234 ] 
2026-05-09 13:13:44,079 - Epoch 21  [recall@5: 0.2548 recall@10: 0.2972 recall@20: 0.3433 ] [ndcg@5: 0.1995 ndcg@10: 0.2136 ndcg@20: 0.2262 ] 
2026-05-09 13:13:45,510 - Epoch 24  [recall@5: 0.2569 recall@10: 0.3009 recall@20: 0.3463 ] [ndcg@5: 0.2010 ndcg@10: 0.2157 ndcg@20: 0.2281 ] 
2026-05-09 13:13:46,920 - Epoch 27  [recall@5: 0.2586 recall@10: 0.3034 recall@20: 0.3489 ] [ndcg@5: 0.2032 ndcg@10: 0.2182 ndcg@20: 0.2307 ] 
2026-05-09 13:13:48,364 - Epoch 30  [recall@5: 0.2600 recall@10: 0.3053 recall@20: 0.3509 ] [ndcg@5: 0.2047 ndcg@10: 0.2198 ndcg@20: 0.2323 ] 
2026-05-09 13:13:49,782 - Epoch 33  [recall@5: 0.2623 recall@10: 0.3071 recall@20: 0.3534 ] [ndcg@5: 0.2061 ndcg@10: 0.2211 ndcg@20: 0.2338 ] 
2026-05-09 13:13:51,338 - Epoch 36  [recall@5: 0.2624 recall@10: 0.3093 recall@20: 0.3542 ] [ndcg@5: 0.2069 ndcg@10: 0.2227 ndcg@20: 0.2351 ] 
2026-05-09 13:13:52,765 - Epoch 39  [recall@5: 0.2642 recall@10: 0.3109 recall@20: 0.3562 ] [ndcg@5: 0.2081 ndcg@10: 0.2238 ndcg@20: 0.2363 ] 
2026-05-09 13:13:54,140 - Epoch 42  [recall@5: 0.2656 recall@10: 0.3129 recall@20: 0.3564 ] [ndcg@5: 0.2092 ndcg@10: 0.2251 ndcg@20: 0.2372 ] 
2026-05-09 13:13:55,658 - Epoch 45  [recall@5: 0.2667 recall@10: 0.3142 recall@20: 0.3576 ] [ndcg@5: 0.2099 ndcg@10: 0.2259 ndcg@20: 0.2380 ] 
2026-05-09 13:13:57,284 - Epoch 48  [recall@5: 0.2681 recall@10: 0.3155 recall@20: 0.3588 ] [ndcg@5: 0.2112 ndcg@10: 0.2272 ndcg@20: 0.2392 ] 
2026-05-09 13:13:58,730 - Epoch 51  [recall@5: 0.2696 recall@10: 0.3168 recall@20: 0.3590 ] [ndcg@5: 0.2123 ndcg@10: 0.2282 ndcg@20: 0.2400 ] 
2026-05-09 13:14:00,067 - Epoch 54  [recall@5: 0.2697 recall@10: 0.3181 recall@20: 0.3596 ] [ndcg@5: 0.2128 ndcg@10: 0.2292 ndcg@20: 0.2408 ] 
2026-05-09 13:14:01,329 - Epoch 57  [recall@5: 0.2724 recall@10: 0.3174 recall@20: 0.3601 ] [ndcg@5: 0.2140 ndcg@10: 0.2292 ndcg@20: 0.2412 ] 
2026-05-09 13:14:02,695 - Epoch 60  [recall@5: 0.2741 recall@10: 0.3190 recall@20: 0.3627 ] [ndcg@5: 0.2148 ndcg@10: 0.2299 ndcg@20: 0.2421 ] 
2026-05-09 13:14:04,222 - Epoch 63  [recall@5: 0.2744 recall@10: 0.3208 recall@20: 0.3641 ] [ndcg@5: 0.2153 ndcg@10: 0.2309 ndcg@20: 0.2429 ] 
2026-05-09 13:14:05,821 - Epoch 66  [recall@5: 0.2763 recall@10: 0.3222 recall@20: 0.3653 ] [ndcg@5: 0.2165 ndcg@10: 0.2319 ndcg@20: 0.2439 ] 
2026-05-09 13:14:07,150 - Epoch 69  [recall@5: 0.2770 recall@10: 0.3223 recall@20: 0.3667 ] [ndcg@5: 0.2168 ndcg@10: 0.2320 ndcg@20: 0.2443 ] 
2026-05-09 13:14:08,503 - Epoch 72  [recall@5: 0.2776 recall@10: 0.3225 recall@20: 0.3679 ] [ndcg@5: 0.2175 ndcg@10: 0.2327 ndcg@20: 0.2452 ] 
2026-05-09 13:14:09,915 - Epoch 75  [recall@5: 0.2786 recall@10: 0.3230 recall@20: 0.3684 ] [ndcg@5: 0.2186 ndcg@10: 0.2335 ndcg@20: 0.2461 ] 
2026-05-09 13:14:11,277 - Epoch 78  [recall@5: 0.2799 recall@10: 0.3240 recall@20: 0.3683 ] [ndcg@5: 0.2190 ndcg@10: 0.2337 ndcg@20: 0.2460 ] 
2026-05-09 13:14:12,771 - Epoch 81  [recall@5: 0.2799 recall@10: 0.3235 recall@20: 0.3680 ] [ndcg@5: 0.2191 ndcg@10: 0.2337 ndcg@20: 0.2462 ] 
2026-05-09 13:14:14,268 - Epoch 84  [recall@5: 0.2805 recall@10: 0.3246 recall@20: 0.3686 ] [ndcg@5: 0.2196 ndcg@10: 0.2343 ndcg@20: 0.2466 ] 
2026-05-09 13:14:16,007 - Epoch 87  [recall@5: 0.2803 recall@10: 0.3246 recall@20: 0.3685 ] [ndcg@5: 0.2192 ndcg@10: 0.2340 ndcg@20: 0.2463 ] 
2026-05-09 13:14:17,425 - Epoch 90  [recall@5: 0.2805 recall@10: 0.3254 recall@20: 0.3695 ] [ndcg@5: 0.2193 ndcg@10: 0.2344 ndcg@20: 0.2467 ] 
2026-05-09 13:14:18,836 - Epoch 93  [recall@5: 0.2807 recall@10: 0.3262 recall@20: 0.3697 ] [ndcg@5: 0.2194 ndcg@10: 0.2346 ndcg@20: 0.2468 ] 
2026-05-09 13:14:20,360 - Epoch 96  [recall@5: 0.2821 recall@10: 0.3257 recall@20: 0.3700 ] [ndcg@5: 0.2201 ndcg@10: 0.2347 ndcg@20: 0.2471 ] 
2026-05-09 13:14:21,714 - Epoch 99  [recall@5: 0.2836 recall@10: 0.3260 recall@20: 0.3695 ] [ndcg@5: 0.2208 ndcg@10: 0.2350 ndcg@20: 0.2473 ] 
2026-05-09 13:14:23,087 - Epoch 102  [recall@5: 0.2836 recall@10: 0.3260 recall@20: 0.3698 ] [ndcg@5: 0.2209 ndcg@10: 0.2351 ndcg@20: 0.2474 ] 
2026-05-09 13:14:24,562 - Epoch 105  [recall@5: 0.2842 recall@10: 0.3267 recall@20: 0.3700 ] [ndcg@5: 0.2211 ndcg@10: 0.2354 ndcg@20: 0.2475 ] 
2026-05-09 13:14:26,159 - Epoch 108  [recall@5: 0.2840 recall@10: 0.3273 recall@20: 0.3706 ] [ndcg@5: 0.2209 ndcg@10: 0.2354 ndcg@20: 0.2475 ] 
2026-05-09 13:14:27,814 - Epoch 111  [recall@5: 0.2842 recall@10: 0.3276 recall@20: 0.3703 ] [ndcg@5: 0.2211 ndcg@10: 0.2357 ndcg@20: 0.2476 ] 
2026-05-09 13:14:29,420 - Epoch 114  [recall@5: 0.2842 recall@10: 0.3277 recall@20: 0.3699 ] [ndcg@5: 0.2213 ndcg@10: 0.2359 ndcg@20: 0.2477 ] 
2026-05-09 13:14:31,109 - Epoch 117  [recall@5: 0.2839 recall@10: 0.3272 recall@20: 0.3696 ] [ndcg@5: 0.2211 ndcg@10: 0.2357 ndcg@20: 0.2476 ] 
2026-05-09 13:14:33,344 - Epoch 120  [recall@5: 0.2840 recall@10: 0.3279 recall@20: 0.3695 ] [ndcg@5: 0.2214 ndcg@10: 0.2362 ndcg@20: 0.2478 ] 
2026-05-09 13:14:35,421 - Epoch 123  [recall@5: 0.2845 recall@10: 0.3289 recall@20: 0.3699 ] [ndcg@5: 0.2212 ndcg@10: 0.2360 ndcg@20: 0.2475 ] 
2026-05-09 13:14:36,412 - [recall@5: 0.2840 recall@10: 0.3273 recall@20: 0.3706 ] [ndcg@5: 0.2209 ndcg@10: 0.2354 ndcg@20: 0.2475 ] 
2026-05-09 13:14:37,238 - [recall@5: 0.2919 recall@10: 0.3359 recall@20: 0.3838 ] [ndcg@5: 0.2435 ndcg@10: 0.2587 ndcg@20: 0.2723 ] 
2026-05-09 13:14:37,258 - Save model parameters to ./checkpoint/lightgcn/lightgcn-luxury-2025-20260509_131317.pth
2026-05-09 13:14:37,258 - Save run metadata to ./checkpoint/lightgcn/lightgcn-luxury-2025-20260509_131317.json
2026-05-09 13:14:37,260 - Best Epoch 108. Final test result: {'recall': array([0.29190514, 0.33591194, 0.38380386]), 'ndcg': array([0.24353086, 0.25872276, 0.27231148])}.
